
================================================================
[QK-V3-R2-CANDIDATE-B2] flux2-klein-base-4b
  CUDA_VISIBLE_DEVICES=0
  sglang \
  generate \
  --backend=sglang \
  --model-path=black-forest-labs/FLUX.2-klein-base-4B \
  --prompt=A futuristic cyberpunk city at night, neon lights reflecting on wet streets \
  --seed=42 \
  --width=1024 \
  --height=1024 \
  --num-frames=1 \
  --num-inference-steps=50 \
  --guidance-scale=4 \
  --num-gpus=1 \
  --tp-size=1 \
  --ulysses-degree=1 \
  --enable-torch-compile=false \
  --performance-mode=manual \
  --dit-cpu-offload=false \
  --dit-layerwise-offload=false \
  --vae-cpu-offload=false \
  --text-encoder-cpu-offload=false \
  --warmup-resolutions=1024x1024 \
  --warmup-num-frames=1 \
  --quality=lossless \
  --save-output \
  --warmup-mode \
  request \
  --perf-dump-path \
  /campaign/artifacts/flux2-klein-base-4b/qk-v3-r2-candidate-b2/flux2-klein-base-4b_qk-v3-r2-candidate-b2.json \
  --output-path \
  /campaign/artifacts/flux2-klein-base-4b/qk-v3-r2-candidate-b2 \
  --output-file-name \
  flux2-klein-base-4b-qk-v3-r2-candidate-b2

Flax classes are deprecated and will be removed in Diffusers v1.0.0. We recommend migrating to PyTorch classes or pinning your version of Diffusers.
Flax classes are deprecated and will be removed in Diffusers v1.0.0. We recommend migrating to PyTorch classes or pinning your version of Diffusers.
[09-20 19:18:04] server_args: {"model_path": "black-forest-labs/FLUX.2-klein-base-4B", "model_subfolder": null, "model_variant": null, "model_id": null, "served_model_name": "black-forest-labs/FLUX.2-klein-base-4B", "backend": "sglang", "attention_backend": null, "enable_attention_backend_autotune": false, "attention_backend_config": {}, "component_attention_backends": {}, "cache_dit_config": null, "nccl_port": null, "enable_nccl_nvls": false, "trust_remote_code": false, "revision": null, "num_gpus": 1, "performance_mode": "manual", "base_gpu_id": 0, "gpu_ids": null, "nnodes": 1, "node_rank": 0, "dist_init_addr": null, "tp_size": 1, "sp_degree": 1, "ulysses_degree": 1, "ring_degree": 1, "kv_gather_degree": 1, "sp_split_auto": false, "dp_size": 1, "enable_cfg_parallel": false, "cfg_parallel_degree": 1, "encoder_parallel": "auto", "hsdp_replicate_dim": 1, "hsdp_shard_dim": 1, "dist_timeout": 3600, "scheduler_rpc_timeout": null, "pipeline_class_name": null, "lora_path": null, "lora_nickname": "default", "lora_scale": 1.0, "lora_alpha": null, "lora_merge_mode": "auto", "lora_weight_name": null, "component_paths": {}, "component_weights_paths": {}, "component_direct_gpu_weight_loading": {}, "component_quantizations": {}, "component_precisions": {}, "component_quantization_ignored_layers": {}, "load_diffusion_decoder": false, "transformer_weights_path": null, "minimax_h3_adaln_cache_path": null, "minimax_h3_adaln_online": false, "minimax_h3_adaln_plan_width": 4, "minimax_h3_adaln_host_cache_gb": 8.0, "quantization": null, "quantization_ignored_layers": null, "lora_target_modules": null, "component_residency": null, "cpu_offload_components": null, "dit_cpu_offload": false, "direct_gpu_weight_loading": false, "dit_layerwise_offload": false, "layerwise_offload_components": null, "dit_offload_prefetch_size": 0.0, "dit_layerwise_resident_layers": 0.0, "dit_layerwise_residency_policy": "leading", "layerwise_prefetch_size": {}, "layerwise_resident_layers": {}, "layerwise_residency_policy": {}, "offload_during_compile": true, "text_encoder_cpu_offload": false, "image_encoder_cpu_offload": null, "vae_cpu_offload": false, "use_fsdp_inference": null, "pin_cpu_memory": true, "ltx2_two_stage_device_mode": null, "comfyui_mode": false, "enable_torch_compile": false, "regional_compile": false, "enable_breakable_cuda_graph": false, "bcg_text_buckets": null, "enable_layerwise_nvtx_marker": false, "warmup_mode": "request", "warmup_resolutions": ["1024x1024"], "warmup_num_frames": 1, "warmup_steps": 1, "warmup_sampling_params": null, "disable_autocast": true, "master_port": 30005, "host": "127.0.0.1", "port": 30000, "enable_metrics": false, "webui": false, "webui_port": 12312, "scheduler_port": 5593, "scheduler_ports": [5593], "batching_mode": "dynamic", "batching_max_size": 1, "batching_delay_ms": 0.0, "batching_config": null, "enable_batching_metrics": false, "strict_ports": false, "output_path": "/campaign/artifacts/flux2-klein-base-4b/qk-v3-r2-candidate-b2", "input_save_path": "inputs/uploads", "prompt_file_path": null, "model_paths": {}, "model_loaded": {"transformer": true, "vae": true, "video_vae": true, "audio_vae": true, "video_dit": true, "audio_dit": true, "dual_tower_bridge": true}, "boundary_ratio": null, "disagg_role": "monolithic", "disagg_timeout": 3600, "disagg_downstream_wait_timeout": 1800, "disagg_dispatch_policy": "round_robin", "disagg_mode": false, "disagg_instance_id": 0, "disagg_max_slots_per_instance": 8, "disagg_transfer_redundancy": 1.25, "disagg_role_device": "auto", "disagg_transfer_backend": "auto", "disagg_transfer_pool_size": 268435456, "disagg_transfer_pin_memory": "auto", "disagg_p2p_hostname": "127.0.0.1", "disagg_ib_device": null, "disagg_server_addr": null, "encoder_urls": null, "denoiser_urls": null, "decoder_urls": null, "encoder_tp": null, "denoiser_tp": null, "denoiser_sp": null, "denoiser_ulysses": null, "denoiser_ring": null, "decoder_sp": null, "pool_work_endpoint": null, "pool_result_endpoint": null, "pool_control_endpoint": null, "pool_control_advertised_endpoint": null, "log_level": "info", "log_requests": false, "log_requests_level": 2, "log_requests_format": "text", "log_requests_target": null, "uvicorn_access_log_exclude_prefixes": [], "enable_cache_report": false, "enable_trace": false, "otlp_traces_endpoint": "localhost:4317", "otlp_service_name": null, "srt_encoder_url": null, "srt_encoder_connect_timeout": 3.05, "srt_encoder_timeout": 100, "pe_server_url": null}
[09-20 19:18:04] Local mode: True
[09-20 19:18:04] Starting server...
Flax classes are deprecated and will be removed in Diffusers v1.0.0. We recommend migrating to PyTorch classes or pinning your version of Diffusers.
Flax classes are deprecated and will be removed in Diffusers v1.0.0. We recommend migrating to PyTorch classes or pinning your version of Diffusers.
[09-20 19:18:16] Scheduler (dp replica 0) bind at endpoint: tcp://127.0.0.1:5593
[09-20 19:18:17] torch.compile cache: TORCHINDUCTOR_CACHE_DIR=/campaign/model-caches/flux2-klein-base-4b-cycle/sglang/torch_compile_cache/inductor TRITON_CACHE_DIR=/campaign/model-caches/flux2-klein-base-4b-cycle/sglang/torch_compile_cache/triton
[09-20 19:18:17] Initializing distributed environment with world_size=1, device=cuda:0, timeout=3600
[09-20 19:18:17] Setting distributed timeout to 3600 seconds
[09-20 19:18:18] No pipeline_class_name specified, using model_index.json
[09-20 19:18:19] Using pipeline from model_index.json: Flux2KleinPipeline
[09-20 19:18:19] Loading pipeline modules...
[09-20 19:18:19] Checking for cached model in Hugging Face Hub cache for black-forest-labs/FLUX.2-klein-base-4B...
[09-20 19:18:19] Found complete model in cache at /campaign/model-caches/flux2-klein-base-4b-cycle/huggingface/hub/models--black-forest-labs--FLUX.2-klein-base-4B/snapshots/a3b4f4849157f664bdbc776fd7453c2783562f4d
[09-20 19:18:19] Model path: /campaign/model-caches/flux2-klein-base-4b-cycle/huggingface/hub/models--black-forest-labs--FLUX.2-klein-base-4B/snapshots/a3b4f4849157f664bdbc776fd7453c2783562f4d
[09-20 19:18:19] Diffusers version: 0.37.0.dev0
[09-20 19:18:19] Loading pipeline modules from config: {'_class_name': 'Flux2KleinPipeline', '_diffusers_version': '0.37.0.dev0', 'scheduler': ['diffusers', 'FlowMatchEulerDiscreteScheduler'], 'text_encoder': ['transformers', 'Qwen3ForCausalLM'], 'tokenizer': ['transformers', 'Qwen2TokenizerFast'], 'transformer': ['diffusers', 'Flux2Transformer2DModel'], 'vae': ['diffusers', 'AutoencoderKLFlux2']}
[09-20 19:18:19] Loading required components: ['text_encoder', 'tokenizer', 'vae', 'transformer', 'scheduler']
[09-20 19:18:19] Memory-aware component load order: ['text_encoder', 'transformer', 'vae', 'tokenizer', 'scheduler']

Loading required modules:   0%|          | 0/5 [00:00<?, ?it/s][09-20 19:18:19] Loading text_encoder from /campaign/model-caches/flux2-klein-base-4b-cycle/huggingface/hub/models--black-forest-labs--FLUX.2-klein-base-4B/snapshots/a3b4f4849157f664bdbc776fd7453c2783562f4d/text_encoder. avail mem: 138.65 GB


Loading safetensors checkpoint shards: 0%|          | 0/2[A

Loading safetensors checkpoint shards: 50%|█████     | 1/2[A

Loading safetensors checkpoint shards: 100%|██████████| 2/2[A
Loading safetensors checkpoint shards: 100%|██████████| 2/2
[09-20 19:18:22] Attention backends for text_encoder: fa
[09-20 19:18:22] Loaded text_encoder: Qwen3ForCausalLM (sgl-diffusion version). model size: 7.5 GB, vram: 7.50 GB. avail GPU mem: 131.09 GB

Loading required modules:  20%|██        | 1/5 [00:02<00:10,  2.69s/it][09-20 19:18:22] Loading transformer from /campaign/model-caches/flux2-klein-base-4b-cycle/huggingface/hub/models--black-forest-labs--FLUX.2-klein-base-4B/snapshots/a3b4f4849157f664bdbc776fd7453c2783562f4d/transformer. avail mem: 131.09 GB
[09-20 19:18:22] Loading Flux2Transformer2DModel from 1 safetensors file(s) , param_dtype: torch.bfloat16


Loading safetensors checkpoint shards: 0%|          | 0/1[A
Loading safetensors checkpoint shards: 100%|██████████| 1/1
[09-20 19:18:24] Attention backends for transformer: fa
[09-20 19:18:24] Loaded transformer: Flux2Transformer2DModel (sgl-diffusion version). model size: 7.22 GB, vram: 7.22 GB. avail GPU mem: 123.74 GB

Loading required modules:  40%|████      | 2/5 [00:04<00:06,  2.08s/it][09-20 19:18:24] Loading vae from /campaign/model-caches/flux2-klein-base-4b-cycle/huggingface/hub/models--black-forest-labs--FLUX.2-klein-base-4B/snapshots/a3b4f4849157f664bdbc776fd7453c2783562f4d/vae. avail mem: 123.74 GB
[09-20 19:18:24] FLUX.2 VAE: installed quality-gated decoder fast paths (channels_last dispatch, 3 fused upsamplers, 1 fast attention blocks, 29 GroupNorm+SiLU fusions).
[09-20 19:18:24] Loaded vae: AutoencoderKLFlux2 (sgl-diffusion version). model size: 0.16 GB, vram: 0.16 GB. avail GPU mem: 123.72 GB

Loading required modules:  60%|██████    | 3/5 [00:04<00:02,  1.18s/it][09-20 19:18:24] Loading tokenizer from /campaign/model-caches/flux2-klein-base-4b-cycle/huggingface/hub/models--black-forest-labs--FLUX.2-klein-base-4B/snapshots/a3b4f4849157f664bdbc776fd7453c2783562f4d/tokenizer. avail mem: 123.72 GB
[09-20 19:18:25] Loaded tokenizer: Qwen2Tokenizer (sgl-diffusion version). model size: NA GB, weights: none. avail GPU mem: 123.72 GB

Loading required modules:  80%|████████  | 4/5 [00:05<00:01,  1.04s/it][09-20 19:18:25] Loading scheduler from /campaign/model-caches/flux2-klein-base-4b-cycle/huggingface/hub/models--black-forest-labs--FLUX.2-klein-base-4B/snapshots/a3b4f4849157f664bdbc776fd7453c2783562f4d/scheduler. avail mem: 123.72 GB
[09-20 19:18:25] Loaded scheduler: FlowMatchEulerDiscreteScheduler (sgl-diffusion version). model size: NA GB, weights: none. avail GPU mem: 123.72 GB

Loading required modules: 100%|██████████| 5/5 [00:05<00:00,  1.05s/it]
[09-20 19:18:25] Creating pipeline stages...
[09-20 19:18:25] Using fa attention backend
[09-20 19:18:25] Pipeline instantiated
[09-20 19:18:25] Worker 0: Initialized device, model, and distributed environment.
[09-20 19:18:25] Worker 0: Scheduler loop started.

Warmup requests:   0%|          | 0/1 [00:00<?, ?req/s]
Warmup requests: 100%|██████████| 1/1 [00:01<00:00,  1.97s/req, server warmup req (1024x1024, 2/50 steps), last=1.97s]
Warmup requests: 100%|██████████| 1/1 [00:01<00:00,  1.97s/req, server warmup req (1024x1024, 2/50 steps), last=1.97s]
[09-20 19:18:27] Processing 1 grouped request(s)
[09-20 19:18:27] Sampling params:
                       width: 1024
                      height: 1024
                  num_frames: 1
                         fps: 24
                      prompt: <redacted, len=75>
                  neg_prompt: <redacted, len=0>
                        seed: 42
                 infer_steps: 50
      num_outputs_per_prompt: 1
              guidance_scale: 4.0
     embedded_guidance_scale: 4.0
                    n_tokens: None
                  flow_shift: None
                  image_path: None
                 save_output: True
            output_file_path: /campaign/artifacts/flux2-klein-base-4b/qk-v3-r2-candidate-b2/flux2-klein-base-4b-qk-v3-r2-candidate-b2.png
        
[09-20 19:18:27] Running pipeline stages: ['InputValidationStage', 'TextEncodingStage', 'ImageVAEEncodingStage', 'LatentPreparationStage', 'TimestepPreparationStage', 'denoising_stage', 'decoding_stage']
[09-20 19:18:27] [InputValidationStage] started...
[09-20 19:18:27] [InputValidationStage] finished in 0.0001 seconds
[09-20 19:18:27] [TextEncodingStage] started...
[09-20 19:18:27] [TextEncodingStage] finished in 0.0374 seconds
[09-20 19:18:27] [ImageVAEEncodingStage] started...
[09-20 19:18:27] [ImageVAEEncodingStage] finished in 0.0000 seconds
[09-20 19:18:27] [LatentPreparationStage] started...
[09-20 19:18:27] [LatentPreparationStage] finished in 0.0003 seconds
[09-20 19:18:27] [TimestepPreparationStage] started...
[09-20 19:18:27] [TimestepPreparationStage] finished in 0.0004 seconds
[09-20 19:18:27] [DenoisingStage] started...

  0%|          | 0/50 [00:00<?, ?it/s]
  2%|▏         | 1/50 [00:00<00:06,  7.58it/s]
  6%|▌         | 3/50 [00:00<00:04, 11.48it/s]
 10%|█         | 5/50 [00:00<00:04,  9.95it/s]
 14%|█▍        | 7/50 [00:00<00:04,  9.46it/s]
 16%|█▌        | 8/50 [00:00<00:04,  9.30it/s]
 18%|█▊        | 9/50 [00:00<00:04,  8.89it/s]
 20%|██        | 10/50 [00:01<00:04,  8.66it/s]
 22%|██▏       | 11/50 [00:01<00:04,  8.64it/s]
 24%|██▍       | 12/50 [00:01<00:04,  8.67it/s]
 26%|██▌       | 13/50 [00:01<00:04,  8.70it/s]
 28%|██▊       | 14/50 [00:01<00:04,  8.74it/s]
 30%|███       | 15/50 [00:01<00:04,  8.73it/s]
 32%|███▏      | 16/50 [00:01<00:03,  8.74it/s]
 34%|███▍      | 17/50 [00:01<00:03,  8.58it/s]
 36%|███▌      | 18/50 [00:02<00:03,  8.46it/s]
 38%|███▊      | 19/50 [00:02<00:03,  8.43it/s]
 40%|████      | 20/50 [00:02<00:03,  8.43it/s]
 42%|████▏     | 21/50 [00:02<00:03,  8.49it/s]
 44%|████▍     | 22/50 [00:02<00:03,  8.58it/s]
 46%|████▌     | 23/50 [00:02<00:03,  8.63it/s]
 48%|████▊     | 24/50 [00:02<00:03,  8.59it/s]
 50%|█████     | 25/50 [00:02<00:02,  8.56it/s]
 52%|█████▏    | 26/50 [00:02<00:02,  8.48it/s]
 54%|█████▍    | 27/50 [00:03<00:02,  8.39it/s]
 56%|█████▌    | 28/50 [00:03<00:02,  8.41it/s]
 58%|█████▊    | 29/50 [00:03<00:02,  8.45it/s]
 60%|██████    | 30/50 [00:03<00:02,  8.52it/s]
 62%|██████▏   | 31/50 [00:03<00:02,  8.57it/s]
 64%|██████▍   | 32/50 [00:03<00:02,  8.59it/s]
 66%|██████▌   | 33/50 [00:03<00:01,  8.54it/s]
 68%|██████▊   | 34/50 [00:03<00:01,  8.48it/s]
 70%|███████   | 35/50 [00:04<00:01,  8.41it/s]
 72%|███████▏  | 36/50 [00:04<00:01,  8.38it/s]
 74%|███████▍  | 37/50 [00:04<00:01,  8.39it/s]
 76%|███████▌  | 38/50 [00:04<00:01,  8.44it/s]
 78%|███████▊  | 39/50 [00:04<00:01,  8.50it/s]
 80%|████████  | 40/50 [00:04<00:01,  8.55it/s]
 82%|████████▏ | 41/50 [00:04<00:01,  8.54it/s]
 84%|████████▍ | 42/50 [00:04<00:00,  8.46it/s]
 86%|████████▌ | 43/50 [00:04<00:00,  8.38it/s]
 88%|████████▊ | 44/50 [00:05<00:00,  8.38it/s]
 90%|█████████ | 45/50 [00:05<00:00,  8.36it/s]
 92%|█████████▏| 46/50 [00:05<00:00,  8.42it/s]
 94%|█████████▍| 47/50 [00:05<00:00,  8.45it/s]
 96%|█████████▌| 48/50 [00:05<00:00,  8.48it/s]
 98%|█████████▊| 49/50 [00:05<00:00,  8.50it/s]
100%|██████████| 50/50 [00:05<00:00,  8.48it/s]
100%|██████████| 50/50 [00:05<00:00,  8.50it/s]
[09-20 19:18:32] [DenoisingStage] average time per step: 0.1177 seconds
[09-20 19:18:32] [DenoisingStage] finished in 5.8888 seconds
[09-20 19:18:32] [DecodingStage] started...
[09-20 19:18:33] [DecodingStage] finished in 0.0913 seconds
[09-20 19:18:33] Output saved to [1;36m/campaign/artifacts/flux2-klein-base-4b/qk-v3-r2-candidate-b2/flux2-klein-base-4b-qk-v3-r2-candidate-b2.png[0;0m
[09-20 19:18:33] Metrics dumped to: [1;36m/campaign/artifacts/flux2-klein-base-4b/qk-v3-r2-candidate-b2/flux2-klein-base-4b_qk-v3-r2-candidate-b2.json[0;0m
[09-20 19:18:33] Pixel data generated successfully in [92m6.24[0;0m seconds
[09-20 19:18:33] Warmed-up request processed in [92m6.02[0;0m seconds (with warmup excluded)
[09-20 19:18:33] Memory usage - Max peak: 20350.00 MB, Avg peak: 20350.00 MB
[09-20 19:18:33] Metrics dumped to: [1;36m/campaign/artifacts/flux2-klein-base-4b/qk-v3-r2-candidate-b2/flux2-klein-base-4b_qk-v3-r2-candidate-b2.json[0;0m
[93m[09-20 19:18:33] Generator was garbage collected without being shut down. Forcing local server and client cleanup.[0;0m
[93m[09-20 19:18:33] Local worker sglang-diffusionWorker-0 did not terminate gracefully, forcing.[0;0m
/usr/lib/python3.12/multiprocessing/resource_tracker.py:254: UserWarning: resource_tracker: There appear to be 1 leaked semaphore objects to clean up at shutdown
  warnings.warn('resource_tracker: There appear to be %d '
