Flax classes are deprecated and will be removed in Diffusers v1.0.0. We recommend migrating to PyTorch classes or pinning your version of Diffusers.
Flax classes are deprecated and will be removed in Diffusers v1.0.0. We recommend migrating to PyTorch classes or pinning your version of Diffusers.
[09-20 06:29:37] server_args: {"model_path": "robbyant/lingbot-world-v2-14b-causal-fast-diffusers", "model_subfolder": null, "model_variant": null, "model_id": null, "served_model_name": "robbyant/lingbot-world-v2-14b-causal-fast-diffusers", "backend": "auto", "attention_backend": null, "enable_attention_backend_autotune": false, "attention_backend_config": {}, "component_attention_backends": {}, "cache_dit_config": null, "nccl_port": null, "enable_nccl_nvls": false, "trust_remote_code": false, "revision": null, "num_gpus": 1, "performance_mode": "manual", "base_gpu_id": 0, "gpu_ids": null, "nnodes": 1, "node_rank": 0, "dist_init_addr": null, "tp_size": 1, "sp_degree": 1, "ulysses_degree": 1, "ring_degree": 1, "kv_gather_degree": 1, "sp_split_auto": false, "dp_size": 1, "enable_cfg_parallel": false, "cfg_parallel_degree": 1, "encoder_parallel": "auto", "hsdp_replicate_dim": 1, "hsdp_shard_dim": 1, "dist_timeout": 3600, "scheduler_rpc_timeout": null, "pipeline_class_name": null, "lora_path": null, "lora_nickname": "default", "lora_scale": 1.0, "lora_alpha": null, "lora_merge_mode": "auto", "lora_weight_name": null, "component_paths": {}, "component_weights_paths": {}, "component_direct_gpu_weight_loading": {}, "component_quantizations": {}, "component_precisions": {}, "component_quantization_ignored_layers": {}, "load_diffusion_decoder": false, "transformer_weights_path": null, "minimax_h3_adaln_cache_path": null, "minimax_h3_adaln_online": false, "minimax_h3_adaln_plan_width": 4, "minimax_h3_adaln_host_cache_gb": 8.0, "quantization": null, "quantization_ignored_layers": null, "lora_target_modules": null, "component_residency": null, "cpu_offload_components": null, "dit_cpu_offload": false, "direct_gpu_weight_loading": false, "dit_layerwise_offload": false, "layerwise_offload_components": null, "dit_offload_prefetch_size": 0.0, "dit_layerwise_resident_layers": 0.0, "dit_layerwise_residency_policy": "leading", "layerwise_prefetch_size": {}, "layerwise_resident_layers": {}, "layerwise_residency_policy": {}, "offload_during_compile": true, "text_encoder_cpu_offload": true, "image_encoder_cpu_offload": null, "vae_cpu_offload": false, "use_fsdp_inference": null, "pin_cpu_memory": true, "ltx2_two_stage_device_mode": null, "comfyui_mode": false, "enable_torch_compile": false, "regional_compile": false, "enable_breakable_cuda_graph": false, "bcg_text_buckets": null, "enable_layerwise_nvtx_marker": false, "warmup_mode": "server", "warmup_resolutions": ["832x480"], "warmup_num_frames": 9, "warmup_steps": 1, "warmup_sampling_params": null, "disable_autocast": false, "master_port": 24101, "host": "127.0.0.1", "port": 24001, "enable_metrics": false, "webui": false, "webui_port": 12312, "scheduler_port": 5593, "scheduler_ports": [5593], "batching_mode": "dynamic", "batching_max_size": 1, "batching_delay_ms": 0.0, "batching_config": null, "enable_batching_metrics": false, "strict_ports": false, "output_path": "outputs/", "input_save_path": "inputs/uploads", "prompt_file_path": null, "model_paths": {}, "model_loaded": {"transformer": true, "vae": true, "video_vae": true, "audio_vae": true, "video_dit": true, "audio_dit": true, "dual_tower_bridge": true}, "boundary_ratio": null, "disagg_role": "monolithic", "disagg_timeout": 3600, "disagg_downstream_wait_timeout": 1800, "disagg_dispatch_policy": "round_robin", "disagg_mode": false, "disagg_instance_id": 0, "disagg_max_slots_per_instance": 8, "disagg_transfer_redundancy": 1.25, "disagg_role_device": "auto", "disagg_transfer_backend": "auto", "disagg_transfer_pool_size": 268435456, "disagg_transfer_pin_memory": "auto", "disagg_p2p_hostname": "127.0.0.1", "disagg_ib_device": null, "disagg_server_addr": null, "encoder_urls": null, "denoiser_urls": null, "decoder_urls": null, "encoder_tp": null, "denoiser_tp": null, "denoiser_sp": null, "denoiser_ulysses": null, "denoiser_ring": null, "decoder_sp": null, "pool_work_endpoint": null, "pool_result_endpoint": null, "pool_control_endpoint": null, "pool_control_advertised_endpoint": null, "log_level": "info", "log_requests": false, "log_requests_level": 2, "log_requests_format": "text", "log_requests_target": null, "uvicorn_access_log_exclude_prefixes": [], "enable_cache_report": false, "enable_trace": false, "otlp_traces_endpoint": "localhost:4317", "otlp_service_name": null, "srt_encoder_url": null, "srt_encoder_connect_timeout": 3.05, "srt_encoder_timeout": 100, "pe_server_url": null}
[09-20 06:29:37] Starting server...
Flax classes are deprecated and will be removed in Diffusers v1.0.0. We recommend migrating to PyTorch classes or pinning your version of Diffusers.
Flax classes are deprecated and will be removed in Diffusers v1.0.0. We recommend migrating to PyTorch classes or pinning your version of Diffusers.
[09-20 06:29:49] Scheduler (dp replica 0) bind at endpoint: tcp://127.0.0.1:5593
[09-20 06:29:49] torch.compile cache: TORCHINDUCTOR_CACHE_DIR=/campaign/model-caches/lingbot-world-v2-cycle/sglang/torch_compile_cache/inductor TRITON_CACHE_DIR=/campaign/model-caches/lingbot-world-v2-cycle/sglang/torch_compile_cache/triton
[09-20 06:29:49] Initializing distributed environment with world_size=1, device=cuda:0, timeout=3600
[09-20 06:29:49] Setting distributed timeout to 3600 seconds
[09-20 06:29:50] No pipeline_class_name specified, using model_index.json
[09-20 06:29:52] Using pipeline from model_index.json: LingBotWorldCausalDMDPipeline
[09-20 06:29:52] Loading pipeline modules...
[09-20 06:29:52] Checking for cached model in Hugging Face Hub cache for robbyant/lingbot-world-v2-14b-causal-fast-diffusers...
[09-20 06:29:52] Found complete model in cache at /campaign/model-caches/lingbot-world-v2-cycle/huggingface/hub/models--robbyant--lingbot-world-v2-14b-causal-fast-diffusers/snapshots/59cccf49f2d2dd27418ae7a04b82b10868d455c2
[09-20 06:29:52] Model path: /campaign/model-caches/lingbot-world-v2-cycle/huggingface/hub/models--robbyant--lingbot-world-v2-14b-causal-fast-diffusers/snapshots/59cccf49f2d2dd27418ae7a04b82b10868d455c2
[09-20 06:29:52] Diffusers version: 0.35.0.dev0
[09-20 06:29:52] Loading pipeline modules from config: {'_class_name': 'LingBotWorldCausalDMDPipeline', '_diffusers_version': '0.35.0.dev0', 'boundary_ratio': 0.9, 'image_encoder': [None, None], 'image_processor': [None, None], 'scheduler': ['diffusers', 'UniPCMultistepScheduler'], 'text_encoder': ['transformers', 'UMT5EncoderModel'], 'tokenizer': ['transformers', 'T5TokenizerFast'], 'transformer': ['diffusers', 'CausalLingBotWorldTransformer3DModel'], 'transformer_2': [None, None], 'vae': ['diffusers', 'AutoencoderKLWan']}
[09-20 06:29:52] MoE pipeline detected. Adding transformer_2 to self.required_config_modules...
[09-20 06:29:52] Setting boundary ratio to 0.9
[09-20 06:29:52] Loading required components: ['text_encoder', 'tokenizer', 'vae', 'transformer', 'scheduler', 'image_encoder', 'image_processor', 'transformer_2']
[93m[09-20 06:29:52] Module image_encoder in model_index.json has null value, removing from required_config_modules[0;0m
[93m[09-20 06:29:52] Module image_processor in model_index.json has null value, removing from required_config_modules[0;0m
[93m[09-20 06:29:52] Module transformer_2 in model_index.json has null value, removing from required_config_modules[0;0m
[09-20 06:29:52] Memory-aware component load order: ['transformer', 'text_encoder', 'vae', 'tokenizer', 'scheduler']
Loading required modules:   0%|          | 0/5 [00:00<?, ?it/s][09-20 06:29:52] Loading transformer from /campaign/model-caches/lingbot-world-v2-cycle/huggingface/hub/models--robbyant--lingbot-world-v2-14b-causal-fast-diffusers/snapshots/59cccf49f2d2dd27418ae7a04b82b10868d455c2/transformer. avail mem: 138.65 GB
[09-20 06:29:52] Loading CausalLingBotWorldTransformer3DModel from 8 safetensors file(s) , param_dtype: torch.bfloat16

Loading safetensors checkpoint shards: 0%|          | 0/8[ALoading safetensors checkpoint shards: 100%|██████████| 8/8
[09-20 06:30:00] Attention backends for transformer: fa
[09-20 06:30:00] Loaded transformer: CausalLingBotWorldTransformer3DModel (sgl-diffusion version). model size: 40.4 GB, vram: 40.40 GB. avail GPU mem: 96.74 GB
Loading required modules:  20%|██        | 1/5 [00:08<00:34,  8.67s/it][09-20 06:30:00] Loading text_encoder from /campaign/model-caches/lingbot-world-v2-cycle/huggingface/hub/models--robbyant--lingbot-world-v2-14b-causal-fast-diffusers/snapshots/59cccf49f2d2dd27418ae7a04b82b10868d455c2/text_encoder. avail mem: 96.74 GB

Loading safetensors checkpoint shards: 0%|          | 0/3[A
Loading safetensors checkpoint shards: 33%|███▎      | 1/3[A
Loading safetensors checkpoint shards: 67%|██████▋   | 2/3[A
Loading safetensors checkpoint shards: 100%|██████████| 3/3[ALoading safetensors checkpoint shards: 100%|██████████| 3/3
[09-20 06:30:02] Loaded text_encoder: UMT5EncoderModel (sgl-diffusion version). model size: 10.58 GB, host pageable: 10.58 GB. avail GPU mem: 96.74 GB
Loading required modules:  40%|████      | 2/5 [00:09<00:12,  4.26s/it][09-20 06:30:02] Loading vae from /campaign/model-caches/lingbot-world-v2-cycle/huggingface/hub/models--robbyant--lingbot-world-v2-14b-causal-fast-diffusers/snapshots/59cccf49f2d2dd27418ae7a04b82b10868d455c2/vae. avail mem: 96.74 GB
[09-20 06:30:02] VAE: converted 61 Conv3d weights to channels_last_3d
[09-20 06:30:02] Wan VAE: installed quality-gated fast path (29 RMSNorm+SiLU fusions, 3 channels_last upsamples).
[09-20 06:30:02] Loaded vae: AutoencoderKLWan (sgl-diffusion version). model size: 0.47 GB, vram: 0.47 GB. avail GPU mem: 96.72 GB
Loading required modules:  60%|██████    | 3/5 [00:10<00:04,  2.42s/it][09-20 06:30:02] Loading tokenizer from /campaign/model-caches/lingbot-world-v2-cycle/huggingface/hub/models--robbyant--lingbot-world-v2-14b-causal-fast-diffusers/snapshots/59cccf49f2d2dd27418ae7a04b82b10868d455c2/tokenizer. avail mem: 96.72 GB
[09-20 06:30:03] Loaded tokenizer: T5Tokenizer (sgl-diffusion version). model size: NA GB, weights: none. avail GPU mem: 96.72 GB
Loading required modules:  80%|████████  | 4/5 [00:11<00:02,  2.10s/it][09-20 06:30:03] Loading scheduler from /campaign/model-caches/lingbot-world-v2-cycle/huggingface/hub/models--robbyant--lingbot-world-v2-14b-causal-fast-diffusers/snapshots/59cccf49f2d2dd27418ae7a04b82b10868d455c2/scheduler. avail mem: 96.72 GB
[09-20 06:30:03] Loaded scheduler: UniPCMultistepScheduler (sgl-diffusion version). model size: NA GB, weights: none. avail GPU mem: 96.72 GB
Loading required modules: 100%|██████████| 5/5 [00:11<00:00,  2.34s/it]
[09-20 06:30:03] Creating pipeline stages...
[09-20 06:30:03] Using fa attention backend
[09-20 06:30:03] Pipeline instantiated
[09-20 06:30:03] Worker 0: Initialized device, model, and distributed environment.
[09-20 06:30:03] Worker 0: Scheduler loop started.
[09-20 06:30:03] Starting FastAPI server.
[2026-09-20 06:30:03] [32mINFO[0m:     Started server process [[36m123299[0m]
[2026-09-20 06:30:03] [32mINFO[0m:     Waiting for application startup.
[09-20 06:30:03] ZMQ Broker is listening for offline jobs on tcp://127.0.0.1:24002
[2026-09-20 06:30:03] [32mINFO[0m:     Application startup complete.
[2026-09-20 06:30:03] [32mINFO[0m:     Uvicorn running on [1mhttp://127.0.0.1:24001[0m (Press CTRL+C to quit)
[2026-09-20 06:30:04] [32mINFO[0m:     127.0.0.1:51476 - "[1mGET /health HTTP/1.1[0m" [32m200 OK[0m
[2026-09-20 06:30:04] [32mINFO[0m:     127.0.0.1:51482 - "WebSocket /v1/realtime_video/generate" [accepted]
[2026-09-20 06:30:04] [32mINFO[0m:     connection open
[09-20 06:30:04] Adjusting number of frames from 21 to 21 based on model
[09-20 06:30:04] Sampling params:
                       width: 832
                      height: 480
                  num_frames: 21
                         fps: 16
                      prompt: <redacted, len=62>
                  neg_prompt: None
                        seed: 41
                 infer_steps: 4
      num_outputs_per_prompt: 1
              guidance_scale: 1.0
     embedded_guidance_scale: 6.0
                    n_tokens: None
                  flow_shift: 5.0
                  image_path: inputs/uploads/45571331ade2402891c5b6daf1d7c499_first_frame
                 save_output: False
            output_file_path: outputs/45571331ade2402891c5b6daf1d7c499_3e92a9e8ffdb46abb0da2d2668c937aa.mp4
        
[09-20 06:30:04] Running pipeline stages: ['RealtimeInputValidationStage', 'RealtimeTextEncodingStage', 'AuxiliaryConditionEncodingStage', 'RealtimeImageVAEEncodingStage', 'DMDTimestepPreparationStage', 'RealtimeChunkLatentPreparationStage', 'LingBotWorldCausalDMDDenoisingStage', 'CausalVaeDecodingStage']
[09-20 06:30:04] [RealtimeInputValidationStage] started...
[09-20 06:30:04] [RealtimeInputValidationStage] finished in 0.0454 seconds
[09-20 06:30:04] [RealtimeTextEncodingStage] started...
[09-20 06:30:06] [RealtimeTextEncodingStage] finished in 1.9272 seconds
[09-20 06:30:12] [AuxiliaryConditionEncodingStage] started...
[09-20 06:30:12] [AuxiliaryConditionEncodingStage] finished in 0.0545 seconds
[09-20 06:30:12] [RealtimeImageVAEEncodingStage] started...
[09-20 06:30:13] [RealtimeImageVAEEncodingStage] finished in 1.0091 seconds
[09-20 06:30:13] [DMDTimestepPreparationStage] started...
[09-20 06:30:13] [DMDTimestepPreparationStage] finished in 0.0004 seconds
[09-20 06:30:13] [RealtimeChunkLatentPreparationStage] started...
[09-20 06:30:13] [RealtimeChunkLatentPreparationStage] finished in 0.0021 seconds
[09-20 06:30:13] [LingBotWorldCausalDMDDenoisingStage] started...
[09-20 06:30:16] [LingBotWorldCausalDMDDenoisingStage] finished in 3.1773 seconds
[09-20 06:30:16] [CausalVaeDecodingStage] started...
[09-20 06:30:16] [CausalVaeDecodingStage] finished in 0.2895 seconds
[09-20 06:30:16] realtime raw RGB frame batch timing: request_id=45571331ade2402891c5b6daf1d7c499_3e92a9e8ffdb46abb0da2d2668c937aa chunk_idx=0 sample_to_frames=3.11ms frames_to_bytes=6.04ms total=9.19ms batches=1 frames=9 frame_shape=(480, 832, 3) raw_bytes=10782720 content_type=application/x-raw-rgb
[09-20 06:30:16] Pixel data generated successfully in [92m12.19[0;0m seconds
[09-20 06:30:16] Peak memory usage: 82744.00 MB
[09-20 06:30:16] Adjusting number of frames from 21 to 21 based on model
[09-20 06:30:16] Sampling params:
                       width: 832
                      height: 480
                  num_frames: 21
                         fps: 16
                      prompt: <redacted, len=62>
                  neg_prompt: None
                        seed: 41
                 infer_steps: 4
      num_outputs_per_prompt: 1
              guidance_scale: 1.0
     embedded_guidance_scale: 6.0
                    n_tokens: None
                  flow_shift: 5.0
                  image_path: inputs/uploads/45571331ade2402891c5b6daf1d7c499_first_frame
                 save_output: False
            output_file_path: outputs/45571331ade2402891c5b6daf1d7c499_534460d7a97c43eabc0f797580713e9e.mp4
        
[09-20 06:30:16] Running pipeline stages: ['RealtimeInputValidationStage', 'RealtimeTextEncodingStage', 'AuxiliaryConditionEncodingStage', 'RealtimeImageVAEEncodingStage', 'DMDTimestepPreparationStage', 'RealtimeChunkLatentPreparationStage', 'LingBotWorldCausalDMDDenoisingStage', 'CausalVaeDecodingStage']
[09-20 06:30:16] [RealtimeInputValidationStage] started...
[09-20 06:30:16] [RealtimeInputValidationStage] finished in 0.0001 seconds
[09-20 06:30:16] [RealtimeTextEncodingStage] started...
[09-20 06:30:16] [RealtimeTextEncodingStage] finished in 0.0000 seconds
[09-20 06:30:16] [AuxiliaryConditionEncodingStage] started...
[09-20 06:30:16] [AuxiliaryConditionEncodingStage] finished in 0.0020 seconds
[09-20 06:30:16] [RealtimeImageVAEEncodingStage] started...
[09-20 06:30:16] [RealtimeImageVAEEncodingStage] finished in 0.0000 seconds
[09-20 06:30:16] [DMDTimestepPreparationStage] started...
[09-20 06:30:16] [DMDTimestepPreparationStage] finished in 0.0003 seconds
[09-20 06:30:16] [RealtimeChunkLatentPreparationStage] started...
[09-20 06:30:16] [RealtimeChunkLatentPreparationStage] finished in 0.0001 seconds
[09-20 06:30:16] [LingBotWorldCausalDMDDenoisingStage] started...
[09-20 06:30:16] realtime chunk timing: session_id=45571331ade2402891c5b6daf1d7c499 request_id=45571331ade2402891c5b6daf1d7c499_3e92a9e8ffdb46abb0da2d2668c937aa chunk_idx=0 event_id=None condition_kinds=['camera_actions'] request_prepare=2.00ms scheduler_forward=12196.68ms output_pace=0.00ms header_pack=0.02ms header_write=0.05ms raw_payload_build=2.50ms raw_write=4.20ms ws_write=4.26ms chunk_total=12206.69ms batches=1 frames=9 frame_shape=(480, 832, 3) raw_bytes=10782720 ws_payload_bytes=10783051 content_type=application/x-raw-rgb
[09-20 06:30:18] [LingBotWorldCausalDMDDenoisingStage] finished in 1.5145 seconds
[09-20 06:30:18] [CausalVaeDecodingStage] started...
[09-20 06:30:18] [CausalVaeDecodingStage] finished in 0.3483 seconds
[09-20 06:30:18] realtime raw RGB frame batch timing: request_id=45571331ade2402891c5b6daf1d7c499_534460d7a97c43eabc0f797580713e9e chunk_idx=1 sample_to_frames=1.30ms frames_to_bytes=2.17ms total=3.50ms batches=1 frames=12 frame_shape=(480, 832, 3) raw_bytes=14376960 content_type=application/x-raw-rgb
[09-20 06:30:18] Pixel data generated successfully in [92m1.90[0;0m seconds
[09-20 06:30:18] Peak memory usage: 82744.00 MB
[09-20 06:30:18] realtime chunk timing: session_id=45571331ade2402891c5b6daf1d7c499 request_id=45571331ade2402891c5b6daf1d7c499_534460d7a97c43eabc0f797580713e9e chunk_idx=1 event_id=None condition_kinds=['camera_actions'] request_prepare=0.53ms scheduler_forward=1898.80ms output_pace=0.00ms header_pack=0.02ms header_write=0.03ms raw_payload_build=2.72ms raw_write=5.16ms ws_write=5.19ms chunk_total=1907.49ms batches=1 frames=12 frame_shape=(480, 832, 3) raw_bytes=14376960 ws_payload_bytes=14377291 content_type=application/x-raw-rgb
[09-20 06:30:18] generation reached max chunks, session_id=45571331ade2402891c5b6daf1d7c499, max_chunks=2
[09-20 06:30:18] terminating session, session_id=45571331ade2402891c5b6daf1d7c499
[09-20 06:30:18] Realtime session release: session_id=45571331ade2402891c5b6daf1d7c499 released=True
[2026-09-20 06:30:19] [32mINFO[0m:     127.0.0.1:46832 - "WebSocket /v1/realtime_video/generate" [accepted]
[2026-09-20 06:30:19] [32mINFO[0m:     connection open
[09-20 06:30:19] Adjusting number of frames from 21 to 21 based on model
[09-20 06:30:19] Sampling params:
                       width: 832
                      height: 480
                  num_frames: 21
                         fps: 16
                      prompt: <redacted, len=62>
                  neg_prompt: None
                        seed: 42
                 infer_steps: 4
      num_outputs_per_prompt: 1
              guidance_scale: 1.0
     embedded_guidance_scale: 6.0
                    n_tokens: None
                  flow_shift: 5.0
                  image_path: inputs/uploads/7cf8c3c27933490199ce007fb02db394_first_frame
                 save_output: False
            output_file_path: outputs/7cf8c3c27933490199ce007fb02db394_ba56b51f902b40c2b56040e5aa96387b.mp4
        
[09-20 06:30:19] Running pipeline stages: ['RealtimeInputValidationStage', 'RealtimeTextEncodingStage', 'AuxiliaryConditionEncodingStage', 'RealtimeImageVAEEncodingStage', 'DMDTimestepPreparationStage', 'RealtimeChunkLatentPreparationStage', 'LingBotWorldCausalDMDDenoisingStage', 'CausalVaeDecodingStage']
[09-20 06:30:19] [RealtimeInputValidationStage] started...
[09-20 06:30:19] [RealtimeInputValidationStage] finished in 0.0390 seconds
[09-20 06:30:19] [RealtimeTextEncodingStage] started...
[09-20 06:30:20] [RealtimeTextEncodingStage] finished in 0.2396 seconds
[09-20 06:30:20] [AuxiliaryConditionEncodingStage] started...
[09-20 06:30:20] [AuxiliaryConditionEncodingStage] finished in 0.0017 seconds
[09-20 06:30:20] [RealtimeImageVAEEncodingStage] started...
[09-20 06:30:20] [RealtimeImageVAEEncodingStage] finished in 0.3783 seconds
[09-20 06:30:20] [DMDTimestepPreparationStage] started...
[09-20 06:30:20] [DMDTimestepPreparationStage] finished in 0.0003 seconds
[09-20 06:30:20] [RealtimeChunkLatentPreparationStage] started...
[09-20 06:30:20] [RealtimeChunkLatentPreparationStage] finished in 0.0001 seconds
[09-20 06:30:20] [LingBotWorldCausalDMDDenoisingStage] started...
[09-20 06:30:22] [LingBotWorldCausalDMDDenoisingStage] finished in 1.4063 seconds
[09-20 06:30:22] [CausalVaeDecodingStage] started...
[09-20 06:30:22] [CausalVaeDecodingStage] finished in 0.2700 seconds
[09-20 06:30:22] realtime raw RGB frame batch timing: request_id=7cf8c3c27933490199ce007fb02db394_ba56b51f902b40c2b56040e5aa96387b chunk_idx=0 sample_to_frames=1.90ms frames_to_bytes=3.89ms total=5.83ms batches=1 frames=9 frame_shape=(480, 832, 3) raw_bytes=10782720 content_type=application/x-raw-rgb
[09-20 06:30:22] Pixel data generated successfully in [92m2.58[0;0m seconds
[09-20 06:30:22] Peak memory usage: 82744.00 MB
[09-20 06:30:22] Adjusting number of frames from 21 to 21 based on model
[09-20 06:30:22] Sampling params:
                       width: 832
                      height: 480
                  num_frames: 21
                         fps: 16
                      prompt: <redacted, len=62>
                  neg_prompt: None
                        seed: 42
                 infer_steps: 4
      num_outputs_per_prompt: 1
              guidance_scale: 1.0
     embedded_guidance_scale: 6.0
                    n_tokens: None
                  flow_shift: 5.0
                  image_path: inputs/uploads/7cf8c3c27933490199ce007fb02db394_first_frame
                 save_output: False
            output_file_path: outputs/7cf8c3c27933490199ce007fb02db394_c2e1195402f042cab9e34c7a1bd60016.mp4
        
[09-20 06:30:22] Running pipeline stages: ['RealtimeInputValidationStage', 'RealtimeTextEncodingStage', 'AuxiliaryConditionEncodingStage', 'RealtimeImageVAEEncodingStage', 'DMDTimestepPreparationStage', 'RealtimeChunkLatentPreparationStage', 'LingBotWorldCausalDMDDenoisingStage', 'CausalVaeDecodingStage']
[09-20 06:30:22] [RealtimeInputValidationStage] started...
[09-20 06:30:22] [RealtimeInputValidationStage] finished in 0.0001 seconds
[09-20 06:30:22] [RealtimeTextEncodingStage] started...
[09-20 06:30:22] [RealtimeTextEncodingStage] finished in 0.0000 seconds
[09-20 06:30:22] [AuxiliaryConditionEncodingStage] started...
[09-20 06:30:22] [AuxiliaryConditionEncodingStage] finished in 0.0019 seconds
[09-20 06:30:22] [RealtimeImageVAEEncodingStage] started...
[09-20 06:30:22] [RealtimeImageVAEEncodingStage] finished in 0.0000 seconds
[09-20 06:30:22] [DMDTimestepPreparationStage] started...
[09-20 06:30:22] [DMDTimestepPreparationStage] finished in 0.0002 seconds
[09-20 06:30:22] [RealtimeChunkLatentPreparationStage] started...
[09-20 06:30:22] [RealtimeChunkLatentPreparationStage] finished in 0.0001 seconds
[09-20 06:30:22] realtime chunk timing: session_id=7cf8c3c27933490199ce007fb02db394 request_id=7cf8c3c27933490199ce007fb02db394_ba56b51f902b40c2b56040e5aa96387b chunk_idx=0 event_id=None condition_kinds=['camera_actions'] request_prepare=0.50ms scheduler_forward=2580.05ms output_pace=0.00ms header_pack=0.01ms header_write=0.03ms raw_payload_build=1.02ms raw_write=4.23ms ws_write=4.26ms chunk_total=2586.69ms batches=1 frames=9 frame_shape=(480, 832, 3) raw_bytes=10782720 ws_payload_bytes=10783051 content_type=application/x-raw-rgb
[09-20 06:30:22] [LingBotWorldCausalDMDDenoisingStage] started...
[09-20 06:30:23] [LingBotWorldCausalDMDDenoisingStage] finished in 1.5341 seconds
[09-20 06:30:23] [CausalVaeDecodingStage] started...
[09-20 06:30:24] [CausalVaeDecodingStage] finished in 0.3480 seconds
[09-20 06:30:24] realtime raw RGB frame batch timing: request_id=7cf8c3c27933490199ce007fb02db394_c2e1195402f042cab9e34c7a1bd60016 chunk_idx=1 sample_to_frames=1.26ms frames_to_bytes=2.09ms total=3.37ms batches=1 frames=12 frame_shape=(480, 832, 3) raw_bytes=14376960 content_type=application/x-raw-rgb
[09-20 06:30:24] Pixel data generated successfully in [92m1.91[0;0m seconds
[09-20 06:30:24] Peak memory usage: 82744.00 MB
[09-20 06:30:24] Adjusting number of frames from 21 to 21 based on model
[09-20 06:30:24] Sampling params:
                       width: 832
                      height: 480
                  num_frames: 21
                         fps: 16
                      prompt: <redacted, len=62>
                  neg_prompt: None
                        seed: 42
                 infer_steps: 4
      num_outputs_per_prompt: 1
              guidance_scale: 1.0
     embedded_guidance_scale: 6.0
                    n_tokens: None
                  flow_shift: 5.0
                  image_path: inputs/uploads/7cf8c3c27933490199ce007fb02db394_first_frame
                 save_output: False
            output_file_path: outputs/7cf8c3c27933490199ce007fb02db394_755d5e5d70554eb1af4537c8deab8e6a.mp4
        
[09-20 06:30:24] Running pipeline stages: ['RealtimeInputValidationStage', 'RealtimeTextEncodingStage', 'AuxiliaryConditionEncodingStage', 'RealtimeImageVAEEncodingStage', 'DMDTimestepPreparationStage', 'RealtimeChunkLatentPreparationStage', 'LingBotWorldCausalDMDDenoisingStage', 'CausalVaeDecodingStage']
[09-20 06:30:24] [RealtimeInputValidationStage] started...
[09-20 06:30:24] [RealtimeInputValidationStage] finished in 0.0001 seconds
[09-20 06:30:24] [RealtimeTextEncodingStage] started...
[09-20 06:30:24] [RealtimeTextEncodingStage] finished in 0.0000 seconds
[09-20 06:30:24] [AuxiliaryConditionEncodingStage] started...
[09-20 06:30:24] [AuxiliaryConditionEncodingStage] finished in 0.0018 seconds
[09-20 06:30:24] [RealtimeImageVAEEncodingStage] started...
[09-20 06:30:24] [RealtimeImageVAEEncodingStage] finished in 0.0000 seconds
[09-20 06:30:24] [DMDTimestepPreparationStage] started...
[09-20 06:30:24] [DMDTimestepPreparationStage] finished in 0.0002 seconds
[09-20 06:30:24] [RealtimeChunkLatentPreparationStage] started...
[09-20 06:30:24] [RealtimeChunkLatentPreparationStage] finished in 0.0001 seconds
[09-20 06:30:24] [LingBotWorldCausalDMDDenoisingStage] started...
[09-20 06:30:24] realtime chunk timing: session_id=7cf8c3c27933490199ce007fb02db394 request_id=7cf8c3c27933490199ce007fb02db394_c2e1195402f042cab9e34c7a1bd60016 chunk_idx=1 event_id=None condition_kinds=['camera_actions'] request_prepare=0.46ms scheduler_forward=1911.39ms output_pace=0.00ms header_pack=0.01ms header_write=0.03ms raw_payload_build=1.51ms raw_write=5.61ms ws_write=5.65ms chunk_total=1919.88ms batches=1 frames=12 frame_shape=(480, 832, 3) raw_bytes=14376960 ws_payload_bytes=14377291 content_type=application/x-raw-rgb
[09-20 06:30:25] [LingBotWorldCausalDMDDenoisingStage] finished in 1.6696 seconds
[09-20 06:30:25] [CausalVaeDecodingStage] started...
[09-20 06:30:26] [CausalVaeDecodingStage] finished in 0.3478 seconds
[09-20 06:30:26] realtime raw RGB frame batch timing: request_id=7cf8c3c27933490199ce007fb02db394_755d5e5d70554eb1af4537c8deab8e6a chunk_idx=2 sample_to_frames=1.28ms frames_to_bytes=2.08ms total=3.38ms batches=1 frames=12 frame_shape=(480, 832, 3) raw_bytes=14376960 content_type=application/x-raw-rgb
[09-20 06:30:26] Pixel data generated successfully in [92m2.05[0;0m seconds
[09-20 06:30:26] Peak memory usage: 82744.00 MB
[09-20 06:30:26] Adjusting number of frames from 21 to 21 based on model
[09-20 06:30:26] Sampling params:
                       width: 832
                      height: 480
                  num_frames: 21
                         fps: 16
                      prompt: <redacted, len=62>
                  neg_prompt: None
                        seed: 42
                 infer_steps: 4
      num_outputs_per_prompt: 1
              guidance_scale: 1.0
     embedded_guidance_scale: 6.0
                    n_tokens: None
                  flow_shift: 5.0
                  image_path: inputs/uploads/7cf8c3c27933490199ce007fb02db394_first_frame
                 save_output: False
            output_file_path: outputs/7cf8c3c27933490199ce007fb02db394_180ad884d15348cbb8f1972db37f9717.mp4
        
[09-20 06:30:26] Running pipeline stages: ['RealtimeInputValidationStage', 'RealtimeTextEncodingStage', 'AuxiliaryConditionEncodingStage', 'RealtimeImageVAEEncodingStage', 'DMDTimestepPreparationStage', 'RealtimeChunkLatentPreparationStage', 'LingBotWorldCausalDMDDenoisingStage', 'CausalVaeDecodingStage']
[09-20 06:30:26] [RealtimeInputValidationStage] started...
[09-20 06:30:26] [RealtimeInputValidationStage] finished in 0.0001 seconds
[09-20 06:30:26] [RealtimeTextEncodingStage] started...
[09-20 06:30:26] [RealtimeTextEncodingStage] finished in 0.0000 seconds
[09-20 06:30:26] [AuxiliaryConditionEncodingStage] started...
[09-20 06:30:26] [AuxiliaryConditionEncodingStage] finished in 0.0020 seconds
[09-20 06:30:26] [RealtimeImageVAEEncodingStage] started...
[09-20 06:30:26] [RealtimeImageVAEEncodingStage] finished in 0.0000 seconds
[09-20 06:30:26] [DMDTimestepPreparationStage] started...
[09-20 06:30:26] [DMDTimestepPreparationStage] finished in 0.0002 seconds
[09-20 06:30:26] [RealtimeChunkLatentPreparationStage] started...
[09-20 06:30:26] [RealtimeChunkLatentPreparationStage] finished in 0.0001 seconds
[09-20 06:30:26] [LingBotWorldCausalDMDDenoisingStage] started...
[09-20 06:30:26] realtime chunk timing: session_id=7cf8c3c27933490199ce007fb02db394 request_id=7cf8c3c27933490199ce007fb02db394_755d5e5d70554eb1af4537c8deab8e6a chunk_idx=2 event_id=None condition_kinds=['camera_actions'] request_prepare=0.46ms scheduler_forward=2046.33ms output_pace=0.00ms header_pack=0.01ms header_write=0.03ms raw_payload_build=1.48ms raw_write=4.86ms ws_write=4.89ms chunk_total=2054.04ms batches=1 frames=12 frame_shape=(480, 832, 3) raw_bytes=14376960 ws_payload_bytes=14377291 content_type=application/x-raw-rgb
[09-20 06:30:28] [LingBotWorldCausalDMDDenoisingStage] finished in 1.8195 seconds
[09-20 06:30:28] [CausalVaeDecodingStage] started...
[09-20 06:30:28] [CausalVaeDecodingStage] finished in 0.3473 seconds
[09-20 06:30:28] realtime raw RGB frame batch timing: request_id=7cf8c3c27933490199ce007fb02db394_180ad884d15348cbb8f1972db37f9717 chunk_idx=3 sample_to_frames=1.35ms frames_to_bytes=2.07ms total=3.46ms batches=1 frames=12 frame_shape=(480, 832, 3) raw_bytes=14376960 content_type=application/x-raw-rgb
[09-20 06:30:28] Pixel data generated successfully in [92m2.19[0;0m seconds
[09-20 06:30:28] Peak memory usage: 82744.00 MB
[09-20 06:30:28] Adjusting number of frames from 21 to 21 based on model
[09-20 06:30:28] Sampling params:
                       width: 832
                      height: 480
                  num_frames: 21
                         fps: 16
                      prompt: <redacted, len=62>
                  neg_prompt: None
                        seed: 42
                 infer_steps: 4
      num_outputs_per_prompt: 1
              guidance_scale: 1.0
     embedded_guidance_scale: 6.0
                    n_tokens: None
                  flow_shift: 5.0
                  image_path: inputs/uploads/7cf8c3c27933490199ce007fb02db394_first_frame
                 save_output: False
            output_file_path: outputs/7cf8c3c27933490199ce007fb02db394_25485cd2c1714af188adf3da3cea84f9.mp4
        
[09-20 06:30:28] Running pipeline stages: ['RealtimeInputValidationStage', 'RealtimeTextEncodingStage', 'AuxiliaryConditionEncodingStage', 'RealtimeImageVAEEncodingStage', 'DMDTimestepPreparationStage', 'RealtimeChunkLatentPreparationStage', 'LingBotWorldCausalDMDDenoisingStage', 'CausalVaeDecodingStage']
[09-20 06:30:28] [RealtimeInputValidationStage] started...
[09-20 06:30:28] [RealtimeInputValidationStage] finished in 0.0001 seconds
[09-20 06:30:28] [RealtimeTextEncodingStage] started...
[09-20 06:30:28] [RealtimeTextEncodingStage] finished in 0.0000 seconds
[09-20 06:30:28] [AuxiliaryConditionEncodingStage] started...
[09-20 06:30:28] [AuxiliaryConditionEncodingStage] finished in 0.0023 seconds
[09-20 06:30:28] [RealtimeImageVAEEncodingStage] started...
[09-20 06:30:28] [RealtimeImageVAEEncodingStage] finished in 0.0000 seconds
[09-20 06:30:28] [DMDTimestepPreparationStage] started...
[09-20 06:30:28] [DMDTimestepPreparationStage] finished in 0.0002 seconds
[09-20 06:30:28] [RealtimeChunkLatentPreparationStage] started...
[09-20 06:30:28] realtime chunk timing: session_id=7cf8c3c27933490199ce007fb02db394 request_id=7cf8c3c27933490199ce007fb02db394_180ad884d15348cbb8f1972db37f9717 chunk_idx=3 event_id=None condition_kinds=['camera_actions'] request_prepare=0.46ms scheduler_forward=2191.92ms output_pace=0.00ms header_pack=0.01ms header_write=0.03ms raw_payload_build=1.41ms raw_write=4.27ms ws_write=4.31ms chunk_total=2198.95ms batches=1 frames=12 frame_shape=(480, 832, 3) raw_bytes=14376960 ws_payload_bytes=14377291 content_type=application/x-raw-rgb
[09-20 06:30:28] [RealtimeChunkLatentPreparationStage] finished in 0.0001 seconds
[09-20 06:30:28] [LingBotWorldCausalDMDDenoisingStage] started...
[09-20 06:30:30] [LingBotWorldCausalDMDDenoisingStage] finished in 1.9447 seconds
[09-20 06:30:30] [CausalVaeDecodingStage] started...
[09-20 06:30:30] [CausalVaeDecodingStage] finished in 0.3467 seconds
[09-20 06:30:30] realtime raw RGB frame batch timing: request_id=7cf8c3c27933490199ce007fb02db394_25485cd2c1714af188adf3da3cea84f9 chunk_idx=4 sample_to_frames=1.26ms frames_to_bytes=2.06ms total=3.34ms batches=1 frames=12 frame_shape=(480, 832, 3) raw_bytes=14376960 content_type=application/x-raw-rgb
[09-20 06:30:30] Pixel data generated successfully in [92m2.31[0;0m seconds
[09-20 06:30:30] Peak memory usage: 82744.00 MB
[09-20 06:30:30] Adjusting number of frames from 21 to 21 based on model
[09-20 06:30:30] Sampling params:
                       width: 832
                      height: 480
                  num_frames: 21
                         fps: 16
                      prompt: <redacted, len=62>
                  neg_prompt: None
                        seed: 42
                 infer_steps: 4
      num_outputs_per_prompt: 1
              guidance_scale: 1.0
     embedded_guidance_scale: 6.0
                    n_tokens: None
                  flow_shift: 5.0
                  image_path: inputs/uploads/7cf8c3c27933490199ce007fb02db394_first_frame
                 save_output: False
            output_file_path: outputs/7cf8c3c27933490199ce007fb02db394_2989da80262c4d1f93fb42a2e92ee3cf.mp4
        
[09-20 06:30:30] Running pipeline stages: ['RealtimeInputValidationStage', 'RealtimeTextEncodingStage', 'AuxiliaryConditionEncodingStage', 'RealtimeImageVAEEncodingStage', 'DMDTimestepPreparationStage', 'RealtimeChunkLatentPreparationStage', 'LingBotWorldCausalDMDDenoisingStage', 'CausalVaeDecodingStage']
[09-20 06:30:30] [RealtimeInputValidationStage] started...
[09-20 06:30:30] [RealtimeInputValidationStage] finished in 0.0001 seconds
[09-20 06:30:30] [RealtimeTextEncodingStage] started...
[09-20 06:30:30] [RealtimeTextEncodingStage] finished in 0.0000 seconds
[09-20 06:30:30] [AuxiliaryConditionEncodingStage] started...
[09-20 06:30:30] [AuxiliaryConditionEncodingStage] finished in 0.0020 seconds
[09-20 06:30:30] [RealtimeImageVAEEncodingStage] started...
[09-20 06:30:30] [RealtimeImageVAEEncodingStage] finished in 0.0000 seconds
[09-20 06:30:30] [DMDTimestepPreparationStage] started...
[09-20 06:30:30] [DMDTimestepPreparationStage] finished in 0.0002 seconds
[09-20 06:30:30] [RealtimeChunkLatentPreparationStage] started...
[09-20 06:30:30] [RealtimeChunkLatentPreparationStage] finished in 0.0001 seconds
[09-20 06:30:30] [LingBotWorldCausalDMDDenoisingStage] started...
[09-20 06:30:30] realtime chunk timing: session_id=7cf8c3c27933490199ce007fb02db394 request_id=7cf8c3c27933490199ce007fb02db394_25485cd2c1714af188adf3da3cea84f9 chunk_idx=4 event_id=None condition_kinds=['camera_actions'] request_prepare=0.45ms scheduler_forward=2315.14ms output_pace=0.00ms header_pack=0.01ms header_write=0.03ms raw_payload_build=1.41ms raw_write=4.38ms ws_write=4.42ms chunk_total=2322.29ms batches=1 frames=12 frame_shape=(480, 832, 3) raw_bytes=14376960 ws_payload_bytes=14377291 content_type=application/x-raw-rgb
[09-20 06:30:32] [LingBotWorldCausalDMDDenoisingStage] finished in 2.0843 seconds
[09-20 06:30:32] [CausalVaeDecodingStage] started...
[09-20 06:30:33] [CausalVaeDecodingStage] finished in 0.3468 seconds
[09-20 06:30:33] realtime raw RGB frame batch timing: request_id=7cf8c3c27933490199ce007fb02db394_2989da80262c4d1f93fb42a2e92ee3cf chunk_idx=5 sample_to_frames=1.29ms frames_to_bytes=2.09ms total=3.40ms batches=1 frames=12 frame_shape=(480, 832, 3) raw_bytes=14376960 content_type=application/x-raw-rgb
[09-20 06:30:33] Pixel data generated successfully in [92m2.46[0;0m seconds
[09-20 06:30:33] Peak memory usage: 82744.00 MB
[09-20 06:30:33] Adjusting number of frames from 21 to 21 based on model
[09-20 06:30:33] Sampling params:
                       width: 832
                      height: 480
                  num_frames: 21
                         fps: 16
                      prompt: <redacted, len=62>
                  neg_prompt: None
                        seed: 42
                 infer_steps: 4
      num_outputs_per_prompt: 1
              guidance_scale: 1.0
     embedded_guidance_scale: 6.0
                    n_tokens: None
                  flow_shift: 5.0
                  image_path: inputs/uploads/7cf8c3c27933490199ce007fb02db394_first_frame
                 save_output: False
            output_file_path: outputs/7cf8c3c27933490199ce007fb02db394_0597e629e5fc4252ba52fb1cf09ab95e.mp4
        
[09-20 06:30:33] Running pipeline stages: ['RealtimeInputValidationStage', 'RealtimeTextEncodingStage', 'AuxiliaryConditionEncodingStage', 'RealtimeImageVAEEncodingStage', 'DMDTimestepPreparationStage', 'RealtimeChunkLatentPreparationStage', 'LingBotWorldCausalDMDDenoisingStage', 'CausalVaeDecodingStage']
[09-20 06:30:33] [RealtimeInputValidationStage] started...
[09-20 06:30:33] [RealtimeInputValidationStage] finished in 0.0001 seconds
[09-20 06:30:33] [RealtimeTextEncodingStage] started...
[09-20 06:30:33] [RealtimeTextEncodingStage] finished in 0.0000 seconds
[09-20 06:30:33] [AuxiliaryConditionEncodingStage] started...
[09-20 06:30:33] [AuxiliaryConditionEncodingStage] finished in 0.0022 seconds
[09-20 06:30:33] [RealtimeImageVAEEncodingStage] started...
[09-20 06:30:33] [RealtimeImageVAEEncodingStage] finished in 0.0000 seconds
[09-20 06:30:33] [DMDTimestepPreparationStage] started...
[09-20 06:30:33] [DMDTimestepPreparationStage] finished in 0.0002 seconds
[09-20 06:30:33] [RealtimeChunkLatentPreparationStage] started...
[09-20 06:30:33] [RealtimeChunkLatentPreparationStage] finished in 0.0001 seconds
[09-20 06:30:33] [LingBotWorldCausalDMDDenoisingStage] started...
[09-20 06:30:33] realtime chunk timing: session_id=7cf8c3c27933490199ce007fb02db394 request_id=7cf8c3c27933490199ce007fb02db394_2989da80262c4d1f93fb42a2e92ee3cf chunk_idx=5 event_id=None condition_kinds=['camera_actions'] request_prepare=0.45ms scheduler_forward=2455.59ms output_pace=0.00ms header_pack=0.01ms header_write=0.03ms raw_payload_build=1.41ms raw_write=4.30ms ws_write=4.33ms chunk_total=2462.67ms batches=1 frames=12 frame_shape=(480, 832, 3) raw_bytes=14376960 ws_payload_bytes=14377291 content_type=application/x-raw-rgb
[09-20 06:30:35] [LingBotWorldCausalDMDDenoisingStage] finished in 2.0893 seconds
[09-20 06:30:35] [CausalVaeDecodingStage] started...
[09-20 06:30:35] [CausalVaeDecodingStage] finished in 0.3467 seconds
[09-20 06:30:35] realtime raw RGB frame batch timing: request_id=7cf8c3c27933490199ce007fb02db394_0597e629e5fc4252ba52fb1cf09ab95e chunk_idx=6 sample_to_frames=1.81ms frames_to_bytes=3.03ms total=4.87ms batches=1 frames=12 frame_shape=(480, 832, 3) raw_bytes=14376960 content_type=application/x-raw-rgb
[09-20 06:30:35] Pixel data generated successfully in [92m2.47[0;0m seconds
[09-20 06:30:35] Peak memory usage: 82744.00 MB
[09-20 06:30:35] Adjusting number of frames from 21 to 21 based on model
[09-20 06:30:35] Sampling params:
                       width: 832
                      height: 480
                  num_frames: 21
                         fps: 16
                      prompt: <redacted, len=62>
                  neg_prompt: None
                        seed: 42
                 infer_steps: 4
      num_outputs_per_prompt: 1
              guidance_scale: 1.0
     embedded_guidance_scale: 6.0
                    n_tokens: None
                  flow_shift: 5.0
                  image_path: inputs/uploads/7cf8c3c27933490199ce007fb02db394_first_frame
                 save_output: False
            output_file_path: outputs/7cf8c3c27933490199ce007fb02db394_8ee73847fdb34ab7a12529f824b39188.mp4
        
[09-20 06:30:35] Running pipeline stages: ['RealtimeInputValidationStage', 'RealtimeTextEncodingStage', 'AuxiliaryConditionEncodingStage', 'RealtimeImageVAEEncodingStage', 'DMDTimestepPreparationStage', 'RealtimeChunkLatentPreparationStage', 'LingBotWorldCausalDMDDenoisingStage', 'CausalVaeDecodingStage']
[09-20 06:30:35] [RealtimeInputValidationStage] started...
[09-20 06:30:35] [RealtimeInputValidationStage] finished in 0.0001 seconds
[09-20 06:30:35] [RealtimeTextEncodingStage] started...
[09-20 06:30:35] [RealtimeTextEncodingStage] finished in 0.0000 seconds
[09-20 06:30:35] [AuxiliaryConditionEncodingStage] started...
[09-20 06:30:35] [AuxiliaryConditionEncodingStage] finished in 0.0023 seconds
[09-20 06:30:35] [RealtimeImageVAEEncodingStage] started...
[09-20 06:30:35] [RealtimeImageVAEEncodingStage] finished in 0.0000 seconds
[09-20 06:30:35] [DMDTimestepPreparationStage] started...
[09-20 06:30:35] realtime chunk timing: session_id=7cf8c3c27933490199ce007fb02db394 request_id=7cf8c3c27933490199ce007fb02db394_0597e629e5fc4252ba52fb1cf09ab95e chunk_idx=6 event_id=None condition_kinds=['camera_actions'] request_prepare=0.46ms scheduler_forward=2468.99ms output_pace=0.00ms header_pack=0.01ms header_write=0.03ms raw_payload_build=1.42ms raw_write=4.37ms ws_write=4.40ms chunk_total=2476.15ms batches=1 frames=12 frame_shape=(480, 832, 3) raw_bytes=14376960 ws_payload_bytes=14377291 content_type=application/x-raw-rgb
[09-20 06:30:35] [DMDTimestepPreparationStage] finished in 0.0002 seconds
[09-20 06:30:35] [RealtimeChunkLatentPreparationStage] started...
[09-20 06:30:35] [RealtimeChunkLatentPreparationStage] finished in 0.0001 seconds
[09-20 06:30:35] [LingBotWorldCausalDMDDenoisingStage] started...
[09-20 06:30:37] [LingBotWorldCausalDMDDenoisingStage] finished in 2.0916 seconds
[09-20 06:30:37] [CausalVaeDecodingStage] started...
[09-20 06:30:38] [CausalVaeDecodingStage] finished in 0.3469 seconds
[09-20 06:30:38] realtime raw RGB frame batch timing: request_id=7cf8c3c27933490199ce007fb02db394_8ee73847fdb34ab7a12529f824b39188 chunk_idx=7 sample_to_frames=1.28ms frames_to_bytes=2.22ms total=3.52ms batches=1 frames=12 frame_shape=(480, 832, 3) raw_bytes=14376960 content_type=application/x-raw-rgb
[09-20 06:30:38] Pixel data generated successfully in [92m2.47[0;0m seconds
[09-20 06:30:38] Peak memory usage: 82744.00 MB
[09-20 06:30:38] Adjusting number of frames from 21 to 21 based on model
[09-20 06:30:38] Sampling params:
                       width: 832
                      height: 480
                  num_frames: 21
                         fps: 16
                      prompt: <redacted, len=62>
                  neg_prompt: None
                        seed: 42
                 infer_steps: 4
      num_outputs_per_prompt: 1
              guidance_scale: 1.0
     embedded_guidance_scale: 6.0
                    n_tokens: None
                  flow_shift: 5.0
                  image_path: inputs/uploads/7cf8c3c27933490199ce007fb02db394_first_frame
                 save_output: False
            output_file_path: outputs/7cf8c3c27933490199ce007fb02db394_e4b6efe7c29b47eebe177ccfb0da594c.mp4
        
[09-20 06:30:38] Running pipeline stages: ['RealtimeInputValidationStage', 'RealtimeTextEncodingStage', 'AuxiliaryConditionEncodingStage', 'RealtimeImageVAEEncodingStage', 'DMDTimestepPreparationStage', 'RealtimeChunkLatentPreparationStage', 'LingBotWorldCausalDMDDenoisingStage', 'CausalVaeDecodingStage']
[09-20 06:30:38] [RealtimeInputValidationStage] started...
[09-20 06:30:38] [RealtimeInputValidationStage] finished in 0.0001 seconds
[09-20 06:30:38] [RealtimeTextEncodingStage] started...
[09-20 06:30:38] [RealtimeTextEncodingStage] finished in 0.0000 seconds
[09-20 06:30:38] [AuxiliaryConditionEncodingStage] started...
[09-20 06:30:38] [AuxiliaryConditionEncodingStage] finished in 0.0025 seconds
[09-20 06:30:38] [RealtimeImageVAEEncodingStage] started...
[09-20 06:30:38] [RealtimeImageVAEEncodingStage] finished in 0.0000 seconds
[09-20 06:30:38] [DMDTimestepPreparationStage] started...
[09-20 06:30:38] [DMDTimestepPreparationStage] finished in 0.0002 seconds
[09-20 06:30:38] [RealtimeChunkLatentPreparationStage] started...
[09-20 06:30:38] [RealtimeChunkLatentPreparationStage] finished in 0.0001 seconds
[09-20 06:30:38] realtime chunk timing: session_id=7cf8c3c27933490199ce007fb02db394 request_id=7cf8c3c27933490199ce007fb02db394_8ee73847fdb34ab7a12529f824b39188 chunk_idx=7 event_id=None condition_kinds=['camera_actions'] request_prepare=0.45ms scheduler_forward=2465.97ms output_pace=0.00ms header_pack=0.01ms header_write=0.04ms raw_payload_build=1.41ms raw_write=4.36ms ws_write=4.40ms chunk_total=2473.10ms batches=1 frames=12 frame_shape=(480, 832, 3) raw_bytes=14376960 ws_payload_bytes=14377291 content_type=application/x-raw-rgb
[09-20 06:30:38] [LingBotWorldCausalDMDDenoisingStage] started...
[09-20 06:30:40] [LingBotWorldCausalDMDDenoisingStage] finished in 2.0906 seconds
[09-20 06:30:40] [CausalVaeDecodingStage] started...
[09-20 06:30:40] [CausalVaeDecodingStage] finished in 0.3471 seconds
[09-20 06:30:40] realtime raw RGB frame batch timing: request_id=7cf8c3c27933490199ce007fb02db394_e4b6efe7c29b47eebe177ccfb0da594c chunk_idx=8 sample_to_frames=1.27ms frames_to_bytes=2.05ms total=3.34ms batches=1 frames=12 frame_shape=(480, 832, 3) raw_bytes=14376960 content_type=application/x-raw-rgb
[09-20 06:30:40] Pixel data generated successfully in [92m2.47[0;0m seconds
[09-20 06:30:40] Peak memory usage: 82744.00 MB
[09-20 06:30:40] Adjusting number of frames from 21 to 21 based on model
[09-20 06:30:40] Sampling params:
                       width: 832
                      height: 480
                  num_frames: 21
                         fps: 16
                      prompt: <redacted, len=62>
                  neg_prompt: None
                        seed: 42
                 infer_steps: 4
      num_outputs_per_prompt: 1
              guidance_scale: 1.0
     embedded_guidance_scale: 6.0
                    n_tokens: None
                  flow_shift: 5.0
                  image_path: inputs/uploads/7cf8c3c27933490199ce007fb02db394_first_frame
                 save_output: False
            output_file_path: outputs/7cf8c3c27933490199ce007fb02db394_07b1d886578c40b7a18fa2ee78d53684.mp4
        
[09-20 06:30:40] Running pipeline stages: ['RealtimeInputValidationStage', 'RealtimeTextEncodingStage', 'AuxiliaryConditionEncodingStage', 'RealtimeImageVAEEncodingStage', 'DMDTimestepPreparationStage', 'RealtimeChunkLatentPreparationStage', 'LingBotWorldCausalDMDDenoisingStage', 'CausalVaeDecodingStage']
[09-20 06:30:40] [RealtimeInputValidationStage] started...
[09-20 06:30:40] [RealtimeInputValidationStage] finished in 0.0001 seconds
[09-20 06:30:40] [RealtimeTextEncodingStage] started...
[09-20 06:30:40] [RealtimeTextEncodingStage] finished in 0.0000 seconds
[09-20 06:30:40] [AuxiliaryConditionEncodingStage] started...
[09-20 06:30:40] [AuxiliaryConditionEncodingStage] finished in 0.0023 seconds
[09-20 06:30:40] [RealtimeImageVAEEncodingStage] started...
[09-20 06:30:40] [RealtimeImageVAEEncodingStage] finished in 0.0000 seconds
[09-20 06:30:40] [DMDTimestepPreparationStage] started...
[09-20 06:30:40] [DMDTimestepPreparationStage] finished in 0.0002 seconds
[09-20 06:30:40] [RealtimeChunkLatentPreparationStage] started...
[09-20 06:30:40] [RealtimeChunkLatentPreparationStage] finished in 0.0001 seconds
[09-20 06:30:40] realtime chunk timing: session_id=7cf8c3c27933490199ce007fb02db394 request_id=7cf8c3c27933490199ce007fb02db394_e4b6efe7c29b47eebe177ccfb0da594c chunk_idx=8 event_id=None condition_kinds=['camera_actions'] request_prepare=0.46ms scheduler_forward=2466.56ms output_pace=0.00ms header_pack=0.01ms header_write=0.03ms raw_payload_build=1.43ms raw_write=4.32ms ws_write=4.36ms chunk_total=2473.67ms batches=1 frames=12 frame_shape=(480, 832, 3) raw_bytes=14376960 ws_payload_bytes=14377291 content_type=application/x-raw-rgb
[09-20 06:30:40] [LingBotWorldCausalDMDDenoisingStage] started...
[09-20 06:30:42] [LingBotWorldCausalDMDDenoisingStage] finished in 2.0935 seconds
[09-20 06:30:42] [CausalVaeDecodingStage] started...
[09-20 06:30:43] [CausalVaeDecodingStage] finished in 0.3468 seconds
[09-20 06:30:43] realtime raw RGB frame batch timing: request_id=7cf8c3c27933490199ce007fb02db394_07b1d886578c40b7a18fa2ee78d53684 chunk_idx=9 sample_to_frames=1.27ms frames_to_bytes=2.08ms total=3.37ms batches=1 frames=12 frame_shape=(480, 832, 3) raw_bytes=14376960 content_type=application/x-raw-rgb
[09-20 06:30:43] Pixel data generated successfully in [92m2.47[0;0m seconds
[09-20 06:30:43] Peak memory usage: 82744.00 MB
[09-20 06:30:43] realtime chunk timing: session_id=7cf8c3c27933490199ce007fb02db394 request_id=7cf8c3c27933490199ce007fb02db394_07b1d886578c40b7a18fa2ee78d53684 chunk_idx=9 event_id=None condition_kinds=['camera_actions'] request_prepare=0.46ms scheduler_forward=2465.24ms output_pace=0.00ms header_pack=0.01ms header_write=0.04ms raw_payload_build=1.40ms raw_write=4.32ms ws_write=4.36ms chunk_total=2471.53ms batches=1 frames=12 frame_shape=(480, 832, 3) raw_bytes=14376960 ws_payload_bytes=14377291 content_type=application/x-raw-rgb
[09-20 06:30:43] generation reached max chunks, session_id=7cf8c3c27933490199ce007fb02db394, max_chunks=10
[09-20 06:30:43] terminating session, session_id=7cf8c3c27933490199ce007fb02db394
[09-20 06:30:43] Realtime session release: session_id=7cf8c3c27933490199ce007fb02db394 released=True
[2026-09-20 06:30:44] [32mINFO[0m:     Shutting down
[2026-09-20 06:30:44] [32mINFO[0m:     Waiting for application shutdown.
[09-20 06:30:44] FastAPI app is shutting down...
[2026-09-20 06:30:44] [32mINFO[0m:     Application shutdown complete.
[2026-09-20 06:30:44] [32mINFO[0m:     Finished server process [[36m123299[0m]
/usr/lib/python3.12/multiprocessing/resource_tracker.py:254: UserWarning: resource_tracker: There appear to be 1 leaked semaphore objects to clean up at shutdown
  warnings.warn('resource_tracker: There appear to be %d '
