Flax classes are deprecated and will be removed in Diffusers v1.0.0. We recommend migrating to PyTorch classes or pinning your version of Diffusers.
Flax classes are deprecated and will be removed in Diffusers v1.0.0. We recommend migrating to PyTorch classes or pinning your version of Diffusers.
[09-20 06:12:02] server_args: {"model_path": "robbyant/lingbot-world-v2-14b-causal-fast-diffusers", "model_subfolder": null, "model_variant": null, "model_id": null, "served_model_name": "robbyant/lingbot-world-v2-14b-causal-fast-diffusers", "backend": "auto", "attention_backend": null, "enable_attention_backend_autotune": false, "attention_backend_config": {}, "component_attention_backends": {}, "cache_dit_config": null, "nccl_port": null, "enable_nccl_nvls": false, "trust_remote_code": false, "revision": null, "num_gpus": 1, "performance_mode": "manual", "base_gpu_id": 0, "gpu_ids": null, "nnodes": 1, "node_rank": 0, "dist_init_addr": null, "tp_size": 1, "sp_degree": 1, "ulysses_degree": 1, "ring_degree": 1, "kv_gather_degree": 1, "sp_split_auto": false, "dp_size": 1, "enable_cfg_parallel": false, "cfg_parallel_degree": 1, "encoder_parallel": "auto", "hsdp_replicate_dim": 1, "hsdp_shard_dim": 1, "dist_timeout": 3600, "scheduler_rpc_timeout": null, "pipeline_class_name": null, "lora_path": null, "lora_nickname": "default", "lora_scale": 1.0, "lora_alpha": null, "lora_merge_mode": "auto", "lora_weight_name": null, "component_paths": {}, "component_weights_paths": {}, "component_direct_gpu_weight_loading": {}, "component_quantizations": {}, "component_precisions": {}, "component_quantization_ignored_layers": {}, "load_diffusion_decoder": false, "transformer_weights_path": null, "minimax_h3_adaln_cache_path": null, "minimax_h3_adaln_online": false, "minimax_h3_adaln_plan_width": 4, "minimax_h3_adaln_host_cache_gb": 8.0, "quantization": null, "quantization_ignored_layers": null, "lora_target_modules": null, "component_residency": null, "cpu_offload_components": null, "dit_cpu_offload": false, "direct_gpu_weight_loading": false, "dit_layerwise_offload": false, "layerwise_offload_components": null, "dit_offload_prefetch_size": 0.0, "dit_layerwise_resident_layers": 0.0, "dit_layerwise_residency_policy": "leading", "layerwise_prefetch_size": {}, "layerwise_resident_layers": {}, "layerwise_residency_policy": {}, "offload_during_compile": true, "text_encoder_cpu_offload": true, "image_encoder_cpu_offload": null, "vae_cpu_offload": false, "use_fsdp_inference": null, "pin_cpu_memory": true, "ltx2_two_stage_device_mode": null, "comfyui_mode": false, "enable_torch_compile": false, "regional_compile": false, "enable_breakable_cuda_graph": false, "bcg_text_buckets": null, "enable_layerwise_nvtx_marker": false, "warmup_mode": "server", "warmup_resolutions": ["832x480"], "warmup_num_frames": 9, "warmup_steps": 1, "warmup_sampling_params": null, "disable_autocast": false, "master_port": 23981, "host": "127.0.0.1", "port": 23881, "enable_metrics": false, "webui": false, "webui_port": 12312, "scheduler_port": 5602, "scheduler_ports": [5602], "batching_mode": "dynamic", "batching_max_size": 1, "batching_delay_ms": 0.0, "batching_config": null, "enable_batching_metrics": false, "strict_ports": false, "output_path": "outputs/", "input_save_path": "inputs/uploads", "prompt_file_path": null, "model_paths": {}, "model_loaded": {"transformer": true, "vae": true, "video_vae": true, "audio_vae": true, "video_dit": true, "audio_dit": true, "dual_tower_bridge": true}, "boundary_ratio": null, "disagg_role": "monolithic", "disagg_timeout": 3600, "disagg_downstream_wait_timeout": 1800, "disagg_dispatch_policy": "round_robin", "disagg_mode": false, "disagg_instance_id": 0, "disagg_max_slots_per_instance": 8, "disagg_transfer_redundancy": 1.25, "disagg_role_device": "auto", "disagg_transfer_backend": "auto", "disagg_transfer_pool_size": 268435456, "disagg_transfer_pin_memory": "auto", "disagg_p2p_hostname": "127.0.0.1", "disagg_ib_device": null, "disagg_server_addr": null, "encoder_urls": null, "denoiser_urls": null, "decoder_urls": null, "encoder_tp": null, "denoiser_tp": null, "denoiser_sp": null, "denoiser_ulysses": null, "denoiser_ring": null, "decoder_sp": null, "pool_work_endpoint": null, "pool_result_endpoint": null, "pool_control_endpoint": null, "pool_control_advertised_endpoint": null, "log_level": "info", "log_requests": false, "log_requests_level": 2, "log_requests_format": "text", "log_requests_target": null, "uvicorn_access_log_exclude_prefixes": [], "enable_cache_report": false, "enable_trace": false, "otlp_traces_endpoint": "localhost:4317", "otlp_service_name": null, "srt_encoder_url": null, "srt_encoder_connect_timeout": 3.05, "srt_encoder_timeout": 100, "pe_server_url": null}
[09-20 06:12:02] Starting server...
Flax classes are deprecated and will be removed in Diffusers v1.0.0. We recommend migrating to PyTorch classes or pinning your version of Diffusers.
Flax classes are deprecated and will be removed in Diffusers v1.0.0. We recommend migrating to PyTorch classes or pinning your version of Diffusers.
[09-20 06:12:15] Scheduler (dp replica 0) bind at endpoint: tcp://127.0.0.1:5602
[09-20 06:12:15] torch.compile cache: TORCHINDUCTOR_CACHE_DIR=/campaign/model-caches/lingbot-world-v2-cycle/sglang/torch_compile_cache/inductor TRITON_CACHE_DIR=/campaign/model-caches/lingbot-world-v2-cycle/sglang/torch_compile_cache/triton
[09-20 06:12:15] Initializing distributed environment with world_size=1, device=cuda:0, timeout=3600
[09-20 06:12:15] Setting distributed timeout to 3600 seconds
[09-20 06:12:16] No pipeline_class_name specified, using model_index.json
[09-20 06:12:17] Using pipeline from model_index.json: LingBotWorldCausalDMDPipeline
[09-20 06:12:17] Loading pipeline modules...
[09-20 06:12:17] Checking for cached model in Hugging Face Hub cache for robbyant/lingbot-world-v2-14b-causal-fast-diffusers...
[09-20 06:12:17] Found complete model in cache at /campaign/model-caches/lingbot-world-v2-cycle/huggingface/hub/models--robbyant--lingbot-world-v2-14b-causal-fast-diffusers/snapshots/59cccf49f2d2dd27418ae7a04b82b10868d455c2
[09-20 06:12:17] Model path: /campaign/model-caches/lingbot-world-v2-cycle/huggingface/hub/models--robbyant--lingbot-world-v2-14b-causal-fast-diffusers/snapshots/59cccf49f2d2dd27418ae7a04b82b10868d455c2
[09-20 06:12:17] Diffusers version: 0.35.0.dev0
[09-20 06:12:17] Loading pipeline modules from config: {'_class_name': 'LingBotWorldCausalDMDPipeline', '_diffusers_version': '0.35.0.dev0', 'boundary_ratio': 0.9, 'image_encoder': [None, None], 'image_processor': [None, None], 'scheduler': ['diffusers', 'UniPCMultistepScheduler'], 'text_encoder': ['transformers', 'UMT5EncoderModel'], 'tokenizer': ['transformers', 'T5TokenizerFast'], 'transformer': ['diffusers', 'CausalLingBotWorldTransformer3DModel'], 'transformer_2': [None, None], 'vae': ['diffusers', 'AutoencoderKLWan']}
[09-20 06:12:17] MoE pipeline detected. Adding transformer_2 to self.required_config_modules...
[09-20 06:12:17] Setting boundary ratio to 0.9
[09-20 06:12:17] Loading required components: ['text_encoder', 'tokenizer', 'vae', 'transformer', 'scheduler', 'image_encoder', 'image_processor', 'transformer_2']
[93m[09-20 06:12:17] Module image_encoder in model_index.json has null value, removing from required_config_modules[0;0m
[93m[09-20 06:12:17] Module image_processor in model_index.json has null value, removing from required_config_modules[0;0m
[93m[09-20 06:12:17] Module transformer_2 in model_index.json has null value, removing from required_config_modules[0;0m
[09-20 06:12:17] Memory-aware component load order: ['transformer', 'text_encoder', 'vae', 'tokenizer', 'scheduler']
Loading required modules:   0%|          | 0/5 [00:00<?, ?it/s][09-20 06:12:17] Loading transformer from /campaign/model-caches/lingbot-world-v2-cycle/huggingface/hub/models--robbyant--lingbot-world-v2-14b-causal-fast-diffusers/snapshots/59cccf49f2d2dd27418ae7a04b82b10868d455c2/transformer. avail mem: 138.65 GB
[09-20 06:12:17] Loading CausalLingBotWorldTransformer3DModel from 8 safetensors file(s) , param_dtype: torch.bfloat16

Loading safetensors checkpoint shards: 0%|          | 0/8[ALoading safetensors checkpoint shards: 100%|██████████| 8/8
[09-20 06:12:26] Attention backends for transformer: fa
[09-20 06:12:26] Loaded transformer: CausalLingBotWorldTransformer3DModel (sgl-diffusion version). model size: 40.4 GB, vram: 40.40 GB. avail GPU mem: 96.74 GB
Loading required modules:  20%|██        | 1/5 [00:09<00:36,  9.01s/it][09-20 06:12:26] Loading text_encoder from /campaign/model-caches/lingbot-world-v2-cycle/huggingface/hub/models--robbyant--lingbot-world-v2-14b-causal-fast-diffusers/snapshots/59cccf49f2d2dd27418ae7a04b82b10868d455c2/text_encoder. avail mem: 96.74 GB

Loading safetensors checkpoint shards: 0%|          | 0/3[A
Loading safetensors checkpoint shards: 33%|███▎      | 1/3[A
Loading safetensors checkpoint shards: 67%|██████▋   | 2/3[A
Loading safetensors checkpoint shards: 100%|██████████| 3/3[ALoading safetensors checkpoint shards: 100%|██████████| 3/3
[09-20 06:12:27] Loaded text_encoder: UMT5EncoderModel (sgl-diffusion version). model size: 10.58 GB, host pageable: 10.58 GB. avail GPU mem: 96.74 GB
Loading required modules:  40%|████      | 2/5 [00:10<00:13,  4.34s/it][09-20 06:12:27] Loading vae from /campaign/model-caches/lingbot-world-v2-cycle/huggingface/hub/models--robbyant--lingbot-world-v2-14b-causal-fast-diffusers/snapshots/59cccf49f2d2dd27418ae7a04b82b10868d455c2/vae. avail mem: 96.74 GB
[09-20 06:12:27] VAE: converted 61 Conv3d weights to channels_last_3d
[09-20 06:12:27] Wan VAE: installed quality-gated fast path (29 RMSNorm+SiLU fusions, 3 channels_last upsamples).
[09-20 06:12:27] Loaded vae: AutoencoderKLWan (sgl-diffusion version). model size: 0.47 GB, vram: 0.47 GB. avail GPU mem: 96.72 GB
Loading required modules:  60%|██████    | 3/5 [00:10<00:04,  2.46s/it][09-20 06:12:27] Loading tokenizer from /campaign/model-caches/lingbot-world-v2-cycle/huggingface/hub/models--robbyant--lingbot-world-v2-14b-causal-fast-diffusers/snapshots/59cccf49f2d2dd27418ae7a04b82b10868d455c2/tokenizer. avail mem: 96.72 GB
[09-20 06:12:29] Loaded tokenizer: T5Tokenizer (sgl-diffusion version). model size: NA GB, weights: none. avail GPU mem: 96.72 GB
Loading required modules:  80%|████████  | 4/5 [00:11<00:02,  2.13s/it][09-20 06:12:29] Loading scheduler from /campaign/model-caches/lingbot-world-v2-cycle/huggingface/hub/models--robbyant--lingbot-world-v2-14b-causal-fast-diffusers/snapshots/59cccf49f2d2dd27418ae7a04b82b10868d455c2/scheduler. avail mem: 96.72 GB
[09-20 06:12:29] Loaded scheduler: UniPCMultistepScheduler (sgl-diffusion version). model size: NA GB, weights: none. avail GPU mem: 96.72 GB
Loading required modules: 100%|██████████| 5/5 [00:11<00:00,  2.39s/it]
[09-20 06:12:29] Creating pipeline stages...
[09-20 06:12:29] Using fa attention backend
[09-20 06:12:29] Pipeline instantiated
[09-20 06:12:29] Worker 0: Initialized device, model, and distributed environment.
[09-20 06:12:29] Worker 0: Scheduler loop started.
[09-20 06:12:29] Starting FastAPI server.
[2026-09-20 06:12:29] [32mINFO[0m:     Started server process [[36m116786[0m]
[2026-09-20 06:12:29] [32mINFO[0m:     Waiting for application startup.
[09-20 06:12:29] ZMQ Broker is listening for offline jobs on tcp://127.0.0.1:23882
[2026-09-20 06:12:29] [32mINFO[0m:     Application startup complete.
[2026-09-20 06:12:29] [32mINFO[0m:     Uvicorn running on [1mhttp://127.0.0.1:23881[0m (Press CTRL+C to quit)
[2026-09-20 06:12:29] [32mINFO[0m:     127.0.0.1:43882 - "[1mGET /health HTTP/1.1[0m" [32m200 OK[0m
[2026-09-20 06:12:29] [32mINFO[0m:     127.0.0.1:43894 - "WebSocket /v1/realtime_video/generate" [accepted]
[2026-09-20 06:12:29] [32mINFO[0m:     connection open
[09-20 06:12:29] Adjusting number of frames from 21 to 21 based on model
[09-20 06:12:29] Sampling params:
                       width: 832
                      height: 480
                  num_frames: 21
                         fps: 16
                      prompt: <redacted, len=62>
                  neg_prompt: None
                        seed: 41
                 infer_steps: 4
      num_outputs_per_prompt: 1
              guidance_scale: 1.0
     embedded_guidance_scale: 6.0
                    n_tokens: None
                  flow_shift: 5.0
                  image_path: inputs/uploads/e97105c4c05b40c686106798067ff4a9_first_frame
                 save_output: False
            output_file_path: outputs/e97105c4c05b40c686106798067ff4a9_cbb5952252684811a056937cb11ff867.mp4
        
[09-20 06:12:29] Running pipeline stages: ['RealtimeInputValidationStage', 'RealtimeTextEncodingStage', 'AuxiliaryConditionEncodingStage', 'RealtimeImageVAEEncodingStage', 'DMDTimestepPreparationStage', 'RealtimeChunkLatentPreparationStage', 'LingBotWorldCausalDMDDenoisingStage', 'CausalVaeDecodingStage']
[09-20 06:12:29] [RealtimeInputValidationStage] started...
[09-20 06:12:29] [RealtimeInputValidationStage] finished in 0.0456 seconds
[09-20 06:12:29] [RealtimeTextEncodingStage] started...
[09-20 06:12:32] [RealtimeTextEncodingStage] finished in 2.0649 seconds
[09-20 06:12:37] [AuxiliaryConditionEncodingStage] started...
[09-20 06:12:37] [AuxiliaryConditionEncodingStage] finished in 0.0560 seconds
[09-20 06:12:37] [RealtimeImageVAEEncodingStage] started...
[09-20 06:12:38] [RealtimeImageVAEEncodingStage] finished in 1.0130 seconds
[09-20 06:12:38] [DMDTimestepPreparationStage] started...
[09-20 06:12:38] [DMDTimestepPreparationStage] finished in 0.0004 seconds
[09-20 06:12:38] [RealtimeChunkLatentPreparationStage] started...
[09-20 06:12:38] [RealtimeChunkLatentPreparationStage] finished in 0.0021 seconds
[09-20 06:12:38] [LingBotWorldCausalDMDDenoisingStage] started...
[09-20 06:12:41] [LingBotWorldCausalDMDDenoisingStage] finished in 3.1890 seconds
[09-20 06:12:41] [CausalVaeDecodingStage] started...
[09-20 06:12:42] [CausalVaeDecodingStage] finished in 0.2868 seconds
[09-20 06:12:42] realtime raw RGB frame batch timing: request_id=e97105c4c05b40c686106798067ff4a9_cbb5952252684811a056937cb11ff867 chunk_idx=0 sample_to_frames=3.94ms frames_to_bytes=6.17ms total=10.14ms batches=1 frames=9 frame_shape=(480, 832, 3) raw_bytes=10782720 content_type=application/x-raw-rgb
[09-20 06:12:42] Pixel data generated successfully in [92m12.36[0;0m seconds
[09-20 06:12:42] Peak memory usage: 82744.00 MB
[09-20 06:12:42] Adjusting number of frames from 21 to 21 based on model
[09-20 06:12:42] Sampling params:
                       width: 832
                      height: 480
                  num_frames: 21
                         fps: 16
                      prompt: <redacted, len=62>
                  neg_prompt: None
                        seed: 41
                 infer_steps: 4
      num_outputs_per_prompt: 1
              guidance_scale: 1.0
     embedded_guidance_scale: 6.0
                    n_tokens: None
                  flow_shift: 5.0
                  image_path: inputs/uploads/e97105c4c05b40c686106798067ff4a9_first_frame
                 save_output: False
            output_file_path: outputs/e97105c4c05b40c686106798067ff4a9_a260622465da488aa5422e07b65ed6c5.mp4
        
[09-20 06:12:42] Running pipeline stages: ['RealtimeInputValidationStage', 'RealtimeTextEncodingStage', 'AuxiliaryConditionEncodingStage', 'RealtimeImageVAEEncodingStage', 'DMDTimestepPreparationStage', 'RealtimeChunkLatentPreparationStage', 'LingBotWorldCausalDMDDenoisingStage', 'CausalVaeDecodingStage']
[09-20 06:12:42] [RealtimeInputValidationStage] started...
[09-20 06:12:42] [RealtimeInputValidationStage] finished in 0.0001 seconds
[09-20 06:12:42] [RealtimeTextEncodingStage] started...
[09-20 06:12:42] [RealtimeTextEncodingStage] finished in 0.0000 seconds
[09-20 06:12:42] [AuxiliaryConditionEncodingStage] started...
[09-20 06:12:42] [AuxiliaryConditionEncodingStage] finished in 0.0021 seconds
[09-20 06:12:42] [RealtimeImageVAEEncodingStage] started...
[09-20 06:12:42] [RealtimeImageVAEEncodingStage] finished in 0.0000 seconds
[09-20 06:12:42] [DMDTimestepPreparationStage] started...
[09-20 06:12:42] [DMDTimestepPreparationStage] finished in 0.0002 seconds
[09-20 06:12:42] [RealtimeChunkLatentPreparationStage] started...
[09-20 06:12:42] [RealtimeChunkLatentPreparationStage] finished in 0.0001 seconds
[09-20 06:12:42] [LingBotWorldCausalDMDDenoisingStage] started...
[09-20 06:12:42] realtime chunk timing: session_id=e97105c4c05b40c686106798067ff4a9 request_id=e97105c4c05b40c686106798067ff4a9_cbb5952252684811a056937cb11ff867 chunk_idx=0 event_id=None condition_kinds=['camera_actions'] request_prepare=2.06ms scheduler_forward=12358.28ms output_pace=0.00ms header_pack=0.02ms header_write=0.06ms raw_payload_build=2.47ms raw_write=4.50ms ws_write=4.56ms chunk_total=12368.56ms batches=1 frames=9 frame_shape=(480, 832, 3) raw_bytes=10782720 ws_payload_bytes=10783051 content_type=application/x-raw-rgb
[09-20 06:12:43] [LingBotWorldCausalDMDDenoisingStage] finished in 1.5131 seconds
[09-20 06:12:43] [CausalVaeDecodingStage] started...
[09-20 06:12:44] [CausalVaeDecodingStage] finished in 0.3507 seconds
[09-20 06:12:44] realtime raw RGB frame batch timing: request_id=e97105c4c05b40c686106798067ff4a9_a260622465da488aa5422e07b65ed6c5 chunk_idx=1 sample_to_frames=1.92ms frames_to_bytes=2.67ms total=4.61ms batches=1 frames=12 frame_shape=(480, 832, 3) raw_bytes=14376960 content_type=application/x-raw-rgb
[09-20 06:12:44] Pixel data generated successfully in [92m1.90[0;0m seconds
[09-20 06:12:44] Peak memory usage: 82744.00 MB
[09-20 06:12:44] realtime chunk timing: session_id=e97105c4c05b40c686106798067ff4a9 request_id=e97105c4c05b40c686106798067ff4a9_a260622465da488aa5422e07b65ed6c5 chunk_idx=1 event_id=None condition_kinds=['camera_actions'] request_prepare=0.53ms scheduler_forward=1903.80ms output_pace=0.00ms header_pack=0.02ms header_write=0.03ms raw_payload_build=2.95ms raw_write=5.36ms ws_write=5.39ms chunk_total=1912.89ms batches=1 frames=12 frame_shape=(480, 832, 3) raw_bytes=14376960 ws_payload_bytes=14377291 content_type=application/x-raw-rgb
[09-20 06:12:44] generation reached max chunks, session_id=e97105c4c05b40c686106798067ff4a9, max_chunks=2
[09-20 06:12:44] terminating session, session_id=e97105c4c05b40c686106798067ff4a9
[09-20 06:12:44] Realtime session release: session_id=e97105c4c05b40c686106798067ff4a9 released=True
[2026-09-20 06:12:45] [32mINFO[0m:     127.0.0.1:44318 - "WebSocket /v1/realtime_video/generate" [accepted]
[2026-09-20 06:12:45] [32mINFO[0m:     connection open
[09-20 06:12:45] Adjusting number of frames from 21 to 21 based on model
[09-20 06:12:45] Sampling params:
                       width: 832
                      height: 480
                  num_frames: 21
                         fps: 16
                      prompt: <redacted, len=62>
                  neg_prompt: None
                        seed: 42
                 infer_steps: 4
      num_outputs_per_prompt: 1
              guidance_scale: 1.0
     embedded_guidance_scale: 6.0
                    n_tokens: None
                  flow_shift: 5.0
                  image_path: inputs/uploads/2f4f414f772846d0b43d1c0919cd6739_first_frame
                 save_output: False
            output_file_path: outputs/2f4f414f772846d0b43d1c0919cd6739_aedf84ae9d1e4b589ada0a34b1c6f18b.mp4
        
[09-20 06:12:45] Running pipeline stages: ['RealtimeInputValidationStage', 'RealtimeTextEncodingStage', 'AuxiliaryConditionEncodingStage', 'RealtimeImageVAEEncodingStage', 'DMDTimestepPreparationStage', 'RealtimeChunkLatentPreparationStage', 'LingBotWorldCausalDMDDenoisingStage', 'CausalVaeDecodingStage']
[09-20 06:12:45] [RealtimeInputValidationStage] started...
[09-20 06:12:45] [RealtimeInputValidationStage] finished in 0.0392 seconds
[09-20 06:12:45] [RealtimeTextEncodingStage] started...
[09-20 06:12:45] [RealtimeTextEncodingStage] finished in 0.2394 seconds
[09-20 06:12:45] [AuxiliaryConditionEncodingStage] started...
[09-20 06:12:45] [AuxiliaryConditionEncodingStage] finished in 0.0019 seconds
[09-20 06:12:45] [RealtimeImageVAEEncodingStage] started...
[09-20 06:12:46] [RealtimeImageVAEEncodingStage] finished in 0.3772 seconds
[09-20 06:12:46] [DMDTimestepPreparationStage] started...
[09-20 06:12:46] [DMDTimestepPreparationStage] finished in 0.0002 seconds
[09-20 06:12:46] [RealtimeChunkLatentPreparationStage] started...
[09-20 06:12:46] [RealtimeChunkLatentPreparationStage] finished in 0.0001 seconds
[09-20 06:12:46] [LingBotWorldCausalDMDDenoisingStage] started...
[09-20 06:12:47] [LingBotWorldCausalDMDDenoisingStage] finished in 1.4022 seconds
[09-20 06:12:47] [CausalVaeDecodingStage] started...
[09-20 06:12:47] [CausalVaeDecodingStage] finished in 0.2707 seconds
[09-20 06:12:47] realtime raw RGB frame batch timing: request_id=2f4f414f772846d0b43d1c0919cd6739_aedf84ae9d1e4b589ada0a34b1c6f18b chunk_idx=0 sample_to_frames=1.74ms frames_to_bytes=4.13ms total=5.90ms batches=1 frames=9 frame_shape=(480, 832, 3) raw_bytes=10782720 content_type=application/x-raw-rgb
[09-20 06:12:47] Pixel data generated successfully in [92m2.58[0;0m seconds
[09-20 06:12:47] Peak memory usage: 82744.00 MB
[09-20 06:12:47] Adjusting number of frames from 21 to 21 based on model
[09-20 06:12:47] Sampling params:
                       width: 832
                      height: 480
                  num_frames: 21
                         fps: 16
                      prompt: <redacted, len=62>
                  neg_prompt: None
                        seed: 42
                 infer_steps: 4
      num_outputs_per_prompt: 1
              guidance_scale: 1.0
     embedded_guidance_scale: 6.0
                    n_tokens: None
                  flow_shift: 5.0
                  image_path: inputs/uploads/2f4f414f772846d0b43d1c0919cd6739_first_frame
                 save_output: False
            output_file_path: outputs/2f4f414f772846d0b43d1c0919cd6739_76f93696206b4920bcfbc60c8948c8a8.mp4
        
[09-20 06:12:47] Running pipeline stages: ['RealtimeInputValidationStage', 'RealtimeTextEncodingStage', 'AuxiliaryConditionEncodingStage', 'RealtimeImageVAEEncodingStage', 'DMDTimestepPreparationStage', 'RealtimeChunkLatentPreparationStage', 'LingBotWorldCausalDMDDenoisingStage', 'CausalVaeDecodingStage']
[09-20 06:12:47] [RealtimeInputValidationStage] started...
[09-20 06:12:47] [RealtimeInputValidationStage] finished in 0.0001 seconds
[09-20 06:12:47] [RealtimeTextEncodingStage] started...
[09-20 06:12:47] [RealtimeTextEncodingStage] finished in 0.0000 seconds
[09-20 06:12:47] [AuxiliaryConditionEncodingStage] started...
[09-20 06:12:47] [AuxiliaryConditionEncodingStage] finished in 0.0020 seconds
[09-20 06:12:47] [RealtimeImageVAEEncodingStage] started...
[09-20 06:12:47] [RealtimeImageVAEEncodingStage] finished in 0.0000 seconds
[09-20 06:12:47] [DMDTimestepPreparationStage] started...
[09-20 06:12:47] [DMDTimestepPreparationStage] finished in 0.0005 seconds
[09-20 06:12:47] realtime chunk timing: session_id=2f4f414f772846d0b43d1c0919cd6739 request_id=2f4f414f772846d0b43d1c0919cd6739_aedf84ae9d1e4b589ada0a34b1c6f18b chunk_idx=0 event_id=None condition_kinds=['camera_actions'] request_prepare=0.65ms scheduler_forward=2577.46ms output_pace=0.00ms header_pack=0.01ms header_write=0.04ms raw_payload_build=1.05ms raw_write=4.73ms ws_write=4.77ms chunk_total=2584.80ms batches=1 frames=9 frame_shape=(480, 832, 3) raw_bytes=10782720 ws_payload_bytes=10783051 content_type=application/x-raw-rgb
[09-20 06:12:47] [RealtimeChunkLatentPreparationStage] started...
[09-20 06:12:47] [RealtimeChunkLatentPreparationStage] finished in 0.0003 seconds
[09-20 06:12:47] [LingBotWorldCausalDMDDenoisingStage] started...
[09-20 06:12:49] [LingBotWorldCausalDMDDenoisingStage] finished in 1.5259 seconds
[09-20 06:12:49] [CausalVaeDecodingStage] started...
[09-20 06:12:49] [CausalVaeDecodingStage] finished in 0.3481 seconds
[09-20 06:12:49] realtime raw RGB frame batch timing: request_id=2f4f414f772846d0b43d1c0919cd6739_76f93696206b4920bcfbc60c8948c8a8 chunk_idx=1 sample_to_frames=1.27ms frames_to_bytes=2.08ms total=3.38ms batches=1 frames=12 frame_shape=(480, 832, 3) raw_bytes=14376960 content_type=application/x-raw-rgb
[09-20 06:12:49] Pixel data generated successfully in [92m1.90[0;0m seconds
[09-20 06:12:49] Peak memory usage: 82744.00 MB
[09-20 06:12:49] Adjusting number of frames from 21 to 21 based on model
[09-20 06:12:49] Sampling params:
                       width: 832
                      height: 480
                  num_frames: 21
                         fps: 16
                      prompt: <redacted, len=62>
                  neg_prompt: None
                        seed: 42
                 infer_steps: 4
      num_outputs_per_prompt: 1
              guidance_scale: 1.0
     embedded_guidance_scale: 6.0
                    n_tokens: None
                  flow_shift: 5.0
                  image_path: inputs/uploads/2f4f414f772846d0b43d1c0919cd6739_first_frame
                 save_output: False
            output_file_path: outputs/2f4f414f772846d0b43d1c0919cd6739_14c9c594e5bd41ebb1f967e59991def2.mp4
        
[09-20 06:12:49] Running pipeline stages: ['RealtimeInputValidationStage', 'RealtimeTextEncodingStage', 'AuxiliaryConditionEncodingStage', 'RealtimeImageVAEEncodingStage', 'DMDTimestepPreparationStage', 'RealtimeChunkLatentPreparationStage', 'LingBotWorldCausalDMDDenoisingStage', 'CausalVaeDecodingStage']
[09-20 06:12:49] [RealtimeInputValidationStage] started...
[09-20 06:12:49] [RealtimeInputValidationStage] finished in 0.0001 seconds
[09-20 06:12:49] [RealtimeTextEncodingStage] started...
[09-20 06:12:49] [RealtimeTextEncodingStage] finished in 0.0000 seconds
[09-20 06:12:49] [AuxiliaryConditionEncodingStage] started...
[09-20 06:12:49] [AuxiliaryConditionEncodingStage] finished in 0.0020 seconds
[09-20 06:12:49] [RealtimeImageVAEEncodingStage] started...
[09-20 06:12:49] [RealtimeImageVAEEncodingStage] finished in 0.0000 seconds
[09-20 06:12:49] [DMDTimestepPreparationStage] started...
[09-20 06:12:49] [DMDTimestepPreparationStage] finished in 0.0004 seconds
[09-20 06:12:49] realtime chunk timing: session_id=2f4f414f772846d0b43d1c0919cd6739 request_id=2f4f414f772846d0b43d1c0919cd6739_76f93696206b4920bcfbc60c8948c8a8 chunk_idx=1 event_id=None condition_kinds=['camera_actions'] request_prepare=0.47ms scheduler_forward=1905.20ms output_pace=0.00ms header_pack=0.01ms header_write=0.04ms raw_payload_build=1.61ms raw_write=4.52ms ws_write=4.56ms chunk_total=1912.73ms batches=1 frames=12 frame_shape=(480, 832, 3) raw_bytes=14376960 ws_payload_bytes=14377291 content_type=application/x-raw-rgb
[09-20 06:12:49] [RealtimeChunkLatentPreparationStage] started...
[09-20 06:12:49] [RealtimeChunkLatentPreparationStage] finished in 0.0002 seconds
[09-20 06:12:49] [LingBotWorldCausalDMDDenoisingStage] started...
[09-20 06:12:51] [LingBotWorldCausalDMDDenoisingStage] finished in 1.6643 seconds
[09-20 06:12:51] [CausalVaeDecodingStage] started...
[09-20 06:12:51] [CausalVaeDecodingStage] finished in 0.3478 seconds
[09-20 06:12:51] realtime raw RGB frame batch timing: request_id=2f4f414f772846d0b43d1c0919cd6739_14c9c594e5bd41ebb1f967e59991def2 chunk_idx=2 sample_to_frames=1.33ms frames_to_bytes=2.08ms total=3.46ms batches=1 frames=12 frame_shape=(480, 832, 3) raw_bytes=14376960 content_type=application/x-raw-rgb
[09-20 06:12:51] Pixel data generated successfully in [92m2.04[0;0m seconds
[09-20 06:12:51] Peak memory usage: 82744.00 MB
[09-20 06:12:51] Adjusting number of frames from 21 to 21 based on model
[09-20 06:12:51] Sampling params:
                       width: 832
                      height: 480
                  num_frames: 21
                         fps: 16
                      prompt: <redacted, len=62>
                  neg_prompt: None
                        seed: 42
                 infer_steps: 4
      num_outputs_per_prompt: 1
              guidance_scale: 1.0
     embedded_guidance_scale: 6.0
                    n_tokens: None
                  flow_shift: 5.0
                  image_path: inputs/uploads/2f4f414f772846d0b43d1c0919cd6739_first_frame
                 save_output: False
            output_file_path: outputs/2f4f414f772846d0b43d1c0919cd6739_c801ce9feb3041aea379a673df85e91f.mp4
        
[09-20 06:12:51] Running pipeline stages: ['RealtimeInputValidationStage', 'RealtimeTextEncodingStage', 'AuxiliaryConditionEncodingStage', 'RealtimeImageVAEEncodingStage', 'DMDTimestepPreparationStage', 'RealtimeChunkLatentPreparationStage', 'LingBotWorldCausalDMDDenoisingStage', 'CausalVaeDecodingStage']
[09-20 06:12:51] [RealtimeInputValidationStage] started...
[09-20 06:12:51] [RealtimeInputValidationStage] finished in 0.0001 seconds
[09-20 06:12:51] [RealtimeTextEncodingStage] started...
[09-20 06:12:51] [RealtimeTextEncodingStage] finished in 0.0000 seconds
[09-20 06:12:51] [AuxiliaryConditionEncodingStage] started...
[09-20 06:12:51] [AuxiliaryConditionEncodingStage] finished in 0.0030 seconds
[09-20 06:12:51] [RealtimeImageVAEEncodingStage] started...
[09-20 06:12:51] [RealtimeImageVAEEncodingStage] finished in 0.0000 seconds
[09-20 06:12:51] realtime chunk timing: session_id=2f4f414f772846d0b43d1c0919cd6739 request_id=2f4f414f772846d0b43d1c0919cd6739_14c9c594e5bd41ebb1f967e59991def2 chunk_idx=2 event_id=None condition_kinds=['camera_actions'] request_prepare=0.47ms scheduler_forward=2042.40ms output_pace=0.00ms header_pack=0.01ms header_write=0.04ms raw_payload_build=1.52ms raw_write=4.84ms ws_write=4.87ms chunk_total=2050.15ms batches=1 frames=12 frame_shape=(480, 832, 3) raw_bytes=14376960 ws_payload_bytes=14377291 content_type=application/x-raw-rgb
[09-20 06:12:51] [DMDTimestepPreparationStage] started...
[09-20 06:12:51] [DMDTimestepPreparationStage] finished in 0.0005 seconds
[09-20 06:12:51] [RealtimeChunkLatentPreparationStage] started...
[09-20 06:12:51] [RealtimeChunkLatentPreparationStage] finished in 0.0002 seconds
[09-20 06:12:51] [LingBotWorldCausalDMDDenoisingStage] started...
[09-20 06:12:53] [LingBotWorldCausalDMDDenoisingStage] finished in 1.8041 seconds
[09-20 06:12:53] [CausalVaeDecodingStage] started...
[09-20 06:12:53] [CausalVaeDecodingStage] finished in 0.3487 seconds
[09-20 06:12:53] realtime raw RGB frame batch timing: request_id=2f4f414f772846d0b43d1c0919cd6739_c801ce9feb3041aea379a673df85e91f chunk_idx=3 sample_to_frames=1.29ms frames_to_bytes=2.08ms total=3.40ms batches=1 frames=12 frame_shape=(480, 832, 3) raw_bytes=14376960 content_type=application/x-raw-rgb
[09-20 06:12:53] Pixel data generated successfully in [92m2.18[0;0m seconds
[09-20 06:12:53] Peak memory usage: 82744.00 MB
[09-20 06:12:53] Adjusting number of frames from 21 to 21 based on model
[09-20 06:12:53] Sampling params:
                       width: 832
                      height: 480
                  num_frames: 21
                         fps: 16
                      prompt: <redacted, len=62>
                  neg_prompt: None
                        seed: 42
                 infer_steps: 4
      num_outputs_per_prompt: 1
              guidance_scale: 1.0
     embedded_guidance_scale: 6.0
                    n_tokens: None
                  flow_shift: 5.0
                  image_path: inputs/uploads/2f4f414f772846d0b43d1c0919cd6739_first_frame
                 save_output: False
            output_file_path: outputs/2f4f414f772846d0b43d1c0919cd6739_af7b7c5096644bfab6736539f4d64b6d.mp4
        
[09-20 06:12:53] Running pipeline stages: ['RealtimeInputValidationStage', 'RealtimeTextEncodingStage', 'AuxiliaryConditionEncodingStage', 'RealtimeImageVAEEncodingStage', 'DMDTimestepPreparationStage', 'RealtimeChunkLatentPreparationStage', 'LingBotWorldCausalDMDDenoisingStage', 'CausalVaeDecodingStage']
[09-20 06:12:53] [RealtimeInputValidationStage] started...
[09-20 06:12:53] [RealtimeInputValidationStage] finished in 0.0001 seconds
[09-20 06:12:53] [RealtimeTextEncodingStage] started...
[09-20 06:12:53] [RealtimeTextEncodingStage] finished in 0.0000 seconds
[09-20 06:12:53] [AuxiliaryConditionEncodingStage] started...
[09-20 06:12:53] [AuxiliaryConditionEncodingStage] finished in 0.0033 seconds
[09-20 06:12:53] realtime chunk timing: session_id=2f4f414f772846d0b43d1c0919cd6739 request_id=2f4f414f772846d0b43d1c0919cd6739_c801ce9feb3041aea379a673df85e91f chunk_idx=3 event_id=None condition_kinds=['camera_actions'] request_prepare=0.47ms scheduler_forward=2182.94ms output_pace=0.00ms header_pack=0.01ms header_write=0.03ms raw_payload_build=1.46ms raw_write=4.34ms ws_write=4.37ms chunk_total=2190.11ms batches=1 frames=12 frame_shape=(480, 832, 3) raw_bytes=14376960 ws_payload_bytes=14377291 content_type=application/x-raw-rgb
[09-20 06:12:53] [RealtimeImageVAEEncodingStage] started...
[09-20 06:12:53] [RealtimeImageVAEEncodingStage] finished in 0.0000 seconds
[09-20 06:12:53] [DMDTimestepPreparationStage] started...
[09-20 06:12:53] [DMDTimestepPreparationStage] finished in 0.0004 seconds
[09-20 06:12:53] [RealtimeChunkLatentPreparationStage] started...
[09-20 06:12:53] [RealtimeChunkLatentPreparationStage] finished in 0.0002 seconds
[09-20 06:12:53] [LingBotWorldCausalDMDDenoisingStage] started...
[09-20 06:12:55] [LingBotWorldCausalDMDDenoisingStage] finished in 1.9551 seconds
[09-20 06:12:55] [CausalVaeDecodingStage] started...
[09-20 06:12:56] [CausalVaeDecodingStage] finished in 0.3471 seconds
[09-20 06:12:56] realtime raw RGB frame batch timing: request_id=2f4f414f772846d0b43d1c0919cd6739_af7b7c5096644bfab6736539f4d64b6d chunk_idx=4 sample_to_frames=1.76ms frames_to_bytes=2.57ms total=4.36ms batches=1 frames=12 frame_shape=(480, 832, 3) raw_bytes=14376960 content_type=application/x-raw-rgb
[09-20 06:12:56] Pixel data generated successfully in [92m2.34[0;0m seconds
[09-20 06:12:56] Peak memory usage: 82744.00 MB
[09-20 06:12:56] Adjusting number of frames from 21 to 21 based on model
[09-20 06:12:56] Sampling params:
                       width: 832
                      height: 480
                  num_frames: 21
                         fps: 16
                      prompt: <redacted, len=62>
                  neg_prompt: None
                        seed: 42
                 infer_steps: 4
      num_outputs_per_prompt: 1
              guidance_scale: 1.0
     embedded_guidance_scale: 6.0
                    n_tokens: None
                  flow_shift: 5.0
                  image_path: inputs/uploads/2f4f414f772846d0b43d1c0919cd6739_first_frame
                 save_output: False
            output_file_path: outputs/2f4f414f772846d0b43d1c0919cd6739_1ff5c05b1c17442da79f064a2ef78926.mp4
        
[09-20 06:12:56] Running pipeline stages: ['RealtimeInputValidationStage', 'RealtimeTextEncodingStage', 'AuxiliaryConditionEncodingStage', 'RealtimeImageVAEEncodingStage', 'DMDTimestepPreparationStage', 'RealtimeChunkLatentPreparationStage', 'LingBotWorldCausalDMDDenoisingStage', 'CausalVaeDecodingStage']
[09-20 06:12:56] [RealtimeInputValidationStage] started...
[09-20 06:12:56] [RealtimeInputValidationStage] finished in 0.0001 seconds
[09-20 06:12:56] [RealtimeTextEncodingStage] started...
[09-20 06:12:56] [RealtimeTextEncodingStage] finished in 0.0000 seconds
[09-20 06:12:56] [AuxiliaryConditionEncodingStage] started...
[09-20 06:12:56] [AuxiliaryConditionEncodingStage] finished in 0.0031 seconds
[09-20 06:12:56] [RealtimeImageVAEEncodingStage] started...
[09-20 06:12:56] realtime chunk timing: session_id=2f4f414f772846d0b43d1c0919cd6739 request_id=2f4f414f772846d0b43d1c0919cd6739_af7b7c5096644bfab6736539f4d64b6d chunk_idx=4 event_id=None condition_kinds=['camera_actions'] request_prepare=0.46ms scheduler_forward=2336.14ms output_pace=0.00ms header_pack=0.01ms header_write=0.03ms raw_payload_build=1.44ms raw_write=4.37ms ws_write=4.40ms chunk_total=2343.32ms batches=1 frames=12 frame_shape=(480, 832, 3) raw_bytes=14376960 ws_payload_bytes=14377291 content_type=application/x-raw-rgb
[09-20 06:12:56] [RealtimeImageVAEEncodingStage] finished in 0.0000 seconds
[09-20 06:12:56] [DMDTimestepPreparationStage] started...
[09-20 06:12:56] [DMDTimestepPreparationStage] finished in 0.0004 seconds
[09-20 06:12:56] [RealtimeChunkLatentPreparationStage] started...
[09-20 06:12:56] [RealtimeChunkLatentPreparationStage] finished in 0.0002 seconds
[09-20 06:12:56] [LingBotWorldCausalDMDDenoisingStage] started...
[09-20 06:12:58] [LingBotWorldCausalDMDDenoisingStage] finished in 2.0926 seconds
[09-20 06:12:58] [CausalVaeDecodingStage] started...
[09-20 06:12:58] [CausalVaeDecodingStage] finished in 0.3470 seconds
[09-20 06:12:58] realtime raw RGB frame batch timing: request_id=2f4f414f772846d0b43d1c0919cd6739_1ff5c05b1c17442da79f064a2ef78926 chunk_idx=5 sample_to_frames=1.30ms frames_to_bytes=2.26ms total=3.59ms batches=1 frames=12 frame_shape=(480, 832, 3) raw_bytes=14376960 content_type=application/x-raw-rgb
[09-20 06:12:58] Pixel data generated successfully in [92m2.47[0;0m seconds
[09-20 06:12:58] Peak memory usage: 82744.00 MB
[09-20 06:12:58] Adjusting number of frames from 21 to 21 based on model
[09-20 06:12:58] Sampling params:
                       width: 832
                      height: 480
                  num_frames: 21
                         fps: 16
                      prompt: <redacted, len=62>
                  neg_prompt: None
                        seed: 42
                 infer_steps: 4
      num_outputs_per_prompt: 1
              guidance_scale: 1.0
     embedded_guidance_scale: 6.0
                    n_tokens: None
                  flow_shift: 5.0
                  image_path: inputs/uploads/2f4f414f772846d0b43d1c0919cd6739_first_frame
                 save_output: False
            output_file_path: outputs/2f4f414f772846d0b43d1c0919cd6739_239fa56466604ad686d81f001036b02f.mp4
        
[09-20 06:12:58] Running pipeline stages: ['RealtimeInputValidationStage', 'RealtimeTextEncodingStage', 'AuxiliaryConditionEncodingStage', 'RealtimeImageVAEEncodingStage', 'DMDTimestepPreparationStage', 'RealtimeChunkLatentPreparationStage', 'LingBotWorldCausalDMDDenoisingStage', 'CausalVaeDecodingStage']
[09-20 06:12:58] [RealtimeInputValidationStage] started...
[09-20 06:12:58] [RealtimeInputValidationStage] finished in 0.0001 seconds
[09-20 06:12:58] [RealtimeTextEncodingStage] started...
[09-20 06:12:58] [RealtimeTextEncodingStage] finished in 0.0000 seconds
[09-20 06:12:58] [AuxiliaryConditionEncodingStage] started...
[09-20 06:12:58] realtime chunk timing: session_id=2f4f414f772846d0b43d1c0919cd6739 request_id=2f4f414f772846d0b43d1c0919cd6739_1ff5c05b1c17442da79f064a2ef78926 chunk_idx=5 event_id=None condition_kinds=['camera_actions'] request_prepare=0.46ms scheduler_forward=2467.59ms output_pace=0.00ms header_pack=0.01ms header_write=0.03ms raw_payload_build=1.30ms raw_write=4.28ms ws_write=4.31ms chunk_total=2474.53ms batches=1 frames=12 frame_shape=(480, 832, 3) raw_bytes=14376960 ws_payload_bytes=14377291 content_type=application/x-raw-rgb
[09-20 06:12:58] [AuxiliaryConditionEncodingStage] finished in 0.0039 seconds
[09-20 06:12:58] [RealtimeImageVAEEncodingStage] started...
[09-20 06:12:58] [RealtimeImageVAEEncodingStage] finished in 0.0001 seconds
[09-20 06:12:58] [DMDTimestepPreparationStage] started...
[09-20 06:12:58] [DMDTimestepPreparationStage] finished in 0.0005 seconds
[09-20 06:12:58] [RealtimeChunkLatentPreparationStage] started...
[09-20 06:12:58] [RealtimeChunkLatentPreparationStage] finished in 0.0002 seconds
[09-20 06:12:58] [LingBotWorldCausalDMDDenoisingStage] started...
[09-20 06:13:00] [LingBotWorldCausalDMDDenoisingStage] finished in 2.1078 seconds
[09-20 06:13:00] [CausalVaeDecodingStage] started...
[09-20 06:13:01] [CausalVaeDecodingStage] finished in 0.3475 seconds
[09-20 06:13:01] realtime raw RGB frame batch timing: request_id=2f4f414f772846d0b43d1c0919cd6739_239fa56466604ad686d81f001036b02f chunk_idx=6 sample_to_frames=1.30ms frames_to_bytes=2.14ms total=3.47ms batches=1 frames=12 frame_shape=(480, 832, 3) raw_bytes=14376960 content_type=application/x-raw-rgb
[09-20 06:13:01] Pixel data generated successfully in [92m2.49[0;0m seconds
[09-20 06:13:01] Peak memory usage: 82744.00 MB
[09-20 06:13:01] Adjusting number of frames from 21 to 21 based on model
[09-20 06:13:01] Sampling params:
                       width: 832
                      height: 480
                  num_frames: 21
                         fps: 16
                      prompt: <redacted, len=62>
                  neg_prompt: None
                        seed: 42
                 infer_steps: 4
      num_outputs_per_prompt: 1
              guidance_scale: 1.0
     embedded_guidance_scale: 6.0
                    n_tokens: None
                  flow_shift: 5.0
                  image_path: inputs/uploads/2f4f414f772846d0b43d1c0919cd6739_first_frame
                 save_output: False
            output_file_path: outputs/2f4f414f772846d0b43d1c0919cd6739_b0b1ab7d98fa46f7b29abde6ed37ca49.mp4
        
[09-20 06:13:01] Running pipeline stages: ['RealtimeInputValidationStage', 'RealtimeTextEncodingStage', 'AuxiliaryConditionEncodingStage', 'RealtimeImageVAEEncodingStage', 'DMDTimestepPreparationStage', 'RealtimeChunkLatentPreparationStage', 'LingBotWorldCausalDMDDenoisingStage', 'CausalVaeDecodingStage']
[09-20 06:13:01] [RealtimeInputValidationStage] started...
[09-20 06:13:01] [RealtimeInputValidationStage] finished in 0.0001 seconds
[09-20 06:13:01] [RealtimeTextEncodingStage] started...
[09-20 06:13:01] [RealtimeTextEncodingStage] finished in 0.0000 seconds
[09-20 06:13:01] [AuxiliaryConditionEncodingStage] started...
[09-20 06:13:01] realtime chunk timing: session_id=2f4f414f772846d0b43d1c0919cd6739 request_id=2f4f414f772846d0b43d1c0919cd6739_239fa56466604ad686d81f001036b02f chunk_idx=6 event_id=None condition_kinds=['camera_actions'] request_prepare=0.46ms scheduler_forward=2487.80ms output_pace=0.00ms header_pack=0.01ms header_write=0.04ms raw_payload_build=1.43ms raw_write=4.32ms ws_write=4.36ms chunk_total=2494.93ms batches=1 frames=12 frame_shape=(480, 832, 3) raw_bytes=14376960 ws_payload_bytes=14377291 content_type=application/x-raw-rgb
[09-20 06:13:01] [AuxiliaryConditionEncodingStage] finished in 0.0047 seconds
[09-20 06:13:01] [RealtimeImageVAEEncodingStage] started...
[09-20 06:13:01] [RealtimeImageVAEEncodingStage] finished in 0.0000 seconds
[09-20 06:13:01] [DMDTimestepPreparationStage] started...
[09-20 06:13:01] [DMDTimestepPreparationStage] finished in 0.0004 seconds
[09-20 06:13:01] [RealtimeChunkLatentPreparationStage] started...
[09-20 06:13:01] [RealtimeChunkLatentPreparationStage] finished in 0.0002 seconds
[09-20 06:13:01] [LingBotWorldCausalDMDDenoisingStage] started...
[09-20 06:13:03] [LingBotWorldCausalDMDDenoisingStage] finished in 2.0976 seconds
[09-20 06:13:03] [CausalVaeDecodingStage] started...
[09-20 06:13:03] [CausalVaeDecodingStage] finished in 0.3473 seconds
[09-20 06:13:03] realtime raw RGB frame batch timing: request_id=2f4f414f772846d0b43d1c0919cd6739_b0b1ab7d98fa46f7b29abde6ed37ca49 chunk_idx=7 sample_to_frames=1.30ms frames_to_bytes=2.11ms total=3.44ms batches=1 frames=12 frame_shape=(480, 832, 3) raw_bytes=14376960 content_type=application/x-raw-rgb
[09-20 06:13:03] Pixel data generated successfully in [92m2.48[0;0m seconds
[09-20 06:13:03] Peak memory usage: 82744.00 MB
[09-20 06:13:03] Adjusting number of frames from 21 to 21 based on model
[09-20 06:13:03] Sampling params:
                       width: 832
                      height: 480
                  num_frames: 21
                         fps: 16
                      prompt: <redacted, len=62>
                  neg_prompt: None
                        seed: 42
                 infer_steps: 4
      num_outputs_per_prompt: 1
              guidance_scale: 1.0
     embedded_guidance_scale: 6.0
                    n_tokens: None
                  flow_shift: 5.0
                  image_path: inputs/uploads/2f4f414f772846d0b43d1c0919cd6739_first_frame
                 save_output: False
            output_file_path: outputs/2f4f414f772846d0b43d1c0919cd6739_ab1a9ba315eb4822b2dcc85242657e89.mp4
        
[09-20 06:13:03] Running pipeline stages: ['RealtimeInputValidationStage', 'RealtimeTextEncodingStage', 'AuxiliaryConditionEncodingStage', 'RealtimeImageVAEEncodingStage', 'DMDTimestepPreparationStage', 'RealtimeChunkLatentPreparationStage', 'LingBotWorldCausalDMDDenoisingStage', 'CausalVaeDecodingStage']
[09-20 06:13:03] [RealtimeInputValidationStage] started...
[09-20 06:13:03] [RealtimeInputValidationStage] finished in 0.0001 seconds
[09-20 06:13:03] [RealtimeTextEncodingStage] started...
[09-20 06:13:03] [RealtimeTextEncodingStage] finished in 0.0000 seconds
[09-20 06:13:03] [AuxiliaryConditionEncodingStage] started...
[09-20 06:13:03] [AuxiliaryConditionEncodingStage] finished in 0.0037 seconds
[09-20 06:13:03] realtime chunk timing: session_id=2f4f414f772846d0b43d1c0919cd6739 request_id=2f4f414f772846d0b43d1c0919cd6739_b0b1ab7d98fa46f7b29abde6ed37ca49 chunk_idx=7 event_id=None condition_kinds=['camera_actions'] request_prepare=0.46ms scheduler_forward=2475.94ms output_pace=0.00ms header_pack=0.01ms header_write=0.03ms raw_payload_build=1.42ms raw_write=4.34ms ws_write=4.37ms chunk_total=2483.06ms batches=1 frames=12 frame_shape=(480, 832, 3) raw_bytes=14376960 ws_payload_bytes=14377291 content_type=application/x-raw-rgb
[09-20 06:13:03] [RealtimeImageVAEEncodingStage] started...
[09-20 06:13:03] [RealtimeImageVAEEncodingStage] finished in 0.0001 seconds
[09-20 06:13:03] [DMDTimestepPreparationStage] started...
[09-20 06:13:03] [DMDTimestepPreparationStage] finished in 0.0007 seconds
[09-20 06:13:03] [RealtimeChunkLatentPreparationStage] started...
[09-20 06:13:03] [RealtimeChunkLatentPreparationStage] finished in 0.0002 seconds
[09-20 06:13:03] [LingBotWorldCausalDMDDenoisingStage] started...
[09-20 06:13:05] [LingBotWorldCausalDMDDenoisingStage] finished in 2.0993 seconds
[09-20 06:13:05] [CausalVaeDecodingStage] started...
[09-20 06:13:06] [CausalVaeDecodingStage] finished in 0.3470 seconds
[09-20 06:13:06] realtime raw RGB frame batch timing: request_id=2f4f414f772846d0b43d1c0919cd6739_ab1a9ba315eb4822b2dcc85242657e89 chunk_idx=8 sample_to_frames=1.30ms frames_to_bytes=2.61ms total=3.94ms batches=1 frames=12 frame_shape=(480, 832, 3) raw_bytes=14376960 content_type=application/x-raw-rgb
[09-20 06:13:06] Pixel data generated successfully in [92m2.48[0;0m seconds
[09-20 06:13:06] Peak memory usage: 82744.00 MB
[09-20 06:13:06] Adjusting number of frames from 21 to 21 based on model
[09-20 06:13:06] Sampling params:
                       width: 832
                      height: 480
                  num_frames: 21
                         fps: 16
                      prompt: <redacted, len=62>
                  neg_prompt: None
                        seed: 42
                 infer_steps: 4
      num_outputs_per_prompt: 1
              guidance_scale: 1.0
     embedded_guidance_scale: 6.0
                    n_tokens: None
                  flow_shift: 5.0
                  image_path: inputs/uploads/2f4f414f772846d0b43d1c0919cd6739_first_frame
                 save_output: False
            output_file_path: outputs/2f4f414f772846d0b43d1c0919cd6739_864c74ecf0d648bb83e0cbc10f62847b.mp4
        
[09-20 06:13:06] Running pipeline stages: ['RealtimeInputValidationStage', 'RealtimeTextEncodingStage', 'AuxiliaryConditionEncodingStage', 'RealtimeImageVAEEncodingStage', 'DMDTimestepPreparationStage', 'RealtimeChunkLatentPreparationStage', 'LingBotWorldCausalDMDDenoisingStage', 'CausalVaeDecodingStage']
[09-20 06:13:06] [RealtimeInputValidationStage] started...
[09-20 06:13:06] [RealtimeInputValidationStage] finished in 0.0001 seconds
[09-20 06:13:06] [RealtimeTextEncodingStage] started...
[09-20 06:13:06] [RealtimeTextEncodingStage] finished in 0.0000 seconds
[09-20 06:13:06] [AuxiliaryConditionEncodingStage] started...
[09-20 06:13:06] realtime chunk timing: session_id=2f4f414f772846d0b43d1c0919cd6739 request_id=2f4f414f772846d0b43d1c0919cd6739_ab1a9ba315eb4822b2dcc85242657e89 chunk_idx=8 event_id=None condition_kinds=['camera_actions'] request_prepare=0.45ms scheduler_forward=2478.06ms output_pace=0.00ms header_pack=0.01ms header_write=0.03ms raw_payload_build=1.43ms raw_write=4.33ms ws_write=4.36ms chunk_total=2485.16ms batches=1 frames=12 frame_shape=(480, 832, 3) raw_bytes=14376960 ws_payload_bytes=14377291 content_type=application/x-raw-rgb
[09-20 06:13:06] [AuxiliaryConditionEncodingStage] finished in 0.0053 seconds
[09-20 06:13:06] [RealtimeImageVAEEncodingStage] started...
[09-20 06:13:06] [RealtimeImageVAEEncodingStage] finished in 0.0000 seconds
[09-20 06:13:06] [DMDTimestepPreparationStage] started...
[09-20 06:13:06] [DMDTimestepPreparationStage] finished in 0.0004 seconds
[09-20 06:13:06] [RealtimeChunkLatentPreparationStage] started...
[09-20 06:13:06] [RealtimeChunkLatentPreparationStage] finished in 0.0002 seconds
[09-20 06:13:06] [LingBotWorldCausalDMDDenoisingStage] started...
[09-20 06:13:08] [LingBotWorldCausalDMDDenoisingStage] finished in 2.0967 seconds
[09-20 06:13:08] [CausalVaeDecodingStage] started...
[09-20 06:13:08] [CausalVaeDecodingStage] finished in 0.3463 seconds
[09-20 06:13:08] realtime raw RGB frame batch timing: request_id=2f4f414f772846d0b43d1c0919cd6739_864c74ecf0d648bb83e0cbc10f62847b chunk_idx=9 sample_to_frames=1.32ms frames_to_bytes=2.42ms total=3.77ms batches=1 frames=12 frame_shape=(480, 832, 3) raw_bytes=14376960 content_type=application/x-raw-rgb
[09-20 06:13:08] Pixel data generated successfully in [92m2.48[0;0m seconds
[09-20 06:13:08] Peak memory usage: 82744.00 MB
[09-20 06:13:08] realtime chunk timing: session_id=2f4f414f772846d0b43d1c0919cd6739 request_id=2f4f414f772846d0b43d1c0919cd6739_864c74ecf0d648bb83e0cbc10f62847b chunk_idx=9 event_id=None condition_kinds=['camera_actions'] request_prepare=0.45ms scheduler_forward=2476.97ms output_pace=0.00ms header_pack=0.01ms header_write=0.03ms raw_payload_build=1.42ms raw_write=4.25ms ws_write=4.28ms chunk_total=2483.19ms batches=1 frames=12 frame_shape=(480, 832, 3) raw_bytes=14376960 ws_payload_bytes=14377291 content_type=application/x-raw-rgb
[09-20 06:13:08] generation reached max chunks, session_id=2f4f414f772846d0b43d1c0919cd6739, max_chunks=10
[09-20 06:13:08] terminating session, session_id=2f4f414f772846d0b43d1c0919cd6739
[09-20 06:13:08] Realtime session release: session_id=2f4f414f772846d0b43d1c0919cd6739 released=True
[2026-09-20 06:13:10] [32mINFO[0m:     Shutting down
[2026-09-20 06:13:10] [32mINFO[0m:     Waiting for application shutdown.
[09-20 06:13:10] FastAPI app is shutting down...
[2026-09-20 06:13:10] [32mINFO[0m:     Application shutdown complete.
[2026-09-20 06:13:10] [32mINFO[0m:     Finished server process [[36m116786[0m]
/usr/lib/python3.12/multiprocessing/resource_tracker.py:254: UserWarning: resource_tracker: There appear to be 1 leaked semaphore objects to clean up at shutdown
  warnings.warn('resource_tracker: There appear to be %d '
