{
  "candidate": "be05e7e6c24252db11458621f2d06f3969be08d1",
  "previous_candidate": "a98b0875c44fee1b3e40a6b46e8d1d4950616dc7",
  "groups": {
    "t2v-r1": {
      "rows": [
        {
          "label": "t2v-norm-r1-a1",
          "arm": "a1",
          "source": "993d1fccbaafe3e79d91567d2fc1d665cc94fa50",
          "worker_s": 2.3957815879839472,
          "client_s": 2.69,
          "denoise_s": 0.5853119960520416,
          "peak_gib": 59.642578125
        },
        {
          "label": "t2v-norm-r1-b1",
          "arm": "b1",
          "source": "a98b0875c44fee1b3e40a6b46e8d1d4950616dc7",
          "worker_s": 2.2457202809746377,
          "client_s": 5.93,
          "denoise_s": 0.580392292002216,
          "peak_gib": 61.01953125
        },
        {
          "label": "t2v-norm-r1-b2",
          "arm": "b2",
          "source": "a98b0875c44fee1b3e40a6b46e8d1d4950616dc7",
          "worker_s": 2.2472418940160424,
          "client_s": 2.54,
          "denoise_s": 0.5822802610346116,
          "peak_gib": 61.01953125
        },
        {
          "label": "t2v-norm-r1-a2",
          "arm": "a2",
          "source": "993d1fccbaafe3e79d91567d2fc1d665cc94fa50",
          "worker_s": 2.389296868990641,
          "client_s": 2.69,
          "denoise_s": 0.5811145149637014,
          "peak_gib": 59.642578125
        }
      ],
      "means": {
        "worker_s": {
          "baseline": 2.392539228487294,
          "candidate": 2.24648108749534,
          "reduction_pct": 6.10473338338117
        },
        "client_s": {
          "baseline": 2.69,
          "candidate": 4.234999999999999,
          "reduction_pct": -57.434944237918195
        },
        "denoise_s": {
          "baseline": 0.5832132555078715,
          "candidate": 0.5813362765184138,
          "reduction_pct": 0.3218340755686714
        }
      },
      "qualified": false
    },
    "t2v-r2": {
      "rows": [
        {
          "label": "t2v-norm-r2-a1",
          "arm": "a1",
          "source": "993d1fccbaafe3e79d91567d2fc1d665cc94fa50",
          "worker_s": 2.392743717005942,
          "client_s": 2.71,
          "denoise_s": 0.5824434550013393,
          "peak_gib": 59.642578125
        },
        {
          "label": "t2v-norm-r2-b1",
          "arm": "b1",
          "source": "a98b0875c44fee1b3e40a6b46e8d1d4950616dc7",
          "worker_s": 2.2612768500111997,
          "client_s": 2.57,
          "denoise_s": 0.5838093860074878,
          "peak_gib": 61.01953125
        },
        {
          "label": "t2v-norm-r2-b2",
          "arm": "b2",
          "source": "a98b0875c44fee1b3e40a6b46e8d1d4950616dc7",
          "worker_s": 2.261791621975135,
          "client_s": 2.56,
          "denoise_s": 0.5848315100301988,
          "peak_gib": 61.01953125
        },
        {
          "label": "t2v-norm-r2-a2",
          "arm": "a2",
          "source": "993d1fccbaafe3e79d91567d2fc1d665cc94fa50",
          "worker_s": 2.3884606980136596,
          "client_s": 2.68,
          "denoise_s": 0.5829738939646631,
          "peak_gib": 59.642578125
        }
      ],
      "means": {
        "worker_s": {
          "baseline": 2.390602207509801,
          "candidate": 2.2615342359931674,
          "reduction_pct": 5.398973158779042
        },
        "client_s": {
          "baseline": 2.6950000000000003,
          "candidate": 2.565,
          "reduction_pct": 4.82374768089055
        },
        "denoise_s": {
          "baseline": 0.5827086744830012,
          "candidate": 0.5843204480188433,
          "reduction_pct": -0.27660023034187636
        }
      },
      "qualified": true
    },
    "t2v-r3": {
      "rows": [
        {
          "label": "t2v-norm-r3-a1",
          "arm": "a1",
          "source": "993d1fccbaafe3e79d91567d2fc1d665cc94fa50",
          "worker_s": 2.3965072879800573,
          "client_s": 2.7,
          "denoise_s": 0.586651181045454,
          "peak_gib": 59.642578125
        },
        {
          "label": "t2v-norm-r3-b1",
          "arm": "b1",
          "source": "be05e7e6c24252db11458621f2d06f3969be08d1",
          "worker_s": 2.2828926669899374,
          "client_s": 2.57,
          "denoise_s": 0.5873078139848076,
          "peak_gib": 61.01953125
        },
        {
          "label": "t2v-norm-r3-b2",
          "arm": "b2",
          "source": "be05e7e6c24252db11458621f2d06f3969be08d1",
          "worker_s": 2.27356141700875,
          "client_s": 2.59,
          "denoise_s": 0.5838485010317527,
          "peak_gib": 61.01953125
        },
        {
          "label": "t2v-norm-r3-a2",
          "arm": "a2",
          "source": "993d1fccbaafe3e79d91567d2fc1d665cc94fa50",
          "worker_s": 2.400216935959179,
          "client_s": 2.77,
          "denoise_s": 0.5849429849768057,
          "peak_gib": 59.642578125
        }
      ],
      "means": {
        "worker_s": {
          "baseline": 2.398362111969618,
          "candidate": 2.278227041999344,
          "reduction_pct": 5.009046355873895
        },
        "client_s": {
          "baseline": 2.7350000000000003,
          "candidate": 2.58,
          "reduction_pct": 5.667276051188308
        },
        "denoise_s": {
          "baseline": 0.5857970830111299,
          "candidate": 0.5855781575082801,
          "reduction_pct": 0.03737224189038566
        }
      },
      "qualified": true
    },
    "t2v-r4": {
      "rows": [
        {
          "label": "t2v-norm-r4-a1",
          "arm": "a1",
          "source": "993d1fccbaafe3e79d91567d2fc1d665cc94fa50",
          "worker_s": 2.387546655954793,
          "client_s": 2.68,
          "denoise_s": 0.5835740119800903,
          "peak_gib": 59.642578125
        },
        {
          "label": "t2v-norm-r4-b1",
          "arm": "b1",
          "source": "be05e7e6c24252db11458621f2d06f3969be08d1",
          "worker_s": 2.270115013991017,
          "client_s": 2.57,
          "denoise_s": 0.5796190529945306,
          "peak_gib": 61.01953125
        },
        {
          "label": "t2v-norm-r4-b2",
          "arm": "b2",
          "source": "be05e7e6c24252db11458621f2d06f3969be08d1",
          "worker_s": 2.2707578649860807,
          "client_s": 5.18,
          "denoise_s": 0.5845430479967035,
          "peak_gib": 61.01953125
        },
        {
          "label": "t2v-norm-r4-a2",
          "arm": "a2",
          "source": "993d1fccbaafe3e79d91567d2fc1d665cc94fa50",
          "worker_s": 2.3934474230045453,
          "client_s": 2.69,
          "denoise_s": 0.5860372390015982,
          "peak_gib": 59.642578125
        }
      ],
      "means": {
        "worker_s": {
          "baseline": 2.390497039479669,
          "candidate": 2.270436439488549,
          "reduction_pct": 5.02241157417428
        },
        "client_s": {
          "baseline": 2.685,
          "candidate": 3.875,
          "reduction_pct": -44.320297951582866
        },
        "denoise_s": {
          "baseline": 0.5848056254908442,
          "candidate": 0.5820810504956171,
          "reduction_pct": 0.46589411532085445
        }
      },
      "qualified": false
    },
    "i2v-r1": {
      "rows": [
        {
          "label": "i2v-norm-r1-a1",
          "arm": "a1",
          "source": "993d1fccbaafe3e79d91567d2fc1d665cc94fa50",
          "worker_s": 5.613361400028225,
          "client_s": 6.0,
          "denoise_s": 1.502477561996784,
          "peak_gib": 59.642578125
        },
        {
          "label": "i2v-norm-r1-b1",
          "arm": "b1",
          "source": "a98b0875c44fee1b3e40a6b46e8d1d4950616dc7",
          "worker_s": 5.273721693956759,
          "client_s": 5.66,
          "denoise_s": 1.5001388789969496,
          "peak_gib": 61.021484375
        },
        {
          "label": "i2v-norm-r1-b2",
          "arm": "b2",
          "source": "a98b0875c44fee1b3e40a6b46e8d1d4950616dc7",
          "worker_s": 5.266824344987981,
          "client_s": 5.66,
          "denoise_s": 1.5049309289897792,
          "peak_gib": 61.021484375
        },
        {
          "label": "i2v-norm-r1-a2",
          "arm": "a2",
          "source": "993d1fccbaafe3e79d91567d2fc1d665cc94fa50",
          "worker_s": 5.608889177034143,
          "client_s": 6.0,
          "denoise_s": 1.503031634958461,
          "peak_gib": 59.642578125
        }
      ],
      "means": {
        "worker_s": {
          "baseline": 5.611125288531184,
          "candidate": 5.27027301947237,
          "reduction_pct": 6.074579545666118
        },
        "client_s": {
          "baseline": 6.0,
          "candidate": 5.66,
          "reduction_pct": 5.666666666666664
        },
        "denoise_s": {
          "baseline": 1.5027545984776225,
          "candidate": 1.5025349039933644,
          "reduction_pct": 0.014619451804082572
        }
      },
      "qualified": true
    },
    "i2v-r2": {
      "rows": [
        {
          "label": "i2v-norm-r2-a1",
          "arm": "a1",
          "source": "993d1fccbaafe3e79d91567d2fc1d665cc94fa50",
          "worker_s": 5.6152181160287,
          "client_s": 6.03,
          "denoise_s": 1.5059658350073732,
          "peak_gib": 59.642578125
        },
        {
          "label": "i2v-norm-r2-b1",
          "arm": "b1",
          "source": "a98b0875c44fee1b3e40a6b46e8d1d4950616dc7",
          "worker_s": 5.289627093006857,
          "client_s": 6.01,
          "denoise_s": 1.498375297000166,
          "peak_gib": 61.021484375
        },
        {
          "label": "i2v-norm-r2-b2",
          "arm": "b2",
          "source": "a98b0875c44fee1b3e40a6b46e8d1d4950616dc7",
          "worker_s": 5.277129561000038,
          "client_s": 5.67,
          "denoise_s": 1.5016152060125023,
          "peak_gib": 61.021484375
        },
        {
          "label": "i2v-norm-r2-a2",
          "arm": "a2",
          "source": "993d1fccbaafe3e79d91567d2fc1d665cc94fa50",
          "worker_s": 5.608241822978016,
          "client_s": 5.99,
          "denoise_s": 1.497610472026281,
          "peak_gib": 59.642578125
        }
      ],
      "means": {
        "worker_s": {
          "baseline": 5.611729969503358,
          "candidate": 5.283378327003447,
          "reduction_pct": 5.8511661160519095
        },
        "client_s": {
          "baseline": 6.01,
          "candidate": 5.84,
          "reduction_pct": 2.828618968386022
        },
        "denoise_s": {
          "baseline": 1.5017881535168272,
          "candidate": 1.4999952515063342,
          "reduction_pct": 0.11938448217842408
        }
      },
      "qualified": true
    },
    "i2v-r3": {
      "rows": [
        {
          "label": "i2v-norm-r3-a1",
          "arm": "a1",
          "source": "993d1fccbaafe3e79d91567d2fc1d665cc94fa50",
          "worker_s": 5.593641165003646,
          "client_s": 5.98,
          "denoise_s": 1.4965940660331398,
          "peak_gib": 59.642578125
        },
        {
          "label": "i2v-norm-r3-b1",
          "arm": "b1",
          "source": "be05e7e6c24252db11458621f2d06f3969be08d1",
          "worker_s": 5.284202835988253,
          "client_s": 5.66,
          "denoise_s": 1.5018227190012112,
          "peak_gib": 61.01953125
        },
        {
          "label": "i2v-norm-r3-b2",
          "arm": "b2",
          "source": "be05e7e6c24252db11458621f2d06f3969be08d1",
          "worker_s": 5.291453545971308,
          "client_s": 5.67,
          "denoise_s": 1.4995040020439774,
          "peak_gib": 61.01953125
        },
        {
          "label": "i2v-norm-r3-a2",
          "arm": "a2",
          "source": "993d1fccbaafe3e79d91567d2fc1d665cc94fa50",
          "worker_s": 5.600845689012203,
          "client_s": 5.98,
          "denoise_s": 1.4988085399963893,
          "peak_gib": 59.642578125
        }
      ],
      "means": {
        "worker_s": {
          "baseline": 5.597243427007925,
          "candidate": 5.287828190979781,
          "reduction_pct": 5.52799319992316
        },
        "client_s": {
          "baseline": 5.98,
          "candidate": 5.665,
          "reduction_pct": 5.2675585284281
        },
        "denoise_s": {
          "baseline": 1.4977013030147646,
          "candidate": 1.5006633605225943,
          "reduction_pct": -0.197773581545755
        }
      },
      "qualified": true
    },
    "i2v-r4": {
      "rows": [
        {
          "label": "i2v-norm-r4-a1",
          "arm": "a1",
          "source": "993d1fccbaafe3e79d91567d2fc1d665cc94fa50",
          "worker_s": 5.624164954002481,
          "client_s": 7.08,
          "denoise_s": 1.5042674219585024,
          "peak_gib": 59.642578125
        },
        {
          "label": "i2v-norm-r4-b1",
          "arm": "b1",
          "source": "be05e7e6c24252db11458621f2d06f3969be08d1",
          "worker_s": 5.286134933994617,
          "client_s": 5.77,
          "denoise_s": 1.499168416019529,
          "peak_gib": 61.01953125
        },
        {
          "label": "i2v-norm-r4-b2",
          "arm": "b2",
          "source": "be05e7e6c24252db11458621f2d06f3969be08d1",
          "worker_s": 5.284827220020816,
          "client_s": 5.67,
          "denoise_s": 1.5029475510236807,
          "peak_gib": 61.01953125
        },
        {
          "label": "i2v-norm-r4-a2",
          "arm": "a2",
          "source": "993d1fccbaafe3e79d91567d2fc1d665cc94fa50",
          "worker_s": 5.607660387991928,
          "client_s": 6.0,
          "denoise_s": 1.5032343540224247,
          "peak_gib": 59.642578125
        }
      ],
      "means": {
        "worker_s": {
          "baseline": 5.615912670997204,
          "candidate": 5.2854810770077165,
          "reduction_pct": 5.883844948230183
        },
        "client_s": {
          "baseline": 6.54,
          "candidate": 5.72,
          "reduction_pct": 12.538226299694195
        },
        "denoise_s": {
          "baseline": 1.5037508879904635,
          "candidate": 1.501057983521605,
          "reduction_pct": 0.1790791606751618
        }
      },
      "qualified": true
    }
  },
  "qualified": false,
  "note": "Profile runs excluded from E2E performance. Actual BCG disabled in both configs. Initial probe latencies excluded from repeated A/B. All four fixed ABBA groups are reported, including the first T2V candidate client outlier; the final source must qualify in both r3/r4 groups for each mode."
}
