2026-09-20T07:17:10.5277493Z ======================= 162 passed, 16 warnings in 3.24s =======================
2026-09-20T07:17:13.1546897Z .
2026-09-20T07:17:13.1547521Z .
2026-09-20T07:17:13.1547740Z End (12/49):
2026-09-20T07:17:13.1548273Z filename='/actions-runner/_work/sglang/sglang/test/registered/kernels/ops/diffusion/test_modulate.py', elapsed=10, estimated_time=60.0
2026-09-20T07:17:13.1550296Z .
2026-09-20T07:17:13.1550582Z .
2026-09-20T07:17:13.1554720Z 
2026-09-20T07:17:13.1558364Z .
2026-09-20T07:17:13.1561355Z .
2026-09-20T07:17:13.1564651Z Begin (13/49):
2026-09-20T07:17:13.1566305Z python3 /actions-runner/_work/sglang/sglang/test/registered/kernels/ops/diffusion/test_lingbot_modulation.py
2026-09-20T07:17:13.1566924Z .
2026-09-20T07:17:13.1570954Z .
2026-09-20T07:17:13.1574175Z 
2026-09-20T07:17:19.7539627Z [CI Test Method] TestLingBotModulation.test_affine_norm_and_live_parameters
2026-09-20T07:17:22.0395368Z [CI Test Method] TestLingBotModulation.test_camera_rounding_finite_bf16_and_replay
2026-09-20T07:17:22.1313202Z [CI Test Method] TestLingBotModulation.test_causal_block_forward_and_cache_update
2026-09-20T07:17:23.6935249Z [CI Test Method] TestLingBotModulation.test_fp32_norm_shapes_and_rounding
2026-09-20T07:17:24.5112579Z ...
2026-09-20T07:17:24.5113023Z ======================================================================
2026-09-20T07:17:24.5114373Z FAIL: test_fp32_norm_shapes_and_rounding (__main__.TestLingBotModulation) (shape=(2, 63, 2240), values='random')
2026-09-20T07:17:24.5114850Z ----------------------------------------------------------------------
2026-09-20T07:17:24.5115139Z Traceback (most recent call last):
2026-09-20T07:17:24.5116049Z   File "/actions-runner/_work/sglang/sglang/test/registered/kernels/ops/diffusion/test_lingbot_modulation.py", line 89, in test_fp32_norm_shapes_and_rounding
2026-09-20T07:17:24.5116602Z     self.assert_bits(
2026-09-20T07:17:24.5117029Z   File "/actions-runner/_work/sglang/sglang/test/registered/kernels/ops/diffusion/test_lingbot_modulation.py", line 69, in assert_bits
2026-09-20T07:17:24.5117463Z     self.assertTrue(
2026-09-20T07:17:24.5117656Z AssertionError: False is not true
2026-09-20T07:17:24.5117792Z 
2026-09-20T07:17:24.5117905Z ----------------------------------------------------------------------
2026-09-20T07:17:24.5118165Z Ran 4 tests in 4.807s
2026-09-20T07:17:24.5118266Z 
2026-09-20T07:17:24.5118342Z FAILED (failures=1)
2026-09-20T07:17:25.9420487Z .
