
================================================================
[I2V-BASELINE-PROFILE] longlive2-i2v
  CUDA_VISIBLE_DEVICES=0
  sglang \
  generate \
  --backend=sglang \
  --model-path=Rabinovich/LongLive-2.0-5B-Diffusers \
  --prompt=The cat starts walking slowly towards the camera. \
  --seed=42 \
  --image-path=/campaign/artifacts/input-media/longlive2-cat.png \
  --width=960 \
  --height=928 \
  --num-frames=61 \
  --num-inference-steps=4 \
  --guidance-scale=1.0 \
  --num-gpus=1 \
  --tp-size=1 \
  --enable-torch-compile=false \
  --warmup-resolutions=960x928 \
  --warmup-num-frames=61 \
  --profile \
  --profile-all-stages \
  --quality=lossless \
  --save-output \
  --warmup-mode \
  request \
  --perf-dump-path \
  /campaign/artifacts/longlive2/i2v-baseline-profile/longlive2-i2v_i2v-baseline-profile.json \
  --output-path \
  /campaign/artifacts/longlive2/i2v-baseline-profile \
  --output-file-name \
  longlive2-i2v-i2v-baseline-profile

Flax classes are deprecated and will be removed in Diffusers v1.0.0. We recommend migrating to PyTorch classes or pinning your version of Diffusers.
Flax classes are deprecated and will be removed in Diffusers v1.0.0. We recommend migrating to PyTorch classes or pinning your version of Diffusers.
[09-20 02:03:22] Keeping default layerwise components resident for LongLive2T2VConfig because minimum available memory on selected GPUs is 139.29 GiB: text_encoder, vae
[09-20 02:03:22] Auto memory policy for LongLive2T2VConfig: 139.3 GiB of free device memory selects layerwise offload for image_encoder. Explicit placement flags always win, and the per-component lines below say where each one's weights landed -- see the model's cookbook page for what to expect from your memory budget.
[09-20 02:03:22] Disabling component offload for LongLive2T2VConfig because minimum available memory on selected GPUs is 139.29 GiB: dit_cpu_offload=False, text_encoder_cpu_offload=False
[09-20 02:03:22] server_args: {"model_path": "Rabinovich/LongLive-2.0-5B-Diffusers", "model_subfolder": null, "model_variant": null, "model_id": null, "served_model_name": "Rabinovich/LongLive-2.0-5B-Diffusers", "backend": "sglang", "attention_backend": null, "enable_attention_backend_autotune": false, "attention_backend_config": {}, "component_attention_backends": {}, "cache_dit_config": null, "nccl_port": null, "enable_nccl_nvls": false, "trust_remote_code": false, "revision": null, "num_gpus": 1, "performance_mode": "auto", "base_gpu_id": 0, "gpu_ids": null, "nnodes": 1, "node_rank": 0, "dist_init_addr": null, "tp_size": 1, "sp_degree": 1, "ulysses_degree": 1, "ring_degree": 1, "kv_gather_degree": 1, "sp_split_auto": false, "dp_size": 1, "enable_cfg_parallel": false, "cfg_parallel_degree": 1, "encoder_parallel": "auto", "hsdp_replicate_dim": 1, "hsdp_shard_dim": 1, "dist_timeout": 3600, "scheduler_rpc_timeout": null, "pipeline_class_name": null, "lora_path": null, "lora_nickname": "default", "lora_scale": 1.0, "lora_alpha": null, "lora_merge_mode": "auto", "lora_weight_name": null, "component_paths": {}, "component_weights_paths": {}, "component_direct_gpu_weight_loading": {}, "component_quantizations": {}, "component_precisions": {}, "component_quantization_ignored_layers": {}, "load_diffusion_decoder": false, "transformer_weights_path": null, "minimax_h3_adaln_cache_path": null, "minimax_h3_adaln_online": false, "minimax_h3_adaln_plan_width": 4, "minimax_h3_adaln_host_cache_gb": 8.0, "quantization": null, "quantization_ignored_layers": null, "lora_target_modules": null, "component_residency": null, "cpu_offload_components": null, "dit_cpu_offload": false, "direct_gpu_weight_loading": false, "dit_layerwise_offload": false, "layerwise_offload_components": ["image_encoder"], "dit_offload_prefetch_size": 0.0, "dit_layerwise_resident_layers": 0.0, "dit_layerwise_residency_policy": "leading", "layerwise_prefetch_size": {}, "layerwise_resident_layers": {}, "layerwise_residency_policy": {}, "offload_during_compile": true, "text_encoder_cpu_offload": false, "image_encoder_cpu_offload": false, "vae_cpu_offload": false, "use_fsdp_inference": false, "pin_cpu_memory": true, "ltx2_two_stage_device_mode": null, "comfyui_mode": false, "enable_torch_compile": false, "regional_compile": false, "enable_breakable_cuda_graph": false, "bcg_text_buckets": null, "enable_layerwise_nvtx_marker": false, "warmup_mode": "request", "warmup_resolutions": ["960x928"], "warmup_num_frames": 61, "warmup_steps": 1, "warmup_sampling_params": null, "disable_autocast": false, "master_port": 30005, "host": "127.0.0.1", "port": 30000, "enable_metrics": false, "webui": false, "webui_port": 12312, "scheduler_port": 5651, "scheduler_ports": [5651], "batching_mode": "dynamic", "batching_max_size": 1, "batching_delay_ms": 0.0, "batching_config": null, "enable_batching_metrics": false, "strict_ports": false, "output_path": "/campaign/artifacts/longlive2/i2v-baseline-profile", "input_save_path": "inputs/uploads", "prompt_file_path": null, "model_paths": {}, "model_loaded": {"transformer": true, "vae": true, "video_vae": true, "audio_vae": true, "video_dit": true, "audio_dit": true, "dual_tower_bridge": true}, "boundary_ratio": null, "disagg_role": "monolithic", "disagg_timeout": 3600, "disagg_downstream_wait_timeout": 1800, "disagg_dispatch_policy": "round_robin", "disagg_mode": false, "disagg_instance_id": 0, "disagg_max_slots_per_instance": 8, "disagg_transfer_redundancy": 1.25, "disagg_role_device": "auto", "disagg_transfer_backend": "auto", "disagg_transfer_pool_size": 268435456, "disagg_transfer_pin_memory": "auto", "disagg_p2p_hostname": "127.0.0.1", "disagg_ib_device": null, "disagg_server_addr": null, "encoder_urls": null, "denoiser_urls": null, "decoder_urls": null, "encoder_tp": null, "denoiser_tp": null, "denoiser_sp": null, "denoiser_ulysses": null, "denoiser_ring": null, "decoder_sp": null, "pool_work_endpoint": null, "pool_result_endpoint": null, "pool_control_endpoint": null, "pool_control_advertised_endpoint": null, "log_level": "info", "log_requests": false, "log_requests_level": 2, "log_requests_format": "text", "log_requests_target": null, "uvicorn_access_log_exclude_prefixes": [], "enable_cache_report": false, "enable_trace": false, "otlp_traces_endpoint": "localhost:4317", "otlp_service_name": null, "srt_encoder_url": null, "srt_encoder_connect_timeout": 3.05, "srt_encoder_timeout": 100, "pe_server_url": null}
[09-20 02:03:22] Local mode: True
[09-20 02:03:22] Starting server...
Flax classes are deprecated and will be removed in Diffusers v1.0.0. We recommend migrating to PyTorch classes or pinning your version of Diffusers.
Flax classes are deprecated and will be removed in Diffusers v1.0.0. We recommend migrating to PyTorch classes or pinning your version of Diffusers.
[09-20 02:03:37] Scheduler (dp replica 0) bind at endpoint: tcp://127.0.0.1:5651
[09-20 02:03:37] torch.compile cache: TORCHINDUCTOR_CACHE_DIR=/campaign/model-caches/longlive2-cycle/sglang/torch_compile_cache/inductor TRITON_CACHE_DIR=/campaign/model-caches/longlive2-cycle/sglang/torch_compile_cache/triton
[09-20 02:03:37] Initializing distributed environment with world_size=1, device=cuda:0, timeout=3600
[09-20 02:03:37] Setting distributed timeout to 3600 seconds
[09-20 02:03:38] No pipeline_class_name specified, using model_index.json
[09-20 02:03:39] Using pipeline from model_index.json: LongLive2Pipeline
[09-20 02:03:39] Loading pipeline modules...
[09-20 02:03:39] Checking for cached model in Hugging Face Hub cache for Rabinovich/LongLive-2.0-5B-Diffusers...
[09-20 02:03:39] Found complete model in cache at /campaign/model-caches/longlive2-cycle/huggingface/hub/models--Rabinovich--LongLive-2.0-5B-Diffusers/snapshots/37664a64cfc38cdc5fabe88576961ef10646e4f1
[09-20 02:03:39] Model path: /campaign/model-caches/longlive2-cycle/huggingface/hub/models--Rabinovich--LongLive-2.0-5B-Diffusers/snapshots/37664a64cfc38cdc5fabe88576961ef10646e4f1
[09-20 02:03:39] Diffusers version: 0.35.0.dev0
[09-20 02:03:39] Loading pipeline modules from config: {'_class_name': 'LongLive2Pipeline', '_diffusers_version': '0.35.0.dev0', 'boundary_ratio': None, 'expand_timesteps': True, 'scheduler': ['diffusers', 'UniPCMultistepScheduler'], 'text_encoder': ['transformers', 'UMT5EncoderModel'], 'tokenizer': ['transformers', 'T5TokenizerFast'], 'transformer': ['diffusers', 'LongLive2Transformer3DModel'], 'transformer_2': [None, None], 'vae': ['diffusers', 'AutoencoderKLWan']}
[09-20 02:03:39] Loading required components: ['text_encoder', 'tokenizer', 'vae', 'transformer', 'scheduler']
[09-20 02:03:39] Memory-aware component load order: ['text_encoder', 'transformer', 'vae', 'tokenizer', 'scheduler']

Loading required modules:   0%|          | 0/5 [00:00<?, ?it/s][09-20 02:03:40] Loading text_encoder from /campaign/model-caches/longlive2-cycle/huggingface/hub/models--Rabinovich--LongLive-2.0-5B-Diffusers/snapshots/37664a64cfc38cdc5fabe88576961ef10646e4f1/text_encoder. avail mem: 138.14 GB


Loading safetensors checkpoint shards: 0%|          | 0/3[A

Loading safetensors checkpoint shards: 33%|███▎      | 1/3[A

Loading safetensors checkpoint shards: 67%|██████▋   | 2/3[A

Loading safetensors checkpoint shards: 100%|██████████| 3/3[A
Loading safetensors checkpoint shards: 100%|██████████| 3/3
[09-20 02:03:43] Loaded text_encoder: UMT5EncoderModel (sgl-diffusion version). model size: 21.16 GB, vram: 21.16 GB. avail GPU mem: 116.97 GB

Loading required modules:  20%|██        | 1/5 [00:03<00:15,  3.97s/it][09-20 02:03:43] Loading transformer from /campaign/model-caches/longlive2-cycle/huggingface/hub/models--Rabinovich--LongLive-2.0-5B-Diffusers/snapshots/37664a64cfc38cdc5fabe88576961ef10646e4f1/transformer. avail mem: 116.97 GB
[09-20 02:03:43] Loading LongLive2Transformer3DModel from 1 safetensors file(s) , param_dtype: torch.bfloat16


Loading safetensors checkpoint shards: 0%|          | 0/1[A
Loading safetensors checkpoint shards: 100%|██████████| 1/1
[09-20 02:03:46] Attention backends for transformer: fa
[09-20 02:03:46] Loaded transformer: LongLive2Transformer3DModel (sgl-diffusion version). model size: 9.31 GB, vram: 9.31 GB. avail GPU mem: 107.31 GB

Loading required modules:  40%|████      | 2/5 [00:06<00:09,  3.10s/it][09-20 02:03:46] Loading vae from /campaign/model-caches/longlive2-cycle/huggingface/hub/models--Rabinovich--LongLive-2.0-5B-Diffusers/snapshots/37664a64cfc38cdc5fabe88576961ef10646e4f1/vae. avail mem: 107.31 GB
[09-20 02:03:46] VAE: converted 62 Conv3d weights to channels_last_3d
[09-20 02:03:46] Wan VAE: installed quality-gated fast path (29 RMSNorm+SiLU fusions, 3 channels_last upsamples).
[09-20 02:03:46] Loaded vae: AutoencoderKLWan (sgl-diffusion version). model size: 1.31 GB, vram: 1.31 GB. avail GPU mem: 106.09 GB

Loading required modules:  60%|██████    | 3/5 [00:06<00:03,  1.91s/it][09-20 02:03:46] Loading tokenizer from /campaign/model-caches/longlive2-cycle/huggingface/hub/models--Rabinovich--LongLive-2.0-5B-Diffusers/snapshots/37664a64cfc38cdc5fabe88576961ef10646e4f1/tokenizer. avail mem: 106.09 GB
[09-20 02:03:48] Loaded tokenizer: T5Tokenizer (sgl-diffusion version). model size: NA GB, weights: none. avail GPU mem: 106.09 GB

Loading required modules:  80%|████████  | 4/5 [00:08<00:01,  1.73s/it][09-20 02:03:48] Loading scheduler from /campaign/model-caches/longlive2-cycle/huggingface/hub/models--Rabinovich--LongLive-2.0-5B-Diffusers/snapshots/37664a64cfc38cdc5fabe88576961ef10646e4f1/scheduler. avail mem: 106.09 GB
[09-20 02:03:48] Loaded scheduler: UniPCMultistepScheduler (sgl-diffusion version). model size: NA GB, weights: none. avail GPU mem: 106.09 GB

Loading required modules: 100%|██████████| 5/5 [00:08<00:00,  1.68s/it]
[09-20 02:03:48] Creating pipeline stages...
[09-20 02:03:48] Using fa attention backend
[09-20 02:03:48] Pipeline instantiated
[09-20 02:03:48] Layerwise offload host memory: 1961.3 GiB available (no cgroup cap)
[09-20 02:03:48] Worker 0: Initialized device, model, and distributed environment.
[09-20 02:03:48] Worker 0: Scheduler loop started.
[93m[09-20 02:03:48] `num_frames` must map to latent frames divisible by 8 for LongLive2 causal denoising. Rounding from 17 to 29.[0;0m

Warmup requests:   0%|          | 0/1 [00:00<?, ?req/s]

  0%|          | 0/2 [00:00<?, ?it/s][A

 50%|█████     | 1/2 [00:02<00:02,  2.51s/it][A
100%|██████████| 2/2 [00:02<00:00,  1.34s/it]

Warmup requests: 100%|██████████| 1/1 [00:05<00:00,  5.11s/req, server warmup req (960x928x29f, 2/4 steps), last=5.10s]
Warmup requests: 100%|██████████| 1/1 [00:05<00:00,  5.11s/req, server warmup req (960x928x29f, 2/4 steps), last=5.10s]
[93m[09-20 02:03:53] Unsupported resolution: 960x928, output quality may suffer. Supported resolutions: 1280x704, 704x1280, 832x480, 480x832[0;0m
[09-20 02:03:53] Adjusting number of frames from 61 to 61 based on model
[09-20 02:03:53] Processing 1 grouped request(s)
[09-20 02:03:53] Sampling params:
                       width: 960
                      height: 928
                  num_frames: 61
                         fps: 24
                      prompt: <redacted, len=49>
                  neg_prompt: <redacted, len=137>
                        seed: 42
                 infer_steps: 4
      num_outputs_per_prompt: 1
              guidance_scale: 1.0
     embedded_guidance_scale: 6.0
                    n_tokens: None
                  flow_shift: 5.0
                  image_path: ['/campaign/artifacts/input-media/longlive2-cat.png']
                 save_output: True
            output_file_path: /campaign/artifacts/longlive2/i2v-baseline-profile/longlive2-i2v-i2v-baseline-profile.mp4
        
[09-20 02:03:53] Running pipeline stages: ['InputValidationStage', 'LongLive2TextEncodingStage', 'LongLive2ImageVAEEncodingStage', 'LongLive2LatentPreparationStage', 'LongLive2CausalDenoisingStage', 'decoding_stage']
[09-20 02:03:53] Profiling request: 27b74252-81e4-4386-89a4-405510007aaf for full stages...
[09-20 02:03:53] Starting Profiler...
USDT:2026-09-20 02:03:53 74931:74931 SyncActivityProfilerHandler.cpp:52] profiler_start
[09-20 02:03:53] [InputValidationStage] started...
[09-20 02:03:54] [InputValidationStage] finished in 0.0621 seconds
[09-20 02:03:54] [LongLive2TextEncodingStage] started...
[09-20 02:03:54] [LongLive2TextEncodingStage] finished in 0.1231 seconds
[09-20 02:03:54] [LongLive2ImageVAEEncodingStage] started...
[09-20 02:03:55] [LongLive2ImageVAEEncodingStage] finished in 0.8494 seconds
[09-20 02:03:55] [LongLive2LatentPreparationStage] started...
[09-20 02:03:55] [LongLive2LatentPreparationStage] finished in 0.0004 seconds
[09-20 02:03:55] [LongLive2CausalDenoisingStage] started...

  0%|          | 0/8 [00:00<?, ?it/s]
 12%|█▎        | 1/8 [00:00<00:01,  6.88it/s]
 38%|███▊      | 3/8 [00:00<00:00,  8.00it/s]
 50%|█████     | 4/8 [00:00<00:00,  7.58it/s]
 62%|██████▎   | 5/8 [00:00<00:00,  5.08it/s]
 88%|████████▊ | 7/8 [00:01<00:00,  6.16it/s]
100%|██████████| 8/8 [00:01<00:00,  6.01it/s]
100%|██████████| 8/8 [00:01<00:00,  5.54it/s]
[09-20 02:03:56] [LongLive2CausalDenoisingStage] finished in 1.5112 seconds
[09-20 02:03:56] [DecodingStage] started...
[09-20 02:03:59] [DecodingStage] finished in 2.6611 seconds
[09-20 02:03:59] Stopping Profiler...
USDT:2026-09-20 02:04:00 74931:74931 SyncActivityProfilerHandler.cpp:59] profiler_stop
[09-20 02:04:19] Saved profiler traces to: [1;36m/campaign/artifacts/longlive2/i2v-baseline-profile/traces/27b74252-81e4-4386-89a4-405510007aaf-full_stages-global-rank0.trace.json.gz[0;0m
[09-20 02:04:20] Output saved to [1;36m/campaign/artifacts/longlive2/i2v-baseline-profile/longlive2-i2v-i2v-baseline-profile.mp4[0;0m
[09-20 02:04:20] Metrics dumped to: [1;36m/campaign/artifacts/longlive2/i2v-baseline-profile/longlive2-i2v_i2v-baseline-profile.json[0;0m
[09-20 02:04:20] Pixel data generated successfully in [92m26.69[0;0m seconds
[09-20 02:04:20] Warmed-up request processed in [92m26.31[0;0m seconds (with warmup excluded)
[09-20 02:04:20] Memory usage - Max peak: 61074.00 MB, Avg peak: 61074.00 MB
[09-20 02:04:20] Metrics dumped to: [1;36m/campaign/artifacts/longlive2/i2v-baseline-profile/longlive2-i2v_i2v-baseline-profile.json[0;0m
[93m[09-20 02:04:20] Generator was garbage collected without being shut down. Forcing local server and client cleanup.[0;0m
[93m[09-20 02:04:20] Local worker sglang-diffusionWorker-0 did not terminate gracefully, forcing.[0;0m
/usr/lib/python3.12/multiprocessing/resource_tracker.py:254: UserWarning: resource_tracker: There appear to be 1 leaked semaphore objects to clean up at shutdown
  warnings.warn('resource_tracker: There appear to be %d '
