Flax classes are deprecated and will be removed in Diffusers v1.0.0. We recommend migrating to PyTorch classes or pinning your version of Diffusers.
Flax classes are deprecated and will be removed in Diffusers v1.0.0. We recommend migrating to PyTorch classes or pinning your version of Diffusers.
[09-20 06:39:39] server_args: {"model_path": "robbyant/lingbot-world-v2-14b-causal-fast-diffusers", "model_subfolder": null, "model_variant": null, "model_id": null, "served_model_name": "robbyant/lingbot-world-v2-14b-causal-fast-diffusers", "backend": "auto", "attention_backend": null, "enable_attention_backend_autotune": false, "attention_backend_config": {}, "component_attention_backends": {}, "cache_dit_config": null, "nccl_port": null, "enable_nccl_nvls": false, "trust_remote_code": false, "revision": null, "num_gpus": 1, "performance_mode": "manual", "base_gpu_id": 0, "gpu_ids": null, "nnodes": 1, "node_rank": 0, "dist_init_addr": null, "tp_size": 1, "sp_degree": 1, "ulysses_degree": 1, "ring_degree": 1, "kv_gather_degree": 1, "sp_split_auto": false, "dp_size": 1, "enable_cfg_parallel": false, "cfg_parallel_degree": 1, "encoder_parallel": "auto", "hsdp_replicate_dim": 1, "hsdp_shard_dim": 1, "dist_timeout": 3600, "scheduler_rpc_timeout": null, "pipeline_class_name": null, "lora_path": null, "lora_nickname": "default", "lora_scale": 1.0, "lora_alpha": null, "lora_merge_mode": "auto", "lora_weight_name": null, "component_paths": {}, "component_weights_paths": {}, "component_direct_gpu_weight_loading": {}, "component_quantizations": {}, "component_precisions": {}, "component_quantization_ignored_layers": {}, "load_diffusion_decoder": false, "transformer_weights_path": null, "minimax_h3_adaln_cache_path": null, "minimax_h3_adaln_online": false, "minimax_h3_adaln_plan_width": 4, "minimax_h3_adaln_host_cache_gb": 8.0, "quantization": null, "quantization_ignored_layers": null, "lora_target_modules": null, "component_residency": null, "cpu_offload_components": null, "dit_cpu_offload": false, "direct_gpu_weight_loading": false, "dit_layerwise_offload": false, "layerwise_offload_components": null, "dit_offload_prefetch_size": 0.0, "dit_layerwise_resident_layers": 0.0, "dit_layerwise_residency_policy": "leading", "layerwise_prefetch_size": {}, "layerwise_resident_layers": {}, "layerwise_residency_policy": {}, "offload_during_compile": true, "text_encoder_cpu_offload": true, "image_encoder_cpu_offload": null, "vae_cpu_offload": false, "use_fsdp_inference": null, "pin_cpu_memory": true, "ltx2_two_stage_device_mode": null, "comfyui_mode": false, "enable_torch_compile": false, "regional_compile": false, "enable_breakable_cuda_graph": false, "bcg_text_buckets": null, "enable_layerwise_nvtx_marker": false, "warmup_mode": "server", "warmup_resolutions": ["832x480"], "warmup_num_frames": 9, "warmup_steps": 1, "warmup_sampling_params": null, "disable_autocast": false, "master_port": 24107, "host": "127.0.0.1", "port": 24007, "enable_metrics": false, "webui": false, "webui_port": 12312, "scheduler_port": 5580, "scheduler_ports": [5580], "batching_mode": "dynamic", "batching_max_size": 1, "batching_delay_ms": 0.0, "batching_config": null, "enable_batching_metrics": false, "strict_ports": false, "output_path": "outputs/", "input_save_path": "inputs/uploads", "prompt_file_path": null, "model_paths": {}, "model_loaded": {"transformer": true, "vae": true, "video_vae": true, "audio_vae": true, "video_dit": true, "audio_dit": true, "dual_tower_bridge": true}, "boundary_ratio": null, "disagg_role": "monolithic", "disagg_timeout": 3600, "disagg_downstream_wait_timeout": 1800, "disagg_dispatch_policy": "round_robin", "disagg_mode": false, "disagg_instance_id": 0, "disagg_max_slots_per_instance": 8, "disagg_transfer_redundancy": 1.25, "disagg_role_device": "auto", "disagg_transfer_backend": "auto", "disagg_transfer_pool_size": 268435456, "disagg_transfer_pin_memory": "auto", "disagg_p2p_hostname": "127.0.0.1", "disagg_ib_device": null, "disagg_server_addr": null, "encoder_urls": null, "denoiser_urls": null, "decoder_urls": null, "encoder_tp": null, "denoiser_tp": null, "denoiser_sp": null, "denoiser_ulysses": null, "denoiser_ring": null, "decoder_sp": null, "pool_work_endpoint": null, "pool_result_endpoint": null, "pool_control_endpoint": null, "pool_control_advertised_endpoint": null, "log_level": "info", "log_requests": false, "log_requests_level": 2, "log_requests_format": "text", "log_requests_target": null, "uvicorn_access_log_exclude_prefixes": [], "enable_cache_report": false, "enable_trace": false, "otlp_traces_endpoint": "localhost:4317", "otlp_service_name": null, "srt_encoder_url": null, "srt_encoder_connect_timeout": 3.05, "srt_encoder_timeout": 100, "pe_server_url": null}
[09-20 06:39:39] Starting server...
Flax classes are deprecated and will be removed in Diffusers v1.0.0. We recommend migrating to PyTorch classes or pinning your version of Diffusers.
Flax classes are deprecated and will be removed in Diffusers v1.0.0. We recommend migrating to PyTorch classes or pinning your version of Diffusers.
[09-20 06:39:53] Scheduler (dp replica 0) bind at endpoint: tcp://127.0.0.1:5580
[09-20 06:39:53] torch.compile cache: TORCHINDUCTOR_CACHE_DIR=/campaign/model-caches/lingbot-world-v2-cycle/sglang/torch_compile_cache/inductor TRITON_CACHE_DIR=/campaign/model-caches/lingbot-world-v2-cycle/sglang/torch_compile_cache/triton
[09-20 06:39:53] Initializing distributed environment with world_size=1, device=cuda:0, timeout=3600
[09-20 06:39:53] Setting distributed timeout to 3600 seconds
[09-20 06:39:54] No pipeline_class_name specified, using model_index.json
[09-20 06:39:56] Using pipeline from model_index.json: LingBotWorldCausalDMDPipeline
[09-20 06:39:56] Loading pipeline modules...
[09-20 06:39:56] Checking for cached model in Hugging Face Hub cache for robbyant/lingbot-world-v2-14b-causal-fast-diffusers...
[09-20 06:39:56] Found complete model in cache at /campaign/model-caches/lingbot-world-v2-cycle/huggingface/hub/models--robbyant--lingbot-world-v2-14b-causal-fast-diffusers/snapshots/59cccf49f2d2dd27418ae7a04b82b10868d455c2
[09-20 06:39:56] Model path: /campaign/model-caches/lingbot-world-v2-cycle/huggingface/hub/models--robbyant--lingbot-world-v2-14b-causal-fast-diffusers/snapshots/59cccf49f2d2dd27418ae7a04b82b10868d455c2
[09-20 06:39:56] Diffusers version: 0.35.0.dev0
[09-20 06:39:56] Loading pipeline modules from config: {'_class_name': 'LingBotWorldCausalDMDPipeline', '_diffusers_version': '0.35.0.dev0', 'boundary_ratio': 0.9, 'image_encoder': [None, None], 'image_processor': [None, None], 'scheduler': ['diffusers', 'UniPCMultistepScheduler'], 'text_encoder': ['transformers', 'UMT5EncoderModel'], 'tokenizer': ['transformers', 'T5TokenizerFast'], 'transformer': ['diffusers', 'CausalLingBotWorldTransformer3DModel'], 'transformer_2': [None, None], 'vae': ['diffusers', 'AutoencoderKLWan']}
[09-20 06:39:56] MoE pipeline detected. Adding transformer_2 to self.required_config_modules...
[09-20 06:39:56] Setting boundary ratio to 0.9
[09-20 06:39:56] Loading required components: ['text_encoder', 'tokenizer', 'vae', 'transformer', 'scheduler', 'image_encoder', 'image_processor', 'transformer_2']
[93m[09-20 06:39:56] Module image_encoder in model_index.json has null value, removing from required_config_modules[0;0m
[93m[09-20 06:39:56] Module image_processor in model_index.json has null value, removing from required_config_modules[0;0m
[93m[09-20 06:39:56] Module transformer_2 in model_index.json has null value, removing from required_config_modules[0;0m
[09-20 06:39:56] Memory-aware component load order: ['transformer', 'text_encoder', 'vae', 'tokenizer', 'scheduler']
Loading required modules:   0%|          | 0/5 [00:00<?, ?it/s][09-20 06:39:56] Loading transformer from /campaign/model-caches/lingbot-world-v2-cycle/huggingface/hub/models--robbyant--lingbot-world-v2-14b-causal-fast-diffusers/snapshots/59cccf49f2d2dd27418ae7a04b82b10868d455c2/transformer. avail mem: 138.65 GB
[09-20 06:39:56] Loading CausalLingBotWorldTransformer3DModel from 8 safetensors file(s) , param_dtype: torch.bfloat16

Loading safetensors checkpoint shards: 0%|          | 0/8[ALoading safetensors checkpoint shards: 100%|██████████| 8/8
[09-20 06:40:04] Attention backends for transformer: fa
[09-20 06:40:04] Loaded transformer: CausalLingBotWorldTransformer3DModel (sgl-diffusion version). model size: 40.4 GB, vram: 40.40 GB. avail GPU mem: 96.74 GB
Loading required modules:  20%|██        | 1/5 [00:08<00:34,  8.55s/it][09-20 06:40:04] Loading text_encoder from /campaign/model-caches/lingbot-world-v2-cycle/huggingface/hub/models--robbyant--lingbot-world-v2-14b-causal-fast-diffusers/snapshots/59cccf49f2d2dd27418ae7a04b82b10868d455c2/text_encoder. avail mem: 96.74 GB

Loading safetensors checkpoint shards: 0%|          | 0/3[A
Loading safetensors checkpoint shards: 33%|███▎      | 1/3[A
Loading safetensors checkpoint shards: 67%|██████▋   | 2/3[A
Loading safetensors checkpoint shards: 100%|██████████| 3/3[ALoading safetensors checkpoint shards: 100%|██████████| 3/3
[09-20 06:40:05] Loaded text_encoder: UMT5EncoderModel (sgl-diffusion version). model size: 10.58 GB, host pageable: 10.58 GB. avail GPU mem: 96.74 GB
Loading required modules:  40%|████      | 2/5 [00:09<00:12,  4.16s/it][09-20 06:40:05] Loading vae from /campaign/model-caches/lingbot-world-v2-cycle/huggingface/hub/models--robbyant--lingbot-world-v2-14b-causal-fast-diffusers/snapshots/59cccf49f2d2dd27418ae7a04b82b10868d455c2/vae. avail mem: 96.74 GB
[09-20 06:40:06] VAE: converted 61 Conv3d weights to channels_last_3d
[09-20 06:40:06] Wan VAE: installed quality-gated fast path (29 RMSNorm+SiLU fusions, 3 channels_last upsamples).
[09-20 06:40:06] Loaded vae: AutoencoderKLWan (sgl-diffusion version). model size: 0.47 GB, vram: 0.47 GB. avail GPU mem: 96.72 GB
Loading required modules:  60%|██████    | 3/5 [00:09<00:04,  2.36s/it][09-20 06:40:06] Loading tokenizer from /campaign/model-caches/lingbot-world-v2-cycle/huggingface/hub/models--robbyant--lingbot-world-v2-14b-causal-fast-diffusers/snapshots/59cccf49f2d2dd27418ae7a04b82b10868d455c2/tokenizer. avail mem: 96.72 GB
[09-20 06:40:07] Loaded tokenizer: T5Tokenizer (sgl-diffusion version). model size: NA GB, weights: none. avail GPU mem: 96.72 GB
Loading required modules:  80%|████████  | 4/5 [00:11<00:02,  2.07s/it][09-20 06:40:07] Loading scheduler from /campaign/model-caches/lingbot-world-v2-cycle/huggingface/hub/models--robbyant--lingbot-world-v2-14b-causal-fast-diffusers/snapshots/59cccf49f2d2dd27418ae7a04b82b10868d455c2/scheduler. avail mem: 96.72 GB
[09-20 06:40:07] Loaded scheduler: UniPCMultistepScheduler (sgl-diffusion version). model size: NA GB, weights: none. avail GPU mem: 96.72 GB
Loading required modules: 100%|██████████| 5/5 [00:11<00:00,  2.30s/it]
[09-20 06:40:07] Creating pipeline stages...
[09-20 06:40:07] Using fa attention backend
[09-20 06:40:07] Pipeline instantiated
[09-20 06:40:07] Worker 0: Initialized device, model, and distributed environment.
[09-20 06:40:07] Worker 0: Scheduler loop started.
[09-20 06:40:07] Starting FastAPI server.
[2026-09-20 06:40:07] [32mINFO[0m:     Started server process [[36m125918[0m]
[2026-09-20 06:40:07] [32mINFO[0m:     Waiting for application startup.
[09-20 06:40:07] ZMQ Broker is listening for offline jobs on tcp://127.0.0.1:24008
[2026-09-20 06:40:07] [32mINFO[0m:     Application startup complete.
[2026-09-20 06:40:07] [32mINFO[0m:     Uvicorn running on [1mhttp://127.0.0.1:24007[0m (Press CTRL+C to quit)
[2026-09-20 06:40:08] [32mINFO[0m:     127.0.0.1:42770 - "[1mGET /health HTTP/1.1[0m" [32m200 OK[0m
[2026-09-20 06:40:08] [32mINFO[0m:     127.0.0.1:42786 - "WebSocket /v1/realtime_video/generate" [accepted]
[2026-09-20 06:40:08] [32mINFO[0m:     connection open
[09-20 06:40:08] Adjusting number of frames from 21 to 21 based on model
[09-20 06:40:08] Sampling params:
                       width: 832
                      height: 480
                  num_frames: 21
                         fps: 16
                      prompt: <redacted, len=62>
                  neg_prompt: None
                        seed: 41
                 infer_steps: 4
      num_outputs_per_prompt: 1
              guidance_scale: 1.0
     embedded_guidance_scale: 6.0
                    n_tokens: None
                  flow_shift: 5.0
                  image_path: inputs/uploads/dece3250589842b7a0bad28f402ca05a_first_frame
                 save_output: False
            output_file_path: outputs/dece3250589842b7a0bad28f402ca05a_bbbde44025e447e4aa1cbe543e3608d0.mp4
        
[09-20 06:40:08] Running pipeline stages: ['RealtimeInputValidationStage', 'RealtimeTextEncodingStage', 'AuxiliaryConditionEncodingStage', 'RealtimeImageVAEEncodingStage', 'DMDTimestepPreparationStage', 'RealtimeChunkLatentPreparationStage', 'LingBotWorldCausalDMDDenoisingStage', 'CausalVaeDecodingStage']
[09-20 06:40:08] [RealtimeInputValidationStage] started...
[09-20 06:40:08] [RealtimeInputValidationStage] finished in 0.0458 seconds
[09-20 06:40:08] [RealtimeTextEncodingStage] started...
[09-20 06:40:10] [RealtimeTextEncodingStage] finished in 1.8538 seconds
[09-20 06:40:16] [AuxiliaryConditionEncodingStage] started...
[09-20 06:40:16] [AuxiliaryConditionEncodingStage] finished in 0.0558 seconds
[09-20 06:40:16] [RealtimeImageVAEEncodingStage] started...
[09-20 06:40:17] [RealtimeImageVAEEncodingStage] finished in 1.0186 seconds
[09-20 06:40:17] [DMDTimestepPreparationStage] started...
[09-20 06:40:17] [DMDTimestepPreparationStage] finished in 0.0004 seconds
[09-20 06:40:17] [RealtimeChunkLatentPreparationStage] started...
[09-20 06:40:17] [RealtimeChunkLatentPreparationStage] finished in 0.0021 seconds
[09-20 06:40:17] [LingBotWorldCausalDMDDenoisingStage] started...
[09-20 06:40:20] [LingBotWorldCausalDMDDenoisingStage] finished in 3.0701 seconds
[09-20 06:40:20] [CausalVaeDecodingStage] started...
[09-20 06:40:20] [CausalVaeDecodingStage] finished in 0.2857 seconds
[09-20 06:40:20] realtime raw RGB frame batch timing: request_id=dece3250589842b7a0bad28f402ca05a_bbbde44025e447e4aa1cbe543e3608d0 chunk_idx=0 sample_to_frames=3.89ms frames_to_bytes=5.98ms total=9.90ms batches=1 frames=9 frame_shape=(480, 832, 3) raw_bytes=10782720 content_type=application/x-raw-rgb
[09-20 06:40:20] Pixel data generated successfully in [92m11.95[0;0m seconds
[09-20 06:40:20] Peak memory usage: 82744.00 MB
[09-20 06:40:20] Adjusting number of frames from 21 to 21 based on model
[09-20 06:40:20] Sampling params:
                       width: 832
                      height: 480
                  num_frames: 21
                         fps: 16
                      prompt: <redacted, len=62>
                  neg_prompt: None
                        seed: 41
                 infer_steps: 4
      num_outputs_per_prompt: 1
              guidance_scale: 1.0
     embedded_guidance_scale: 6.0
                    n_tokens: None
                  flow_shift: 5.0
                  image_path: inputs/uploads/dece3250589842b7a0bad28f402ca05a_first_frame
                 save_output: False
            output_file_path: outputs/dece3250589842b7a0bad28f402ca05a_d8639b8db75440d983fdf8617504c0f5.mp4
        
[09-20 06:40:20] Running pipeline stages: ['RealtimeInputValidationStage', 'RealtimeTextEncodingStage', 'AuxiliaryConditionEncodingStage', 'RealtimeImageVAEEncodingStage', 'DMDTimestepPreparationStage', 'RealtimeChunkLatentPreparationStage', 'LingBotWorldCausalDMDDenoisingStage', 'CausalVaeDecodingStage']
[09-20 06:40:20] [RealtimeInputValidationStage] started...
[09-20 06:40:20] [RealtimeInputValidationStage] finished in 0.0001 seconds
[09-20 06:40:20] [RealtimeTextEncodingStage] started...
[09-20 06:40:20] [RealtimeTextEncodingStage] finished in 0.0000 seconds
[09-20 06:40:20] [AuxiliaryConditionEncodingStage] started...
[09-20 06:40:20] [AuxiliaryConditionEncodingStage] finished in 0.0019 seconds
[09-20 06:40:20] [RealtimeImageVAEEncodingStage] started...
[09-20 06:40:20] [RealtimeImageVAEEncodingStage] finished in 0.0000 seconds
[09-20 06:40:20] [DMDTimestepPreparationStage] started...
[09-20 06:40:20] [DMDTimestepPreparationStage] finished in 0.0002 seconds
[09-20 06:40:20] [RealtimeChunkLatentPreparationStage] started...
[09-20 06:40:20] [RealtimeChunkLatentPreparationStage] finished in 0.0001 seconds
[09-20 06:40:20] [LingBotWorldCausalDMDDenoisingStage] started...
[09-20 06:40:20] realtime chunk timing: session_id=dece3250589842b7a0bad28f402ca05a request_id=dece3250589842b7a0bad28f402ca05a_bbbde44025e447e4aa1cbe543e3608d0 chunk_idx=0 event_id=None condition_kinds=['camera_actions'] request_prepare=2.01ms scheduler_forward=11956.64ms output_pace=0.00ms header_pack=0.02ms header_write=0.05ms raw_payload_build=2.58ms raw_write=4.68ms ws_write=4.73ms chunk_total=11967.39ms batches=1 frames=9 frame_shape=(480, 832, 3) raw_bytes=10782720 ws_payload_bytes=10783051 content_type=application/x-raw-rgb
[09-20 06:40:22] [LingBotWorldCausalDMDDenoisingStage] finished in 1.6017 seconds
[09-20 06:40:22] [CausalVaeDecodingStage] started...
[09-20 06:40:22] [CausalVaeDecodingStage] finished in 0.3492 seconds
[09-20 06:40:22] realtime raw RGB frame batch timing: request_id=dece3250589842b7a0bad28f402ca05a_d8639b8db75440d983fdf8617504c0f5 chunk_idx=1 sample_to_frames=1.36ms frames_to_bytes=2.06ms total=3.46ms batches=1 frames=12 frame_shape=(480, 832, 3) raw_bytes=14376960 content_type=application/x-raw-rgb
[09-20 06:40:22] Pixel data generated successfully in [92m1.99[0;0m seconds
[09-20 06:40:22] Peak memory usage: 82744.00 MB
[09-20 06:40:22] realtime chunk timing: session_id=dece3250589842b7a0bad28f402ca05a request_id=dece3250589842b7a0bad28f402ca05a_d8639b8db75440d983fdf8617504c0f5 chunk_idx=1 event_id=None condition_kinds=['camera_actions'] request_prepare=0.53ms scheduler_forward=1985.61ms output_pace=0.00ms header_pack=0.01ms header_write=0.03ms raw_payload_build=2.90ms raw_write=4.74ms ws_write=4.77ms chunk_total=1994.05ms batches=1 frames=12 frame_shape=(480, 832, 3) raw_bytes=14376960 ws_payload_bytes=14377291 content_type=application/x-raw-rgb
[09-20 06:40:22] generation reached max chunks, session_id=dece3250589842b7a0bad28f402ca05a, max_chunks=2
[09-20 06:40:22] terminating session, session_id=dece3250589842b7a0bad28f402ca05a
[09-20 06:40:22] Realtime session release: session_id=dece3250589842b7a0bad28f402ca05a released=True
[2026-09-20 06:40:23] [32mINFO[0m:     127.0.0.1:34612 - "WebSocket /v1/realtime_video/generate" [accepted]
[2026-09-20 06:40:23] [32mINFO[0m:     connection open
[09-20 06:40:23] Adjusting number of frames from 21 to 21 based on model
[09-20 06:40:23] Sampling params:
                       width: 832
                      height: 480
                  num_frames: 21
                         fps: 16
                      prompt: <redacted, len=62>
                  neg_prompt: None
                        seed: 42
                 infer_steps: 4
      num_outputs_per_prompt: 1
              guidance_scale: 1.0
     embedded_guidance_scale: 6.0
                    n_tokens: None
                  flow_shift: 5.0
                  image_path: inputs/uploads/4e0bccecd93847f8b136c55b7ae869c8_first_frame
                 save_output: False
            output_file_path: outputs/4e0bccecd93847f8b136c55b7ae869c8_f592cd00935341249b199e8a5bfc1969.mp4
        
[09-20 06:40:23] Running pipeline stages: ['RealtimeInputValidationStage', 'RealtimeTextEncodingStage', 'AuxiliaryConditionEncodingStage', 'RealtimeImageVAEEncodingStage', 'DMDTimestepPreparationStage', 'RealtimeChunkLatentPreparationStage', 'LingBotWorldCausalDMDDenoisingStage', 'CausalVaeDecodingStage']
[09-20 06:40:23] [RealtimeInputValidationStage] started...
[09-20 06:40:23] [RealtimeInputValidationStage] finished in 0.0390 seconds
[09-20 06:40:23] [RealtimeTextEncodingStage] started...
[09-20 06:40:23] [RealtimeTextEncodingStage] finished in 0.2337 seconds
[09-20 06:40:23] [AuxiliaryConditionEncodingStage] started...
[09-20 06:40:24] [AuxiliaryConditionEncodingStage] finished in 0.0018 seconds
[09-20 06:40:24] [RealtimeImageVAEEncodingStage] started...
[09-20 06:40:24] [RealtimeImageVAEEncodingStage] finished in 0.3773 seconds
[09-20 06:40:24] [DMDTimestepPreparationStage] started...
[09-20 06:40:24] [DMDTimestepPreparationStage] finished in 0.0002 seconds
[09-20 06:40:24] [RealtimeChunkLatentPreparationStage] started...
[09-20 06:40:24] [RealtimeChunkLatentPreparationStage] finished in 0.0001 seconds
[09-20 06:40:24] [LingBotWorldCausalDMDDenoisingStage] started...
[09-20 06:40:25] [LingBotWorldCausalDMDDenoisingStage] finished in 1.4942 seconds
[09-20 06:40:25] [CausalVaeDecodingStage] started...
[09-20 06:40:26] [CausalVaeDecodingStage] finished in 0.2712 seconds
[09-20 06:40:26] realtime raw RGB frame batch timing: request_id=4e0bccecd93847f8b136c55b7ae869c8_f592cd00935341249b199e8a5bfc1969 chunk_idx=0 sample_to_frames=1.86ms frames_to_bytes=4.39ms total=6.28ms batches=1 frames=9 frame_shape=(480, 832, 3) raw_bytes=10782720 content_type=application/x-raw-rgb
[09-20 06:40:26] Pixel data generated successfully in [92m2.66[0;0m seconds
[09-20 06:40:26] Peak memory usage: 82744.00 MB
[09-20 06:40:26] Adjusting number of frames from 21 to 21 based on model
[09-20 06:40:26] Sampling params:
                       width: 832
                      height: 480
                  num_frames: 21
                         fps: 16
                      prompt: <redacted, len=62>
                  neg_prompt: None
                        seed: 42
                 infer_steps: 4
      num_outputs_per_prompt: 1
              guidance_scale: 1.0
     embedded_guidance_scale: 6.0
                    n_tokens: None
                  flow_shift: 5.0
                  image_path: inputs/uploads/4e0bccecd93847f8b136c55b7ae869c8_first_frame
                 save_output: False
            output_file_path: outputs/4e0bccecd93847f8b136c55b7ae869c8_da2589d0ce354cfcb8a5ee6ee1d0e051.mp4
        
[09-20 06:40:26] Running pipeline stages: ['RealtimeInputValidationStage', 'RealtimeTextEncodingStage', 'AuxiliaryConditionEncodingStage', 'RealtimeImageVAEEncodingStage', 'DMDTimestepPreparationStage', 'RealtimeChunkLatentPreparationStage', 'LingBotWorldCausalDMDDenoisingStage', 'CausalVaeDecodingStage']
[09-20 06:40:26] [RealtimeInputValidationStage] started...
[09-20 06:40:26] [RealtimeInputValidationStage] finished in 0.0001 seconds
[09-20 06:40:26] [RealtimeTextEncodingStage] started...
[09-20 06:40:26] [RealtimeTextEncodingStage] finished in 0.0000 seconds
[09-20 06:40:26] [AuxiliaryConditionEncodingStage] started...
[09-20 06:40:26] [AuxiliaryConditionEncodingStage] finished in 0.0017 seconds
[09-20 06:40:26] [RealtimeImageVAEEncodingStage] started...
[09-20 06:40:26] [RealtimeImageVAEEncodingStage] finished in 0.0000 seconds
[09-20 06:40:26] [DMDTimestepPreparationStage] started...
[09-20 06:40:26] [DMDTimestepPreparationStage] finished in 0.0002 seconds
[09-20 06:40:26] [RealtimeChunkLatentPreparationStage] started...
[09-20 06:40:26] [RealtimeChunkLatentPreparationStage] finished in 0.0001 seconds
[09-20 06:40:26] [LingBotWorldCausalDMDDenoisingStage] started...
[09-20 06:40:26] realtime chunk timing: session_id=4e0bccecd93847f8b136c55b7ae869c8 request_id=4e0bccecd93847f8b136c55b7ae869c8_f592cd00935341249b199e8a5bfc1969 chunk_idx=0 event_id=None condition_kinds=['camera_actions'] request_prepare=0.50ms scheduler_forward=2663.46ms output_pace=0.00ms header_pack=0.01ms header_write=0.03ms raw_payload_build=1.04ms raw_write=4.90ms ws_write=4.93ms chunk_total=2670.79ms batches=1 frames=9 frame_shape=(480, 832, 3) raw_bytes=10782720 ws_payload_bytes=10783051 content_type=application/x-raw-rgb
[09-20 06:40:27] [LingBotWorldCausalDMDDenoisingStage] finished in 1.6135 seconds
[09-20 06:40:27] [CausalVaeDecodingStage] started...
[09-20 06:40:28] [CausalVaeDecodingStage] finished in 0.3482 seconds
[09-20 06:40:28] realtime raw RGB frame batch timing: request_id=4e0bccecd93847f8b136c55b7ae869c8_da2589d0ce354cfcb8a5ee6ee1d0e051 chunk_idx=1 sample_to_frames=1.33ms frames_to_bytes=2.07ms total=3.43ms batches=1 frames=12 frame_shape=(480, 832, 3) raw_bytes=14376960 content_type=application/x-raw-rgb
[09-20 06:40:28] Pixel data generated successfully in [92m1.99[0;0m seconds
[09-20 06:40:28] Peak memory usage: 82744.00 MB
[09-20 06:40:28] Adjusting number of frames from 21 to 21 based on model
[09-20 06:40:28] Sampling params:
                       width: 832
                      height: 480
                  num_frames: 21
                         fps: 16
                      prompt: <redacted, len=62>
                  neg_prompt: None
                        seed: 42
                 infer_steps: 4
      num_outputs_per_prompt: 1
              guidance_scale: 1.0
     embedded_guidance_scale: 6.0
                    n_tokens: None
                  flow_shift: 5.0
                  image_path: inputs/uploads/4e0bccecd93847f8b136c55b7ae869c8_first_frame
                 save_output: False
            output_file_path: outputs/4e0bccecd93847f8b136c55b7ae869c8_c5ca82ab95844f8181dd5757956be6e8.mp4
        
[09-20 06:40:28] Running pipeline stages: ['RealtimeInputValidationStage', 'RealtimeTextEncodingStage', 'AuxiliaryConditionEncodingStage', 'RealtimeImageVAEEncodingStage', 'DMDTimestepPreparationStage', 'RealtimeChunkLatentPreparationStage', 'LingBotWorldCausalDMDDenoisingStage', 'CausalVaeDecodingStage']
[09-20 06:40:28] [RealtimeInputValidationStage] started...
[09-20 06:40:28] [RealtimeInputValidationStage] finished in 0.0001 seconds
[09-20 06:40:28] [RealtimeTextEncodingStage] started...
[09-20 06:40:28] [RealtimeTextEncodingStage] finished in 0.0000 seconds
[09-20 06:40:28] [AuxiliaryConditionEncodingStage] started...
[09-20 06:40:28] [AuxiliaryConditionEncodingStage] finished in 0.0020 seconds
[09-20 06:40:28] [RealtimeImageVAEEncodingStage] started...
[09-20 06:40:28] [RealtimeImageVAEEncodingStage] finished in 0.0000 seconds
[09-20 06:40:28] [DMDTimestepPreparationStage] started...
[09-20 06:40:28] [DMDTimestepPreparationStage] finished in 0.0002 seconds
[09-20 06:40:28] [RealtimeChunkLatentPreparationStage] started...
[09-20 06:40:28] [RealtimeChunkLatentPreparationStage] finished in 0.0001 seconds
[09-20 06:40:28] [LingBotWorldCausalDMDDenoisingStage] started...
[09-20 06:40:28] realtime chunk timing: session_id=4e0bccecd93847f8b136c55b7ae869c8 request_id=4e0bccecd93847f8b136c55b7ae869c8_da2589d0ce354cfcb8a5ee6ee1d0e051 chunk_idx=1 event_id=None condition_kinds=['camera_actions'] request_prepare=0.46ms scheduler_forward=1990.51ms output_pace=0.00ms header_pack=0.01ms header_write=0.04ms raw_payload_build=1.57ms raw_write=5.62ms ws_write=5.66ms chunk_total=1999.08ms batches=1 frames=12 frame_shape=(480, 832, 3) raw_bytes=14376960 ws_payload_bytes=14377291 content_type=application/x-raw-rgb
[09-20 06:40:29] [LingBotWorldCausalDMDDenoisingStage] finished in 1.7486 seconds
[09-20 06:40:29] [CausalVaeDecodingStage] started...
[09-20 06:40:30] [CausalVaeDecodingStage] finished in 0.3482 seconds
[09-20 06:40:30] realtime raw RGB frame batch timing: request_id=4e0bccecd93847f8b136c55b7ae869c8_c5ca82ab95844f8181dd5757956be6e8 chunk_idx=2 sample_to_frames=1.31ms frames_to_bytes=2.14ms total=3.47ms batches=1 frames=12 frame_shape=(480, 832, 3) raw_bytes=14376960 content_type=application/x-raw-rgb
[09-20 06:40:30] Pixel data generated successfully in [92m2.13[0;0m seconds
[09-20 06:40:30] Peak memory usage: 82744.00 MB
[09-20 06:40:30] Adjusting number of frames from 21 to 21 based on model
[09-20 06:40:30] Sampling params:
                       width: 832
                      height: 480
                  num_frames: 21
                         fps: 16
                      prompt: <redacted, len=62>
                  neg_prompt: None
                        seed: 42
                 infer_steps: 4
      num_outputs_per_prompt: 1
              guidance_scale: 1.0
     embedded_guidance_scale: 6.0
                    n_tokens: None
                  flow_shift: 5.0
                  image_path: inputs/uploads/4e0bccecd93847f8b136c55b7ae869c8_first_frame
                 save_output: False
            output_file_path: outputs/4e0bccecd93847f8b136c55b7ae869c8_b07701138ae243bc96401d0bde69cf7d.mp4
        
[09-20 06:40:30] Running pipeline stages: ['RealtimeInputValidationStage', 'RealtimeTextEncodingStage', 'AuxiliaryConditionEncodingStage', 'RealtimeImageVAEEncodingStage', 'DMDTimestepPreparationStage', 'RealtimeChunkLatentPreparationStage', 'LingBotWorldCausalDMDDenoisingStage', 'CausalVaeDecodingStage']
[09-20 06:40:30] [RealtimeInputValidationStage] started...
[09-20 06:40:30] [RealtimeInputValidationStage] finished in 0.0001 seconds
[09-20 06:40:30] [RealtimeTextEncodingStage] started...
[09-20 06:40:30] [RealtimeTextEncodingStage] finished in 0.0000 seconds
[09-20 06:40:30] [AuxiliaryConditionEncodingStage] started...
[09-20 06:40:30] [AuxiliaryConditionEncodingStage] finished in 0.0021 seconds
[09-20 06:40:30] [RealtimeImageVAEEncodingStage] started...
[09-20 06:40:30] [RealtimeImageVAEEncodingStage] finished in 0.0000 seconds
[09-20 06:40:30] [DMDTimestepPreparationStage] started...
[09-20 06:40:30] [DMDTimestepPreparationStage] finished in 0.0002 seconds
[09-20 06:40:30] [RealtimeChunkLatentPreparationStage] started...
[09-20 06:40:30] [RealtimeChunkLatentPreparationStage] finished in 0.0001 seconds
[09-20 06:40:30] [LingBotWorldCausalDMDDenoisingStage] started...
[09-20 06:40:30] realtime chunk timing: session_id=4e0bccecd93847f8b136c55b7ae869c8 request_id=4e0bccecd93847f8b136c55b7ae869c8_c5ca82ab95844f8181dd5757956be6e8 chunk_idx=2 event_id=None condition_kinds=['camera_actions'] request_prepare=0.47ms scheduler_forward=2125.29ms output_pace=0.00ms header_pack=0.01ms header_write=0.03ms raw_payload_build=1.50ms raw_write=4.95ms ws_write=4.98ms chunk_total=2133.10ms batches=1 frames=12 frame_shape=(480, 832, 3) raw_bytes=14376960 ws_payload_bytes=14377291 content_type=application/x-raw-rgb
[09-20 06:40:32] [LingBotWorldCausalDMDDenoisingStage] finished in 1.8941 seconds
[09-20 06:40:32] [CausalVaeDecodingStage] started...
[09-20 06:40:32] [CausalVaeDecodingStage] finished in 0.3474 seconds
[09-20 06:40:32] realtime raw RGB frame batch timing: request_id=4e0bccecd93847f8b136c55b7ae869c8_b07701138ae243bc96401d0bde69cf7d chunk_idx=3 sample_to_frames=1.33ms frames_to_bytes=2.36ms total=3.72ms batches=1 frames=12 frame_shape=(480, 832, 3) raw_bytes=14376960 content_type=application/x-raw-rgb
[09-20 06:40:32] Pixel data generated successfully in [92m2.27[0;0m seconds
[09-20 06:40:32] Peak memory usage: 82744.00 MB
[09-20 06:40:32] Adjusting number of frames from 21 to 21 based on model
[09-20 06:40:32] Sampling params:
                       width: 832
                      height: 480
                  num_frames: 21
                         fps: 16
                      prompt: <redacted, len=62>
                  neg_prompt: None
                        seed: 42
                 infer_steps: 4
      num_outputs_per_prompt: 1
              guidance_scale: 1.0
     embedded_guidance_scale: 6.0
                    n_tokens: None
                  flow_shift: 5.0
                  image_path: inputs/uploads/4e0bccecd93847f8b136c55b7ae869c8_first_frame
                 save_output: False
            output_file_path: outputs/4e0bccecd93847f8b136c55b7ae869c8_1b255467ff954836b9a52bbd3d7491c5.mp4
        
[09-20 06:40:32] Running pipeline stages: ['RealtimeInputValidationStage', 'RealtimeTextEncodingStage', 'AuxiliaryConditionEncodingStage', 'RealtimeImageVAEEncodingStage', 'DMDTimestepPreparationStage', 'RealtimeChunkLatentPreparationStage', 'LingBotWorldCausalDMDDenoisingStage', 'CausalVaeDecodingStage']
[09-20 06:40:32] [RealtimeInputValidationStage] started...
[09-20 06:40:32] [RealtimeInputValidationStage] finished in 0.0001 seconds
[09-20 06:40:32] [RealtimeTextEncodingStage] started...
[09-20 06:40:32] [RealtimeTextEncodingStage] finished in 0.0000 seconds
[09-20 06:40:32] [AuxiliaryConditionEncodingStage] started...
[09-20 06:40:32] [AuxiliaryConditionEncodingStage] finished in 0.0021 seconds
[09-20 06:40:32] [RealtimeImageVAEEncodingStage] started...
[09-20 06:40:32] [RealtimeImageVAEEncodingStage] finished in 0.0000 seconds
[09-20 06:40:32] [DMDTimestepPreparationStage] started...
[09-20 06:40:32] [DMDTimestepPreparationStage] finished in 0.0002 seconds
[09-20 06:40:32] [RealtimeChunkLatentPreparationStage] started...
[09-20 06:40:32] [RealtimeChunkLatentPreparationStage] finished in 0.0001 seconds
[09-20 06:40:32] [LingBotWorldCausalDMDDenoisingStage] started...
[09-20 06:40:32] realtime chunk timing: session_id=4e0bccecd93847f8b136c55b7ae869c8 request_id=4e0bccecd93847f8b136c55b7ae869c8_b07701138ae243bc96401d0bde69cf7d chunk_idx=3 event_id=None condition_kinds=['camera_actions'] request_prepare=0.46ms scheduler_forward=2267.81ms output_pace=0.00ms header_pack=0.01ms header_write=0.04ms raw_payload_build=1.41ms raw_write=4.30ms ws_write=4.34ms chunk_total=2274.88ms batches=1 frames=12 frame_shape=(480, 832, 3) raw_bytes=14376960 ws_payload_bytes=14377291 content_type=application/x-raw-rgb
[09-20 06:40:34] [LingBotWorldCausalDMDDenoisingStage] finished in 2.0378 seconds
[09-20 06:40:34] [CausalVaeDecodingStage] started...
[09-20 06:40:34] [CausalVaeDecodingStage] finished in 0.3466 seconds
[09-20 06:40:34] realtime raw RGB frame batch timing: request_id=4e0bccecd93847f8b136c55b7ae869c8_1b255467ff954836b9a52bbd3d7491c5 chunk_idx=4 sample_to_frames=1.55ms frames_to_bytes=2.05ms total=3.63ms batches=1 frames=12 frame_shape=(480, 832, 3) raw_bytes=14376960 content_type=application/x-raw-rgb
[09-20 06:40:35] Pixel data generated successfully in [92m2.41[0;0m seconds
[09-20 06:40:35] Peak memory usage: 82744.00 MB
[09-20 06:40:35] Adjusting number of frames from 21 to 21 based on model
[09-20 06:40:35] Sampling params:
                       width: 832
                      height: 480
                  num_frames: 21
                         fps: 16
                      prompt: <redacted, len=62>
                  neg_prompt: None
                        seed: 42
                 infer_steps: 4
      num_outputs_per_prompt: 1
              guidance_scale: 1.0
     embedded_guidance_scale: 6.0
                    n_tokens: None
                  flow_shift: 5.0
                  image_path: inputs/uploads/4e0bccecd93847f8b136c55b7ae869c8_first_frame
                 save_output: False
            output_file_path: outputs/4e0bccecd93847f8b136c55b7ae869c8_033e5cb607d740d685c3f8a953b54015.mp4
        
[09-20 06:40:35] Running pipeline stages: ['RealtimeInputValidationStage', 'RealtimeTextEncodingStage', 'AuxiliaryConditionEncodingStage', 'RealtimeImageVAEEncodingStage', 'DMDTimestepPreparationStage', 'RealtimeChunkLatentPreparationStage', 'LingBotWorldCausalDMDDenoisingStage', 'CausalVaeDecodingStage']
[09-20 06:40:35] [RealtimeInputValidationStage] started...
[09-20 06:40:35] [RealtimeInputValidationStage] finished in 0.0001 seconds
[09-20 06:40:35] [RealtimeTextEncodingStage] started...
[09-20 06:40:35] [RealtimeTextEncodingStage] finished in 0.0000 seconds
[09-20 06:40:35] [AuxiliaryConditionEncodingStage] started...
[09-20 06:40:35] [AuxiliaryConditionEncodingStage] finished in 0.0022 seconds
[09-20 06:40:35] [RealtimeImageVAEEncodingStage] started...
[09-20 06:40:35] [RealtimeImageVAEEncodingStage] finished in 0.0000 seconds
[09-20 06:40:35] [DMDTimestepPreparationStage] started...
[09-20 06:40:35] [DMDTimestepPreparationStage] finished in 0.0003 seconds
[09-20 06:40:35] [RealtimeChunkLatentPreparationStage] started...
[09-20 06:40:35] [RealtimeChunkLatentPreparationStage] finished in 0.0001 seconds
[09-20 06:40:35] realtime chunk timing: session_id=4e0bccecd93847f8b136c55b7ae869c8 request_id=4e0bccecd93847f8b136c55b7ae869c8_1b255467ff954836b9a52bbd3d7491c5 chunk_idx=4 event_id=None condition_kinds=['camera_actions'] request_prepare=0.46ms scheduler_forward=2413.02ms output_pace=0.00ms header_pack=0.01ms header_write=0.03ms raw_payload_build=1.41ms raw_write=4.37ms ws_write=4.40ms chunk_total=2420.15ms batches=1 frames=12 frame_shape=(480, 832, 3) raw_bytes=14376960 ws_payload_bytes=14377291 content_type=application/x-raw-rgb
[09-20 06:40:35] [LingBotWorldCausalDMDDenoisingStage] started...
[09-20 06:40:37] [LingBotWorldCausalDMDDenoisingStage] finished in 2.1791 seconds
[09-20 06:40:37] [CausalVaeDecodingStage] started...
[09-20 06:40:37] [CausalVaeDecodingStage] finished in 0.3475 seconds
[09-20 06:40:37] realtime raw RGB frame batch timing: request_id=4e0bccecd93847f8b136c55b7ae869c8_033e5cb607d740d685c3f8a953b54015 chunk_idx=5 sample_to_frames=1.33ms frames_to_bytes=2.09ms total=3.45ms batches=1 frames=12 frame_shape=(480, 832, 3) raw_bytes=14376960 content_type=application/x-raw-rgb
[09-20 06:40:37] Pixel data generated successfully in [92m2.55[0;0m seconds
[09-20 06:40:37] Peak memory usage: 82744.00 MB
[09-20 06:40:37] Adjusting number of frames from 21 to 21 based on model
[09-20 06:40:37] Sampling params:
                       width: 832
                      height: 480
                  num_frames: 21
                         fps: 16
                      prompt: <redacted, len=62>
                  neg_prompt: None
                        seed: 42
                 infer_steps: 4
      num_outputs_per_prompt: 1
              guidance_scale: 1.0
     embedded_guidance_scale: 6.0
                    n_tokens: None
                  flow_shift: 5.0
                  image_path: inputs/uploads/4e0bccecd93847f8b136c55b7ae869c8_first_frame
                 save_output: False
            output_file_path: outputs/4e0bccecd93847f8b136c55b7ae869c8_554bf8342d0b485f906d01b95cb59fcc.mp4
        
[09-20 06:40:37] Running pipeline stages: ['RealtimeInputValidationStage', 'RealtimeTextEncodingStage', 'AuxiliaryConditionEncodingStage', 'RealtimeImageVAEEncodingStage', 'DMDTimestepPreparationStage', 'RealtimeChunkLatentPreparationStage', 'LingBotWorldCausalDMDDenoisingStage', 'CausalVaeDecodingStage']
[09-20 06:40:37] [RealtimeInputValidationStage] started...
[09-20 06:40:37] [RealtimeInputValidationStage] finished in 0.0001 seconds
[09-20 06:40:37] [RealtimeTextEncodingStage] started...
[09-20 06:40:37] [RealtimeTextEncodingStage] finished in 0.0000 seconds
[09-20 06:40:37] [AuxiliaryConditionEncodingStage] started...
[09-20 06:40:37] [AuxiliaryConditionEncodingStage] finished in 0.0022 seconds
[09-20 06:40:37] [RealtimeImageVAEEncodingStage] started...
[09-20 06:40:37] [RealtimeImageVAEEncodingStage] finished in 0.0000 seconds
[09-20 06:40:37] [DMDTimestepPreparationStage] started...
[09-20 06:40:37] [DMDTimestepPreparationStage] finished in 0.0002 seconds
[09-20 06:40:37] [RealtimeChunkLatentPreparationStage] started...
[09-20 06:40:37] [RealtimeChunkLatentPreparationStage] finished in 0.0001 seconds
[09-20 06:40:37] [LingBotWorldCausalDMDDenoisingStage] started...
[09-20 06:40:37] realtime chunk timing: session_id=4e0bccecd93847f8b136c55b7ae869c8 request_id=4e0bccecd93847f8b136c55b7ae869c8_033e5cb607d740d685c3f8a953b54015 chunk_idx=5 event_id=None condition_kinds=['camera_actions'] request_prepare=0.45ms scheduler_forward=2550.92ms output_pace=0.00ms header_pack=0.01ms header_write=0.03ms raw_payload_build=1.40ms raw_write=4.49ms ws_write=4.53ms chunk_total=2558.18ms batches=1 frames=12 frame_shape=(480, 832, 3) raw_bytes=14376960 ws_payload_bytes=14377291 content_type=application/x-raw-rgb
[09-20 06:40:39] [LingBotWorldCausalDMDDenoisingStage] finished in 2.1873 seconds
[09-20 06:40:39] [CausalVaeDecodingStage] started...
[09-20 06:40:40] [CausalVaeDecodingStage] finished in 0.3468 seconds
[09-20 06:40:40] realtime raw RGB frame batch timing: request_id=4e0bccecd93847f8b136c55b7ae869c8_554bf8342d0b485f906d01b95cb59fcc chunk_idx=6 sample_to_frames=1.28ms frames_to_bytes=2.06ms total=3.37ms batches=1 frames=12 frame_shape=(480, 832, 3) raw_bytes=14376960 content_type=application/x-raw-rgb
[09-20 06:40:40] Pixel data generated successfully in [92m2.56[0;0m seconds
[09-20 06:40:40] Peak memory usage: 82744.00 MB
[09-20 06:40:40] Adjusting number of frames from 21 to 21 based on model
[09-20 06:40:40] Sampling params:
                       width: 832
                      height: 480
                  num_frames: 21
                         fps: 16
                      prompt: <redacted, len=62>
                  neg_prompt: None
                        seed: 42
                 infer_steps: 4
      num_outputs_per_prompt: 1
              guidance_scale: 1.0
     embedded_guidance_scale: 6.0
                    n_tokens: None
                  flow_shift: 5.0
                  image_path: inputs/uploads/4e0bccecd93847f8b136c55b7ae869c8_first_frame
                 save_output: False
            output_file_path: outputs/4e0bccecd93847f8b136c55b7ae869c8_41fa6bb63f404d2fa1b5101bfd2ae8c8.mp4
        
[09-20 06:40:40] Running pipeline stages: ['RealtimeInputValidationStage', 'RealtimeTextEncodingStage', 'AuxiliaryConditionEncodingStage', 'RealtimeImageVAEEncodingStage', 'DMDTimestepPreparationStage', 'RealtimeChunkLatentPreparationStage', 'LingBotWorldCausalDMDDenoisingStage', 'CausalVaeDecodingStage']
[09-20 06:40:40] [RealtimeInputValidationStage] started...
[09-20 06:40:40] [RealtimeInputValidationStage] finished in 0.0001 seconds
[09-20 06:40:40] [RealtimeTextEncodingStage] started...
[09-20 06:40:40] [RealtimeTextEncodingStage] finished in 0.0000 seconds
[09-20 06:40:40] [AuxiliaryConditionEncodingStage] started...
[09-20 06:40:40] [AuxiliaryConditionEncodingStage] finished in 0.0022 seconds
[09-20 06:40:40] [RealtimeImageVAEEncodingStage] started...
[09-20 06:40:40] [RealtimeImageVAEEncodingStage] finished in 0.0000 seconds
[09-20 06:40:40] [DMDTimestepPreparationStage] started...
[09-20 06:40:40] [DMDTimestepPreparationStage] finished in 0.0002 seconds
[09-20 06:40:40] [RealtimeChunkLatentPreparationStage] started...
[09-20 06:40:40] [RealtimeChunkLatentPreparationStage] finished in 0.0001 seconds
[09-20 06:40:40] [LingBotWorldCausalDMDDenoisingStage] started...
[09-20 06:40:40] realtime chunk timing: session_id=4e0bccecd93847f8b136c55b7ae869c8 request_id=4e0bccecd93847f8b136c55b7ae869c8_554bf8342d0b485f906d01b95cb59fcc chunk_idx=6 event_id=None condition_kinds=['camera_actions'] request_prepare=0.47ms scheduler_forward=2563.50ms output_pace=0.00ms header_pack=0.01ms header_write=0.03ms raw_payload_build=1.39ms raw_write=4.37ms ws_write=4.41ms chunk_total=2570.63ms batches=1 frames=12 frame_shape=(480, 832, 3) raw_bytes=14376960 ws_payload_bytes=14377291 content_type=application/x-raw-rgb
[09-20 06:40:42] [LingBotWorldCausalDMDDenoisingStage] finished in 2.1841 seconds
[09-20 06:40:42] [CausalVaeDecodingStage] started...
[09-20 06:40:42] [CausalVaeDecodingStage] finished in 0.3463 seconds
[09-20 06:40:42] realtime raw RGB frame batch timing: request_id=4e0bccecd93847f8b136c55b7ae869c8_41fa6bb63f404d2fa1b5101bfd2ae8c8 chunk_idx=7 sample_to_frames=1.29ms frames_to_bytes=2.09ms total=3.41ms batches=1 frames=12 frame_shape=(480, 832, 3) raw_bytes=14376960 content_type=application/x-raw-rgb
[09-20 06:40:42] Pixel data generated successfully in [92m2.56[0;0m seconds
[09-20 06:40:42] Peak memory usage: 82744.00 MB
[09-20 06:40:42] Adjusting number of frames from 21 to 21 based on model
[09-20 06:40:42] Sampling params:
                       width: 832
                      height: 480
                  num_frames: 21
                         fps: 16
                      prompt: <redacted, len=62>
                  neg_prompt: None
                        seed: 42
                 infer_steps: 4
      num_outputs_per_prompt: 1
              guidance_scale: 1.0
     embedded_guidance_scale: 6.0
                    n_tokens: None
                  flow_shift: 5.0
                  image_path: inputs/uploads/4e0bccecd93847f8b136c55b7ae869c8_first_frame
                 save_output: False
            output_file_path: outputs/4e0bccecd93847f8b136c55b7ae869c8_4f8018f3a9124c8cb0ed2c11af39fb06.mp4
        
[09-20 06:40:42] Running pipeline stages: ['RealtimeInputValidationStage', 'RealtimeTextEncodingStage', 'AuxiliaryConditionEncodingStage', 'RealtimeImageVAEEncodingStage', 'DMDTimestepPreparationStage', 'RealtimeChunkLatentPreparationStage', 'LingBotWorldCausalDMDDenoisingStage', 'CausalVaeDecodingStage']
[09-20 06:40:42] [RealtimeInputValidationStage] started...
[09-20 06:40:42] [RealtimeInputValidationStage] finished in 0.0001 seconds
[09-20 06:40:42] [RealtimeTextEncodingStage] started...
[09-20 06:40:42] [RealtimeTextEncodingStage] finished in 0.0000 seconds
[09-20 06:40:42] [AuxiliaryConditionEncodingStage] started...
[09-20 06:40:42] [AuxiliaryConditionEncodingStage] finished in 0.0029 seconds
[09-20 06:40:42] [RealtimeImageVAEEncodingStage] started...
[09-20 06:40:42] [RealtimeImageVAEEncodingStage] finished in 0.0000 seconds
[09-20 06:40:42] [DMDTimestepPreparationStage] started...
[09-20 06:40:42] [DMDTimestepPreparationStage] finished in 0.0002 seconds
[09-20 06:40:42] realtime chunk timing: session_id=4e0bccecd93847f8b136c55b7ae869c8 request_id=4e0bccecd93847f8b136c55b7ae869c8_41fa6bb63f404d2fa1b5101bfd2ae8c8 chunk_idx=7 event_id=None condition_kinds=['camera_actions'] request_prepare=0.46ms scheduler_forward=2556.45ms output_pace=0.00ms header_pack=0.01ms header_write=0.03ms raw_payload_build=1.42ms raw_write=4.40ms ws_write=4.43ms chunk_total=2563.62ms batches=1 frames=12 frame_shape=(480, 832, 3) raw_bytes=14376960 ws_payload_bytes=14377291 content_type=application/x-raw-rgb
[09-20 06:40:42] [RealtimeChunkLatentPreparationStage] started...
[09-20 06:40:42] [RealtimeChunkLatentPreparationStage] finished in 0.0001 seconds
[09-20 06:40:42] [LingBotWorldCausalDMDDenoisingStage] started...
[09-20 06:40:44] [LingBotWorldCausalDMDDenoisingStage] finished in 2.1818 seconds
[09-20 06:40:44] [CausalVaeDecodingStage] started...
[09-20 06:40:45] [CausalVaeDecodingStage] finished in 0.3472 seconds
[09-20 06:40:45] realtime raw RGB frame batch timing: request_id=4e0bccecd93847f8b136c55b7ae869c8_4f8018f3a9124c8cb0ed2c11af39fb06 chunk_idx=8 sample_to_frames=1.27ms frames_to_bytes=2.08ms total=3.38ms batches=1 frames=12 frame_shape=(480, 832, 3) raw_bytes=14376960 content_type=application/x-raw-rgb
[09-20 06:40:45] Pixel data generated successfully in [92m2.55[0;0m seconds
[09-20 06:40:45] Peak memory usage: 82744.00 MB
[09-20 06:40:45] Adjusting number of frames from 21 to 21 based on model
[09-20 06:40:45] Sampling params:
                       width: 832
                      height: 480
                  num_frames: 21
                         fps: 16
                      prompt: <redacted, len=62>
                  neg_prompt: None
                        seed: 42
                 infer_steps: 4
      num_outputs_per_prompt: 1
              guidance_scale: 1.0
     embedded_guidance_scale: 6.0
                    n_tokens: None
                  flow_shift: 5.0
                  image_path: inputs/uploads/4e0bccecd93847f8b136c55b7ae869c8_first_frame
                 save_output: False
            output_file_path: outputs/4e0bccecd93847f8b136c55b7ae869c8_d6ca6045eef94df6bc023db8886f9072.mp4
        
[09-20 06:40:45] Running pipeline stages: ['RealtimeInputValidationStage', 'RealtimeTextEncodingStage', 'AuxiliaryConditionEncodingStage', 'RealtimeImageVAEEncodingStage', 'DMDTimestepPreparationStage', 'RealtimeChunkLatentPreparationStage', 'LingBotWorldCausalDMDDenoisingStage', 'CausalVaeDecodingStage']
[09-20 06:40:45] [RealtimeInputValidationStage] started...
[09-20 06:40:45] [RealtimeInputValidationStage] finished in 0.0001 seconds
[09-20 06:40:45] [RealtimeTextEncodingStage] started...
[09-20 06:40:45] [RealtimeTextEncodingStage] finished in 0.0000 seconds
[09-20 06:40:45] [AuxiliaryConditionEncodingStage] started...
[09-20 06:40:45] [AuxiliaryConditionEncodingStage] finished in 0.0023 seconds
[09-20 06:40:45] [RealtimeImageVAEEncodingStage] started...
[09-20 06:40:45] [RealtimeImageVAEEncodingStage] finished in 0.0000 seconds
[09-20 06:40:45] [DMDTimestepPreparationStage] started...
[09-20 06:40:45] [DMDTimestepPreparationStage] finished in 0.0002 seconds
[09-20 06:40:45] [RealtimeChunkLatentPreparationStage] started...
[09-20 06:40:45] [RealtimeChunkLatentPreparationStage] finished in 0.0001 seconds
[09-20 06:40:45] [LingBotWorldCausalDMDDenoisingStage] started...
[09-20 06:40:45] realtime chunk timing: session_id=4e0bccecd93847f8b136c55b7ae869c8 request_id=4e0bccecd93847f8b136c55b7ae869c8_4f8018f3a9124c8cb0ed2c11af39fb06 chunk_idx=8 event_id=None condition_kinds=['camera_actions'] request_prepare=0.45ms scheduler_forward=2553.12ms output_pace=0.00ms header_pack=0.01ms header_write=0.03ms raw_payload_build=1.43ms raw_write=4.92ms ws_write=4.96ms chunk_total=2560.82ms batches=1 frames=12 frame_shape=(480, 832, 3) raw_bytes=14376960 ws_payload_bytes=14377291 content_type=application/x-raw-rgb
[09-20 06:40:47] [LingBotWorldCausalDMDDenoisingStage] finished in 2.1819 seconds
[09-20 06:40:47] [CausalVaeDecodingStage] started...
[09-20 06:40:47] [CausalVaeDecodingStage] finished in 0.3463 seconds
[09-20 06:40:47] realtime raw RGB frame batch timing: request_id=4e0bccecd93847f8b136c55b7ae869c8_d6ca6045eef94df6bc023db8886f9072 chunk_idx=9 sample_to_frames=1.32ms frames_to_bytes=2.07ms total=3.42ms batches=1 frames=12 frame_shape=(480, 832, 3) raw_bytes=14376960 content_type=application/x-raw-rgb
[09-20 06:40:47] Pixel data generated successfully in [92m2.56[0;0m seconds
[09-20 06:40:47] Peak memory usage: 82744.00 MB
[09-20 06:40:47] realtime chunk timing: session_id=4e0bccecd93847f8b136c55b7ae869c8 request_id=4e0bccecd93847f8b136c55b7ae869c8_d6ca6045eef94df6bc023db8886f9072 chunk_idx=9 event_id=None condition_kinds=['camera_actions'] request_prepare=0.45ms scheduler_forward=2557.09ms output_pace=0.00ms header_pack=0.02ms header_write=0.03ms raw_payload_build=1.44ms raw_write=4.88ms ws_write=4.92ms chunk_total=2563.97ms batches=1 frames=12 frame_shape=(480, 832, 3) raw_bytes=14376960 ws_payload_bytes=14377291 content_type=application/x-raw-rgb
[09-20 06:40:47] generation reached max chunks, session_id=4e0bccecd93847f8b136c55b7ae869c8, max_chunks=10
[09-20 06:40:47] terminating session, session_id=4e0bccecd93847f8b136c55b7ae869c8
[09-20 06:40:47] Realtime session release: session_id=4e0bccecd93847f8b136c55b7ae869c8 released=True
[2026-09-20 06:40:49] [32mINFO[0m:     Shutting down
[2026-09-20 06:40:49] [32mINFO[0m:     Waiting for application shutdown.
[09-20 06:40:49] FastAPI app is shutting down...
[2026-09-20 06:40:49] [32mINFO[0m:     Application shutdown complete.
[2026-09-20 06:40:49] [32mINFO[0m:     Finished server process [[36m125918[0m]
/usr/lib/python3.12/multiprocessing/resource_tracker.py:254: UserWarning: resource_tracker: There appear to be 1 leaked semaphore objects to clean up at shutdown
  warnings.warn('resource_tracker: There appear to be %d '
