
================================================================
[ROPE-R2-B1] sensenova-u1
  CUDA_VISIBLE_DEVICES=0
  sglang \
  generate \
  --backend=sglang \
  --model-path=sensenova/SenseNova-U1.5-8B-MoT \
  --prompt=A curious raccoon peers through a vibrant field of yellow sunflowers, its eyes wide with interest. \
  --seed=42 \
  --num-gpus=1 \
  --enable-torch-compile=false \
  --performance-mode=speed \
  --width=2048 \
  --height=2048 \
  --num-inference-steps=50 \
  --guidance-scale=4 \
  --warmup-resolutions=2048x2048 \
  --quality=lossless \
  --save-output \
  --warmup-mode \
  request \
  --perf-dump-path \
  /campaign/artifacts/sensenova-u1/rope-r2-b1/sensenova-u1_rope-r2-b1.json \
  --output-path \
  /campaign/artifacts/sensenova-u1/rope-r2-b1 \
  --output-file-name \
  sensenova-u1-rope-r2-b1

Flax classes are deprecated and will be removed in Diffusers v1.0.0. We recommend migrating to PyTorch classes or pinning your version of Diffusers.
Flax classes are deprecated and will be removed in Diffusers v1.0.0. We recommend migrating to PyTorch classes or pinning your version of Diffusers.
[09-19 19:13:42] Applying performance_mode=speed
[09-19 19:13:42] server_args: {"model_path": "sensenova/SenseNova-U1.5-8B-MoT", "model_subfolder": null, "model_variant": null, "model_id": null, "served_model_name": "sensenova/SenseNova-U1.5-8B-MoT", "backend": "sglang", "attention_backend": null, "enable_attention_backend_autotune": false, "attention_backend_config": null, "component_attention_backends": {}, "cache_dit_config": null, "nccl_port": null, "enable_nccl_nvls": false, "trust_remote_code": false, "revision": null, "num_gpus": 1, "performance_mode": "speed", "base_gpu_id": 0, "gpu_ids": null, "nnodes": 1, "node_rank": 0, "dist_init_addr": null, "tp_size": 1, "sp_degree": 1, "ulysses_degree": 1, "ring_degree": 1, "kv_gather_degree": 1, "sp_split_auto": false, "dp_size": 1, "enable_cfg_parallel": false, "cfg_parallel_degree": 1, "encoder_parallel": "auto", "hsdp_replicate_dim": 1, "hsdp_shard_dim": 1, "dist_timeout": 3600, "scheduler_rpc_timeout": null, "pipeline_class_name": null, "lora_path": null, "lora_nickname": "default", "lora_scale": 1.0, "lora_alpha": null, "lora_merge_mode": "auto", "lora_weight_name": null, "component_paths": {}, "component_weights_paths": {}, "component_direct_gpu_weight_loading": {}, "component_quantizations": {}, "component_precisions": {}, "component_quantization_ignored_layers": {}, "load_diffusion_decoder": false, "transformer_weights_path": null, "minimax_h3_adaln_cache_path": null, "minimax_h3_adaln_online": false, "minimax_h3_adaln_plan_width": 4, "minimax_h3_adaln_host_cache_gb": 8.0, "quantization": null, "quantization_ignored_layers": null, "lora_target_modules": null, "component_residency": null, "cpu_offload_components": null, "dit_cpu_offload": false, "direct_gpu_weight_loading": false, "dit_layerwise_offload": false, "layerwise_offload_components": null, "dit_offload_prefetch_size": 0.0, "dit_layerwise_resident_layers": 0.0, "dit_layerwise_residency_policy": "leading", "layerwise_prefetch_size": {}, "layerwise_resident_layers": {}, "layerwise_residency_policy": {}, "offload_during_compile": true, "text_encoder_cpu_offload": false, "image_encoder_cpu_offload": false, "vae_cpu_offload": false, "use_fsdp_inference": false, "pin_cpu_memory": true, "ltx2_two_stage_device_mode": null, "comfyui_mode": false, "enable_torch_compile": false, "regional_compile": false, "enable_breakable_cuda_graph": false, "bcg_text_buckets": null, "enable_layerwise_nvtx_marker": false, "warmup_mode": "request", "warmup_resolutions": ["2048x2048"], "warmup_num_frames": null, "warmup_steps": 1, "warmup_sampling_params": null, "disable_autocast": false, "master_port": 30005, "host": "127.0.0.1", "port": 30000, "enable_metrics": false, "webui": false, "webui_port": 12312, "scheduler_port": 5641, "scheduler_ports": [5641], "batching_mode": "dynamic", "batching_max_size": 1, "batching_delay_ms": 0.0, "batching_config": null, "enable_batching_metrics": false, "strict_ports": false, "output_path": "/campaign/artifacts/sensenova-u1/rope-r2-b1", "input_save_path": "inputs/uploads", "prompt_file_path": null, "model_paths": {}, "model_loaded": {"transformer": true, "vae": true, "video_vae": true, "audio_vae": true, "video_dit": true, "audio_dit": true, "dual_tower_bridge": true}, "boundary_ratio": null, "disagg_role": "monolithic", "disagg_timeout": 3600, "disagg_downstream_wait_timeout": 1800, "disagg_dispatch_policy": "round_robin", "disagg_mode": false, "disagg_instance_id": 0, "disagg_max_slots_per_instance": 8, "disagg_transfer_redundancy": 1.25, "disagg_role_device": "auto", "disagg_transfer_backend": "auto", "disagg_transfer_pool_size": 268435456, "disagg_transfer_pin_memory": "auto", "disagg_p2p_hostname": "127.0.0.1", "disagg_ib_device": null, "disagg_server_addr": null, "encoder_urls": null, "denoiser_urls": null, "decoder_urls": null, "encoder_tp": null, "denoiser_tp": null, "denoiser_sp": null, "denoiser_ulysses": null, "denoiser_ring": null, "decoder_sp": null, "pool_work_endpoint": null, "pool_result_endpoint": null, "pool_control_endpoint": null, "pool_control_advertised_endpoint": null, "log_level": "info", "log_requests": false, "log_requests_level": 2, "log_requests_format": "text", "log_requests_target": null, "uvicorn_access_log_exclude_prefixes": [], "enable_cache_report": false, "enable_trace": false, "otlp_traces_endpoint": "localhost:4317", "otlp_service_name": null, "srt_encoder_url": null, "srt_encoder_connect_timeout": 3.05, "srt_encoder_timeout": 100, "pe_server_url": null}
[09-19 19:13:42] Local mode: True
[09-19 19:13:42] Starting server...
Flax classes are deprecated and will be removed in Diffusers v1.0.0. We recommend migrating to PyTorch classes or pinning your version of Diffusers.
Flax classes are deprecated and will be removed in Diffusers v1.0.0. We recommend migrating to PyTorch classes or pinning your version of Diffusers.
[09-19 19:13:55] Scheduler (dp replica 0) bind at endpoint: tcp://127.0.0.1:5641
[09-19 19:13:59] torch.compile cache: TORCHINDUCTOR_CACHE_DIR=/campaign/model-caches/sensenova-u1-cycle/sglang/torch_compile_cache/inductor TRITON_CACHE_DIR=/campaign/model-caches/sensenova-u1-cycle/sglang/torch_compile_cache/triton
[09-19 19:13:59] Initializing distributed environment with world_size=1, device=cuda:0, timeout=3600
[09-19 19:13:59] Setting distributed timeout to 3600 seconds
[09-19 19:14:01] No pipeline_class_name specified, using model_index.json
[09-19 19:14:03] Using pipeline from model_index.json: SenseNovaU1Pipeline
[09-19 19:14:03] Loading pipeline modules...
[09-19 19:14:03] vision_config is None. Initializing the NEOVisionConfig with default values.
[09-19 19:14:03] llm_config is None. Initializing the LlamaConfig config with default values (`LlamaConfig`).
[transformers] `torch_dtype` is deprecated! Use `dtype` instead!
[09-19 19:14:03] vision_config is None. Initializing the NEOVisionConfig with default values.
[09-19 19:14:03] llm_config is None. Initializing the LlamaConfig config with default values (`LlamaConfig`).

Loading weights:   0%|          | 0/1116 [00:00<?, ?it/s]
Loading weights:  79%|███████▉  | 886/1116 [00:00<00:00, 8831.35it/s]
Loading weights: 100%|██████████| 1116/1116 [00:00<00:00, 8892.84it/s]
[09-19 19:14:12] Loaded SenseNova-U1 model from sensenova/SenseNova-U1.5-8B-MoT
[09-19 19:14:12] Creating pipeline stages...
[09-19 19:14:12] Pipeline instantiated
[09-19 19:14:12] Worker 0: Initialized device, model, and distributed environment.
[09-19 19:14:12] Worker 0: Scheduler loop started.

Warmup requests:   0%|          | 0/1 [00:00<?, ?req/s]
Warmup requests: 100%|██████████| 1/1 [00:01<00:00,  1.92s/req, server warmup req (2048x2048, 2/50 steps), last=1.92s]
Warmup requests: 100%|██████████| 1/1 [00:01<00:00,  1.92s/req, server warmup req (2048x2048, 2/50 steps), last=1.92s]
[09-19 19:14:14] Processing 1 grouped request(s)
[09-19 19:14:14] Sampling params:
                       width: 2048
                      height: 2048
                  num_frames: 1
                         fps: 1
                      prompt: <redacted, len=98>
                  neg_prompt: None
                        seed: 42
                 infer_steps: 50
      num_outputs_per_prompt: 1
              guidance_scale: 4.0
     embedded_guidance_scale: 6.0
                    n_tokens: None
                  flow_shift: None
                  image_path: None
                 save_output: True
            output_file_path: /campaign/artifacts/sensenova-u1/rope-r2-b1/sensenova-u1-rope-r2-b1.png
        
[09-19 19:14:14] Running pipeline stages: ['InputValidationStage', 'sensenova_u1_generation_stage']
[09-19 19:14:14] [InputValidationStage] started...
[09-19 19:14:14] [InputValidationStage] finished in 0.0001 seconds
[09-19 19:14:14] [SenseNovaU1GenerationStage] started...
[09-19 19:14:33] [SenseNovaU1GenerationStage] finished in 19.2968 seconds
[09-19 19:14:33] Output saved to [1;36m/campaign/artifacts/sensenova-u1/rope-r2-b1/sensenova-u1-rope-r2-b1.png[0;0m
[09-19 19:14:33] Metrics dumped to: [1;36m/campaign/artifacts/sensenova-u1/rope-r2-b1/sensenova-u1_rope-r2-b1.json[0;0m
[09-19 19:14:33] Pixel data generated successfully in [92m19.78[0;0m seconds
[09-19 19:14:33] Warmed-up request processed in [92m19.33[0;0m seconds (with warmup excluded)
[09-19 19:14:33] Memory usage - Max peak: 36540.00 MB, Avg peak: 36540.00 MB
[09-19 19:14:33] Metrics dumped to: [1;36m/campaign/artifacts/sensenova-u1/rope-r2-b1/sensenova-u1_rope-r2-b1.json[0;0m
[93m[09-19 19:14:33] Generator was garbage collected without being shut down. Forcing local server and client cleanup.[0;0m
[93m[09-19 19:14:33] Local worker sglang-diffusionWorker-0 did not terminate gracefully, forcing.[0;0m
/usr/lib/python3.12/multiprocessing/resource_tracker.py:254: UserWarning: resource_tracker: There appear to be 1 leaked semaphore objects to clean up at shutdown
  warnings.warn('resource_tracker: There appear to be %d '
