Flax classes are deprecated and will be removed in Diffusers v1.0.0. We recommend migrating to PyTorch classes or pinning your version of Diffusers.
Flax classes are deprecated and will be removed in Diffusers v1.0.0. We recommend migrating to PyTorch classes or pinning your version of Diffusers.
[09-20 06:07:39] server_args: {"model_path": "robbyant/lingbot-world-v2-14b-causal-fast-diffusers", "model_subfolder": null, "model_variant": null, "model_id": null, "served_model_name": "robbyant/lingbot-world-v2-14b-causal-fast-diffusers", "backend": "auto", "attention_backend": null, "enable_attention_backend_autotune": false, "attention_backend_config": {}, "component_attention_backends": {}, "cache_dit_config": null, "nccl_port": null, "enable_nccl_nvls": false, "trust_remote_code": false, "revision": null, "num_gpus": 1, "performance_mode": "manual", "base_gpu_id": 0, "gpu_ids": null, "nnodes": 1, "node_rank": 0, "dist_init_addr": null, "tp_size": 1, "sp_degree": 1, "ulysses_degree": 1, "ring_degree": 1, "kv_gather_degree": 1, "sp_split_auto": false, "dp_size": 1, "enable_cfg_parallel": false, "cfg_parallel_degree": 1, "encoder_parallel": "auto", "hsdp_replicate_dim": 1, "hsdp_shard_dim": 1, "dist_timeout": 3600, "scheduler_rpc_timeout": null, "pipeline_class_name": null, "lora_path": null, "lora_nickname": "default", "lora_scale": 1.0, "lora_alpha": null, "lora_merge_mode": "auto", "lora_weight_name": null, "component_paths": {}, "component_weights_paths": {}, "component_direct_gpu_weight_loading": {}, "component_quantizations": {}, "component_precisions": {}, "component_quantization_ignored_layers": {}, "load_diffusion_decoder": false, "transformer_weights_path": null, "minimax_h3_adaln_cache_path": null, "minimax_h3_adaln_online": false, "minimax_h3_adaln_plan_width": 4, "minimax_h3_adaln_host_cache_gb": 8.0, "quantization": null, "quantization_ignored_layers": null, "lora_target_modules": null, "component_residency": null, "cpu_offload_components": null, "dit_cpu_offload": false, "direct_gpu_weight_loading": false, "dit_layerwise_offload": false, "layerwise_offload_components": null, "dit_offload_prefetch_size": 0.0, "dit_layerwise_resident_layers": 0.0, "dit_layerwise_residency_policy": "leading", "layerwise_prefetch_size": {}, "layerwise_resident_layers": {}, "layerwise_residency_policy": {}, "offload_during_compile": true, "text_encoder_cpu_offload": true, "image_encoder_cpu_offload": null, "vae_cpu_offload": false, "use_fsdp_inference": null, "pin_cpu_memory": true, "ltx2_two_stage_device_mode": null, "comfyui_mode": false, "enable_torch_compile": false, "regional_compile": false, "enable_breakable_cuda_graph": false, "bcg_text_buckets": null, "enable_layerwise_nvtx_marker": false, "warmup_mode": "server", "warmup_resolutions": ["832x480"], "warmup_num_frames": 9, "warmup_steps": 1, "warmup_sampling_params": null, "disable_autocast": false, "master_port": 23980, "host": "127.0.0.1", "port": 23880, "enable_metrics": false, "webui": false, "webui_port": 12312, "scheduler_port": 5637, "scheduler_ports": [5637], "batching_mode": "dynamic", "batching_max_size": 1, "batching_delay_ms": 0.0, "batching_config": null, "enable_batching_metrics": false, "strict_ports": false, "output_path": "outputs/", "input_save_path": "inputs/uploads", "prompt_file_path": null, "model_paths": {}, "model_loaded": {"transformer": true, "vae": true, "video_vae": true, "audio_vae": true, "video_dit": true, "audio_dit": true, "dual_tower_bridge": true}, "boundary_ratio": null, "disagg_role": "monolithic", "disagg_timeout": 3600, "disagg_downstream_wait_timeout": 1800, "disagg_dispatch_policy": "round_robin", "disagg_mode": false, "disagg_instance_id": 0, "disagg_max_slots_per_instance": 8, "disagg_transfer_redundancy": 1.25, "disagg_role_device": "auto", "disagg_transfer_backend": "auto", "disagg_transfer_pool_size": 268435456, "disagg_transfer_pin_memory": "auto", "disagg_p2p_hostname": "127.0.0.1", "disagg_ib_device": null, "disagg_server_addr": null, "encoder_urls": null, "denoiser_urls": null, "decoder_urls": null, "encoder_tp": null, "denoiser_tp": null, "denoiser_sp": null, "denoiser_ulysses": null, "denoiser_ring": null, "decoder_sp": null, "pool_work_endpoint": null, "pool_result_endpoint": null, "pool_control_endpoint": null, "pool_control_advertised_endpoint": null, "log_level": "info", "log_requests": false, "log_requests_level": 2, "log_requests_format": "text", "log_requests_target": null, "uvicorn_access_log_exclude_prefixes": [], "enable_cache_report": false, "enable_trace": false, "otlp_traces_endpoint": "localhost:4317", "otlp_service_name": null, "srt_encoder_url": null, "srt_encoder_connect_timeout": 3.05, "srt_encoder_timeout": 100, "pe_server_url": null}
[09-20 06:07:39] Starting server...
Flax classes are deprecated and will be removed in Diffusers v1.0.0. We recommend migrating to PyTorch classes or pinning your version of Diffusers.
Flax classes are deprecated and will be removed in Diffusers v1.0.0. We recommend migrating to PyTorch classes or pinning your version of Diffusers.
[09-20 06:07:52] Scheduler (dp replica 0) bind at endpoint: tcp://127.0.0.1:5637
[09-20 06:07:52] torch.compile cache: TORCHINDUCTOR_CACHE_DIR=/campaign/model-caches/lingbot-world-v2-cycle/sglang/torch_compile_cache/inductor TRITON_CACHE_DIR=/campaign/model-caches/lingbot-world-v2-cycle/sglang/torch_compile_cache/triton
[09-20 06:07:52] Initializing distributed environment with world_size=1, device=cuda:0, timeout=3600
[09-20 06:07:52] Setting distributed timeout to 3600 seconds
[09-20 06:07:53] No pipeline_class_name specified, using model_index.json
[09-20 06:07:55] Using pipeline from model_index.json: LingBotWorldCausalDMDPipeline
[09-20 06:07:55] Loading pipeline modules...
[09-20 06:07:55] Checking for cached model in Hugging Face Hub cache for robbyant/lingbot-world-v2-14b-causal-fast-diffusers...
[09-20 06:07:55] Found complete model in cache at /campaign/model-caches/lingbot-world-v2-cycle/huggingface/hub/models--robbyant--lingbot-world-v2-14b-causal-fast-diffusers/snapshots/59cccf49f2d2dd27418ae7a04b82b10868d455c2
[09-20 06:07:55] Model path: /campaign/model-caches/lingbot-world-v2-cycle/huggingface/hub/models--robbyant--lingbot-world-v2-14b-causal-fast-diffusers/snapshots/59cccf49f2d2dd27418ae7a04b82b10868d455c2
[09-20 06:07:55] Diffusers version: 0.35.0.dev0
[09-20 06:07:55] Loading pipeline modules from config: {'_class_name': 'LingBotWorldCausalDMDPipeline', '_diffusers_version': '0.35.0.dev0', 'boundary_ratio': 0.9, 'image_encoder': [None, None], 'image_processor': [None, None], 'scheduler': ['diffusers', 'UniPCMultistepScheduler'], 'text_encoder': ['transformers', 'UMT5EncoderModel'], 'tokenizer': ['transformers', 'T5TokenizerFast'], 'transformer': ['diffusers', 'CausalLingBotWorldTransformer3DModel'], 'transformer_2': [None, None], 'vae': ['diffusers', 'AutoencoderKLWan']}
[09-20 06:07:55] MoE pipeline detected. Adding transformer_2 to self.required_config_modules...
[09-20 06:07:55] Setting boundary ratio to 0.9
[09-20 06:07:55] Loading required components: ['text_encoder', 'tokenizer', 'vae', 'transformer', 'scheduler', 'image_encoder', 'image_processor', 'transformer_2']
[93m[09-20 06:07:55] Module image_encoder in model_index.json has null value, removing from required_config_modules[0;0m
[93m[09-20 06:07:55] Module image_processor in model_index.json has null value, removing from required_config_modules[0;0m
[93m[09-20 06:07:55] Module transformer_2 in model_index.json has null value, removing from required_config_modules[0;0m
[09-20 06:07:55] Memory-aware component load order: ['transformer', 'text_encoder', 'vae', 'tokenizer', 'scheduler']
Loading required modules:   0%|          | 0/5 [00:00<?, ?it/s][09-20 06:07:55] Loading transformer from /campaign/model-caches/lingbot-world-v2-cycle/huggingface/hub/models--robbyant--lingbot-world-v2-14b-causal-fast-diffusers/snapshots/59cccf49f2d2dd27418ae7a04b82b10868d455c2/transformer. avail mem: 138.65 GB
[09-20 06:07:55] Loading CausalLingBotWorldTransformer3DModel from 8 safetensors file(s) , param_dtype: torch.bfloat16

Loading safetensors checkpoint shards: 0%|          | 0/8[ALoading safetensors checkpoint shards: 100%|██████████| 8/8
[09-20 06:08:03] Attention backends for transformer: fa
[09-20 06:08:04] Loaded transformer: CausalLingBotWorldTransformer3DModel (sgl-diffusion version). model size: 40.4 GB, vram: 40.40 GB. avail GPU mem: 96.74 GB
Loading required modules:  20%|██        | 1/5 [00:09<00:36,  9.01s/it][09-20 06:08:04] Loading text_encoder from /campaign/model-caches/lingbot-world-v2-cycle/huggingface/hub/models--robbyant--lingbot-world-v2-14b-causal-fast-diffusers/snapshots/59cccf49f2d2dd27418ae7a04b82b10868d455c2/text_encoder. avail mem: 96.74 GB

Loading safetensors checkpoint shards: 0%|          | 0/3[A
Loading safetensors checkpoint shards: 33%|███▎      | 1/3[A
Loading safetensors checkpoint shards: 67%|██████▋   | 2/3[A
Loading safetensors checkpoint shards: 100%|██████████| 3/3[ALoading safetensors checkpoint shards: 100%|██████████| 3/3
[09-20 06:08:05] Loaded text_encoder: UMT5EncoderModel (sgl-diffusion version). model size: 10.58 GB, host pageable: 10.58 GB. avail GPU mem: 96.74 GB
Loading required modules:  40%|████      | 2/5 [00:10<00:13,  4.34s/it][09-20 06:08:05] Loading vae from /campaign/model-caches/lingbot-world-v2-cycle/huggingface/hub/models--robbyant--lingbot-world-v2-14b-causal-fast-diffusers/snapshots/59cccf49f2d2dd27418ae7a04b82b10868d455c2/vae. avail mem: 96.74 GB
[09-20 06:08:05] VAE: converted 61 Conv3d weights to channels_last_3d
[09-20 06:08:05] Wan VAE: installed quality-gated fast path (29 RMSNorm+SiLU fusions, 3 channels_last upsamples).
[09-20 06:08:05] Loaded vae: AutoencoderKLWan (sgl-diffusion version). model size: 0.47 GB, vram: 0.47 GB. avail GPU mem: 96.72 GB
Loading required modules:  60%|██████    | 3/5 [00:10<00:04,  2.46s/it][09-20 06:08:05] Loading tokenizer from /campaign/model-caches/lingbot-world-v2-cycle/huggingface/hub/models--robbyant--lingbot-world-v2-14b-causal-fast-diffusers/snapshots/59cccf49f2d2dd27418ae7a04b82b10868d455c2/tokenizer. avail mem: 96.72 GB
[09-20 06:08:06] Loaded tokenizer: T5Tokenizer (sgl-diffusion version). model size: NA GB, weights: none. avail GPU mem: 96.72 GB
Loading required modules:  80%|████████  | 4/5 [00:11<00:02,  2.09s/it][09-20 06:08:06] Loading scheduler from /campaign/model-caches/lingbot-world-v2-cycle/huggingface/hub/models--robbyant--lingbot-world-v2-14b-causal-fast-diffusers/snapshots/59cccf49f2d2dd27418ae7a04b82b10868d455c2/scheduler. avail mem: 96.72 GB
[09-20 06:08:06] Loaded scheduler: UniPCMultistepScheduler (sgl-diffusion version). model size: NA GB, weights: none. avail GPU mem: 96.72 GB
Loading required modules: 100%|██████████| 5/5 [00:11<00:00,  2.37s/it]
[09-20 06:08:06] Creating pipeline stages...
[09-20 06:08:06] Using fa attention backend
[09-20 06:08:06] Pipeline instantiated
[09-20 06:08:06] Worker 0: Initialized device, model, and distributed environment.
[09-20 06:08:06] Worker 0: Scheduler loop started.
[09-20 06:08:06] Starting FastAPI server.
[2026-09-20 06:08:06] [32mINFO[0m:     Started server process [[36m116129[0m]
[2026-09-20 06:08:06] [32mINFO[0m:     Waiting for application startup.
[09-20 06:08:06] ZMQ Broker is listening for offline jobs on tcp://127.0.0.1:23881
[2026-09-20 06:08:06] [32mINFO[0m:     Application startup complete.
[2026-09-20 06:08:06] [32mINFO[0m:     Uvicorn running on [1mhttp://127.0.0.1:23880[0m (Press CTRL+C to quit)
[2026-09-20 06:08:07] [32mINFO[0m:     127.0.0.1:50892 - "[1mGET /health HTTP/1.1[0m" [32m200 OK[0m
[2026-09-20 06:08:07] [32mINFO[0m:     127.0.0.1:50894 - "WebSocket /v1/realtime_video/generate" [accepted]
[2026-09-20 06:08:07] [32mINFO[0m:     connection open
[09-20 06:08:07] Adjusting number of frames from 21 to 21 based on model
[09-20 06:08:07] Sampling params:
                       width: 832
                      height: 480
                  num_frames: 21
                         fps: 16
                      prompt: <redacted, len=62>
                  neg_prompt: None
                        seed: 41
                 infer_steps: 4
      num_outputs_per_prompt: 1
              guidance_scale: 1.0
     embedded_guidance_scale: 6.0
                    n_tokens: None
                  flow_shift: 5.0
                  image_path: inputs/uploads/0562a904112f48e5b2adc68675e1edd4_first_frame
                 save_output: False
            output_file_path: outputs/0562a904112f48e5b2adc68675e1edd4_5ae4c4a9c4874d4cb090ed62b0150a02.mp4
        
[09-20 06:08:07] Running pipeline stages: ['RealtimeInputValidationStage', 'RealtimeTextEncodingStage', 'AuxiliaryConditionEncodingStage', 'RealtimeImageVAEEncodingStage', 'DMDTimestepPreparationStage', 'RealtimeChunkLatentPreparationStage', 'LingBotWorldCausalDMDDenoisingStage', 'CausalVaeDecodingStage']
[09-20 06:08:07] [RealtimeInputValidationStage] started...
[09-20 06:08:08] [RealtimeInputValidationStage] finished in 0.0457 seconds
[09-20 06:08:08] [RealtimeTextEncodingStage] started...
[09-20 06:08:10] [RealtimeTextEncodingStage] finished in 1.9887 seconds
[09-20 06:08:15] [AuxiliaryConditionEncodingStage] started...
[09-20 06:08:15] [AuxiliaryConditionEncodingStage] finished in 0.0564 seconds
[09-20 06:08:15] [RealtimeImageVAEEncodingStage] started...
[09-20 06:08:16] [RealtimeImageVAEEncodingStage] finished in 1.0177 seconds
[09-20 06:08:16] [DMDTimestepPreparationStage] started...
[09-20 06:08:16] [DMDTimestepPreparationStage] finished in 0.0004 seconds
[09-20 06:08:16] [RealtimeChunkLatentPreparationStage] started...
[09-20 06:08:16] [RealtimeChunkLatentPreparationStage] finished in 0.0021 seconds
[09-20 06:08:16] [LingBotWorldCausalDMDDenoisingStage] started...
[09-20 06:08:19] [LingBotWorldCausalDMDDenoisingStage] finished in 3.0777 seconds
[09-20 06:08:19] [CausalVaeDecodingStage] started...
[09-20 06:08:19] [CausalVaeDecodingStage] finished in 0.2910 seconds
[09-20 06:08:19] realtime raw RGB frame batch timing: request_id=0562a904112f48e5b2adc68675e1edd4_5ae4c4a9c4874d4cb090ed62b0150a02 chunk_idx=0 sample_to_frames=3.96ms frames_to_bytes=6.20ms total=10.21ms batches=1 frames=9 frame_shape=(480, 832, 3) raw_bytes=10782720 content_type=application/x-raw-rgb
[09-20 06:08:19] Pixel data generated successfully in [92m11.98[0;0m seconds
[09-20 06:08:19] Peak memory usage: 82744.00 MB
[09-20 06:08:19] Adjusting number of frames from 21 to 21 based on model
[09-20 06:08:19] Sampling params:
                       width: 832
                      height: 480
                  num_frames: 21
                         fps: 16
                      prompt: <redacted, len=62>
                  neg_prompt: None
                        seed: 41
                 infer_steps: 4
      num_outputs_per_prompt: 1
              guidance_scale: 1.0
     embedded_guidance_scale: 6.0
                    n_tokens: None
                  flow_shift: 5.0
                  image_path: inputs/uploads/0562a904112f48e5b2adc68675e1edd4_first_frame
                 save_output: False
            output_file_path: outputs/0562a904112f48e5b2adc68675e1edd4_078a21a577d14d0cbcb87fb591d17a01.mp4
        
[09-20 06:08:19] Running pipeline stages: ['RealtimeInputValidationStage', 'RealtimeTextEncodingStage', 'AuxiliaryConditionEncodingStage', 'RealtimeImageVAEEncodingStage', 'DMDTimestepPreparationStage', 'RealtimeChunkLatentPreparationStage', 'LingBotWorldCausalDMDDenoisingStage', 'CausalVaeDecodingStage']
[09-20 06:08:19] [RealtimeInputValidationStage] started...
[09-20 06:08:19] [RealtimeInputValidationStage] finished in 0.0001 seconds
[09-20 06:08:19] [RealtimeTextEncodingStage] started...
[09-20 06:08:19] [RealtimeTextEncodingStage] finished in 0.0000 seconds
[09-20 06:08:19] [AuxiliaryConditionEncodingStage] started...
[09-20 06:08:19] [AuxiliaryConditionEncodingStage] finished in 0.0023 seconds
[09-20 06:08:19] [RealtimeImageVAEEncodingStage] started...
[09-20 06:08:19] [RealtimeImageVAEEncodingStage] finished in 0.0000 seconds
[09-20 06:08:19] [DMDTimestepPreparationStage] started...
[09-20 06:08:19] [DMDTimestepPreparationStage] finished in 0.0003 seconds
[09-20 06:08:19] [RealtimeChunkLatentPreparationStage] started...
[09-20 06:08:19] [RealtimeChunkLatentPreparationStage] finished in 0.0001 seconds
[09-20 06:08:19] realtime chunk timing: session_id=0562a904112f48e5b2adc68675e1edd4 request_id=0562a904112f48e5b2adc68675e1edd4_5ae4c4a9c4874d4cb090ed62b0150a02 chunk_idx=0 event_id=None condition_kinds=['camera_actions'] request_prepare=2.03ms scheduler_forward=11982.54ms output_pace=0.00ms header_pack=0.02ms header_write=0.05ms raw_payload_build=2.68ms raw_write=4.69ms ws_write=4.74ms chunk_total=11993.27ms batches=1 frames=9 frame_shape=(480, 832, 3) raw_bytes=10782720 ws_payload_bytes=10783051 content_type=application/x-raw-rgb
[09-20 06:08:19] [LingBotWorldCausalDMDDenoisingStage] started...
[09-20 06:08:21] [LingBotWorldCausalDMDDenoisingStage] finished in 1.6026 seconds
[09-20 06:08:21] [CausalVaeDecodingStage] started...
[09-20 06:08:21] [CausalVaeDecodingStage] finished in 0.3497 seconds
[09-20 06:08:21] realtime raw RGB frame batch timing: request_id=0562a904112f48e5b2adc68675e1edd4_078a21a577d14d0cbcb87fb591d17a01 chunk_idx=1 sample_to_frames=1.30ms frames_to_bytes=2.08ms total=3.44ms batches=1 frames=12 frame_shape=(480, 832, 3) raw_bytes=14376960 content_type=application/x-raw-rgb
[09-20 06:08:21] Pixel data generated successfully in [92m1.99[0;0m seconds
[09-20 06:08:21] Peak memory usage: 82744.00 MB
[09-20 06:08:21] realtime chunk timing: session_id=0562a904112f48e5b2adc68675e1edd4 request_id=0562a904112f48e5b2adc68675e1edd4_078a21a577d14d0cbcb87fb591d17a01 chunk_idx=1 event_id=None condition_kinds=['camera_actions'] request_prepare=0.52ms scheduler_forward=1990.87ms output_pace=0.00ms header_pack=0.02ms header_write=0.03ms raw_payload_build=2.88ms raw_write=5.51ms ws_write=5.55ms chunk_total=2000.06ms batches=1 frames=12 frame_shape=(480, 832, 3) raw_bytes=14376960 ws_payload_bytes=14377291 content_type=application/x-raw-rgb
[09-20 06:08:21] generation reached max chunks, session_id=0562a904112f48e5b2adc68675e1edd4, max_chunks=2
[09-20 06:08:21] terminating session, session_id=0562a904112f48e5b2adc68675e1edd4
[09-20 06:08:21] Realtime session release: session_id=0562a904112f48e5b2adc68675e1edd4 released=True
[2026-09-20 06:08:22] [32mINFO[0m:     127.0.0.1:36384 - "WebSocket /v1/realtime_video/generate" [accepted]
[2026-09-20 06:08:22] [32mINFO[0m:     connection open
[09-20 06:08:22] Adjusting number of frames from 21 to 21 based on model
[09-20 06:08:22] Sampling params:
                       width: 832
                      height: 480
                  num_frames: 21
                         fps: 16
                      prompt: <redacted, len=62>
                  neg_prompt: None
                        seed: 42
                 infer_steps: 4
      num_outputs_per_prompt: 1
              guidance_scale: 1.0
     embedded_guidance_scale: 6.0
                    n_tokens: None
                  flow_shift: 5.0
                  image_path: inputs/uploads/6f2169a6fdce4742b65b3deb641fff80_first_frame
                 save_output: False
            output_file_path: outputs/6f2169a6fdce4742b65b3deb641fff80_efa860fc943b4c6a8a01f535fc1d0e87.mp4
        
[09-20 06:08:22] Running pipeline stages: ['RealtimeInputValidationStage', 'RealtimeTextEncodingStage', 'AuxiliaryConditionEncodingStage', 'RealtimeImageVAEEncodingStage', 'DMDTimestepPreparationStage', 'RealtimeChunkLatentPreparationStage', 'LingBotWorldCausalDMDDenoisingStage', 'CausalVaeDecodingStage']
[09-20 06:08:22] [RealtimeInputValidationStage] started...
[09-20 06:08:23] [RealtimeInputValidationStage] finished in 0.0392 seconds
[09-20 06:08:23] [RealtimeTextEncodingStage] started...
[09-20 06:08:23] [RealtimeTextEncodingStage] finished in 0.2385 seconds
[09-20 06:08:23] [AuxiliaryConditionEncodingStage] started...
[09-20 06:08:23] [AuxiliaryConditionEncodingStage] finished in 0.0032 seconds
[09-20 06:08:23] [RealtimeImageVAEEncodingStage] started...
[09-20 06:08:23] [RealtimeImageVAEEncodingStage] finished in 0.3776 seconds
[09-20 06:08:23] [DMDTimestepPreparationStage] started...
[09-20 06:08:23] [DMDTimestepPreparationStage] finished in 0.0003 seconds
[09-20 06:08:23] [RealtimeChunkLatentPreparationStage] started...
[09-20 06:08:23] [RealtimeChunkLatentPreparationStage] finished in 0.0001 seconds
[09-20 06:08:23] [LingBotWorldCausalDMDDenoisingStage] started...
[09-20 06:08:25] [LingBotWorldCausalDMDDenoisingStage] finished in 1.4834 seconds
[09-20 06:08:25] [CausalVaeDecodingStage] started...
[09-20 06:08:25] [CausalVaeDecodingStage] finished in 0.2716 seconds
[09-20 06:08:25] realtime raw RGB frame batch timing: request_id=6f2169a6fdce4742b65b3deb641fff80_efa860fc943b4c6a8a01f535fc1d0e87 chunk_idx=0 sample_to_frames=1.84ms frames_to_bytes=4.45ms total=6.32ms batches=1 frames=9 frame_shape=(480, 832, 3) raw_bytes=10782720 content_type=application/x-raw-rgb
[09-20 06:08:25] Pixel data generated successfully in [92m2.66[0;0m seconds
[09-20 06:08:25] Peak memory usage: 82744.00 MB
[09-20 06:08:25] Adjusting number of frames from 21 to 21 based on model
[09-20 06:08:25] Sampling params:
                       width: 832
                      height: 480
                  num_frames: 21
                         fps: 16
                      prompt: <redacted, len=62>
                  neg_prompt: None
                        seed: 42
                 infer_steps: 4
      num_outputs_per_prompt: 1
              guidance_scale: 1.0
     embedded_guidance_scale: 6.0
                    n_tokens: None
                  flow_shift: 5.0
                  image_path: inputs/uploads/6f2169a6fdce4742b65b3deb641fff80_first_frame
                 save_output: False
            output_file_path: outputs/6f2169a6fdce4742b65b3deb641fff80_919f65e397994f41a59e907e8e4f06d7.mp4
        
[09-20 06:08:25] Running pipeline stages: ['RealtimeInputValidationStage', 'RealtimeTextEncodingStage', 'AuxiliaryConditionEncodingStage', 'RealtimeImageVAEEncodingStage', 'DMDTimestepPreparationStage', 'RealtimeChunkLatentPreparationStage', 'LingBotWorldCausalDMDDenoisingStage', 'CausalVaeDecodingStage']
[09-20 06:08:25] [RealtimeInputValidationStage] started...
[09-20 06:08:25] [RealtimeInputValidationStage] finished in 0.0001 seconds
[09-20 06:08:25] [RealtimeTextEncodingStage] started...
[09-20 06:08:25] [RealtimeTextEncodingStage] finished in 0.0000 seconds
[09-20 06:08:25] [AuxiliaryConditionEncodingStage] started...
[09-20 06:08:25] [AuxiliaryConditionEncodingStage] finished in 0.0021 seconds
[09-20 06:08:25] [RealtimeImageVAEEncodingStage] started...
[09-20 06:08:25] [RealtimeImageVAEEncodingStage] finished in 0.0000 seconds
[09-20 06:08:25] [DMDTimestepPreparationStage] started...
[09-20 06:08:25] [DMDTimestepPreparationStage] finished in 0.0003 seconds
[09-20 06:08:25] [RealtimeChunkLatentPreparationStage] started...
[09-20 06:08:25] [RealtimeChunkLatentPreparationStage] finished in 0.0001 seconds
[09-20 06:08:25] realtime chunk timing: session_id=6f2169a6fdce4742b65b3deb641fff80 request_id=6f2169a6fdce4742b65b3deb641fff80_efa860fc943b4c6a8a01f535fc1d0e87 chunk_idx=0 event_id=None condition_kinds=['camera_actions'] request_prepare=0.50ms scheduler_forward=2660.38ms output_pace=0.00ms header_pack=0.01ms header_write=0.04ms raw_payload_build=1.07ms raw_write=4.92ms ws_write=4.96ms chunk_total=2667.77ms batches=1 frames=9 frame_shape=(480, 832, 3) raw_bytes=10782720 ws_payload_bytes=10783051 content_type=application/x-raw-rgb
[09-20 06:08:25] [LingBotWorldCausalDMDDenoisingStage] started...
[09-20 06:08:27] [LingBotWorldCausalDMDDenoisingStage] finished in 1.6175 seconds
[09-20 06:08:27] [CausalVaeDecodingStage] started...
[09-20 06:08:27] [CausalVaeDecodingStage] finished in 0.3482 seconds
[09-20 06:08:27] realtime raw RGB frame batch timing: request_id=6f2169a6fdce4742b65b3deb641fff80_919f65e397994f41a59e907e8e4f06d7 chunk_idx=1 sample_to_frames=1.27ms frames_to_bytes=4.36ms total=5.66ms batches=1 frames=12 frame_shape=(480, 832, 3) raw_bytes=14376960 content_type=application/x-raw-rgb
[09-20 06:08:27] Pixel data generated successfully in [92m2.00[0;0m seconds
[09-20 06:08:27] Peak memory usage: 82744.00 MB
[09-20 06:08:27] Adjusting number of frames from 21 to 21 based on model
[09-20 06:08:27] Sampling params:
                       width: 832
                      height: 480
                  num_frames: 21
                         fps: 16
                      prompt: <redacted, len=62>
                  neg_prompt: None
                        seed: 42
                 infer_steps: 4
      num_outputs_per_prompt: 1
              guidance_scale: 1.0
     embedded_guidance_scale: 6.0
                    n_tokens: None
                  flow_shift: 5.0
                  image_path: inputs/uploads/6f2169a6fdce4742b65b3deb641fff80_first_frame
                 save_output: False
            output_file_path: outputs/6f2169a6fdce4742b65b3deb641fff80_399b13782315463295a6a8cc5341866b.mp4
        
[09-20 06:08:27] Running pipeline stages: ['RealtimeInputValidationStage', 'RealtimeTextEncodingStage', 'AuxiliaryConditionEncodingStage', 'RealtimeImageVAEEncodingStage', 'DMDTimestepPreparationStage', 'RealtimeChunkLatentPreparationStage', 'LingBotWorldCausalDMDDenoisingStage', 'CausalVaeDecodingStage']
[09-20 06:08:27] [RealtimeInputValidationStage] started...
[09-20 06:08:27] [RealtimeInputValidationStage] finished in 0.0001 seconds
[09-20 06:08:27] [RealtimeTextEncodingStage] started...
[09-20 06:08:27] [RealtimeTextEncodingStage] finished in 0.0000 seconds
[09-20 06:08:27] [AuxiliaryConditionEncodingStage] started...
[09-20 06:08:27] [AuxiliaryConditionEncodingStage] finished in 0.0020 seconds
[09-20 06:08:27] [RealtimeImageVAEEncodingStage] started...
[09-20 06:08:27] [RealtimeImageVAEEncodingStage] finished in 0.0000 seconds
[09-20 06:08:27] [DMDTimestepPreparationStage] started...
[09-20 06:08:27] [DMDTimestepPreparationStage] finished in 0.0002 seconds
[09-20 06:08:27] [RealtimeChunkLatentPreparationStage] started...
[09-20 06:08:27] [RealtimeChunkLatentPreparationStage] finished in 0.0001 seconds
[09-20 06:08:27] [LingBotWorldCausalDMDDenoisingStage] started...
[09-20 06:08:27] realtime chunk timing: session_id=6f2169a6fdce4742b65b3deb641fff80 request_id=6f2169a6fdce4742b65b3deb641fff80_919f65e397994f41a59e907e8e4f06d7 chunk_idx=1 event_id=None condition_kinds=['camera_actions'] request_prepare=0.47ms scheduler_forward=1997.18ms output_pace=0.00ms header_pack=0.01ms header_write=0.04ms raw_payload_build=1.62ms raw_write=5.91ms ws_write=5.95ms chunk_total=2006.11ms batches=1 frames=12 frame_shape=(480, 832, 3) raw_bytes=14376960 ws_payload_bytes=14377291 content_type=application/x-raw-rgb
[09-20 06:08:29] [LingBotWorldCausalDMDDenoisingStage] finished in 1.7516 seconds
[09-20 06:08:29] [CausalVaeDecodingStage] started...
[09-20 06:08:29] [CausalVaeDecodingStage] finished in 0.3480 seconds
[09-20 06:08:29] realtime raw RGB frame batch timing: request_id=6f2169a6fdce4742b65b3deb641fff80_399b13782315463295a6a8cc5341866b chunk_idx=2 sample_to_frames=2.81ms frames_to_bytes=3.37ms total=6.22ms batches=1 frames=12 frame_shape=(480, 832, 3) raw_bytes=14376960 content_type=application/x-raw-rgb
[09-20 06:08:29] Pixel data generated successfully in [92m2.13[0;0m seconds
[09-20 06:08:29] Peak memory usage: 82744.00 MB
[09-20 06:08:29] Adjusting number of frames from 21 to 21 based on model
[09-20 06:08:29] Sampling params:
                       width: 832
                      height: 480
                  num_frames: 21
                         fps: 16
                      prompt: <redacted, len=62>
                  neg_prompt: None
                        seed: 42
                 infer_steps: 4
      num_outputs_per_prompt: 1
              guidance_scale: 1.0
     embedded_guidance_scale: 6.0
                    n_tokens: None
                  flow_shift: 5.0
                  image_path: inputs/uploads/6f2169a6fdce4742b65b3deb641fff80_first_frame
                 save_output: False
            output_file_path: outputs/6f2169a6fdce4742b65b3deb641fff80_62de2a05cd1b42be835947c246ce0570.mp4
        
[09-20 06:08:29] Running pipeline stages: ['RealtimeInputValidationStage', 'RealtimeTextEncodingStage', 'AuxiliaryConditionEncodingStage', 'RealtimeImageVAEEncodingStage', 'DMDTimestepPreparationStage', 'RealtimeChunkLatentPreparationStage', 'LingBotWorldCausalDMDDenoisingStage', 'CausalVaeDecodingStage']
[09-20 06:08:29] [RealtimeInputValidationStage] started...
[09-20 06:08:29] [RealtimeInputValidationStage] finished in 0.0001 seconds
[09-20 06:08:29] [RealtimeTextEncodingStage] started...
[09-20 06:08:29] [RealtimeTextEncodingStage] finished in 0.0000 seconds
[09-20 06:08:29] [AuxiliaryConditionEncodingStage] started...
[09-20 06:08:29] [AuxiliaryConditionEncodingStage] finished in 0.0023 seconds
[09-20 06:08:29] [RealtimeImageVAEEncodingStage] started...
[09-20 06:08:29] [RealtimeImageVAEEncodingStage] finished in 0.0000 seconds
[09-20 06:08:29] [DMDTimestepPreparationStage] started...
[09-20 06:08:29] realtime chunk timing: session_id=6f2169a6fdce4742b65b3deb641fff80 request_id=6f2169a6fdce4742b65b3deb641fff80_399b13782315463295a6a8cc5341866b chunk_idx=2 event_id=None condition_kinds=['camera_actions'] request_prepare=0.48ms scheduler_forward=2132.87ms output_pace=0.00ms header_pack=0.01ms header_write=0.03ms raw_payload_build=1.48ms raw_write=4.33ms ws_write=4.36ms chunk_total=2140.06ms batches=1 frames=12 frame_shape=(480, 832, 3) raw_bytes=14376960 ws_payload_bytes=14377291 content_type=application/x-raw-rgb
[09-20 06:08:29] [DMDTimestepPreparationStage] finished in 0.0003 seconds
[09-20 06:08:29] [RealtimeChunkLatentPreparationStage] started...
[09-20 06:08:29] [RealtimeChunkLatentPreparationStage] finished in 0.0001 seconds
[09-20 06:08:29] [LingBotWorldCausalDMDDenoisingStage] started...
[09-20 06:08:31] [LingBotWorldCausalDMDDenoisingStage] finished in 1.8975 seconds
[09-20 06:08:31] [CausalVaeDecodingStage] started...
[09-20 06:08:32] [CausalVaeDecodingStage] finished in 0.3476 seconds
[09-20 06:08:32] realtime raw RGB frame batch timing: request_id=6f2169a6fdce4742b65b3deb641fff80_62de2a05cd1b42be835947c246ce0570 chunk_idx=3 sample_to_frames=1.24ms frames_to_bytes=2.65ms total=3.92ms batches=1 frames=12 frame_shape=(480, 832, 3) raw_bytes=14376960 content_type=application/x-raw-rgb
[09-20 06:08:32] Pixel data generated successfully in [92m2.27[0;0m seconds
[09-20 06:08:32] Peak memory usage: 82744.00 MB
[09-20 06:08:32] Adjusting number of frames from 21 to 21 based on model
[09-20 06:08:32] Sampling params:
                       width: 832
                      height: 480
                  num_frames: 21
                         fps: 16
                      prompt: <redacted, len=62>
                  neg_prompt: None
                        seed: 42
                 infer_steps: 4
      num_outputs_per_prompt: 1
              guidance_scale: 1.0
     embedded_guidance_scale: 6.0
                    n_tokens: None
                  flow_shift: 5.0
                  image_path: inputs/uploads/6f2169a6fdce4742b65b3deb641fff80_first_frame
                 save_output: False
            output_file_path: outputs/6f2169a6fdce4742b65b3deb641fff80_451213f6f65f4d0fa6c11a045b8c3cf9.mp4
        
[09-20 06:08:32] Running pipeline stages: ['RealtimeInputValidationStage', 'RealtimeTextEncodingStage', 'AuxiliaryConditionEncodingStage', 'RealtimeImageVAEEncodingStage', 'DMDTimestepPreparationStage', 'RealtimeChunkLatentPreparationStage', 'LingBotWorldCausalDMDDenoisingStage', 'CausalVaeDecodingStage']
[09-20 06:08:32] [RealtimeInputValidationStage] started...
[09-20 06:08:32] [RealtimeInputValidationStage] finished in 0.0001 seconds
[09-20 06:08:32] [RealtimeTextEncodingStage] started...
[09-20 06:08:32] [RealtimeTextEncodingStage] finished in 0.0000 seconds
[09-20 06:08:32] [AuxiliaryConditionEncodingStage] started...
[09-20 06:08:32] [AuxiliaryConditionEncodingStage] finished in 0.0021 seconds
[09-20 06:08:32] [RealtimeImageVAEEncodingStage] started...
[09-20 06:08:32] [RealtimeImageVAEEncodingStage] finished in 0.0000 seconds
[09-20 06:08:32] [DMDTimestepPreparationStage] started...
[09-20 06:08:32] [DMDTimestepPreparationStage] finished in 0.0002 seconds
[09-20 06:08:32] [RealtimeChunkLatentPreparationStage] started...
[09-20 06:08:32] [RealtimeChunkLatentPreparationStage] finished in 0.0001 seconds
[09-20 06:08:32] [LingBotWorldCausalDMDDenoisingStage] started...
[09-20 06:08:32] realtime chunk timing: session_id=6f2169a6fdce4742b65b3deb641fff80 request_id=6f2169a6fdce4742b65b3deb641fff80_62de2a05cd1b42be835947c246ce0570 chunk_idx=3 event_id=None condition_kinds=['camera_actions'] request_prepare=0.46ms scheduler_forward=2270.10ms output_pace=0.00ms header_pack=0.01ms header_write=0.04ms raw_payload_build=1.49ms raw_write=4.43ms ws_write=4.47ms chunk_total=2277.38ms batches=1 frames=12 frame_shape=(480, 832, 3) raw_bytes=14376960 ws_payload_bytes=14377291 content_type=application/x-raw-rgb
[09-20 06:08:34] [LingBotWorldCausalDMDDenoisingStage] finished in 2.0392 seconds
[09-20 06:08:34] [CausalVaeDecodingStage] started...
[09-20 06:08:34] [CausalVaeDecodingStage] finished in 0.3470 seconds
[09-20 06:08:34] realtime raw RGB frame batch timing: request_id=6f2169a6fdce4742b65b3deb641fff80_451213f6f65f4d0fa6c11a045b8c3cf9 chunk_idx=4 sample_to_frames=1.75ms frames_to_bytes=3.10ms total=4.89ms batches=1 frames=12 frame_shape=(480, 832, 3) raw_bytes=14376960 content_type=application/x-raw-rgb
[09-20 06:08:34] Pixel data generated successfully in [92m2.42[0;0m seconds
[09-20 06:08:34] Peak memory usage: 82744.00 MB
[09-20 06:08:34] Adjusting number of frames from 21 to 21 based on model
[09-20 06:08:34] Sampling params:
                       width: 832
                      height: 480
                  num_frames: 21
                         fps: 16
                      prompt: <redacted, len=62>
                  neg_prompt: None
                        seed: 42
                 infer_steps: 4
      num_outputs_per_prompt: 1
              guidance_scale: 1.0
     embedded_guidance_scale: 6.0
                    n_tokens: None
                  flow_shift: 5.0
                  image_path: inputs/uploads/6f2169a6fdce4742b65b3deb641fff80_first_frame
                 save_output: False
            output_file_path: outputs/6f2169a6fdce4742b65b3deb641fff80_7ad85391b3e54fac9e3722e5c24d3b48.mp4
        
[09-20 06:08:34] Running pipeline stages: ['RealtimeInputValidationStage', 'RealtimeTextEncodingStage', 'AuxiliaryConditionEncodingStage', 'RealtimeImageVAEEncodingStage', 'DMDTimestepPreparationStage', 'RealtimeChunkLatentPreparationStage', 'LingBotWorldCausalDMDDenoisingStage', 'CausalVaeDecodingStage']
[09-20 06:08:34] [RealtimeInputValidationStage] started...
[09-20 06:08:34] [RealtimeInputValidationStage] finished in 0.0001 seconds
[09-20 06:08:34] [RealtimeTextEncodingStage] started...
[09-20 06:08:34] [RealtimeTextEncodingStage] finished in 0.0000 seconds
[09-20 06:08:34] [AuxiliaryConditionEncodingStage] started...
[09-20 06:08:34] [AuxiliaryConditionEncodingStage] finished in 0.0024 seconds
[09-20 06:08:34] [RealtimeImageVAEEncodingStage] started...
[09-20 06:08:34] [RealtimeImageVAEEncodingStage] finished in 0.0000 seconds
[09-20 06:08:34] [DMDTimestepPreparationStage] started...
[09-20 06:08:34] [DMDTimestepPreparationStage] finished in 0.0003 seconds
[09-20 06:08:34] [RealtimeChunkLatentPreparationStage] started...
[09-20 06:08:34] [RealtimeChunkLatentPreparationStage] finished in 0.0001 seconds
[09-20 06:08:34] realtime chunk timing: session_id=6f2169a6fdce4742b65b3deb641fff80 request_id=6f2169a6fdce4742b65b3deb641fff80_451213f6f65f4d0fa6c11a045b8c3cf9 chunk_idx=4 event_id=None condition_kinds=['camera_actions'] request_prepare=0.46ms scheduler_forward=2415.27ms output_pace=0.00ms header_pack=0.01ms header_write=0.03ms raw_payload_build=1.47ms raw_write=4.50ms ws_write=4.54ms chunk_total=2422.63ms batches=1 frames=12 frame_shape=(480, 832, 3) raw_bytes=14376960 ws_payload_bytes=14377291 content_type=application/x-raw-rgb
[09-20 06:08:34] [LingBotWorldCausalDMDDenoisingStage] started...
[09-20 06:08:36] [LingBotWorldCausalDMDDenoisingStage] finished in 2.1768 seconds
[09-20 06:08:36] [CausalVaeDecodingStage] started...
[09-20 06:08:36] [CausalVaeDecodingStage] finished in 0.3481 seconds
[09-20 06:08:37] realtime raw RGB frame batch timing: request_id=6f2169a6fdce4742b65b3deb641fff80_7ad85391b3e54fac9e3722e5c24d3b48 chunk_idx=5 sample_to_frames=1.27ms frames_to_bytes=2.07ms total=3.37ms batches=1 frames=12 frame_shape=(480, 832, 3) raw_bytes=14376960 content_type=application/x-raw-rgb
[09-20 06:08:37] Pixel data generated successfully in [92m2.55[0;0m seconds
[09-20 06:08:37] Peak memory usage: 82744.00 MB
[09-20 06:08:37] Adjusting number of frames from 21 to 21 based on model
[09-20 06:08:37] Sampling params:
                       width: 832
                      height: 480
                  num_frames: 21
                         fps: 16
                      prompt: <redacted, len=62>
                  neg_prompt: None
                        seed: 42
                 infer_steps: 4
      num_outputs_per_prompt: 1
              guidance_scale: 1.0
     embedded_guidance_scale: 6.0
                    n_tokens: None
                  flow_shift: 5.0
                  image_path: inputs/uploads/6f2169a6fdce4742b65b3deb641fff80_first_frame
                 save_output: False
            output_file_path: outputs/6f2169a6fdce4742b65b3deb641fff80_97c6043b5b864ce3b88e97b66e9d00bd.mp4
        
[09-20 06:08:37] Running pipeline stages: ['RealtimeInputValidationStage', 'RealtimeTextEncodingStage', 'AuxiliaryConditionEncodingStage', 'RealtimeImageVAEEncodingStage', 'DMDTimestepPreparationStage', 'RealtimeChunkLatentPreparationStage', 'LingBotWorldCausalDMDDenoisingStage', 'CausalVaeDecodingStage']
[09-20 06:08:37] [RealtimeInputValidationStage] started...
[09-20 06:08:37] [RealtimeInputValidationStage] finished in 0.0001 seconds
[09-20 06:08:37] [RealtimeTextEncodingStage] started...
[09-20 06:08:37] [RealtimeTextEncodingStage] finished in 0.0000 seconds
[09-20 06:08:37] [AuxiliaryConditionEncodingStage] started...
[09-20 06:08:37] [AuxiliaryConditionEncodingStage] finished in 0.0023 seconds
[09-20 06:08:37] [RealtimeImageVAEEncodingStage] started...
[09-20 06:08:37] [RealtimeImageVAEEncodingStage] finished in 0.0000 seconds
[09-20 06:08:37] [DMDTimestepPreparationStage] started...
[09-20 06:08:37] [DMDTimestepPreparationStage] finished in 0.0002 seconds
[09-20 06:08:37] [RealtimeChunkLatentPreparationStage] started...
[09-20 06:08:37] [RealtimeChunkLatentPreparationStage] finished in 0.0001 seconds
[09-20 06:08:37] realtime chunk timing: session_id=6f2169a6fdce4742b65b3deb641fff80 request_id=6f2169a6fdce4742b65b3deb641fff80_7ad85391b3e54fac9e3722e5c24d3b48 chunk_idx=5 event_id=None condition_kinds=['camera_actions'] request_prepare=0.46ms scheduler_forward=2549.05ms output_pace=0.00ms header_pack=0.01ms header_write=0.04ms raw_payload_build=1.39ms raw_write=4.31ms ws_write=4.34ms chunk_total=2556.12ms batches=1 frames=12 frame_shape=(480, 832, 3) raw_bytes=14376960 ws_payload_bytes=14377291 content_type=application/x-raw-rgb
[09-20 06:08:37] [LingBotWorldCausalDMDDenoisingStage] started...
[09-20 06:08:39] [LingBotWorldCausalDMDDenoisingStage] finished in 2.1881 seconds
[09-20 06:08:39] [CausalVaeDecodingStage] started...
[09-20 06:08:39] [CausalVaeDecodingStage] finished in 0.3483 seconds
[09-20 06:08:39] realtime raw RGB frame batch timing: request_id=6f2169a6fdce4742b65b3deb641fff80_97c6043b5b864ce3b88e97b66e9d00bd chunk_idx=6 sample_to_frames=1.73ms frames_to_bytes=3.60ms total=5.37ms batches=1 frames=12 frame_shape=(480, 832, 3) raw_bytes=14376960 content_type=application/x-raw-rgb
[09-20 06:08:39] Pixel data generated successfully in [92m2.57[0;0m seconds
[09-20 06:08:39] Peak memory usage: 82744.00 MB
[09-20 06:08:39] Adjusting number of frames from 21 to 21 based on model
[09-20 06:08:39] Sampling params:
                       width: 832
                      height: 480
                  num_frames: 21
                         fps: 16
                      prompt: <redacted, len=62>
                  neg_prompt: None
                        seed: 42
                 infer_steps: 4
      num_outputs_per_prompt: 1
              guidance_scale: 1.0
     embedded_guidance_scale: 6.0
                    n_tokens: None
                  flow_shift: 5.0
                  image_path: inputs/uploads/6f2169a6fdce4742b65b3deb641fff80_first_frame
                 save_output: False
            output_file_path: outputs/6f2169a6fdce4742b65b3deb641fff80_83faa39bc45941ba9a488abbe70e1243.mp4
        
[09-20 06:08:39] Running pipeline stages: ['RealtimeInputValidationStage', 'RealtimeTextEncodingStage', 'AuxiliaryConditionEncodingStage', 'RealtimeImageVAEEncodingStage', 'DMDTimestepPreparationStage', 'RealtimeChunkLatentPreparationStage', 'LingBotWorldCausalDMDDenoisingStage', 'CausalVaeDecodingStage']
[09-20 06:08:39] [RealtimeInputValidationStage] started...
[09-20 06:08:39] [RealtimeInputValidationStage] finished in 0.0001 seconds
[09-20 06:08:39] [RealtimeTextEncodingStage] started...
[09-20 06:08:39] [RealtimeTextEncodingStage] finished in 0.0000 seconds
[09-20 06:08:39] [AuxiliaryConditionEncodingStage] started...
[09-20 06:08:39] [AuxiliaryConditionEncodingStage] finished in 0.0026 seconds
[09-20 06:08:39] [RealtimeImageVAEEncodingStage] started...
[09-20 06:08:39] [RealtimeImageVAEEncodingStage] finished in 0.0000 seconds
[09-20 06:08:39] [DMDTimestepPreparationStage] started...
[09-20 06:08:39] [DMDTimestepPreparationStage] finished in 0.0003 seconds
[09-20 06:08:39] [RealtimeChunkLatentPreparationStage] started...
[09-20 06:08:39] [RealtimeChunkLatentPreparationStage] finished in 0.0001 seconds
[09-20 06:08:39] realtime chunk timing: session_id=6f2169a6fdce4742b65b3deb641fff80 request_id=6f2169a6fdce4742b65b3deb641fff80_97c6043b5b864ce3b88e97b66e9d00bd chunk_idx=6 event_id=None condition_kinds=['camera_actions'] request_prepare=0.46ms scheduler_forward=2568.45ms output_pace=0.00ms header_pack=0.01ms header_write=0.03ms raw_payload_build=1.34ms raw_write=5.09ms ws_write=5.12ms chunk_total=2576.27ms batches=1 frames=12 frame_shape=(480, 832, 3) raw_bytes=14376960 ws_payload_bytes=14377291 content_type=application/x-raw-rgb
[09-20 06:08:39] [LingBotWorldCausalDMDDenoisingStage] started...
[09-20 06:08:41] [LingBotWorldCausalDMDDenoisingStage] finished in 2.1786 seconds
[09-20 06:08:41] [CausalVaeDecodingStage] started...
[09-20 06:08:42] [CausalVaeDecodingStage] finished in 0.3469 seconds
[09-20 06:08:42] realtime raw RGB frame batch timing: request_id=6f2169a6fdce4742b65b3deb641fff80_83faa39bc45941ba9a488abbe70e1243 chunk_idx=7 sample_to_frames=1.26ms frames_to_bytes=2.14ms total=3.43ms batches=1 frames=12 frame_shape=(480, 832, 3) raw_bytes=14376960 content_type=application/x-raw-rgb
[09-20 06:08:42] Pixel data generated successfully in [92m2.55[0;0m seconds
[09-20 06:08:42] Peak memory usage: 82744.00 MB
[09-20 06:08:42] Adjusting number of frames from 21 to 21 based on model
[09-20 06:08:42] Sampling params:
                       width: 832
                      height: 480
                  num_frames: 21
                         fps: 16
                      prompt: <redacted, len=62>
                  neg_prompt: None
                        seed: 42
                 infer_steps: 4
      num_outputs_per_prompt: 1
              guidance_scale: 1.0
     embedded_guidance_scale: 6.0
                    n_tokens: None
                  flow_shift: 5.0
                  image_path: inputs/uploads/6f2169a6fdce4742b65b3deb641fff80_first_frame
                 save_output: False
            output_file_path: outputs/6f2169a6fdce4742b65b3deb641fff80_8ea3d07af70f45a099d29a0d207ecdbe.mp4
        
[09-20 06:08:42] Running pipeline stages: ['RealtimeInputValidationStage', 'RealtimeTextEncodingStage', 'AuxiliaryConditionEncodingStage', 'RealtimeImageVAEEncodingStage', 'DMDTimestepPreparationStage', 'RealtimeChunkLatentPreparationStage', 'LingBotWorldCausalDMDDenoisingStage', 'CausalVaeDecodingStage']
[09-20 06:08:42] [RealtimeInputValidationStage] started...
[09-20 06:08:42] [RealtimeInputValidationStage] finished in 0.0001 seconds
[09-20 06:08:42] [RealtimeTextEncodingStage] started...
[09-20 06:08:42] [RealtimeTextEncodingStage] finished in 0.0000 seconds
[09-20 06:08:42] [AuxiliaryConditionEncodingStage] started...
[09-20 06:08:42] [AuxiliaryConditionEncodingStage] finished in 0.0023 seconds
[09-20 06:08:42] [RealtimeImageVAEEncodingStage] started...
[09-20 06:08:42] [RealtimeImageVAEEncodingStage] finished in 0.0000 seconds
[09-20 06:08:42] [DMDTimestepPreparationStage] started...
[09-20 06:08:42] [DMDTimestepPreparationStage] finished in 0.0002 seconds
[09-20 06:08:42] [RealtimeChunkLatentPreparationStage] started...
[09-20 06:08:42] realtime chunk timing: session_id=6f2169a6fdce4742b65b3deb641fff80 request_id=6f2169a6fdce4742b65b3deb641fff80_83faa39bc45941ba9a488abbe70e1243 chunk_idx=7 event_id=None condition_kinds=['camera_actions'] request_prepare=0.47ms scheduler_forward=2552.10ms output_pace=0.00ms header_pack=0.01ms header_write=0.04ms raw_payload_build=1.46ms raw_write=4.48ms ws_write=4.51ms chunk_total=2559.42ms batches=1 frames=12 frame_shape=(480, 832, 3) raw_bytes=14376960 ws_payload_bytes=14377291 content_type=application/x-raw-rgb
[09-20 06:08:42] [RealtimeChunkLatentPreparationStage] finished in 0.0001 seconds
[09-20 06:08:42] [LingBotWorldCausalDMDDenoisingStage] started...
[09-20 06:08:44] [LingBotWorldCausalDMDDenoisingStage] finished in 2.1760 seconds
[09-20 06:08:44] [CausalVaeDecodingStage] started...
[09-20 06:08:44] [CausalVaeDecodingStage] finished in 0.3476 seconds
[09-20 06:08:44] realtime raw RGB frame batch timing: request_id=6f2169a6fdce4742b65b3deb641fff80_8ea3d07af70f45a099d29a0d207ecdbe chunk_idx=8 sample_to_frames=1.91ms frames_to_bytes=3.17ms total=5.12ms batches=1 frames=12 frame_shape=(480, 832, 3) raw_bytes=14376960 content_type=application/x-raw-rgb
[09-20 06:08:44] Pixel data generated successfully in [92m2.55[0;0m seconds
[09-20 06:08:44] Peak memory usage: 82744.00 MB
[09-20 06:08:44] Adjusting number of frames from 21 to 21 based on model
[09-20 06:08:44] Sampling params:
                       width: 832
                      height: 480
                  num_frames: 21
                         fps: 16
                      prompt: <redacted, len=62>
                  neg_prompt: None
                        seed: 42
                 infer_steps: 4
      num_outputs_per_prompt: 1
              guidance_scale: 1.0
     embedded_guidance_scale: 6.0
                    n_tokens: None
                  flow_shift: 5.0
                  image_path: inputs/uploads/6f2169a6fdce4742b65b3deb641fff80_first_frame
                 save_output: False
            output_file_path: outputs/6f2169a6fdce4742b65b3deb641fff80_3e40c92888f943deabe45b19cd20a3d5.mp4
        
[09-20 06:08:44] Running pipeline stages: ['RealtimeInputValidationStage', 'RealtimeTextEncodingStage', 'AuxiliaryConditionEncodingStage', 'RealtimeImageVAEEncodingStage', 'DMDTimestepPreparationStage', 'RealtimeChunkLatentPreparationStage', 'LingBotWorldCausalDMDDenoisingStage', 'CausalVaeDecodingStage']
[09-20 06:08:44] [RealtimeInputValidationStage] started...
[09-20 06:08:44] [RealtimeInputValidationStage] finished in 0.0001 seconds
[09-20 06:08:44] [RealtimeTextEncodingStage] started...
[09-20 06:08:44] [RealtimeTextEncodingStage] finished in 0.0000 seconds
[09-20 06:08:44] [AuxiliaryConditionEncodingStage] started...
[09-20 06:08:44] [AuxiliaryConditionEncodingStage] finished in 0.0024 seconds
[09-20 06:08:44] [RealtimeImageVAEEncodingStage] started...
[09-20 06:08:44] [RealtimeImageVAEEncodingStage] finished in 0.0000 seconds
[09-20 06:08:44] [DMDTimestepPreparationStage] started...
[09-20 06:08:44] [DMDTimestepPreparationStage] finished in 0.0002 seconds
[09-20 06:08:44] realtime chunk timing: session_id=6f2169a6fdce4742b65b3deb641fff80 request_id=6f2169a6fdce4742b65b3deb641fff80_8ea3d07af70f45a099d29a0d207ecdbe chunk_idx=8 event_id=None condition_kinds=['camera_actions'] request_prepare=0.46ms scheduler_forward=2550.50ms output_pace=0.00ms header_pack=0.01ms header_write=0.04ms raw_payload_build=1.41ms raw_write=4.28ms ws_write=4.31ms chunk_total=2557.55ms batches=1 frames=12 frame_shape=(480, 832, 3) raw_bytes=14376960 ws_payload_bytes=14377291 content_type=application/x-raw-rgb
[09-20 06:08:44] [RealtimeChunkLatentPreparationStage] started...
[09-20 06:08:44] [RealtimeChunkLatentPreparationStage] finished in 0.0001 seconds
[09-20 06:08:44] [LingBotWorldCausalDMDDenoisingStage] started...
[09-20 06:08:46] [LingBotWorldCausalDMDDenoisingStage] finished in 2.1851 seconds
[09-20 06:08:46] [CausalVaeDecodingStage] started...
[09-20 06:08:47] [CausalVaeDecodingStage] finished in 0.3474 seconds
[09-20 06:08:47] realtime raw RGB frame batch timing: request_id=6f2169a6fdce4742b65b3deb641fff80_3e40c92888f943deabe45b19cd20a3d5 chunk_idx=9 sample_to_frames=1.61ms frames_to_bytes=2.12ms total=3.76ms batches=1 frames=12 frame_shape=(480, 832, 3) raw_bytes=14376960 content_type=application/x-raw-rgb
[09-20 06:08:47] Pixel data generated successfully in [92m2.56[0;0m seconds
[09-20 06:08:47] Peak memory usage: 82744.00 MB
[09-20 06:08:47] realtime chunk timing: session_id=6f2169a6fdce4742b65b3deb641fff80 request_id=6f2169a6fdce4742b65b3deb641fff80_3e40c92888f943deabe45b19cd20a3d5 chunk_idx=9 event_id=None condition_kinds=['camera_actions'] request_prepare=0.46ms scheduler_forward=2563.50ms output_pace=0.00ms header_pack=0.01ms header_write=0.04ms raw_payload_build=1.39ms raw_write=4.26ms ws_write=4.30ms chunk_total=2569.72ms batches=1 frames=12 frame_shape=(480, 832, 3) raw_bytes=14376960 ws_payload_bytes=14377291 content_type=application/x-raw-rgb
[09-20 06:08:47] generation reached max chunks, session_id=6f2169a6fdce4742b65b3deb641fff80, max_chunks=10
[09-20 06:08:47] terminating session, session_id=6f2169a6fdce4742b65b3deb641fff80
[09-20 06:08:47] Realtime session release: session_id=6f2169a6fdce4742b65b3deb641fff80 released=True
[2026-09-20 06:08:48] [32mINFO[0m:     Shutting down
[2026-09-20 06:08:48] [32mINFO[0m:     Waiting for application shutdown.
[09-20 06:08:48] FastAPI app is shutting down...
[2026-09-20 06:08:48] [32mINFO[0m:     Application shutdown complete.
[2026-09-20 06:08:48] [32mINFO[0m:     Finished server process [[36m116129[0m]
/usr/lib/python3.12/multiprocessing/resource_tracker.py:254: UserWarning: resource_tracker: There appear to be 1 leaked semaphore objects to clean up at shutdown
  warnings.warn('resource_tracker: There appear to be %d '
