...................sF...ss..                          [100%]
=================================== FAILURES ===================================
____________ TestSubBlockNumerics.test_ragged_tail_reproduces_dense ____________

self = <test_subblock_sparse_attention.TestSubBlockNumerics testMethod=test_ragged_tail_reproduces_dense>

    def test_ragged_tail_reproduces_dense(self):
        """A sequence that is not a multiple of the 64-token block."""
        device = torch.device("cuda")
        seq_len = self.seq_len + 37
        q, k, v = _structured_qkv(seq_len, device)
        impl = self._impl(sparsity=1e-6)
        with _patch_step(20):
            out = impl.forward(q, k, v, None)
        ref = _dense_reference(q, k, v, HEAD_DIM**-0.5)
>       self.assertGreater(_cosine(out, ref), 0.999)
E       AssertionError: nan not greater than 0.999

python/sglang/multimodal_gen/test/unit/test_subblock_sparse_attention.py:375: AssertionError
=============================== warnings summary ===============================
../../../opt/sglang/lib/python3.12/site-packages/flashinfer/fused_moe/cute_dsl/blackwell/blockscaled_contiguous_gather_grouped_gemm_act_fusion.py:3446
  /opt/sglang/lib/python3.12/site-packages/flashinfer/fused_moe/cute_dsl/blackwell/blockscaled_contiguous_gather_grouped_gemm_act_fusion.py:3446: DeprecationWarning: cutlass.utils.LayoutEnum is deprecated; use cutlass.tensor_utils.LayoutEnum instead. It will be removed in a future release.
    c_layout: utils.LayoutEnum,

../../../opt/sglang/lib/python3.12/site-packages/flashinfer/fused_moe/cute_dsl/blackwell/moe_w4a16_kernel.py:2326
  /opt/sglang/lib/python3.12/site-packages/flashinfer/fused_moe/cute_dsl/blackwell/moe_w4a16_kernel.py:2326: DeprecationWarning: cutlass.utils.LayoutEnum is deprecated; use cutlass.tensor_utils.LayoutEnum instead. It will be removed in a future release.
    c_layout: utils.LayoutEnum,

../../../opt/sglang/lib/python3.12/site-packages/flashinfer/fused_moe/cute_dsl/hopper/utils.py:29
  /opt/sglang/lib/python3.12/site-packages/flashinfer/fused_moe/cute_dsl/hopper/utils.py:29: DeprecationWarning: cutlass.utils.LayoutEnum is deprecated; use cutlass.tensor_utils.LayoutEnum instead. It will be removed in a future release.
    a_layout: utils.LayoutEnum,

../../../opt/sglang/lib/python3.12/site-packages/flashinfer/fused_moe/cute_dsl/hopper/utils.py:31
  /opt/sglang/lib/python3.12/site-packages/flashinfer/fused_moe/cute_dsl/hopper/utils.py:31: DeprecationWarning: cutlass.utils.LayoutEnum is deprecated; use cutlass.tensor_utils.LayoutEnum instead. It will be removed in a future release.
    b_layout: utils.LayoutEnum,

../../../opt/sglang/lib/python3.12/site-packages/flashinfer/fused_moe/cute_dsl/hopper/utils.py:34
  /opt/sglang/lib/python3.12/site-packages/flashinfer/fused_moe/cute_dsl/hopper/utils.py:34: DeprecationWarning: cutlass.utils.LayoutEnum is deprecated; use cutlass.tensor_utils.LayoutEnum instead. It will be removed in a future release.
    c_layout: utils.LayoutEnum,

../../../opt/sglang/lib/python3.12/site-packages/flashinfer/fused_moe/cute_dsl/hopper/contiguous_grouped_gemm_finalize_fusion.py:903
  /opt/sglang/lib/python3.12/site-packages/flashinfer/fused_moe/cute_dsl/hopper/contiguous_grouped_gemm_finalize_fusion.py:903: DeprecationWarning: cutlass.utils.LayoutEnum is deprecated; use cutlass.tensor_utils.LayoutEnum instead. It will be removed in a future release.
    a_layout: utils.LayoutEnum,

../../../opt/sglang/lib/python3.12/site-packages/flashinfer/fused_moe/cute_dsl/hopper/contiguous_grouped_gemm_finalize_fusion.py:905
  /opt/sglang/lib/python3.12/site-packages/flashinfer/fused_moe/cute_dsl/hopper/contiguous_grouped_gemm_finalize_fusion.py:905: DeprecationWarning: cutlass.utils.LayoutEnum is deprecated; use cutlass.tensor_utils.LayoutEnum instead. It will be removed in a future release.
    b_layout: utils.LayoutEnum,

../../../opt/sglang/lib/python3.12/site-packages/flashinfer/gemm/kernels/grouped_gemm_masked_blackwell.py:427
  /opt/sglang/lib/python3.12/site-packages/flashinfer/gemm/kernels/grouped_gemm_masked_blackwell.py:427: DeprecationWarning: cutlass.utils.LayoutEnum is deprecated; use cutlass.tensor_utils.LayoutEnum instead. It will be removed in a future release.
    epi_layout: utils.LayoutEnum,

../../../opt/sglang/lib/python3.12/site-packages/flashinfer/gemm/kernels/grouped_gemm_masked_blackwell.py:2391
  /opt/sglang/lib/python3.12/site-packages/flashinfer/gemm/kernels/grouped_gemm_masked_blackwell.py:2391: DeprecationWarning: cutlass.utils.LayoutEnum is deprecated; use cutlass.tensor_utils.LayoutEnum instead. It will be removed in a future release.
    c_layout: utils.LayoutEnum,

../../../opt/sglang/lib/python3.12/site-packages/flashinfer/gemm/kernels/cute_dsl/low_latency_blockscaled_gemm.py:102
  /opt/sglang/lib/python3.12/site-packages/flashinfer/gemm/kernels/cute_dsl/low_latency_blockscaled_gemm.py:102: DeprecationWarning: cutlass.utils.smem_allocator.get_smem_capacity_in_bytes is deprecated; use cutlass.memory.get_smem_capacity_in_bytes instead. It will be removed in a future release.
    _SMEM_CAPACITY_BYTES = cutlass.utils.get_smem_capacity_in_bytes("sm_100")

../../../opt/sglang/lib/python3.12/site-packages/flashinfer/gemm/kernels/grouped_gemm_masked_rubin.py:215
  /opt/sglang/lib/python3.12/site-packages/flashinfer/gemm/kernels/grouped_gemm_masked_rubin.py:215: DeprecationWarning: cutlass.utils.LayoutEnum is deprecated; use cutlass.tensor_utils.LayoutEnum instead. It will be removed in a future release.
    c_layout: utils.LayoutEnum,

../../../opt/sglang/lib/python3.12/site-packages/flashinfer/gdn_kernels/blackwell/gated_delta_net_chunked.py:95
../../../opt/sglang/lib/python3.12/site-packages/flashinfer/gdn_kernels/blackwell/gated_delta_net_chunked.py:95
  /opt/sglang/lib/python3.12/site-packages/flashinfer/gdn_kernels/blackwell/gated_delta_net_chunked.py:95: DeprecationWarning: cutlass.utils.TensorMapUpdateMode is deprecated; use cutlass.tensor_utils.TensorMapUpdateMode instead. It will be removed in a future release.
    from cutlass.utils import TensorMapManager, TensorMapUpdateMode

../../../opt/sglang/lib/python3.12/site-packages/flashinfer/gdn_kernels/delta_rule_dsl/collective_store_tma.py:6
  /opt/sglang/lib/python3.12/site-packages/flashinfer/gdn_kernels/delta_rule_dsl/collective_store_tma.py:6: DeprecationWarning: cutlass.utils.tensormap_manager.TensorMapUpdateMode is deprecated; use cutlass.tensor_utils.TensorMapUpdateMode instead. It will be removed in a future release.
    from cutlass.utils.tensormap_manager import TensorMapManager, TensorMapUpdateMode

../../../opt/sglang/lib/python3.12/site-packages/flashinfer/gdn_kernels/blackwell/gated_delta_net_cp_prefill.py:55
../../../opt/sglang/lib/python3.12/site-packages/flashinfer/gdn_kernels/blackwell/gated_delta_net_cp_prefill.py:55
  /opt/sglang/lib/python3.12/site-packages/flashinfer/gdn_kernels/blackwell/gated_delta_net_cp_prefill.py:55: DeprecationWarning: cutlass.utils.TensorMapUpdateMode is deprecated; use cutlass.tensor_utils.TensorMapUpdateMode instead. It will be removed in a future release.
    from cutlass.utils import TensorMapManager, TensorMapUpdateMode

../../../opt/sglang/lib/python3.12/site-packages/flashinfer/cute_dsl/availability.py:136
  /opt/sglang/lib/python3.12/site-packages/flashinfer/cute_dsl/availability.py:136: DeprecationWarning: Arch from arch.py is deprecated. Use Arch from enums.py instead.
    from cutlass.base_dsl.arch import Arch

<frozen importlib._bootstrap>:488
  <frozen importlib._bootstrap>:488: DeprecationWarning: builtin type SwigPyPacked has no __module__ attribute

<frozen importlib._bootstrap>:488
  <frozen importlib._bootstrap>:488: DeprecationWarning: builtin type SwigPyObject has no __module__ attribute

../../../opt/sglang/lib/python3.12/site-packages/torch/jit/_script.py:365: 14 warnings
  /opt/sglang/lib/python3.12/site-packages/torch/jit/_script.py:365: DeprecationWarning: `torch.jit.script_method` is deprecated. Please switch to `torch.compile` or `torch.export`.
    warnings.warn(

../../../opt/sglang/lib/python3.12/site-packages/flashinfer/cute_dsl/sparse/sm100_blk64/bsa_fwd_sm100.py:24
  /opt/sglang/lib/python3.12/site-packages/flashinfer/cute_dsl/sparse/sm100_blk64/bsa_fwd_sm100.py:24: DeprecationWarning: Arch from arch.py is deprecated. Use Arch from enums.py instead.
    from cutlass.base_dsl.arch import Arch

../../../opt/sglang/lib/python3.12/site-packages/flashinfer/cute_dsl/sparse/sm100_blk64/copy_utils.py:12
  /opt/sglang/lib/python3.12/site-packages/flashinfer/cute_dsl/sparse/sm100_blk64/copy_utils.py:12: DeprecationWarning: Arch from arch.py is deprecated. Use Arch from enums.py instead.
    from cutlass.base_dsl.arch import Arch

sglang/multimodal_gen/test/unit/test_subblock_sparse_attention.py: 11 warnings
  /scratch/cold-l2/baseline/python/sglang/multimodal_gen/runtime/layers/attention/backends/subblock_sparse_attn.py:232: DeprecationWarning: bsa_attn_blk64_fwd is deprecated and will be removed in a future release. Use bsa_attn_sm100_blk64_fwd instead.
    out = load_bsa_attn_blk64_fwd()(

sglang/multimodal_gen/test/unit/test_subblock_sparse_attention.py::TestSubBlockNumerics::test_full_budget_reproduces_dense
sglang/multimodal_gen/test/unit/test_subblock_sparse_attention.py::TestSubBlockNumerics::test_head_chunks_match_one_call
sglang/multimodal_gen/test/unit/test_subblock_sparse_attention.py::TestSubBlockNumerics::test_ragged_tail_reproduces_dense
  /usr/lib/python3.12/contextlib.py:137: UserWarning: blk64 CuTe-DSL Constexpr/TVM-FFI compat shim (constexpr_tvm_ffi_converter_patched) was written against nvidia-cutlass-dsl==4.7.0; found 4.8.0. Verify _convert_single_arg's signature/behavior still matches before trusting this shim.
    return next(self.gen)

sglang/multimodal_gen/test/unit/test_subblock_sparse_attention.py::TestSubBlockNumerics::test_full_budget_reproduces_dense
sglang/multimodal_gen/test/unit/test_subblock_sparse_attention.py::TestSubBlockNumerics::test_head_chunks_match_one_call
sglang/multimodal_gen/test/unit/test_subblock_sparse_attention.py::TestSubBlockNumerics::test_ragged_tail_reproduces_dense
  /opt/sglang/lib/python3.12/site-packages/flashinfer/cute_dsl/sparse/sm100_blk64/bsa_fwd_sm100.py:514: DeprecationWarning: tcgen05.OperandMajorMode is deprecated, use cute.nvgpu.OperandMajorMode instead
    q_major_mode = tcgen05.OperandMajorMode.K

sglang/multimodal_gen/test/unit/test_subblock_sparse_attention.py::TestSubBlockNumerics::test_full_budget_reproduces_dense
sglang/multimodal_gen/test/unit/test_subblock_sparse_attention.py::TestSubBlockNumerics::test_head_chunks_match_one_call
sglang/multimodal_gen/test/unit/test_subblock_sparse_attention.py::TestSubBlockNumerics::test_ragged_tail_reproduces_dense
  /opt/sglang/lib/python3.12/site-packages/flashinfer/cute_dsl/sparse/sm100_blk64/bsa_fwd_sm100.py:515: DeprecationWarning: tcgen05.OperandMajorMode is deprecated, use cute.nvgpu.OperandMajorMode instead
    k_major_mode = tcgen05.OperandMajorMode.K

sglang/multimodal_gen/test/unit/test_subblock_sparse_attention.py::TestSubBlockNumerics::test_full_budget_reproduces_dense
sglang/multimodal_gen/test/unit/test_subblock_sparse_attention.py::TestSubBlockNumerics::test_head_chunks_match_one_call
sglang/multimodal_gen/test/unit/test_subblock_sparse_attention.py::TestSubBlockNumerics::test_ragged_tail_reproduces_dense
  /opt/sglang/lib/python3.12/site-packages/flashinfer/cute_dsl/sparse/sm100_blk64/bsa_fwd_sm100.py:516: DeprecationWarning: tcgen05.OperandMajorMode is deprecated, use cute.nvgpu.OperandMajorMode instead
    v_major_mode = tcgen05.OperandMajorMode.MN

sglang/multimodal_gen/test/unit/test_subblock_sparse_attention.py::TestSubBlockNumerics::test_full_budget_reproduces_dense
sglang/multimodal_gen/test/unit/test_subblock_sparse_attention.py::TestSubBlockNumerics::test_head_chunks_match_one_call
sglang/multimodal_gen/test/unit/test_subblock_sparse_attention.py::TestSubBlockNumerics::test_ragged_tail_reproduces_dense
  /opt/sglang/lib/python3.12/site-packages/flashinfer/cute_dsl/sparse/sm100_blk64/bsa_fwd_sm100.py:517: DeprecationWarning: cutlass.utils.LayoutEnum is deprecated; use cutlass.tensor_utils.LayoutEnum instead. It will be removed in a future release.
    self.o_layout = cutlass.utils.LayoutEnum.from_tensor(mO)

sglang/multimodal_gen/test/unit/test_subblock_sparse_attention.py::TestSubBlockNumerics::test_full_budget_reproduces_dense
sglang/multimodal_gen/test/unit/test_subblock_sparse_attention.py::TestSubBlockNumerics::test_head_chunks_match_one_call
sglang/multimodal_gen/test/unit/test_subblock_sparse_attention.py::TestSubBlockNumerics::test_ragged_tail_reproduces_dense
  /opt/sglang/lib/python3.12/site-packages/flashinfer/cute_dsl/sparse/sm100_blk64/bsa_fwd_sm100.py:520: DeprecationWarning: tcgen05.OperandMajorMode is deprecated, use cute.nvgpu.OperandMajorMode instead
    p_major_mode = tcgen05.OperandMajorMode.K

sglang/multimodal_gen/test/unit/test_subblock_sparse_attention.py::TestSubBlockNumerics::test_full_budget_reproduces_dense
sglang/multimodal_gen/test/unit/test_subblock_sparse_attention.py::TestSubBlockNumerics::test_full_budget_reproduces_dense
sglang/multimodal_gen/test/unit/test_subblock_sparse_attention.py::TestSubBlockNumerics::test_head_chunks_match_one_call
sglang/multimodal_gen/test/unit/test_subblock_sparse_attention.py::TestSubBlockNumerics::test_head_chunks_match_one_call
sglang/multimodal_gen/test/unit/test_subblock_sparse_attention.py::TestSubBlockNumerics::test_ragged_tail_reproduces_dense
sglang/multimodal_gen/test/unit/test_subblock_sparse_attention.py::TestSubBlockNumerics::test_ragged_tail_reproduces_dense
  /opt/sglang/lib/python3.12/site-packages/nvidia_cutlass_dsl/dsl_packages/cutlass/_mlir_helpers/op.py:493: DeprecationWarning: make_trivial_tiled_mma with ab_dtype is deprecated, use the overload with separate a_dtype and b_dtype instead
    res_or_list = opFunc(*args, **kwargs, loc=loc)

sglang/multimodal_gen/test/unit/test_subblock_sparse_attention.py::TestSubBlockNumerics::test_full_budget_reproduces_dense
sglang/multimodal_gen/test/unit/test_subblock_sparse_attention.py::TestSubBlockNumerics::test_full_budget_reproduces_dense
sglang/multimodal_gen/test/unit/test_subblock_sparse_attention.py::TestSubBlockNumerics::test_head_chunks_match_one_call
sglang/multimodal_gen/test/unit/test_subblock_sparse_attention.py::TestSubBlockNumerics::test_head_chunks_match_one_call
sglang/multimodal_gen/test/unit/test_subblock_sparse_attention.py::TestSubBlockNumerics::test_ragged_tail_reproduces_dense
sglang/multimodal_gen/test/unit/test_subblock_sparse_attention.py::TestSubBlockNumerics::test_ragged_tail_reproduces_dense
  <string>:11: DeprecationWarning: tcgen05.OperandMajorMode is deprecated, use cute.nvgpu.OperandMajorMode instead

sglang/multimodal_gen/test/unit/test_subblock_sparse_attention.py::TestSubBlockNumerics::test_full_budget_reproduces_dense
sglang/multimodal_gen/test/unit/test_subblock_sparse_attention.py::TestSubBlockNumerics::test_full_budget_reproduces_dense
sglang/multimodal_gen/test/unit/test_subblock_sparse_attention.py::TestSubBlockNumerics::test_full_budget_reproduces_dense
sglang/multimodal_gen/test/unit/test_subblock_sparse_attention.py::TestSubBlockNumerics::test_head_chunks_match_one_call
sglang/multimodal_gen/test/unit/test_subblock_sparse_attention.py::TestSubBlockNumerics::test_head_chunks_match_one_call
sglang/multimodal_gen/test/unit/test_subblock_sparse_attention.py::TestSubBlockNumerics::test_head_chunks_match_one_call
sglang/multimodal_gen/test/unit/test_subblock_sparse_attention.py::TestSubBlockNumerics::test_ragged_tail_reproduces_dense
  /opt/sglang/lib/python3.12/site-packages/nvidia_cutlass_dsl/dsl_packages/cutlass/_mlir_helpers/op.py:493: DeprecationWarning: FastDivmodDivisor is deprecated in favor of cute.FastDivmodDivisorV2 / cute.fast_divmod_create_divisor_v2. V2 additionally carries the scalar divisor across kernel boundaries (2 MLIR values per object instead of 1), so '.divisor' is readable inside kernels; arithmetic (divmod, //, %) is unchanged.
    res_or_list = opFunc(*args, **kwargs, loc=loc)

sglang/multimodal_gen/test/unit/test_subblock_sparse_attention.py::TestSubBlockNumerics::test_full_budget_reproduces_dense
sglang/multimodal_gen/test/unit/test_subblock_sparse_attention.py::TestSubBlockNumerics::test_head_chunks_match_one_call
sglang/multimodal_gen/test/unit/test_subblock_sparse_attention.py::TestSubBlockNumerics::test_ragged_tail_reproduces_dense
  /opt/sglang/lib/python3.12/site-packages/flashinfer/cute_dsl/sparse/sm100_blk64/bsa_fwd_sm100.py:947: DeprecationWarning: cutlass.utils.smem_allocator.SmemAllocator is deprecated; use cutlass.memory.SmemAllocator instead. It will be removed in a future release.
    smem = cutlass.utils.SmemAllocator()

sglang/multimodal_gen/test/unit/test_subblock_sparse_attention.py::TestSubBlockNumerics::test_full_budget_reproduces_dense
sglang/multimodal_gen/test/unit/test_subblock_sparse_attention.py::TestSubBlockNumerics::test_head_chunks_match_one_call
sglang/multimodal_gen/test/unit/test_subblock_sparse_attention.py::TestSubBlockNumerics::test_ragged_tail_reproduces_dense
  /opt/sglang/lib/python3.12/site-packages/flashinfer/cute_dsl/sparse/sm100_blk64/bsa_fwd_sm100.py:963: DeprecationWarning: cutlass.utils.tmem_allocator.TmemAllocator is deprecated; use cutlass.memory.TmemAllocator instead. It will be removed in a future release.
    tmem = cutlass.utils.TmemAllocator(

sglang/multimodal_gen/test/unit/test_subblock_sparse_attention.py::TestSubBlockNumerics::test_full_budget_reproduces_dense
sglang/multimodal_gen/test/unit/test_subblock_sparse_attention.py::TestSubBlockNumerics::test_head_chunks_match_one_call
  /opt/sglang/lib/python3.12/site-packages/flashinfer/cute_dsl/sparse/sm100_blk64/block_sparse_tile_scheduler.py:128: DeprecationWarning: Migrated to examples/CuTeDSL/helpers/dynamic_persistent_tile_scheduler.py (BSD-3). The wheel copy will be removed in a future release.
    cutlass_params = ClcDynamicPersistentTileSchedulerParams(

sglang/multimodal_gen/test/unit/test_subblock_sparse_attention.py::TestSubBlockNumerics::test_full_budget_reproduces_dense
sglang/multimodal_gen/test/unit/test_subblock_sparse_attention.py::TestSubBlockNumerics::test_head_chunks_match_one_call
  /opt/sglang/lib/python3.12/site-packages/nvidia_cutlass_dsl/dsl_packages/cutlass/utils/dynamic_persistent_tile_scheduler.py:421: DeprecationWarning: Migrated to examples/CuTeDSL/helpers/dynamic_persistent_tile_scheduler.py (BSD-3). The wheel copy will be removed in a future release.
    return ClcDynamicPersistentTileScheduler(

sglang/multimodal_gen/test/unit/test_subblock_sparse_attention.py: 48 warnings
  /opt/sglang/lib/python3.12/site-packages/nvidia_cutlass_dsl/dsl_packages/cutlass/utils/dynamic_persistent_tile_scheduler.py:359: DeprecationWarning: Migrated to examples/CuTeDSL/helpers/dynamic_persistent_tile_scheduler.py (BSD-3). The wheel copy will be removed in a future release.
    return ClcDynamicPersistentTileScheduler(

sglang/multimodal_gen/test/unit/test_subblock_sparse_attention.py: 27 warnings
  /opt/sglang/lib/python3.12/site-packages/nvidia_cutlass_dsl/dsl_packages/cutlass/cute/core.py:5905: DeprecationWarning: Using `struct.scalar` as pointer is deprecated.
    return [self.value]

sglang/multimodal_gen/test/unit/test_subblock_sparse_attention.py: 27 warnings
  /opt/sglang/lib/python3.12/site-packages/nvidia_cutlass_dsl/dsl_packages/cutlass/memory/tmem.py:420: DeprecationWarning: cutlass.utils.tmem_allocator.TmemAllocator is deprecated; use cutlass.memory.TmemAllocator instead. It will be removed in a future release.
    return type(self)(

sglang/multimodal_gen/test/unit/test_subblock_sparse_attention.py: 24 warnings
  /opt/sglang/lib/python3.12/site-packages/flashinfer/cute_dsl/sparse/sm100_blk64/mma_sm100_desc.py:175: DeprecationWarning: tcgen05.OperandMajorMode is deprecated, use cute.nvgpu.OperandMajorMode instead
    Major.K if op.a_major_mode == tcgen05.OperandMajorMode.K else Major.MN,

sglang/multimodal_gen/test/unit/test_subblock_sparse_attention.py: 24 warnings
  /opt/sglang/lib/python3.12/site-packages/flashinfer/cute_dsl/sparse/sm100_blk64/mma_sm100_desc.py:176: DeprecationWarning: tcgen05.OperandMajorMode is deprecated, use cute.nvgpu.OperandMajorMode instead
    Major.K if op.b_major_mode == tcgen05.OperandMajorMode.K else Major.MN,

sglang/multimodal_gen/test/unit/test_subblock_sparse_attention.py: 12 warnings
  /opt/sglang/lib/python3.12/site-packages/flashinfer/cute_dsl/sparse/sm100_blk64/bsa_fwd_helpers.py:643: DeprecationWarning: tcgen05.OperandMajorMode is deprecated, use cute.nvgpu.OperandMajorMode instead
    if const_expr(op.a_major_mode == tcgen05.OperandMajorMode.K)

sglang/multimodal_gen/test/unit/test_subblock_sparse_attention.py: 24 warnings
  /opt/sglang/lib/python3.12/site-packages/flashinfer/cute_dsl/sparse/sm100_blk64/bsa_fwd_helpers.py:659: DeprecationWarning: tcgen05.OperandMajorMode is deprecated, use cute.nvgpu.OperandMajorMode instead
    if const_expr(op.b_major_mode == tcgen05.OperandMajorMode.K)

sglang/multimodal_gen/test/unit/test_subblock_sparse_attention.py::TestSubBlockNumerics::test_skipped_step_is_bitwise_dense
sglang/multimodal_gen/test/unit/test_subblock_sparse_attention.py::TestSubBlockNumerics::test_skipped_step_is_bitwise_dense
  /opt/sglang/lib/python3.12/site-packages/quack/copy_utils.py:15: DeprecationWarning: cutlass.utils.LayoutEnum is deprecated; use cutlass.tensor_utils.LayoutEnum instead. It will be removed in a future release.
    from cutlass.utils import LayoutEnum, block_copy

sglang/multimodal_gen/test/unit/test_subblock_sparse_attention.py::TestSubBlockNumerics::test_skipped_step_is_bitwise_dense
  /opt/sglang/lib/python3.12/site-packages/quack/copy_utils.py:562: DeprecationWarning: cutlass.utils.LayoutEnum is deprecated; use cutlass.tensor_utils.LayoutEnum instead. It will be removed in a future release.
    layout_c: cutlass.utils.LayoutEnum,

sglang/multimodal_gen/test/unit/test_subblock_sparse_attention.py::TestSubBlockNumerics::test_skipped_step_is_bitwise_dense
  /scratch/cold-l2/baseline/python/sglang/kernels/ops/attention/flash_attn/cute/flash_fwd.py:18: DeprecationWarning: Arch from arch.py is deprecated. Use Arch from enums.py instead.
    from cutlass.base_dsl.arch import Arch

sglang/multimodal_gen/test/unit/test_subblock_sparse_attention.py::TestSubBlockNumerics::test_skipped_step_is_bitwise_dense
  /scratch/cold-l2/baseline/python/sglang/kernels/ops/attention/flash_attn/cute/flash_fwd_sm90.py:13: DeprecationWarning: Arch from arch.py is deprecated. Use Arch from enums.py instead.
    from cutlass.base_dsl.arch import Arch

sglang/multimodal_gen/test/unit/test_subblock_sparse_attention.py::TestSubBlockNumerics::test_skipped_step_is_bitwise_dense
sglang/multimodal_gen/test/unit/test_subblock_sparse_attention.py::TestSubBlockNumerics::test_skipped_step_is_bitwise_dense
  /scratch/cold-l2/baseline/python/sglang/kernels/ops/attention/flash_attn/cute/flash_fwd_sm90.py:17: DeprecationWarning: cutlass.utils.LayoutEnum is deprecated; use cutlass.tensor_utils.LayoutEnum instead. It will be removed in a future release.
    from cutlass.utils import LayoutEnum

sglang/multimodal_gen/test/unit/test_subblock_sparse_attention.py::TestSubBlockNumerics::test_skipped_step_is_bitwise_dense
sglang/multimodal_gen/test/unit/test_subblock_sparse_attention.py::TestSubBlockNumerics::test_skipped_step_is_bitwise_dense
  /opt/sglang/lib/python3.12/site-packages/quack/sm90_utils.py:11: DeprecationWarning: cutlass.utils.LayoutEnum is deprecated; use cutlass.tensor_utils.LayoutEnum instead. It will be removed in a future release.
    from cutlass.utils import LayoutEnum

sglang/multimodal_gen/test/unit/test_subblock_sparse_attention.py::TestSubBlockNumerics::test_skipped_step_is_bitwise_dense
  /scratch/cold-l2/baseline/python/sglang/kernels/ops/attention/flash_attn/cute/flash_fwd_sm100.py:37: DeprecationWarning: Arch from arch.py is deprecated. Use Arch from enums.py instead.
    from cutlass.base_dsl.arch import Arch

-- Docs: https://docs.pytest.org/en/stable/how-to/capture-warnings.html
=========================== short test summary info ============================
FAILED python/sglang/multimodal_gen/test/unit/test_subblock_sparse_attention.py::TestSubBlockNumerics::test_ragged_tail_reproduces_dense
1 failed, 24 passed, 3 skipped, 289 warnings, 19 subtests passed in 8.90s
sys:1: DeprecationWarning: builtin type swigvarlink has no __module__ attribute
