Flax classes are deprecated and will be removed in Diffusers v1.0.0. We recommend migrating to PyTorch classes or pinning your version of Diffusers.
Flax classes are deprecated and will be removed in Diffusers v1.0.0. We recommend migrating to PyTorch classes or pinning your version of Diffusers.
[09-20 06:27:58] server_args: {"model_path": "robbyant/lingbot-world-v2-14b-causal-fast-diffusers", "model_subfolder": null, "model_variant": null, "model_id": null, "served_model_name": "robbyant/lingbot-world-v2-14b-causal-fast-diffusers", "backend": "auto", "attention_backend": null, "enable_attention_backend_autotune": false, "attention_backend_config": {}, "component_attention_backends": {}, "cache_dit_config": null, "nccl_port": null, "enable_nccl_nvls": false, "trust_remote_code": false, "revision": null, "num_gpus": 1, "performance_mode": "manual", "base_gpu_id": 0, "gpu_ids": null, "nnodes": 1, "node_rank": 0, "dist_init_addr": null, "tp_size": 1, "sp_degree": 1, "ulysses_degree": 1, "ring_degree": 1, "kv_gather_degree": 1, "sp_split_auto": false, "dp_size": 1, "enable_cfg_parallel": false, "cfg_parallel_degree": 1, "encoder_parallel": "auto", "hsdp_replicate_dim": 1, "hsdp_shard_dim": 1, "dist_timeout": 3600, "scheduler_rpc_timeout": null, "pipeline_class_name": null, "lora_path": null, "lora_nickname": "default", "lora_scale": 1.0, "lora_alpha": null, "lora_merge_mode": "auto", "lora_weight_name": null, "component_paths": {}, "component_weights_paths": {}, "component_direct_gpu_weight_loading": {}, "component_quantizations": {}, "component_precisions": {}, "component_quantization_ignored_layers": {}, "load_diffusion_decoder": false, "transformer_weights_path": null, "minimax_h3_adaln_cache_path": null, "minimax_h3_adaln_online": false, "minimax_h3_adaln_plan_width": 4, "minimax_h3_adaln_host_cache_gb": 8.0, "quantization": null, "quantization_ignored_layers": null, "lora_target_modules": null, "component_residency": null, "cpu_offload_components": null, "dit_cpu_offload": false, "direct_gpu_weight_loading": false, "dit_layerwise_offload": false, "layerwise_offload_components": null, "dit_offload_prefetch_size": 0.0, "dit_layerwise_resident_layers": 0.0, "dit_layerwise_residency_policy": "leading", "layerwise_prefetch_size": {}, "layerwise_resident_layers": {}, "layerwise_residency_policy": {}, "offload_during_compile": true, "text_encoder_cpu_offload": true, "image_encoder_cpu_offload": null, "vae_cpu_offload": false, "use_fsdp_inference": null, "pin_cpu_memory": true, "ltx2_two_stage_device_mode": null, "comfyui_mode": false, "enable_torch_compile": false, "regional_compile": false, "enable_breakable_cuda_graph": false, "bcg_text_buckets": null, "enable_layerwise_nvtx_marker": false, "warmup_mode": "server", "warmup_resolutions": ["832x480"], "warmup_num_frames": 9, "warmup_steps": 1, "warmup_sampling_params": null, "disable_autocast": false, "master_port": 24100, "host": "127.0.0.1", "port": 24000, "enable_metrics": false, "webui": false, "webui_port": 12312, "scheduler_port": 5630, "scheduler_ports": [5630], "batching_mode": "dynamic", "batching_max_size": 1, "batching_delay_ms": 0.0, "batching_config": null, "enable_batching_metrics": false, "strict_ports": false, "output_path": "outputs/", "input_save_path": "inputs/uploads", "prompt_file_path": null, "model_paths": {}, "model_loaded": {"transformer": true, "vae": true, "video_vae": true, "audio_vae": true, "video_dit": true, "audio_dit": true, "dual_tower_bridge": true}, "boundary_ratio": null, "disagg_role": "monolithic", "disagg_timeout": 3600, "disagg_downstream_wait_timeout": 1800, "disagg_dispatch_policy": "round_robin", "disagg_mode": false, "disagg_instance_id": 0, "disagg_max_slots_per_instance": 8, "disagg_transfer_redundancy": 1.25, "disagg_role_device": "auto", "disagg_transfer_backend": "auto", "disagg_transfer_pool_size": 268435456, "disagg_transfer_pin_memory": "auto", "disagg_p2p_hostname": "127.0.0.1", "disagg_ib_device": null, "disagg_server_addr": null, "encoder_urls": null, "denoiser_urls": null, "decoder_urls": null, "encoder_tp": null, "denoiser_tp": null, "denoiser_sp": null, "denoiser_ulysses": null, "denoiser_ring": null, "decoder_sp": null, "pool_work_endpoint": null, "pool_result_endpoint": null, "pool_control_endpoint": null, "pool_control_advertised_endpoint": null, "log_level": "info", "log_requests": false, "log_requests_level": 2, "log_requests_format": "text", "log_requests_target": null, "uvicorn_access_log_exclude_prefixes": [], "enable_cache_report": false, "enable_trace": false, "otlp_traces_endpoint": "localhost:4317", "otlp_service_name": null, "srt_encoder_url": null, "srt_encoder_connect_timeout": 3.05, "srt_encoder_timeout": 100, "pe_server_url": null}
[09-20 06:27:58] Starting server...
Flax classes are deprecated and will be removed in Diffusers v1.0.0. We recommend migrating to PyTorch classes or pinning your version of Diffusers.
Flax classes are deprecated and will be removed in Diffusers v1.0.0. We recommend migrating to PyTorch classes or pinning your version of Diffusers.
[09-20 06:28:11] Scheduler (dp replica 0) bind at endpoint: tcp://127.0.0.1:5630
[09-20 06:28:11] torch.compile cache: TORCHINDUCTOR_CACHE_DIR=/campaign/model-caches/lingbot-world-v2-cycle/sglang/torch_compile_cache/inductor TRITON_CACHE_DIR=/campaign/model-caches/lingbot-world-v2-cycle/sglang/torch_compile_cache/triton
[09-20 06:28:11] Initializing distributed environment with world_size=1, device=cuda:0, timeout=3600
[09-20 06:28:11] Setting distributed timeout to 3600 seconds
[09-20 06:28:12] No pipeline_class_name specified, using model_index.json
[09-20 06:28:13] Using pipeline from model_index.json: LingBotWorldCausalDMDPipeline
[09-20 06:28:13] Loading pipeline modules...
[09-20 06:28:13] Checking for cached model in Hugging Face Hub cache for robbyant/lingbot-world-v2-14b-causal-fast-diffusers...
[09-20 06:28:13] Found complete model in cache at /campaign/model-caches/lingbot-world-v2-cycle/huggingface/hub/models--robbyant--lingbot-world-v2-14b-causal-fast-diffusers/snapshots/59cccf49f2d2dd27418ae7a04b82b10868d455c2
[09-20 06:28:13] Model path: /campaign/model-caches/lingbot-world-v2-cycle/huggingface/hub/models--robbyant--lingbot-world-v2-14b-causal-fast-diffusers/snapshots/59cccf49f2d2dd27418ae7a04b82b10868d455c2
[09-20 06:28:13] Diffusers version: 0.35.0.dev0
[09-20 06:28:13] Loading pipeline modules from config: {'_class_name': 'LingBotWorldCausalDMDPipeline', '_diffusers_version': '0.35.0.dev0', 'boundary_ratio': 0.9, 'image_encoder': [None, None], 'image_processor': [None, None], 'scheduler': ['diffusers', 'UniPCMultistepScheduler'], 'text_encoder': ['transformers', 'UMT5EncoderModel'], 'tokenizer': ['transformers', 'T5TokenizerFast'], 'transformer': ['diffusers', 'CausalLingBotWorldTransformer3DModel'], 'transformer_2': [None, None], 'vae': ['diffusers', 'AutoencoderKLWan']}
[09-20 06:28:13] MoE pipeline detected. Adding transformer_2 to self.required_config_modules...
[09-20 06:28:13] Setting boundary ratio to 0.9
[09-20 06:28:13] Loading required components: ['text_encoder', 'tokenizer', 'vae', 'transformer', 'scheduler', 'image_encoder', 'image_processor', 'transformer_2']
[93m[09-20 06:28:13] Module image_encoder in model_index.json has null value, removing from required_config_modules[0;0m
[93m[09-20 06:28:13] Module image_processor in model_index.json has null value, removing from required_config_modules[0;0m
[93m[09-20 06:28:13] Module transformer_2 in model_index.json has null value, removing from required_config_modules[0;0m
[09-20 06:28:13] Memory-aware component load order: ['transformer', 'text_encoder', 'vae', 'tokenizer', 'scheduler']
Loading required modules:   0%|          | 0/5 [00:00<?, ?it/s][09-20 06:28:13] Loading transformer from /campaign/model-caches/lingbot-world-v2-cycle/huggingface/hub/models--robbyant--lingbot-world-v2-14b-causal-fast-diffusers/snapshots/59cccf49f2d2dd27418ae7a04b82b10868d455c2/transformer. avail mem: 138.65 GB
[09-20 06:28:13] Loading CausalLingBotWorldTransformer3DModel from 8 safetensors file(s) , param_dtype: torch.bfloat16

Loading safetensors checkpoint shards: 0%|          | 0/8[ALoading safetensors checkpoint shards: 100%|██████████| 8/8
[09-20 06:28:22] Attention backends for transformer: fa
[09-20 06:28:22] Loaded transformer: CausalLingBotWorldTransformer3DModel (sgl-diffusion version). model size: 40.4 GB, vram: 40.40 GB. avail GPU mem: 96.74 GB
Loading required modules:  20%|██        | 1/5 [00:08<00:35,  8.82s/it][09-20 06:28:22] Loading text_encoder from /campaign/model-caches/lingbot-world-v2-cycle/huggingface/hub/models--robbyant--lingbot-world-v2-14b-causal-fast-diffusers/snapshots/59cccf49f2d2dd27418ae7a04b82b10868d455c2/text_encoder. avail mem: 96.74 GB

Loading safetensors checkpoint shards: 0%|          | 0/3[A
Loading safetensors checkpoint shards: 33%|███▎      | 1/3[A
Loading safetensors checkpoint shards: 67%|██████▋   | 2/3[A
Loading safetensors checkpoint shards: 100%|██████████| 3/3[ALoading safetensors checkpoint shards: 100%|██████████| 3/3
[09-20 06:28:23] Loaded text_encoder: UMT5EncoderModel (sgl-diffusion version). model size: 10.58 GB, host pageable: 10.58 GB. avail GPU mem: 96.74 GB
Loading required modules:  40%|████      | 2/5 [00:09<00:12,  4.27s/it][09-20 06:28:23] Loading vae from /campaign/model-caches/lingbot-world-v2-cycle/huggingface/hub/models--robbyant--lingbot-world-v2-14b-causal-fast-diffusers/snapshots/59cccf49f2d2dd27418ae7a04b82b10868d455c2/vae. avail mem: 96.74 GB
[09-20 06:28:23] VAE: converted 61 Conv3d weights to channels_last_3d
[09-20 06:28:23] Wan VAE: installed quality-gated fast path (29 RMSNorm+SiLU fusions, 3 channels_last upsamples).
[09-20 06:28:23] Loaded vae: AutoencoderKLWan (sgl-diffusion version). model size: 0.47 GB, vram: 0.47 GB. avail GPU mem: 96.72 GB
Loading required modules:  60%|██████    | 3/5 [00:10<00:04,  2.42s/it][09-20 06:28:23] Loading tokenizer from /campaign/model-caches/lingbot-world-v2-cycle/huggingface/hub/models--robbyant--lingbot-world-v2-14b-causal-fast-diffusers/snapshots/59cccf49f2d2dd27418ae7a04b82b10868d455c2/tokenizer. avail mem: 96.72 GB
[09-20 06:28:25] Loaded tokenizer: T5Tokenizer (sgl-diffusion version). model size: NA GB, weights: none. avail GPU mem: 96.72 GB
Loading required modules:  80%|████████  | 4/5 [00:11<00:02,  2.11s/it][09-20 06:28:25] Loading scheduler from /campaign/model-caches/lingbot-world-v2-cycle/huggingface/hub/models--robbyant--lingbot-world-v2-14b-causal-fast-diffusers/snapshots/59cccf49f2d2dd27418ae7a04b82b10868d455c2/scheduler. avail mem: 96.72 GB
[09-20 06:28:25] Loaded scheduler: UniPCMultistepScheduler (sgl-diffusion version). model size: NA GB, weights: none. avail GPU mem: 96.72 GB
Loading required modules: 100%|██████████| 5/5 [00:11<00:00,  2.35s/it]
[09-20 06:28:25] Creating pipeline stages...
[09-20 06:28:25] Using fa attention backend
[09-20 06:28:25] Pipeline instantiated
[09-20 06:28:25] Worker 0: Initialized device, model, and distributed environment.
[09-20 06:28:25] Worker 0: Scheduler loop started.
[09-20 06:28:25] Starting FastAPI server.
[2026-09-20 06:28:25] [32mINFO[0m:     Started server process [[36m122864[0m]
[2026-09-20 06:28:25] [32mINFO[0m:     Waiting for application startup.
[09-20 06:28:25] ZMQ Broker is listening for offline jobs on tcp://127.0.0.1:24001
[2026-09-20 06:28:25] [32mINFO[0m:     Application startup complete.
[2026-09-20 06:28:25] [32mINFO[0m:     Uvicorn running on [1mhttp://127.0.0.1:24000[0m (Press CTRL+C to quit)
[2026-09-20 06:28:25] [32mINFO[0m:     127.0.0.1:46260 - "[1mGET /health HTTP/1.1[0m" [32m200 OK[0m
[2026-09-20 06:28:25] [32mINFO[0m:     127.0.0.1:46268 - "WebSocket /v1/realtime_video/generate" [accepted]
[2026-09-20 06:28:25] [32mINFO[0m:     connection open
[09-20 06:28:25] Adjusting number of frames from 21 to 21 based on model
[09-20 06:28:25] Sampling params:
                       width: 832
                      height: 480
                  num_frames: 21
                         fps: 16
                      prompt: <redacted, len=62>
                  neg_prompt: None
                        seed: 41
                 infer_steps: 4
      num_outputs_per_prompt: 1
              guidance_scale: 1.0
     embedded_guidance_scale: 6.0
                    n_tokens: None
                  flow_shift: 5.0
                  image_path: inputs/uploads/81f6d7f76a1f470ab53e3c9d29d51a7e_first_frame
                 save_output: False
            output_file_path: outputs/81f6d7f76a1f470ab53e3c9d29d51a7e_f6726bb01e6640bc999bcad3c6de6100.mp4
        
[09-20 06:28:25] Running pipeline stages: ['RealtimeInputValidationStage', 'RealtimeTextEncodingStage', 'AuxiliaryConditionEncodingStage', 'RealtimeImageVAEEncodingStage', 'DMDTimestepPreparationStage', 'RealtimeChunkLatentPreparationStage', 'LingBotWorldCausalDMDDenoisingStage', 'CausalVaeDecodingStage']
[09-20 06:28:25] [RealtimeInputValidationStage] started...
[09-20 06:28:26] [RealtimeInputValidationStage] finished in 0.0457 seconds
[09-20 06:28:26] [RealtimeTextEncodingStage] started...
[09-20 06:28:27] [RealtimeTextEncodingStage] finished in 1.9399 seconds
[09-20 06:28:33] [AuxiliaryConditionEncodingStage] started...
[09-20 06:28:33] [AuxiliaryConditionEncodingStage] finished in 0.0560 seconds
[09-20 06:28:33] [RealtimeImageVAEEncodingStage] started...
[09-20 06:28:34] [RealtimeImageVAEEncodingStage] finished in 1.0143 seconds
[09-20 06:28:34] [DMDTimestepPreparationStage] started...
[09-20 06:28:34] [DMDTimestepPreparationStage] finished in 0.0004 seconds
[09-20 06:28:34] [RealtimeChunkLatentPreparationStage] started...
[09-20 06:28:34] [RealtimeChunkLatentPreparationStage] finished in 0.0040 seconds
[09-20 06:28:34] [LingBotWorldCausalDMDDenoisingStage] started...
[09-20 06:28:37] [LingBotWorldCausalDMDDenoisingStage] finished in 3.0700 seconds
[09-20 06:28:37] [CausalVaeDecodingStage] started...
[09-20 06:28:38] [CausalVaeDecodingStage] finished in 0.2864 seconds
[09-20 06:28:38] realtime raw RGB frame batch timing: request_id=81f6d7f76a1f470ab53e3c9d29d51a7e_f6726bb01e6640bc999bcad3c6de6100 chunk_idx=0 sample_to_frames=3.17ms frames_to_bytes=6.11ms total=9.32ms batches=1 frames=9 frame_shape=(480, 832, 3) raw_bytes=10782720 content_type=application/x-raw-rgb
[09-20 06:28:38] Pixel data generated successfully in [92m12.12[0;0m seconds
[09-20 06:28:38] Peak memory usage: 82744.00 MB
[09-20 06:28:38] Adjusting number of frames from 21 to 21 based on model
[09-20 06:28:38] Sampling params:
                       width: 832
                      height: 480
                  num_frames: 21
                         fps: 16
                      prompt: <redacted, len=62>
                  neg_prompt: None
                        seed: 41
                 infer_steps: 4
      num_outputs_per_prompt: 1
              guidance_scale: 1.0
     embedded_guidance_scale: 6.0
                    n_tokens: None
                  flow_shift: 5.0
                  image_path: inputs/uploads/81f6d7f76a1f470ab53e3c9d29d51a7e_first_frame
                 save_output: False
            output_file_path: outputs/81f6d7f76a1f470ab53e3c9d29d51a7e_b4fac0997cf645988645203e4ca334bf.mp4
        
[09-20 06:28:38] Running pipeline stages: ['RealtimeInputValidationStage', 'RealtimeTextEncodingStage', 'AuxiliaryConditionEncodingStage', 'RealtimeImageVAEEncodingStage', 'DMDTimestepPreparationStage', 'RealtimeChunkLatentPreparationStage', 'LingBotWorldCausalDMDDenoisingStage', 'CausalVaeDecodingStage']
[09-20 06:28:38] [RealtimeInputValidationStage] started...
[09-20 06:28:38] [RealtimeInputValidationStage] finished in 0.0001 seconds
[09-20 06:28:38] [RealtimeTextEncodingStage] started...
[09-20 06:28:38] [RealtimeTextEncodingStage] finished in 0.0000 seconds
[09-20 06:28:38] [AuxiliaryConditionEncodingStage] started...
[09-20 06:28:38] [AuxiliaryConditionEncodingStage] finished in 0.0020 seconds
[09-20 06:28:38] [RealtimeImageVAEEncodingStage] started...
[09-20 06:28:38] [RealtimeImageVAEEncodingStage] finished in 0.0000 seconds
[09-20 06:28:38] [DMDTimestepPreparationStage] started...
[09-20 06:28:38] [DMDTimestepPreparationStage] finished in 0.0002 seconds
[09-20 06:28:38] [RealtimeChunkLatentPreparationStage] started...
[09-20 06:28:38] [RealtimeChunkLatentPreparationStage] finished in 0.0001 seconds
[09-20 06:28:38] [LingBotWorldCausalDMDDenoisingStage] started...
[09-20 06:28:38] realtime chunk timing: session_id=81f6d7f76a1f470ab53e3c9d29d51a7e request_id=81f6d7f76a1f470ab53e3c9d29d51a7e_f6726bb01e6640bc999bcad3c6de6100 chunk_idx=0 event_id=None condition_kinds=['camera_actions'] request_prepare=3.07ms scheduler_forward=12117.61ms output_pace=0.00ms header_pack=0.02ms header_write=0.05ms raw_payload_build=2.65ms raw_write=5.56ms ws_write=5.61ms chunk_total=12130.41ms batches=1 frames=9 frame_shape=(480, 832, 3) raw_bytes=10782720 ws_payload_bytes=10783051 content_type=application/x-raw-rgb
[09-20 06:28:39] [LingBotWorldCausalDMDDenoisingStage] finished in 1.6029 seconds
[09-20 06:28:39] [CausalVaeDecodingStage] started...
[09-20 06:28:40] [CausalVaeDecodingStage] finished in 0.3491 seconds
[09-20 06:28:40] realtime raw RGB frame batch timing: request_id=81f6d7f76a1f470ab53e3c9d29d51a7e_b4fac0997cf645988645203e4ca334bf chunk_idx=1 sample_to_frames=1.30ms frames_to_bytes=4.90ms total=6.24ms batches=1 frames=12 frame_shape=(480, 832, 3) raw_bytes=14376960 content_type=application/x-raw-rgb
[09-20 06:28:40] Pixel data generated successfully in [92m1.99[0;0m seconds
[09-20 06:28:40] Peak memory usage: 82744.00 MB
[09-20 06:28:40] realtime chunk timing: session_id=81f6d7f76a1f470ab53e3c9d29d51a7e request_id=81f6d7f76a1f470ab53e3c9d29d51a7e_b4fac0997cf645988645203e4ca334bf chunk_idx=1 event_id=None condition_kinds=['camera_actions'] request_prepare=0.53ms scheduler_forward=1994.18ms output_pace=0.00ms header_pack=0.02ms header_write=0.04ms raw_payload_build=2.90ms raw_write=3.41ms ws_write=3.45ms chunk_total=2001.30ms batches=1 frames=12 frame_shape=(480, 832, 3) raw_bytes=14376960 ws_payload_bytes=14377291 content_type=application/x-raw-rgb
[09-20 06:28:40] generation reached max chunks, session_id=81f6d7f76a1f470ab53e3c9d29d51a7e, max_chunks=2
[09-20 06:28:40] terminating session, session_id=81f6d7f76a1f470ab53e3c9d29d51a7e
[09-20 06:28:40] Realtime session release: session_id=81f6d7f76a1f470ab53e3c9d29d51a7e released=True
[2026-09-20 06:28:41] [32mINFO[0m:     127.0.0.1:59712 - "WebSocket /v1/realtime_video/generate" [accepted]
[2026-09-20 06:28:41] [32mINFO[0m:     connection open
[09-20 06:28:41] Adjusting number of frames from 21 to 21 based on model
[09-20 06:28:41] Sampling params:
                       width: 832
                      height: 480
                  num_frames: 21
                         fps: 16
                      prompt: <redacted, len=62>
                  neg_prompt: None
                        seed: 42
                 infer_steps: 4
      num_outputs_per_prompt: 1
              guidance_scale: 1.0
     embedded_guidance_scale: 6.0
                    n_tokens: None
                  flow_shift: 5.0
                  image_path: inputs/uploads/1335f577c7bb42dabc8edb6479793b7b_first_frame
                 save_output: False
            output_file_path: outputs/1335f577c7bb42dabc8edb6479793b7b_a57f840983a448c894359303f3a424cd.mp4
        
[09-20 06:28:41] Running pipeline stages: ['RealtimeInputValidationStage', 'RealtimeTextEncodingStage', 'AuxiliaryConditionEncodingStage', 'RealtimeImageVAEEncodingStage', 'DMDTimestepPreparationStage', 'RealtimeChunkLatentPreparationStage', 'LingBotWorldCausalDMDDenoisingStage', 'CausalVaeDecodingStage']
[09-20 06:28:41] [RealtimeInputValidationStage] started...
[09-20 06:28:41] [RealtimeInputValidationStage] finished in 0.0387 seconds
[09-20 06:28:41] [RealtimeTextEncodingStage] started...
[09-20 06:28:41] [RealtimeTextEncodingStage] finished in 0.4821 seconds
[09-20 06:28:41] [AuxiliaryConditionEncodingStage] started...
[09-20 06:28:41] [AuxiliaryConditionEncodingStage] finished in 0.0020 seconds
[09-20 06:28:41] [RealtimeImageVAEEncodingStage] started...
[09-20 06:28:42] [RealtimeImageVAEEncodingStage] finished in 0.4019 seconds
[09-20 06:28:42] [DMDTimestepPreparationStage] started...
[09-20 06:28:42] [DMDTimestepPreparationStage] finished in 0.0003 seconds
[09-20 06:28:42] [RealtimeChunkLatentPreparationStage] started...
[09-20 06:28:42] [RealtimeChunkLatentPreparationStage] finished in 0.0001 seconds
[09-20 06:28:42] [LingBotWorldCausalDMDDenoisingStage] started...
[09-20 06:28:44] [LingBotWorldCausalDMDDenoisingStage] finished in 1.7431 seconds
[09-20 06:28:44] [CausalVaeDecodingStage] started...
[09-20 06:28:44] [CausalVaeDecodingStage] finished in 0.8881 seconds
[09-20 06:28:44] realtime raw RGB frame batch timing: request_id=1335f577c7bb42dabc8edb6479793b7b_a57f840983a448c894359303f3a424cd chunk_idx=0 sample_to_frames=1.68ms frames_to_bytes=3.95ms total=5.66ms batches=1 frames=9 frame_shape=(480, 832, 3) raw_bytes=10782720 content_type=application/x-raw-rgb
[09-20 06:28:44] Pixel data generated successfully in [92m3.80[0;0m seconds
[09-20 06:28:44] Peak memory usage: 82744.00 MB
[09-20 06:28:44] Adjusting number of frames from 21 to 21 based on model
[09-20 06:28:44] Sampling params:
                       width: 832
                      height: 480
                  num_frames: 21
                         fps: 16
                      prompt: <redacted, len=62>
                  neg_prompt: None
                        seed: 42
                 infer_steps: 4
      num_outputs_per_prompt: 1
              guidance_scale: 1.0
     embedded_guidance_scale: 6.0
                    n_tokens: None
                  flow_shift: 5.0
                  image_path: inputs/uploads/1335f577c7bb42dabc8edb6479793b7b_first_frame
                 save_output: False
            output_file_path: outputs/1335f577c7bb42dabc8edb6479793b7b_4f779e3d7b7d4adaa0860ced701773ab.mp4
        
[09-20 06:28:44] Running pipeline stages: ['RealtimeInputValidationStage', 'RealtimeTextEncodingStage', 'AuxiliaryConditionEncodingStage', 'RealtimeImageVAEEncodingStage', 'DMDTimestepPreparationStage', 'RealtimeChunkLatentPreparationStage', 'LingBotWorldCausalDMDDenoisingStage', 'CausalVaeDecodingStage']
[09-20 06:28:44] [RealtimeInputValidationStage] started...
[09-20 06:28:44] [RealtimeInputValidationStage] finished in 0.0001 seconds
[09-20 06:28:44] [RealtimeTextEncodingStage] started...
[09-20 06:28:44] [RealtimeTextEncodingStage] finished in 0.0000 seconds
[09-20 06:28:44] [AuxiliaryConditionEncodingStage] started...
[09-20 06:28:44] [AuxiliaryConditionEncodingStage] finished in 0.0022 seconds
[09-20 06:28:44] [RealtimeImageVAEEncodingStage] started...
[09-20 06:28:44] [RealtimeImageVAEEncodingStage] finished in 0.0000 seconds
[09-20 06:28:44] [DMDTimestepPreparationStage] started...
[09-20 06:28:44] realtime chunk timing: session_id=1335f577c7bb42dabc8edb6479793b7b request_id=1335f577c7bb42dabc8edb6479793b7b_a57f840983a448c894359303f3a424cd chunk_idx=0 event_id=None condition_kinds=['camera_actions'] request_prepare=0.49ms scheduler_forward=3801.98ms output_pace=0.00ms header_pack=0.01ms header_write=0.03ms raw_payload_build=1.03ms raw_write=5.02ms ws_write=5.05ms chunk_total=3809.42ms batches=1 frames=9 frame_shape=(480, 832, 3) raw_bytes=10782720 ws_payload_bytes=10783051 content_type=application/x-raw-rgb
[09-20 06:28:44] [DMDTimestepPreparationStage] finished in 0.0005 seconds
[09-20 06:28:44] [RealtimeChunkLatentPreparationStage] started...
[09-20 06:28:44] [RealtimeChunkLatentPreparationStage] finished in 0.0002 seconds
[09-20 06:28:44] [LingBotWorldCausalDMDDenoisingStage] started...
[09-20 06:28:46] [LingBotWorldCausalDMDDenoisingStage] finished in 1.6047 seconds
[09-20 06:28:46] [CausalVaeDecodingStage] started...
[09-20 06:28:46] [CausalVaeDecodingStage] finished in 0.3492 seconds
[09-20 06:28:46] realtime raw RGB frame batch timing: request_id=1335f577c7bb42dabc8edb6479793b7b_4f779e3d7b7d4adaa0860ced701773ab chunk_idx=1 sample_to_frames=1.30ms frames_to_bytes=2.19ms total=3.52ms batches=1 frames=12 frame_shape=(480, 832, 3) raw_bytes=14376960 content_type=application/x-raw-rgb
[09-20 06:28:46] Pixel data generated successfully in [92m1.99[0;0m seconds
[09-20 06:28:46] Peak memory usage: 82744.00 MB
[09-20 06:28:46] Adjusting number of frames from 21 to 21 based on model
[09-20 06:28:46] Sampling params:
                       width: 832
                      height: 480
                  num_frames: 21
                         fps: 16
                      prompt: <redacted, len=62>
                  neg_prompt: None
                        seed: 42
                 infer_steps: 4
      num_outputs_per_prompt: 1
              guidance_scale: 1.0
     embedded_guidance_scale: 6.0
                    n_tokens: None
                  flow_shift: 5.0
                  image_path: inputs/uploads/1335f577c7bb42dabc8edb6479793b7b_first_frame
                 save_output: False
            output_file_path: outputs/1335f577c7bb42dabc8edb6479793b7b_62182cbc61a94bcd9b7d9649a8becce2.mp4
        
[09-20 06:28:46] Running pipeline stages: ['RealtimeInputValidationStage', 'RealtimeTextEncodingStage', 'AuxiliaryConditionEncodingStage', 'RealtimeImageVAEEncodingStage', 'DMDTimestepPreparationStage', 'RealtimeChunkLatentPreparationStage', 'LingBotWorldCausalDMDDenoisingStage', 'CausalVaeDecodingStage']
[09-20 06:28:46] [RealtimeInputValidationStage] started...
[09-20 06:28:46] [RealtimeInputValidationStage] finished in 0.0001 seconds
[09-20 06:28:46] [RealtimeTextEncodingStage] started...
[09-20 06:28:46] [RealtimeTextEncodingStage] finished in 0.0000 seconds
[09-20 06:28:46] [AuxiliaryConditionEncodingStage] started...
[09-20 06:28:46] [AuxiliaryConditionEncodingStage] finished in 0.0019 seconds
[09-20 06:28:46] [RealtimeImageVAEEncodingStage] started...
[09-20 06:28:46] [RealtimeImageVAEEncodingStage] finished in 0.0000 seconds
[09-20 06:28:46] [DMDTimestepPreparationStage] started...
[09-20 06:28:46] [DMDTimestepPreparationStage] finished in 0.0002 seconds
[09-20 06:28:46] [RealtimeChunkLatentPreparationStage] started...
[09-20 06:28:46] [RealtimeChunkLatentPreparationStage] finished in 0.0001 seconds
[09-20 06:28:46] realtime chunk timing: session_id=1335f577c7bb42dabc8edb6479793b7b request_id=1335f577c7bb42dabc8edb6479793b7b_4f779e3d7b7d4adaa0860ced701773ab chunk_idx=1 event_id=None condition_kinds=['camera_actions'] request_prepare=0.47ms scheduler_forward=1986.35ms output_pace=0.00ms header_pack=0.01ms header_write=0.03ms raw_payload_build=1.54ms raw_write=4.34ms ws_write=4.37ms chunk_total=1993.61ms batches=1 frames=12 frame_shape=(480, 832, 3) raw_bytes=14376960 ws_payload_bytes=14377291 content_type=application/x-raw-rgb
[09-20 06:28:46] [LingBotWorldCausalDMDDenoisingStage] started...
[09-20 06:28:48] [LingBotWorldCausalDMDDenoisingStage] finished in 1.7522 seconds
[09-20 06:28:48] [CausalVaeDecodingStage] started...
[09-20 06:28:49] [CausalVaeDecodingStage] finished in 0.3481 seconds
[09-20 06:28:49] realtime raw RGB frame batch timing: request_id=1335f577c7bb42dabc8edb6479793b7b_62182cbc61a94bcd9b7d9649a8becce2 chunk_idx=2 sample_to_frames=1.29ms frames_to_bytes=2.08ms total=3.40ms batches=1 frames=12 frame_shape=(480, 832, 3) raw_bytes=14376960 content_type=application/x-raw-rgb
[09-20 06:28:49] Pixel data generated successfully in [92m2.13[0;0m seconds
[09-20 06:28:49] Peak memory usage: 82744.00 MB
[09-20 06:28:49] Adjusting number of frames from 21 to 21 based on model
[09-20 06:28:49] Sampling params:
                       width: 832
                      height: 480
                  num_frames: 21
                         fps: 16
                      prompt: <redacted, len=62>
                  neg_prompt: None
                        seed: 42
                 infer_steps: 4
      num_outputs_per_prompt: 1
              guidance_scale: 1.0
     embedded_guidance_scale: 6.0
                    n_tokens: None
                  flow_shift: 5.0
                  image_path: inputs/uploads/1335f577c7bb42dabc8edb6479793b7b_first_frame
                 save_output: False
            output_file_path: outputs/1335f577c7bb42dabc8edb6479793b7b_577ae6057cb04ca8bc557b8fc714add2.mp4
        
[09-20 06:28:49] Running pipeline stages: ['RealtimeInputValidationStage', 'RealtimeTextEncodingStage', 'AuxiliaryConditionEncodingStage', 'RealtimeImageVAEEncodingStage', 'DMDTimestepPreparationStage', 'RealtimeChunkLatentPreparationStage', 'LingBotWorldCausalDMDDenoisingStage', 'CausalVaeDecodingStage']
[09-20 06:28:49] [RealtimeInputValidationStage] started...
[09-20 06:28:49] [RealtimeInputValidationStage] finished in 0.0001 seconds
[09-20 06:28:49] [RealtimeTextEncodingStage] started...
[09-20 06:28:49] [RealtimeTextEncodingStage] finished in 0.0000 seconds
[09-20 06:28:49] [AuxiliaryConditionEncodingStage] started...
[09-20 06:28:49] realtime chunk timing: session_id=1335f577c7bb42dabc8edb6479793b7b request_id=1335f577c7bb42dabc8edb6479793b7b_62182cbc61a94bcd9b7d9649a8becce2 chunk_idx=2 event_id=None condition_kinds=['camera_actions'] request_prepare=0.47ms scheduler_forward=2129.45ms output_pace=0.00ms header_pack=0.01ms header_write=0.03ms raw_payload_build=1.49ms raw_write=4.76ms ws_write=4.79ms chunk_total=2137.06ms batches=1 frames=12 frame_shape=(480, 832, 3) raw_bytes=14376960 ws_payload_bytes=14377291 content_type=application/x-raw-rgb
[09-20 06:28:49] [AuxiliaryConditionEncodingStage] finished in 0.0036 seconds
[09-20 06:28:49] [RealtimeImageVAEEncodingStage] started...
[09-20 06:28:49] [RealtimeImageVAEEncodingStage] finished in 0.0000 seconds
[09-20 06:28:49] [DMDTimestepPreparationStage] started...
[09-20 06:28:49] [DMDTimestepPreparationStage] finished in 0.0005 seconds
[09-20 06:28:49] [RealtimeChunkLatentPreparationStage] started...
[09-20 06:28:49] [RealtimeChunkLatentPreparationStage] finished in 0.0003 seconds
[09-20 06:28:49] [LingBotWorldCausalDMDDenoisingStage] started...
[09-20 06:28:50] [LingBotWorldCausalDMDDenoisingStage] finished in 1.8947 seconds
[09-20 06:28:50] [CausalVaeDecodingStage] started...
[09-20 06:28:51] [CausalVaeDecodingStage] finished in 0.3471 seconds
[09-20 06:28:51] realtime raw RGB frame batch timing: request_id=1335f577c7bb42dabc8edb6479793b7b_577ae6057cb04ca8bc557b8fc714add2 chunk_idx=3 sample_to_frames=1.39ms frames_to_bytes=2.10ms total=3.52ms batches=1 frames=12 frame_shape=(480, 832, 3) raw_bytes=14376960 content_type=application/x-raw-rgb
[09-20 06:28:51] Pixel data generated successfully in [92m2.27[0;0m seconds
[09-20 06:28:51] Peak memory usage: 82744.00 MB
[09-20 06:28:51] Adjusting number of frames from 21 to 21 based on model
[09-20 06:28:51] Sampling params:
                       width: 832
                      height: 480
                  num_frames: 21
                         fps: 16
                      prompt: <redacted, len=62>
                  neg_prompt: None
                        seed: 42
                 infer_steps: 4
      num_outputs_per_prompt: 1
              guidance_scale: 1.0
     embedded_guidance_scale: 6.0
                    n_tokens: None
                  flow_shift: 5.0
                  image_path: inputs/uploads/1335f577c7bb42dabc8edb6479793b7b_first_frame
                 save_output: False
            output_file_path: outputs/1335f577c7bb42dabc8edb6479793b7b_ae316ffada3d4f54b5792b9813e78160.mp4
        
[09-20 06:28:51] Running pipeline stages: ['RealtimeInputValidationStage', 'RealtimeTextEncodingStage', 'AuxiliaryConditionEncodingStage', 'RealtimeImageVAEEncodingStage', 'DMDTimestepPreparationStage', 'RealtimeChunkLatentPreparationStage', 'LingBotWorldCausalDMDDenoisingStage', 'CausalVaeDecodingStage']
[09-20 06:28:51] [RealtimeInputValidationStage] started...
[09-20 06:28:51] [RealtimeInputValidationStage] finished in 0.0001 seconds
[09-20 06:28:51] [RealtimeTextEncodingStage] started...
[09-20 06:28:51] [RealtimeTextEncodingStage] finished in 0.0000 seconds
[09-20 06:28:51] [AuxiliaryConditionEncodingStage] started...
[09-20 06:28:51] [AuxiliaryConditionEncodingStage] finished in 0.0032 seconds
[09-20 06:28:51] [RealtimeImageVAEEncodingStage] started...
[09-20 06:28:51] [RealtimeImageVAEEncodingStage] finished in 0.0000 seconds
[09-20 06:28:51] realtime chunk timing: session_id=1335f577c7bb42dabc8edb6479793b7b request_id=1335f577c7bb42dabc8edb6479793b7b_577ae6057cb04ca8bc557b8fc714add2 chunk_idx=3 event_id=None condition_kinds=['camera_actions'] request_prepare=0.45ms scheduler_forward=2273.03ms output_pace=0.00ms header_pack=0.01ms header_write=0.03ms raw_payload_build=1.41ms raw_write=4.95ms ws_write=4.99ms chunk_total=2280.76ms batches=1 frames=12 frame_shape=(480, 832, 3) raw_bytes=14376960 ws_payload_bytes=14377291 content_type=application/x-raw-rgb
[09-20 06:28:51] [DMDTimestepPreparationStage] started...
[09-20 06:28:51] [DMDTimestepPreparationStage] finished in 0.0005 seconds
[09-20 06:28:51] [RealtimeChunkLatentPreparationStage] started...
[09-20 06:28:51] [RealtimeChunkLatentPreparationStage] finished in 0.0002 seconds
[09-20 06:28:51] [LingBotWorldCausalDMDDenoisingStage] started...
[09-20 06:28:53] [LingBotWorldCausalDMDDenoisingStage] finished in 2.0396 seconds
[09-20 06:28:53] [CausalVaeDecodingStage] started...
[09-20 06:28:53] [CausalVaeDecodingStage] finished in 0.3468 seconds
[09-20 06:28:53] realtime raw RGB frame batch timing: request_id=1335f577c7bb42dabc8edb6479793b7b_ae316ffada3d4f54b5792b9813e78160 chunk_idx=4 sample_to_frames=1.31ms frames_to_bytes=2.17ms total=3.50ms batches=1 frames=12 frame_shape=(480, 832, 3) raw_bytes=14376960 content_type=application/x-raw-rgb
[09-20 06:28:53] Pixel data generated successfully in [92m2.42[0;0m seconds
[09-20 06:28:53] Peak memory usage: 82744.00 MB
[09-20 06:28:53] Adjusting number of frames from 21 to 21 based on model
[09-20 06:28:53] Sampling params:
                       width: 832
                      height: 480
                  num_frames: 21
                         fps: 16
                      prompt: <redacted, len=62>
                  neg_prompt: None
                        seed: 42
                 infer_steps: 4
      num_outputs_per_prompt: 1
              guidance_scale: 1.0
     embedded_guidance_scale: 6.0
                    n_tokens: None
                  flow_shift: 5.0
                  image_path: inputs/uploads/1335f577c7bb42dabc8edb6479793b7b_first_frame
                 save_output: False
            output_file_path: outputs/1335f577c7bb42dabc8edb6479793b7b_c4748f5c82bb48a990828b653cb8e34b.mp4
        
[09-20 06:28:53] Running pipeline stages: ['RealtimeInputValidationStage', 'RealtimeTextEncodingStage', 'AuxiliaryConditionEncodingStage', 'RealtimeImageVAEEncodingStage', 'DMDTimestepPreparationStage', 'RealtimeChunkLatentPreparationStage', 'LingBotWorldCausalDMDDenoisingStage', 'CausalVaeDecodingStage']
[09-20 06:28:53] [RealtimeInputValidationStage] started...
[09-20 06:28:53] [RealtimeInputValidationStage] finished in 0.0001 seconds
[09-20 06:28:53] [RealtimeTextEncodingStage] started...
[09-20 06:28:53] [RealtimeTextEncodingStage] finished in 0.0000 seconds
[09-20 06:28:53] [AuxiliaryConditionEncodingStage] started...
[09-20 06:28:53] [AuxiliaryConditionEncodingStage] finished in 0.0034 seconds
[09-20 06:28:53] realtime chunk timing: session_id=1335f577c7bb42dabc8edb6479793b7b request_id=1335f577c7bb42dabc8edb6479793b7b_ae316ffada3d4f54b5792b9813e78160 chunk_idx=4 event_id=None condition_kinds=['camera_actions'] request_prepare=0.47ms scheduler_forward=2418.24ms output_pace=0.00ms header_pack=0.01ms header_write=0.03ms raw_payload_build=1.43ms raw_write=4.44ms ws_write=4.47ms chunk_total=2425.47ms batches=1 frames=12 frame_shape=(480, 832, 3) raw_bytes=14376960 ws_payload_bytes=14377291 content_type=application/x-raw-rgb
[09-20 06:28:53] [RealtimeImageVAEEncodingStage] started...
[09-20 06:28:53] [RealtimeImageVAEEncodingStage] finished in 0.0000 seconds
[09-20 06:28:53] [DMDTimestepPreparationStage] started...
[09-20 06:28:53] [DMDTimestepPreparationStage] finished in 0.0005 seconds
[09-20 06:28:53] [RealtimeChunkLatentPreparationStage] started...
[09-20 06:28:53] [RealtimeChunkLatentPreparationStage] finished in 0.0002 seconds
[09-20 06:28:53] [LingBotWorldCausalDMDDenoisingStage] started...
[09-20 06:28:55] [LingBotWorldCausalDMDDenoisingStage] finished in 2.1802 seconds
[09-20 06:28:55] [CausalVaeDecodingStage] started...
[09-20 06:28:56] [CausalVaeDecodingStage] finished in 0.3472 seconds
[09-20 06:28:56] realtime raw RGB frame batch timing: request_id=1335f577c7bb42dabc8edb6479793b7b_c4748f5c82bb48a990828b653cb8e34b chunk_idx=5 sample_to_frames=1.29ms frames_to_bytes=2.68ms total=3.99ms batches=1 frames=12 frame_shape=(480, 832, 3) raw_bytes=14376960 content_type=application/x-raw-rgb
[09-20 06:28:56] Pixel data generated successfully in [92m2.56[0;0m seconds
[09-20 06:28:56] Peak memory usage: 82744.00 MB
[09-20 06:28:56] Adjusting number of frames from 21 to 21 based on model
[09-20 06:28:56] Sampling params:
                       width: 832
                      height: 480
                  num_frames: 21
                         fps: 16
                      prompt: <redacted, len=62>
                  neg_prompt: None
                        seed: 42
                 infer_steps: 4
      num_outputs_per_prompt: 1
              guidance_scale: 1.0
     embedded_guidance_scale: 6.0
                    n_tokens: None
                  flow_shift: 5.0
                  image_path: inputs/uploads/1335f577c7bb42dabc8edb6479793b7b_first_frame
                 save_output: False
            output_file_path: outputs/1335f577c7bb42dabc8edb6479793b7b_09432164520a4a50842aba00afd7857a.mp4
        
[09-20 06:28:56] Running pipeline stages: ['RealtimeInputValidationStage', 'RealtimeTextEncodingStage', 'AuxiliaryConditionEncodingStage', 'RealtimeImageVAEEncodingStage', 'DMDTimestepPreparationStage', 'RealtimeChunkLatentPreparationStage', 'LingBotWorldCausalDMDDenoisingStage', 'CausalVaeDecodingStage']
[09-20 06:28:56] [RealtimeInputValidationStage] started...
[09-20 06:28:56] [RealtimeInputValidationStage] finished in 0.0001 seconds
[09-20 06:28:56] [RealtimeTextEncodingStage] started...
[09-20 06:28:56] [RealtimeTextEncodingStage] finished in 0.0000 seconds
[09-20 06:28:56] [AuxiliaryConditionEncodingStage] started...
[09-20 06:28:56] [AuxiliaryConditionEncodingStage] finished in 0.0035 seconds
[09-20 06:28:56] realtime chunk timing: session_id=1335f577c7bb42dabc8edb6479793b7b request_id=1335f577c7bb42dabc8edb6479793b7b_c4748f5c82bb48a990828b653cb8e34b chunk_idx=5 event_id=None condition_kinds=['camera_actions'] request_prepare=0.46ms scheduler_forward=2555.98ms output_pace=0.00ms header_pack=0.01ms header_write=0.03ms raw_payload_build=1.43ms raw_write=4.45ms ws_write=4.48ms chunk_total=2563.20ms batches=1 frames=12 frame_shape=(480, 832, 3) raw_bytes=14376960 ws_payload_bytes=14377291 content_type=application/x-raw-rgb
[09-20 06:28:56] [RealtimeImageVAEEncodingStage] started...
[09-20 06:28:56] [RealtimeImageVAEEncodingStage] finished in 0.0000 seconds
[09-20 06:28:56] [DMDTimestepPreparationStage] started...
[09-20 06:28:56] [DMDTimestepPreparationStage] finished in 0.0004 seconds
[09-20 06:28:56] [RealtimeChunkLatentPreparationStage] started...
[09-20 06:28:56] [RealtimeChunkLatentPreparationStage] finished in 0.0002 seconds
[09-20 06:28:56] [LingBotWorldCausalDMDDenoisingStage] started...
[09-20 06:28:58] [LingBotWorldCausalDMDDenoisingStage] finished in 2.1886 seconds
[09-20 06:28:58] [CausalVaeDecodingStage] started...
[09-20 06:28:58] [CausalVaeDecodingStage] finished in 0.3480 seconds
[09-20 06:28:58] realtime raw RGB frame batch timing: request_id=1335f577c7bb42dabc8edb6479793b7b_09432164520a4a50842aba00afd7857a chunk_idx=6 sample_to_frames=1.30ms frames_to_bytes=2.11ms total=3.45ms batches=1 frames=12 frame_shape=(480, 832, 3) raw_bytes=14376960 content_type=application/x-raw-rgb
[09-20 06:28:58] Pixel data generated successfully in [92m2.57[0;0m seconds
[09-20 06:28:58] Peak memory usage: 82744.00 MB
[09-20 06:28:58] Adjusting number of frames from 21 to 21 based on model
[09-20 06:28:58] Sampling params:
                       width: 832
                      height: 480
                  num_frames: 21
                         fps: 16
                      prompt: <redacted, len=62>
                  neg_prompt: None
                        seed: 42
                 infer_steps: 4
      num_outputs_per_prompt: 1
              guidance_scale: 1.0
     embedded_guidance_scale: 6.0
                    n_tokens: None
                  flow_shift: 5.0
                  image_path: inputs/uploads/1335f577c7bb42dabc8edb6479793b7b_first_frame
                 save_output: False
            output_file_path: outputs/1335f577c7bb42dabc8edb6479793b7b_467a846e143f403aac674193320c0429.mp4
        
[09-20 06:28:58] Running pipeline stages: ['RealtimeInputValidationStage', 'RealtimeTextEncodingStage', 'AuxiliaryConditionEncodingStage', 'RealtimeImageVAEEncodingStage', 'DMDTimestepPreparationStage', 'RealtimeChunkLatentPreparationStage', 'LingBotWorldCausalDMDDenoisingStage', 'CausalVaeDecodingStage']
[09-20 06:28:58] [RealtimeInputValidationStage] started...
[09-20 06:28:58] [RealtimeInputValidationStage] finished in 0.0001 seconds
[09-20 06:28:58] [RealtimeTextEncodingStage] started...
[09-20 06:28:58] [RealtimeTextEncodingStage] finished in 0.0000 seconds
[09-20 06:28:58] [AuxiliaryConditionEncodingStage] started...
[09-20 06:28:58] realtime chunk timing: session_id=1335f577c7bb42dabc8edb6479793b7b request_id=1335f577c7bb42dabc8edb6479793b7b_09432164520a4a50842aba00afd7857a chunk_idx=6 event_id=None condition_kinds=['camera_actions'] request_prepare=0.45ms scheduler_forward=2568.97ms output_pace=0.00ms header_pack=0.01ms header_write=0.03ms raw_payload_build=1.41ms raw_write=4.32ms ws_write=4.35ms chunk_total=2576.05ms batches=1 frames=12 frame_shape=(480, 832, 3) raw_bytes=14376960 ws_payload_bytes=14377291 content_type=application/x-raw-rgb
[09-20 06:28:58] [AuxiliaryConditionEncodingStage] finished in 0.0044 seconds
[09-20 06:28:58] [RealtimeImageVAEEncodingStage] started...
[09-20 06:28:58] [RealtimeImageVAEEncodingStage] finished in 0.0000 seconds
[09-20 06:28:58] [DMDTimestepPreparationStage] started...
[09-20 06:28:58] [DMDTimestepPreparationStage] finished in 0.0004 seconds
[09-20 06:28:58] [RealtimeChunkLatentPreparationStage] started...
[09-20 06:28:58] [RealtimeChunkLatentPreparationStage] finished in 0.0002 seconds
[09-20 06:28:58] [LingBotWorldCausalDMDDenoisingStage] started...
[09-20 06:29:01] [LingBotWorldCausalDMDDenoisingStage] finished in 2.1802 seconds
[09-20 06:29:01] [CausalVaeDecodingStage] started...
[09-20 06:29:01] [CausalVaeDecodingStage] finished in 0.3469 seconds
[09-20 06:29:01] realtime raw RGB frame batch timing: request_id=1335f577c7bb42dabc8edb6479793b7b_467a846e143f403aac674193320c0429 chunk_idx=7 sample_to_frames=1.34ms frames_to_bytes=2.20ms total=3.57ms batches=1 frames=12 frame_shape=(480, 832, 3) raw_bytes=14376960 content_type=application/x-raw-rgb
[09-20 06:29:01] Pixel data generated successfully in [92m2.56[0;0m seconds
[09-20 06:29:01] Peak memory usage: 82744.00 MB
[09-20 06:29:01] Adjusting number of frames from 21 to 21 based on model
[09-20 06:29:01] Sampling params:
                       width: 832
                      height: 480
                  num_frames: 21
                         fps: 16
                      prompt: <redacted, len=62>
                  neg_prompt: None
                        seed: 42
                 infer_steps: 4
      num_outputs_per_prompt: 1
              guidance_scale: 1.0
     embedded_guidance_scale: 6.0
                    n_tokens: None
                  flow_shift: 5.0
                  image_path: inputs/uploads/1335f577c7bb42dabc8edb6479793b7b_first_frame
                 save_output: False
            output_file_path: outputs/1335f577c7bb42dabc8edb6479793b7b_5ebac0428d694fe5b7eb1d72f76227f1.mp4
        
[09-20 06:29:01] Running pipeline stages: ['RealtimeInputValidationStage', 'RealtimeTextEncodingStage', 'AuxiliaryConditionEncodingStage', 'RealtimeImageVAEEncodingStage', 'DMDTimestepPreparationStage', 'RealtimeChunkLatentPreparationStage', 'LingBotWorldCausalDMDDenoisingStage', 'CausalVaeDecodingStage']
[09-20 06:29:01] [RealtimeInputValidationStage] started...
[09-20 06:29:01] [RealtimeInputValidationStage] finished in 0.0001 seconds
[09-20 06:29:01] [RealtimeTextEncodingStage] started...
[09-20 06:29:01] [RealtimeTextEncodingStage] finished in 0.0000 seconds
[09-20 06:29:01] [AuxiliaryConditionEncodingStage] started...
[09-20 06:29:01] [AuxiliaryConditionEncodingStage] finished in 0.0023 seconds
[09-20 06:29:01] [RealtimeImageVAEEncodingStage] started...
[09-20 06:29:01] [RealtimeImageVAEEncodingStage] finished in 0.0000 seconds
[09-20 06:29:01] [DMDTimestepPreparationStage] started...
[09-20 06:29:01] [DMDTimestepPreparationStage] finished in 0.0002 seconds
[09-20 06:29:01] realtime chunk timing: session_id=1335f577c7bb42dabc8edb6479793b7b request_id=1335f577c7bb42dabc8edb6479793b7b_467a846e143f403aac674193320c0429 chunk_idx=7 event_id=None condition_kinds=['camera_actions'] request_prepare=0.46ms scheduler_forward=2557.82ms output_pace=0.00ms header_pack=0.01ms header_write=0.03ms raw_payload_build=1.41ms raw_write=4.24ms ws_write=4.27ms chunk_total=2564.81ms batches=1 frames=12 frame_shape=(480, 832, 3) raw_bytes=14376960 ws_payload_bytes=14377291 content_type=application/x-raw-rgb
[09-20 06:29:01] [RealtimeChunkLatentPreparationStage] started...
[09-20 06:29:01] [RealtimeChunkLatentPreparationStage] finished in 0.0001 seconds
[09-20 06:29:01] [LingBotWorldCausalDMDDenoisingStage] started...
[09-20 06:29:03] [LingBotWorldCausalDMDDenoisingStage] finished in 2.1771 seconds
[09-20 06:29:03] [CausalVaeDecodingStage] started...
[09-20 06:29:03] [CausalVaeDecodingStage] finished in 0.3478 seconds
[09-20 06:29:03] realtime raw RGB frame batch timing: request_id=1335f577c7bb42dabc8edb6479793b7b_5ebac0428d694fe5b7eb1d72f76227f1 chunk_idx=8 sample_to_frames=1.30ms frames_to_bytes=2.15ms total=3.48ms batches=1 frames=12 frame_shape=(480, 832, 3) raw_bytes=14376960 content_type=application/x-raw-rgb
[09-20 06:29:03] Pixel data generated successfully in [92m2.55[0;0m seconds
[09-20 06:29:03] Peak memory usage: 82744.00 MB
[09-20 06:29:03] Adjusting number of frames from 21 to 21 based on model
[09-20 06:29:03] Sampling params:
                       width: 832
                      height: 480
                  num_frames: 21
                         fps: 16
                      prompt: <redacted, len=62>
                  neg_prompt: None
                        seed: 42
                 infer_steps: 4
      num_outputs_per_prompt: 1
              guidance_scale: 1.0
     embedded_guidance_scale: 6.0
                    n_tokens: None
                  flow_shift: 5.0
                  image_path: inputs/uploads/1335f577c7bb42dabc8edb6479793b7b_first_frame
                 save_output: False
            output_file_path: outputs/1335f577c7bb42dabc8edb6479793b7b_4239112639d34590ad5da9cb566bce47.mp4
        
[09-20 06:29:03] Running pipeline stages: ['RealtimeInputValidationStage', 'RealtimeTextEncodingStage', 'AuxiliaryConditionEncodingStage', 'RealtimeImageVAEEncodingStage', 'DMDTimestepPreparationStage', 'RealtimeChunkLatentPreparationStage', 'LingBotWorldCausalDMDDenoisingStage', 'CausalVaeDecodingStage']
[09-20 06:29:03] [RealtimeInputValidationStage] started...
[09-20 06:29:03] [RealtimeInputValidationStage] finished in 0.0001 seconds
[09-20 06:29:03] [RealtimeTextEncodingStage] started...
[09-20 06:29:03] [RealtimeTextEncodingStage] finished in 0.0000 seconds
[09-20 06:29:03] [AuxiliaryConditionEncodingStage] started...
[09-20 06:29:03] [AuxiliaryConditionEncodingStage] finished in 0.0024 seconds
[09-20 06:29:03] [RealtimeImageVAEEncodingStage] started...
[09-20 06:29:03] [RealtimeImageVAEEncodingStage] finished in 0.0000 seconds
[09-20 06:29:03] [DMDTimestepPreparationStage] started...
[09-20 06:29:03] [DMDTimestepPreparationStage] finished in 0.0002 seconds
[09-20 06:29:03] [RealtimeChunkLatentPreparationStage] started...
[09-20 06:29:03] [RealtimeChunkLatentPreparationStage] finished in 0.0001 seconds
[09-20 06:29:03] realtime chunk timing: session_id=1335f577c7bb42dabc8edb6479793b7b request_id=1335f577c7bb42dabc8edb6479793b7b_5ebac0428d694fe5b7eb1d72f76227f1 chunk_idx=8 event_id=None condition_kinds=['camera_actions'] request_prepare=0.45ms scheduler_forward=2550.14ms output_pace=0.00ms header_pack=0.01ms header_write=0.03ms raw_payload_build=1.44ms raw_write=4.48ms ws_write=4.51ms chunk_total=2557.40ms batches=1 frames=12 frame_shape=(480, 832, 3) raw_bytes=14376960 ws_payload_bytes=14377291 content_type=application/x-raw-rgb
[09-20 06:29:03] [LingBotWorldCausalDMDDenoisingStage] started...
[09-20 06:29:06] [LingBotWorldCausalDMDDenoisingStage] finished in 2.1854 seconds
[09-20 06:29:06] [CausalVaeDecodingStage] started...
[09-20 06:29:06] [CausalVaeDecodingStage] finished in 0.3476 seconds
[09-20 06:29:06] realtime raw RGB frame batch timing: request_id=1335f577c7bb42dabc8edb6479793b7b_4239112639d34590ad5da9cb566bce47 chunk_idx=9 sample_to_frames=2.32ms frames_to_bytes=2.79ms total=5.14ms batches=1 frames=12 frame_shape=(480, 832, 3) raw_bytes=14376960 content_type=application/x-raw-rgb
[09-20 06:29:06] Pixel data generated successfully in [92m2.57[0;0m seconds
[09-20 06:29:06] Peak memory usage: 82744.00 MB
[09-20 06:29:06] realtime chunk timing: session_id=1335f577c7bb42dabc8edb6479793b7b request_id=1335f577c7bb42dabc8edb6479793b7b_4239112639d34590ad5da9cb566bce47 chunk_idx=9 event_id=None condition_kinds=['camera_actions'] request_prepare=0.45ms scheduler_forward=2566.92ms output_pace=0.00ms header_pack=0.01ms header_write=0.03ms raw_payload_build=1.41ms raw_write=4.31ms ws_write=4.34ms chunk_total=2573.21ms batches=1 frames=12 frame_shape=(480, 832, 3) raw_bytes=14376960 ws_payload_bytes=14377291 content_type=application/x-raw-rgb
[09-20 06:29:06] generation reached max chunks, session_id=1335f577c7bb42dabc8edb6479793b7b, max_chunks=10
[09-20 06:29:06] terminating session, session_id=1335f577c7bb42dabc8edb6479793b7b
[09-20 06:29:06] Realtime session release: session_id=1335f577c7bb42dabc8edb6479793b7b released=True
[2026-09-20 06:29:07] [32mINFO[0m:     Shutting down
[2026-09-20 06:29:08] [32mINFO[0m:     Waiting for application shutdown.
[09-20 06:29:08] FastAPI app is shutting down...
[2026-09-20 06:29:08] [32mINFO[0m:     Application shutdown complete.
[2026-09-20 06:29:08] [32mINFO[0m:     Finished server process [[36m122864[0m]
/usr/lib/python3.12/multiprocessing/resource_tracker.py:254: UserWarning: resource_tracker: There appear to be 1 leaked semaphore objects to clean up at shutdown
  warnings.warn('resource_tracker: There appear to be %d '
