{
  "norm1-baseline": {
    "actions": [
      {
        "name": "unrolled_elementwise_kernel",
        "metrics": {
          "gpu__time_duration.sum": {
            "value": 77344.0,
            "unit": "ns"
          },
          "dram__bytes_read.sum": {
            "value": 47966976.0,
            "unit": "byte"
          },
          "dram__bytes_write.sum": {
            "value": 71013120.0,
            "unit": "byte"
          },
          "dram__cycles_active.avg.pct_of_peak_sustained_elapsed": {
            "value": 31.985503615837562,
            "unit": "%"
          },
          "dram__bytes_read.sum.pct_of_peak_sustained_elapsed": {
            "value": 12.894996187335348,
            "unit": "%"
          },
          "dram__bytes_write.sum.pct_of_peak_sustained_elapsed": {
            "value": 19.090507428502214,
            "unit": "%"
          },
          "sm__throughput.avg.pct_of_peak_sustained_elapsed": {
            "value": 63.10648711909332,
            "unit": "%"
          },
          "lts__throughput.avg.pct_of_peak_sustained_elapsed": {
            "value": 47.23108910943017,
            "unit": "%"
          },
          "launch__registers_per_thread": {
            "value": 30,
            "unit": "register/thread"
          },
          "launch__block_size": {
            "value": 128,
            "unit": ""
          },
          "launch__grid_size": {
            "value": 46800,
            "unit": ""
          },
          "launch__waves_per_multiprocessor": {
            "value": 22.15909090909091,
            "unit": ""
          },
          "sm__warps_active.avg.pct_of_peak_sustained_active": {
            "value": 91.75271375975245,
            "unit": "%"
          },
          "smsp__warps_eligible.avg.per_cycle_active": {
            "value": 1.5167960209356677,
            "unit": "warp"
          },
          "smsp__issue_active.avg.pct_of_peak_sustained_active": {
            "value": 65.7088804959505,
            "unit": "%"
          },
          "l1tex__t_sectors_pipe_lsu_mem_local_op_ld.sum": {
            "value": 0.0,
            "unit": "sector"
          },
          "l1tex__t_sectors_pipe_lsu_mem_local_op_st.sum": {
            "value": 0.0,
            "unit": "sector"
          },
          "sm__pipe_tensor_cycles_active.avg.pct_of_peak_sustained_elapsed": {
            "value": 0.0,
            "unit": "%"
          }
        },
        "pm_metrics": 15
      },
      {
        "name": "vectorized_layer_norm_kernel",
        "metrics": {
          "gpu__time_duration.sum": {
            "value": 72608.0,
            "unit": "ns"
          },
          "dram__bytes_read.sum": {
            "value": 152625664.0,
            "unit": "byte"
          },
          "dram__bytes_write.sum": {
            "value": 76387840.0,
            "unit": "byte"
          },
          "dram__cycles_active.avg.pct_of_peak_sustained_elapsed": {
            "value": 65.56864063452073,
            "unit": "%"
          },
          "dram__bytes_read.sum.pct_of_peak_sustained_elapsed": {
            "value": 43.6981101097912,
            "unit": "%"
          },
          "dram__bytes_write.sum.pct_of_peak_sustained_elapsed": {
            "value": 21.870530524729524,
            "unit": "%"
          },
          "sm__throughput.avg.pct_of_peak_sustained_elapsed": {
            "value": 42.835384122057675,
            "unit": "%"
          },
          "lts__throughput.avg.pct_of_peak_sustained_elapsed": {
            "value": 80.0357916695339,
            "unit": "%"
          },
          "launch__registers_per_thread": {
            "value": 36,
            "unit": "register/thread"
          },
          "launch__block_size": {
            "value": 128,
            "unit": ""
          },
          "launch__grid_size": {
            "value": 4680,
            "unit": ""
          },
          "launch__waves_per_multiprocessor": {
            "value": 2.9545454545454546,
            "unit": ""
          },
          "sm__warps_active.avg.pct_of_peak_sustained_active": {
            "value": 64.86651845351807,
            "unit": "%"
          },
          "smsp__warps_eligible.avg.per_cycle_active": {
            "value": 0.9706342582118531,
            "unit": "warp"
          },
          "smsp__issue_active.avg.pct_of_peak_sustained_active": {
            "value": 45.48262687367528,
            "unit": "%"
          },
          "l1tex__t_sectors_pipe_lsu_mem_local_op_ld.sum": {
            "value": 0.0,
            "unit": "sector"
          },
          "l1tex__t_sectors_pipe_lsu_mem_local_op_st.sum": {
            "value": 0.0,
            "unit": "sector"
          },
          "sm__pipe_tensor_cycles_active.avg.pct_of_peak_sustained_elapsed": {
            "value": 0.5309864789909328,
            "unit": "%"
          }
        },
        "pm_metrics": 15
      },
      {
        "name": "vectorized_elementwise_kernel",
        "metrics": {
          "gpu__time_duration.sum": {
            "value": 2720.0,
            "unit": "ns"
          },
          "dram__bytes_read.sum": {
            "value": 25600.0,
            "unit": "byte"
          },
          "dram__bytes_write.sum": {
            "value": 0.0,
            "unit": "byte"
          },
          "dram__cycles_active.avg.pct_of_peak_sustained_elapsed": {
            "value": 0.1977378786680377,
            "unit": "%"
          },
          "dram__bytes_read.sum.pct_of_peak_sustained_elapsed": {
            "value": 0.19773787866803763,
            "unit": "%"
          },
          "dram__bytes_write.sum.pct_of_peak_sustained_elapsed": {
            "value": 0.0,
            "unit": "%"
          },
          "sm__throughput.avg.pct_of_peak_sustained_elapsed": {
            "value": 0.05758415284113813,
            "unit": "%"
          },
          "lts__throughput.avg.pct_of_peak_sustained_elapsed": {
            "value": 0.6177380413460087,
            "unit": "%"
          },
          "launch__registers_per_thread": {
            "value": 32,
            "unit": "register/thread"
          },
          "launch__block_size": {
            "value": 128,
            "unit": ""
          },
          "launch__grid_size": {
            "value": 5,
            "unit": ""
          },
          "launch__waves_per_multiprocessor": {
            "value": 0.0023674242424242425,
            "unit": ""
          },
          "sm__warps_active.avg.pct_of_peak_sustained_active": {
            "value": 6.20612582781457,
            "unit": "%"
          },
          "smsp__warps_eligible.avg.per_cycle_active": {
            "value": 0.027357366632837665,
            "unit": "warp"
          },
          "smsp__issue_active.avg.pct_of_peak_sustained_active": {
            "value": 2.7357366632837667,
            "unit": "%"
          },
          "l1tex__t_sectors_pipe_lsu_mem_local_op_ld.sum": {
            "value": 0.0,
            "unit": "sector"
          },
          "l1tex__t_sectors_pipe_lsu_mem_local_op_st.sum": {
            "value": 0.0,
            "unit": "sector"
          },
          "sm__pipe_tensor_cycles_active.avg.pct_of_peak_sustained_elapsed": {
            "value": 0.0,
            "unit": "%"
          }
        },
        "pm_metrics": 15
      },
      {
        "name": "elementwise_kernel",
        "metrics": {
          "gpu__time_duration.sum": {
            "value": 76448.0,
            "unit": "ns"
          },
          "dram__bytes_read.sum": {
            "value": 95914240.0,
            "unit": "byte"
          },
          "dram__bytes_write.sum": {
            "value": 77128192.0,
            "unit": "byte"
          },
          "dram__cycles_active.avg.pct_of_peak_sustained_elapsed": {
            "value": 47.055898343864506,
            "unit": "%"
          },
          "dram__bytes_read.sum.pct_of_peak_sustained_elapsed": {
            "value": 26.082219690307074,
            "unit": "%"
          },
          "dram__bytes_write.sum.pct_of_peak_sustained_elapsed": {
            "value": 20.973678653557435,
            "unit": "%"
          },
          "sm__throughput.avg.pct_of_peak_sustained_elapsed": {
            "value": 67.65687972184764,
            "unit": "%"
          },
          "lts__throughput.avg.pct_of_peak_sustained_elapsed": {
            "value": 61.507592674524105,
            "unit": "%"
          },
          "launch__registers_per_thread": {
            "value": 18,
            "unit": "register/thread"
          },
          "launch__block_size": {
            "value": 128,
            "unit": ""
          },
          "launch__grid_size": {
            "value": 93600,
            "unit": ""
          },
          "launch__waves_per_multiprocessor": {
            "value": 44.31818181818182,
            "unit": ""
          },
          "sm__warps_active.avg.pct_of_peak_sustained_active": {
            "value": 84.41679014738517,
            "unit": "%"
          },
          "smsp__warps_eligible.avg.per_cycle_active": {
            "value": 1.8123645202143357,
            "unit": "warp"
          },
          "smsp__issue_active.avg.pct_of_peak_sustained_active": {
            "value": 70.7085985173266,
            "unit": "%"
          },
          "l1tex__t_sectors_pipe_lsu_mem_local_op_ld.sum": {
            "value": 0.0,
            "unit": "sector"
          },
          "l1tex__t_sectors_pipe_lsu_mem_local_op_st.sum": {
            "value": 0.0,
            "unit": "sector"
          },
          "sm__pipe_tensor_cycles_active.avg.pct_of_peak_sustained_elapsed": {
            "value": 2.4803798903200396,
            "unit": "%"
          }
        },
        "pm_metrics": 15
      },
      {
        "name": "elementwise_kernel",
        "metrics": {
          "gpu__time_duration.sum": {
            "value": 76256.0,
            "unit": "ns"
          },
          "dram__bytes_read.sum": {
            "value": 95916800.0,
            "unit": "byte"
          },
          "dram__bytes_write.sum": {
            "value": 77397504.0,
            "unit": "byte"
          },
          "dram__cycles_active.avg.pct_of_peak_sustained_elapsed": {
            "value": 47.238019704341845,
            "unit": "%"
          },
          "dram__bytes_read.sum.pct_of_peak_sustained_elapsed": {
            "value": 26.142791355394507,
            "unit": "%"
          },
          "dram__bytes_write.sum.pct_of_peak_sustained_elapsed": {
            "value": 21.095228348947337,
            "unit": "%"
          },
          "sm__throughput.avg.pct_of_peak_sustained_elapsed": {
            "value": 69.88434218099445,
            "unit": "%"
          },
          "lts__throughput.avg.pct_of_peak_sustained_elapsed": {
            "value": 61.60629963917216,
            "unit": "%"
          },
          "launch__registers_per_thread": {
            "value": 18,
            "unit": "register/thread"
          },
          "launch__block_size": {
            "value": 128,
            "unit": ""
          },
          "launch__grid_size": {
            "value": 93600,
            "unit": ""
          },
          "launch__waves_per_multiprocessor": {
            "value": 44.31818181818182,
            "unit": ""
          },
          "sm__warps_active.avg.pct_of_peak_sustained_active": {
            "value": 84.26745732345636,
            "unit": "%"
          },
          "smsp__warps_eligible.avg.per_cycle_active": {
            "value": 1.817456373537974,
            "unit": "warp"
          },
          "smsp__issue_active.avg.pct_of_peak_sustained_active": {
            "value": 71.16751075918172,
            "unit": "%"
          },
          "l1tex__t_sectors_pipe_lsu_mem_local_op_ld.sum": {
            "value": 0.0,
            "unit": "sector"
          },
          "l1tex__t_sectors_pipe_lsu_mem_local_op_st.sum": {
            "value": 0.0,
            "unit": "sector"
          },
          "sm__pipe_tensor_cycles_active.avg.pct_of_peak_sustained_elapsed": {
            "value": 2.5156296256778057,
            "unit": "%"
          }
        },
        "pm_metrics": 15
      },
      {
        "name": "vectorized_elementwise_kernel",
        "metrics": {
          "gpu__time_duration.sum": {
            "value": 33120.0,
            "unit": "ns"
          },
          "dram__bytes_read.sum": {
            "value": 95855616.0,
            "unit": "byte"
          },
          "dram__bytes_write.sum": {
            "value": 31251456.0,
            "unit": "byte"
          },
          "dram__cycles_active.avg.pct_of_peak_sustained_elapsed": {
            "value": 79.81729541920348,
            "unit": "%"
          },
          "dram__bytes_read.sum.pct_of_peak_sustained_elapsed": {
            "value": 60.19284292743151,
            "unit": "%"
          },
          "dram__bytes_write.sum.pct_of_peak_sustained_elapsed": {
            "value": 19.62445249177197,
            "unit": "%"
          },
          "sm__throughput.avg.pct_of_peak_sustained_elapsed": {
            "value": 11.374318458505503,
            "unit": "%"
          },
          "lts__throughput.avg.pct_of_peak_sustained_elapsed": {
            "value": 89.39085917109706,
            "unit": "%"
          },
          "launch__registers_per_thread": {
            "value": 32,
            "unit": "register/thread"
          },
          "launch__block_size": {
            "value": 128,
            "unit": ""
          },
          "launch__grid_size": {
            "value": 23400,
            "unit": ""
          },
          "launch__waves_per_multiprocessor": {
            "value": 11.079545454545455,
            "unit": ""
          },
          "sm__warps_active.avg.pct_of_peak_sustained_active": {
            "value": 81.1230651623427,
            "unit": "%"
          },
          "smsp__warps_eligible.avg.per_cycle_active": {
            "value": 0.10895138024244189,
            "unit": "warp"
          },
          "smsp__issue_active.avg.pct_of_peak_sustained_active": {
            "value": 9.084593075745572,
            "unit": "%"
          },
          "l1tex__t_sectors_pipe_lsu_mem_local_op_ld.sum": {
            "value": 0.0,
            "unit": "sector"
          },
          "l1tex__t_sectors_pipe_lsu_mem_local_op_st.sum": {
            "value": 0.0,
            "unit": "sector"
          },
          "sm__pipe_tensor_cycles_active.avg.pct_of_peak_sustained_elapsed": {
            "value": 0.0,
            "unit": "%"
          }
        },
        "pm_metrics": 15
      }
    ],
    "totals": {
      "gpu__time_duration.sum": 338496.0,
      "dram__bytes_read.sum": 488304896.0,
      "dram__bytes_write.sum": 333178112.0
    }
  },
  "norm1-fused": {
    "actions": [
      {
        "name": "_layernorm_modulate_kernel",
        "metrics": {
          "gpu__time_duration.sum": {
            "value": 41024.0,
            "unit": "ns"
          },
          "dram__bytes_read.sum": {
            "value": 81292800.0,
            "unit": "byte"
          },
          "dram__bytes_write.sum": {
            "value": 27653120.0,
            "unit": "byte"
          },
          "dram__cycles_active.avg.pct_of_peak_sustained_elapsed": {
            "value": 55.213713063928395,
            "unit": "%"
          },
          "dram__bytes_read.sum.pct_of_peak_sustained_elapsed": {
            "value": 41.19913194879917,
            "unit": "%"
          },
          "dram__bytes_write.sum.pct_of_peak_sustained_elapsed": {
            "value": 14.014581115129227,
            "unit": "%"
          },
          "sm__throughput.avg.pct_of_peak_sustained_elapsed": {
            "value": 50.86995897531179,
            "unit": "%"
          },
          "lts__throughput.avg.pct_of_peak_sustained_elapsed": {
            "value": 73.0561043713643,
            "unit": "%"
          },
          "launch__registers_per_thread": {
            "value": 32,
            "unit": "register/thread"
          },
          "launch__block_size": {
            "value": 128,
            "unit": ""
          },
          "launch__grid_size": {
            "value": 2340,
            "unit": ""
          },
          "launch__waves_per_multiprocessor": {
            "value": 1.1079545454545454,
            "unit": ""
          },
          "sm__warps_active.avg.pct_of_peak_sustained_active": {
            "value": 79.88232590116921,
            "unit": "%"
          },
          "smsp__warps_eligible.avg.per_cycle_active": {
            "value": 2.12310047605222,
            "unit": "warp"
          },
          "smsp__issue_active.avg.pct_of_peak_sustained_active": {
            "value": 56.91876186868775,
            "unit": "%"
          },
          "l1tex__t_sectors_pipe_lsu_mem_local_op_ld.sum": {
            "value": 0.0,
            "unit": "sector"
          },
          "l1tex__t_sectors_pipe_lsu_mem_local_op_st.sum": {
            "value": 0.0,
            "unit": "sector"
          },
          "sm__pipe_tensor_cycles_active.avg.pct_of_peak_sustained_elapsed": {
            "value": 1.5613299328299646,
            "unit": "%"
          }
        },
        "pm_metrics": 15
      }
    ],
    "totals": {
      "gpu__time_duration.sum": 41024.0,
      "dram__bytes_read.sum": 81292800.0,
      "dram__bytes_write.sum": 27653120.0
    }
  },
  "cross_norm-baseline": {
    "actions": [
      {
        "name": "unrolled_elementwise_kernel",
        "metrics": {
          "gpu__time_duration.sum": {
            "value": 77248.0,
            "unit": "ns"
          },
          "dram__bytes_read.sum": {
            "value": 47958784.0,
            "unit": "byte"
          },
          "dram__bytes_write.sum": {
            "value": 71115520.0,
            "unit": "byte"
          },
          "dram__cycles_active.avg.pct_of_peak_sustained_elapsed": {
            "value": 32.04468888863373,
            "unit": "%"
          },
          "dram__bytes_read.sum.pct_of_peak_sustained_elapsed": {
            "value": 12.906431204142796,
            "unit": "%"
          },
          "dram__bytes_write.sum.pct_of_peak_sustained_elapsed": {
            "value": 19.138257684490938,
            "unit": "%"
          },
          "sm__throughput.avg.pct_of_peak_sustained_elapsed": {
            "value": 63.15298511109949,
            "unit": "%"
          },
          "lts__throughput.avg.pct_of_peak_sustained_elapsed": {
            "value": 47.59807309026786,
            "unit": "%"
          },
          "launch__registers_per_thread": {
            "value": 30,
            "unit": "register/thread"
          },
          "launch__block_size": {
            "value": 128,
            "unit": ""
          },
          "launch__grid_size": {
            "value": 46800,
            "unit": ""
          },
          "launch__waves_per_multiprocessor": {
            "value": 22.15909090909091,
            "unit": ""
          },
          "sm__warps_active.avg.pct_of_peak_sustained_active": {
            "value": 91.35934258443268,
            "unit": "%"
          },
          "smsp__warps_eligible.avg.per_cycle_active": {
            "value": 1.517256106111309,
            "unit": "warp"
          },
          "smsp__issue_active.avg.pct_of_peak_sustained_active": {
            "value": 65.64283843508106,
            "unit": "%"
          },
          "l1tex__t_sectors_pipe_lsu_mem_local_op_ld.sum": {
            "value": 0.0,
            "unit": "sector"
          },
          "l1tex__t_sectors_pipe_lsu_mem_local_op_st.sum": {
            "value": 0.0,
            "unit": "sector"
          },
          "sm__pipe_tensor_cycles_active.avg.pct_of_peak_sustained_elapsed": {
            "value": 0.0,
            "unit": "%"
          }
        },
        "pm_metrics": 15
      },
      {
        "name": "vectorized_layer_norm_kernel",
        "metrics": {
          "gpu__time_duration.sum": {
            "value": 78496.0,
            "unit": "ns"
          },
          "dram__bytes_read.sum": {
            "value": 152813056.0,
            "unit": "byte"
          },
          "dram__bytes_write.sum": {
            "value": 77220608.0,
            "unit": "byte"
          },
          "dram__cycles_active.avg.pct_of_peak_sustained_elapsed": {
            "value": 60.94254636409715,
            "unit": "%"
          },
          "dram__bytes_read.sum.pct_of_peak_sustained_elapsed": {
            "value": 40.48458207542777,
            "unit": "%"
          },
          "dram__bytes_write.sum.pct_of_peak_sustained_elapsed": {
            "value": 20.45796428866938,
            "unit": "%"
          },
          "sm__throughput.avg.pct_of_peak_sustained_elapsed": {
            "value": 38.902480576593256,
            "unit": "%"
          },
          "lts__throughput.avg.pct_of_peak_sustained_elapsed": {
            "value": 75.57053057788615,
            "unit": "%"
          },
          "launch__registers_per_thread": {
            "value": 36,
            "unit": "register/thread"
          },
          "launch__block_size": {
            "value": 128,
            "unit": ""
          },
          "launch__grid_size": {
            "value": 4680,
            "unit": ""
          },
          "launch__waves_per_multiprocessor": {
            "value": 2.9545454545454546,
            "unit": ""
          },
          "sm__warps_active.avg.pct_of_peak_sustained_active": {
            "value": 66.66917963369484,
            "unit": "%"
          },
          "smsp__warps_eligible.avg.per_cycle_active": {
            "value": 0.8524032888109816,
            "unit": "warp"
          },
          "smsp__issue_active.avg.pct_of_peak_sustained_active": {
            "value": 41.15002479353819,
            "unit": "%"
          },
          "l1tex__t_sectors_pipe_lsu_mem_local_op_ld.sum": {
            "value": 0.0,
            "unit": "sector"
          },
          "l1tex__t_sectors_pipe_lsu_mem_local_op_st.sum": {
            "value": 0.0,
            "unit": "sector"
          },
          "sm__pipe_tensor_cycles_active.avg.pct_of_peak_sustained_elapsed": {
            "value": 0.47600219184769965,
            "unit": "%"
          }
        },
        "pm_metrics": 15
      },
      {
        "name": "vectorized_elementwise_kernel",
        "metrics": {
          "gpu__time_duration.sum": {
            "value": 32576.0,
            "unit": "ns"
          },
          "dram__bytes_read.sum": {
            "value": 95856128.0,
            "unit": "byte"
          },
          "dram__bytes_write.sum": {
            "value": 30920704.0,
            "unit": "byte"
          },
          "dram__cycles_active.avg.pct_of_peak_sustained_elapsed": {
            "value": 81.06561406820974,
            "unit": "%"
          },
          "dram__bytes_read.sum.pct_of_peak_sustained_elapsed": {
            "value": 61.29381651152881,
            "unit": "%"
          },
          "dram__bytes_write.sum.pct_of_peak_sustained_elapsed": {
            "value": 19.771797556680934,
            "unit": "%"
          },
          "sm__throughput.avg.pct_of_peak_sustained_elapsed": {
            "value": 11.563551570071951,
            "unit": "%"
          },
          "lts__throughput.avg.pct_of_peak_sustained_elapsed": {
            "value": 90.26481335519388,
            "unit": "%"
          },
          "launch__registers_per_thread": {
            "value": 32,
            "unit": "register/thread"
          },
          "launch__block_size": {
            "value": 128,
            "unit": ""
          },
          "launch__grid_size": {
            "value": 23400,
            "unit": ""
          },
          "launch__waves_per_multiprocessor": {
            "value": 11.079545454545455,
            "unit": ""
          },
          "sm__warps_active.avg.pct_of_peak_sustained_active": {
            "value": 81.38319466663685,
            "unit": "%"
          },
          "smsp__warps_eligible.avg.per_cycle_active": {
            "value": 0.1074737411261388,
            "unit": "warp"
          },
          "smsp__issue_active.avg.pct_of_peak_sustained_active": {
            "value": 8.845182589489548,
            "unit": "%"
          },
          "l1tex__t_sectors_pipe_lsu_mem_local_op_ld.sum": {
            "value": 0.0,
            "unit": "sector"
          },
          "l1tex__t_sectors_pipe_lsu_mem_local_op_st.sum": {
            "value": 0.0,
            "unit": "sector"
          },
          "sm__pipe_tensor_cycles_active.avg.pct_of_peak_sustained_elapsed": {
            "value": 0.0,
            "unit": "%"
          }
        },
        "pm_metrics": 15
      }
    ],
    "totals": {
      "gpu__time_duration.sum": 188320.0,
      "dram__bytes_read.sum": 296627968.0,
      "dram__bytes_write.sum": 179256832.0
    }
  },
  "cross_norm-fused": {
    "actions": [
      {
        "name": "_layernorm_modulate_kernel",
        "metrics": {
          "gpu__time_duration.sum": {
            "value": 40480.0,
            "unit": "ns"
          },
          "dram__bytes_read.sum": {
            "value": 63279616.0,
            "unit": "byte"
          },
          "dram__bytes_write.sum": {
            "value": 28131072.0,
            "unit": "byte"
          },
          "dram__cycles_active.avg.pct_of_peak_sustained_elapsed": {
            "value": 46.991657286341336,
            "unit": "%"
          },
          "dram__bytes_read.sum.pct_of_peak_sustained_elapsed": {
            "value": 32.53026635444732,
            "unit": "%"
          },
          "dram__bytes_write.sum.pct_of_peak_sustained_elapsed": {
            "value": 14.46139093189401,
            "unit": "%"
          },
          "sm__throughput.avg.pct_of_peak_sustained_elapsed": {
            "value": 46.510587570284535,
            "unit": "%"
          },
          "lts__throughput.avg.pct_of_peak_sustained_elapsed": {
            "value": 64.58069264615939,
            "unit": "%"
          },
          "launch__registers_per_thread": {
            "value": 38,
            "unit": "register/thread"
          },
          "launch__block_size": {
            "value": 128,
            "unit": ""
          },
          "launch__grid_size": {
            "value": 2340,
            "unit": ""
          },
          "launch__waves_per_multiprocessor": {
            "value": 1.4772727272727273,
            "unit": ""
          },
          "sm__warps_active.avg.pct_of_peak_sustained_active": {
            "value": 62.983304349451984,
            "unit": "%"
          },
          "smsp__warps_eligible.avg.per_cycle_active": {
            "value": 1.5461518978579418,
            "unit": "warp"
          },
          "smsp__issue_active.avg.pct_of_peak_sustained_active": {
            "value": 52.61352727003943,
            "unit": "%"
          },
          "l1tex__t_sectors_pipe_lsu_mem_local_op_ld.sum": {
            "value": 0.0,
            "unit": "sector"
          },
          "l1tex__t_sectors_pipe_lsu_mem_local_op_st.sum": {
            "value": 0.0,
            "unit": "sector"
          },
          "sm__pipe_tensor_cycles_active.avg.pct_of_peak_sustained_elapsed": {
            "value": 1.5775369524547893,
            "unit": "%"
          }
        },
        "pm_metrics": 15
      }
    ],
    "totals": {
      "gpu__time_duration.sum": 40480.0,
      "dram__bytes_read.sum": 63279616.0,
      "dram__bytes_write.sum": 28131072.0
    }
  }
}
