Flax classes are deprecated and will be removed in Diffusers v1.0.0. We recommend migrating to PyTorch classes or pinning your version of Diffusers.
Flax classes are deprecated and will be removed in Diffusers v1.0.0. We recommend migrating to PyTorch classes or pinning your version of Diffusers.
[09-20 06:32:54] server_args: {"model_path": "robbyant/lingbot-world-v2-14b-causal-fast-diffusers", "model_subfolder": null, "model_variant": null, "model_id": null, "served_model_name": "robbyant/lingbot-world-v2-14b-causal-fast-diffusers", "backend": "auto", "attention_backend": null, "enable_attention_backend_autotune": false, "attention_backend_config": {}, "component_attention_backends": {}, "cache_dit_config": null, "nccl_port": null, "enable_nccl_nvls": false, "trust_remote_code": false, "revision": null, "num_gpus": 1, "performance_mode": "manual", "base_gpu_id": 0, "gpu_ids": null, "nnodes": 1, "node_rank": 0, "dist_init_addr": null, "tp_size": 1, "sp_degree": 1, "ulysses_degree": 1, "ring_degree": 1, "kv_gather_degree": 1, "sp_split_auto": false, "dp_size": 1, "enable_cfg_parallel": false, "cfg_parallel_degree": 1, "encoder_parallel": "auto", "hsdp_replicate_dim": 1, "hsdp_shard_dim": 1, "dist_timeout": 3600, "scheduler_rpc_timeout": null, "pipeline_class_name": null, "lora_path": null, "lora_nickname": "default", "lora_scale": 1.0, "lora_alpha": null, "lora_merge_mode": "auto", "lora_weight_name": null, "component_paths": {}, "component_weights_paths": {}, "component_direct_gpu_weight_loading": {}, "component_quantizations": {}, "component_precisions": {}, "component_quantization_ignored_layers": {}, "load_diffusion_decoder": false, "transformer_weights_path": null, "minimax_h3_adaln_cache_path": null, "minimax_h3_adaln_online": false, "minimax_h3_adaln_plan_width": 4, "minimax_h3_adaln_host_cache_gb": 8.0, "quantization": null, "quantization_ignored_layers": null, "lora_target_modules": null, "component_residency": null, "cpu_offload_components": null, "dit_cpu_offload": false, "direct_gpu_weight_loading": false, "dit_layerwise_offload": false, "layerwise_offload_components": null, "dit_offload_prefetch_size": 0.0, "dit_layerwise_resident_layers": 0.0, "dit_layerwise_residency_policy": "leading", "layerwise_prefetch_size": {}, "layerwise_resident_layers": {}, "layerwise_residency_policy": {}, "offload_during_compile": true, "text_encoder_cpu_offload": true, "image_encoder_cpu_offload": null, "vae_cpu_offload": false, "use_fsdp_inference": null, "pin_cpu_memory": true, "ltx2_two_stage_device_mode": null, "comfyui_mode": false, "enable_torch_compile": false, "regional_compile": false, "enable_breakable_cuda_graph": false, "bcg_text_buckets": null, "enable_layerwise_nvtx_marker": false, "warmup_mode": "server", "warmup_resolutions": ["832x480"], "warmup_num_frames": 9, "warmup_steps": 1, "warmup_sampling_params": null, "disable_autocast": false, "master_port": 24103, "host": "127.0.0.1", "port": 24003, "enable_metrics": false, "webui": false, "webui_port": 12312, "scheduler_port": 5585, "scheduler_ports": [5585], "batching_mode": "dynamic", "batching_max_size": 1, "batching_delay_ms": 0.0, "batching_config": null, "enable_batching_metrics": false, "strict_ports": false, "output_path": "outputs/", "input_save_path": "inputs/uploads", "prompt_file_path": null, "model_paths": {}, "model_loaded": {"transformer": true, "vae": true, "video_vae": true, "audio_vae": true, "video_dit": true, "audio_dit": true, "dual_tower_bridge": true}, "boundary_ratio": null, "disagg_role": "monolithic", "disagg_timeout": 3600, "disagg_downstream_wait_timeout": 1800, "disagg_dispatch_policy": "round_robin", "disagg_mode": false, "disagg_instance_id": 0, "disagg_max_slots_per_instance": 8, "disagg_transfer_redundancy": 1.25, "disagg_role_device": "auto", "disagg_transfer_backend": "auto", "disagg_transfer_pool_size": 268435456, "disagg_transfer_pin_memory": "auto", "disagg_p2p_hostname": "127.0.0.1", "disagg_ib_device": null, "disagg_server_addr": null, "encoder_urls": null, "denoiser_urls": null, "decoder_urls": null, "encoder_tp": null, "denoiser_tp": null, "denoiser_sp": null, "denoiser_ulysses": null, "denoiser_ring": null, "decoder_sp": null, "pool_work_endpoint": null, "pool_result_endpoint": null, "pool_control_endpoint": null, "pool_control_advertised_endpoint": null, "log_level": "info", "log_requests": false, "log_requests_level": 2, "log_requests_format": "text", "log_requests_target": null, "uvicorn_access_log_exclude_prefixes": [], "enable_cache_report": false, "enable_trace": false, "otlp_traces_endpoint": "localhost:4317", "otlp_service_name": null, "srt_encoder_url": null, "srt_encoder_connect_timeout": 3.05, "srt_encoder_timeout": 100, "pe_server_url": null}
[09-20 06:32:54] Starting server...
Flax classes are deprecated and will be removed in Diffusers v1.0.0. We recommend migrating to PyTorch classes or pinning your version of Diffusers.
Flax classes are deprecated and will be removed in Diffusers v1.0.0. We recommend migrating to PyTorch classes or pinning your version of Diffusers.
[09-20 06:33:06] Scheduler (dp replica 0) bind at endpoint: tcp://127.0.0.1:5585
[09-20 06:33:07] torch.compile cache: TORCHINDUCTOR_CACHE_DIR=/campaign/model-caches/lingbot-world-v2-cycle/sglang/torch_compile_cache/inductor TRITON_CACHE_DIR=/campaign/model-caches/lingbot-world-v2-cycle/sglang/torch_compile_cache/triton
[09-20 06:33:07] Initializing distributed environment with world_size=1, device=cuda:0, timeout=3600
[09-20 06:33:07] Setting distributed timeout to 3600 seconds
[09-20 06:33:08] No pipeline_class_name specified, using model_index.json
[09-20 06:33:10] Using pipeline from model_index.json: LingBotWorldCausalDMDPipeline
[09-20 06:33:10] Loading pipeline modules...
[09-20 06:33:10] Checking for cached model in Hugging Face Hub cache for robbyant/lingbot-world-v2-14b-causal-fast-diffusers...
[09-20 06:33:10] Found complete model in cache at /campaign/model-caches/lingbot-world-v2-cycle/huggingface/hub/models--robbyant--lingbot-world-v2-14b-causal-fast-diffusers/snapshots/59cccf49f2d2dd27418ae7a04b82b10868d455c2
[09-20 06:33:10] Model path: /campaign/model-caches/lingbot-world-v2-cycle/huggingface/hub/models--robbyant--lingbot-world-v2-14b-causal-fast-diffusers/snapshots/59cccf49f2d2dd27418ae7a04b82b10868d455c2
[09-20 06:33:10] Diffusers version: 0.35.0.dev0
[09-20 06:33:10] Loading pipeline modules from config: {'_class_name': 'LingBotWorldCausalDMDPipeline', '_diffusers_version': '0.35.0.dev0', 'boundary_ratio': 0.9, 'image_encoder': [None, None], 'image_processor': [None, None], 'scheduler': ['diffusers', 'UniPCMultistepScheduler'], 'text_encoder': ['transformers', 'UMT5EncoderModel'], 'tokenizer': ['transformers', 'T5TokenizerFast'], 'transformer': ['diffusers', 'CausalLingBotWorldTransformer3DModel'], 'transformer_2': [None, None], 'vae': ['diffusers', 'AutoencoderKLWan']}
[09-20 06:33:10] MoE pipeline detected. Adding transformer_2 to self.required_config_modules...
[09-20 06:33:10] Setting boundary ratio to 0.9
[09-20 06:33:10] Loading required components: ['text_encoder', 'tokenizer', 'vae', 'transformer', 'scheduler', 'image_encoder', 'image_processor', 'transformer_2']
[93m[09-20 06:33:10] Module image_encoder in model_index.json has null value, removing from required_config_modules[0;0m
[93m[09-20 06:33:10] Module image_processor in model_index.json has null value, removing from required_config_modules[0;0m
[93m[09-20 06:33:10] Module transformer_2 in model_index.json has null value, removing from required_config_modules[0;0m
[09-20 06:33:10] Memory-aware component load order: ['transformer', 'text_encoder', 'vae', 'tokenizer', 'scheduler']
Loading required modules:   0%|          | 0/5 [00:00<?, ?it/s][09-20 06:33:10] Loading transformer from /campaign/model-caches/lingbot-world-v2-cycle/huggingface/hub/models--robbyant--lingbot-world-v2-14b-causal-fast-diffusers/snapshots/59cccf49f2d2dd27418ae7a04b82b10868d455c2/transformer. avail mem: 138.65 GB
[09-20 06:33:10] Loading CausalLingBotWorldTransformer3DModel from 8 safetensors file(s) , param_dtype: torch.bfloat16

Loading safetensors checkpoint shards: 0%|          | 0/8[ALoading safetensors checkpoint shards: 100%|██████████| 8/8
[09-20 06:33:18] Attention backends for transformer: fa
[09-20 06:33:18] Loaded transformer: CausalLingBotWorldTransformer3DModel (sgl-diffusion version). model size: 40.4 GB, vram: 40.40 GB. avail GPU mem: 96.74 GB
Loading required modules:  20%|██        | 1/5 [00:08<00:34,  8.72s/it][09-20 06:33:18] Loading text_encoder from /campaign/model-caches/lingbot-world-v2-cycle/huggingface/hub/models--robbyant--lingbot-world-v2-14b-causal-fast-diffusers/snapshots/59cccf49f2d2dd27418ae7a04b82b10868d455c2/text_encoder. avail mem: 96.74 GB

Loading safetensors checkpoint shards: 0%|          | 0/3[A
Loading safetensors checkpoint shards: 33%|███▎      | 1/3[A
Loading safetensors checkpoint shards: 67%|██████▋   | 2/3[A
Loading safetensors checkpoint shards: 100%|██████████| 3/3[ALoading safetensors checkpoint shards: 100%|██████████| 3/3
[09-20 06:33:20] Loaded text_encoder: UMT5EncoderModel (sgl-diffusion version). model size: 10.58 GB, host pageable: 10.58 GB. avail GPU mem: 96.74 GB
Loading required modules:  40%|████      | 2/5 [00:09<00:12,  4.33s/it][09-20 06:33:20] Loading vae from /campaign/model-caches/lingbot-world-v2-cycle/huggingface/hub/models--robbyant--lingbot-world-v2-14b-causal-fast-diffusers/snapshots/59cccf49f2d2dd27418ae7a04b82b10868d455c2/vae. avail mem: 96.74 GB
[09-20 06:33:20] VAE: converted 61 Conv3d weights to channels_last_3d
[09-20 06:33:20] Wan VAE: installed quality-gated fast path (29 RMSNorm+SiLU fusions, 3 channels_last upsamples).
[09-20 06:33:20] Loaded vae: AutoencoderKLWan (sgl-diffusion version). model size: 0.47 GB, vram: 0.47 GB. avail GPU mem: 96.72 GB
Loading required modules:  60%|██████    | 3/5 [00:10<00:04,  2.46s/it][09-20 06:33:20] Loading tokenizer from /campaign/model-caches/lingbot-world-v2-cycle/huggingface/hub/models--robbyant--lingbot-world-v2-14b-causal-fast-diffusers/snapshots/59cccf49f2d2dd27418ae7a04b82b10868d455c2/tokenizer. avail mem: 96.72 GB
[09-20 06:33:21] Loaded tokenizer: T5Tokenizer (sgl-diffusion version). model size: NA GB, weights: none. avail GPU mem: 96.72 GB
Loading required modules:  80%|████████  | 4/5 [00:11<00:02,  2.13s/it][09-20 06:33:21] Loading scheduler from /campaign/model-caches/lingbot-world-v2-cycle/huggingface/hub/models--robbyant--lingbot-world-v2-14b-causal-fast-diffusers/snapshots/59cccf49f2d2dd27418ae7a04b82b10868d455c2/scheduler. avail mem: 96.72 GB
[09-20 06:33:21] Loaded scheduler: UniPCMultistepScheduler (sgl-diffusion version). model size: NA GB, weights: none. avail GPU mem: 96.72 GB
Loading required modules: 100%|██████████| 5/5 [00:11<00:00,  2.37s/it]
[09-20 06:33:21] Creating pipeline stages...
[09-20 06:33:21] Using fa attention backend
[09-20 06:33:21] Pipeline instantiated
[09-20 06:33:21] Worker 0: Initialized device, model, and distributed environment.
[09-20 06:33:21] Worker 0: Scheduler loop started.
[09-20 06:33:21] Starting FastAPI server.
[2026-09-20 06:33:21] [32mINFO[0m:     Started server process [[36m124174[0m]
[2026-09-20 06:33:21] [32mINFO[0m:     Waiting for application startup.
[09-20 06:33:21] ZMQ Broker is listening for offline jobs on tcp://127.0.0.1:24004
[2026-09-20 06:33:21] [32mINFO[0m:     Application startup complete.
[2026-09-20 06:33:21] [32mINFO[0m:     Uvicorn running on [1mhttp://127.0.0.1:24003[0m (Press CTRL+C to quit)
[2026-09-20 06:33:22] [32mINFO[0m:     127.0.0.1:53034 - "[1mGET /health HTTP/1.1[0m" [32m200 OK[0m
[2026-09-20 06:33:22] [32mINFO[0m:     127.0.0.1:53040 - "WebSocket /v1/realtime_video/generate" [accepted]
[2026-09-20 06:33:22] [32mINFO[0m:     connection open
[09-20 06:33:22] Adjusting number of frames from 21 to 21 based on model
[09-20 06:33:22] Sampling params:
                       width: 832
                      height: 480
                  num_frames: 21
                         fps: 16
                      prompt: <redacted, len=62>
                  neg_prompt: None
                        seed: 41
                 infer_steps: 4
      num_outputs_per_prompt: 1
              guidance_scale: 1.0
     embedded_guidance_scale: 6.0
                    n_tokens: None
                  flow_shift: 5.0
                  image_path: inputs/uploads/313e89e394c84098a767a5bb113939cb_first_frame
                 save_output: False
            output_file_path: outputs/313e89e394c84098a767a5bb113939cb_8715704ab6cf411cb6332e8daef0959e.mp4
        
[09-20 06:33:22] Running pipeline stages: ['RealtimeInputValidationStage', 'RealtimeTextEncodingStage', 'AuxiliaryConditionEncodingStage', 'RealtimeImageVAEEncodingStage', 'DMDTimestepPreparationStage', 'RealtimeChunkLatentPreparationStage', 'LingBotWorldCausalDMDDenoisingStage', 'CausalVaeDecodingStage']
[09-20 06:33:22] [RealtimeInputValidationStage] started...
[09-20 06:33:22] [RealtimeInputValidationStage] finished in 0.0477 seconds
[09-20 06:33:22] [RealtimeTextEncodingStage] started...
[09-20 06:33:24] [RealtimeTextEncodingStage] finished in 1.8819 seconds
[09-20 06:33:29] [AuxiliaryConditionEncodingStage] started...
[09-20 06:33:29] [AuxiliaryConditionEncodingStage] finished in 0.0616 seconds
[09-20 06:33:29] [RealtimeImageVAEEncodingStage] started...
[09-20 06:33:30] [RealtimeImageVAEEncodingStage] finished in 1.0065 seconds
[09-20 06:33:30] [DMDTimestepPreparationStage] started...
[09-20 06:33:30] [DMDTimestepPreparationStage] finished in 0.0004 seconds
[09-20 06:33:30] [RealtimeChunkLatentPreparationStage] started...
[09-20 06:33:30] [RealtimeChunkLatentPreparationStage] finished in 0.0020 seconds
[09-20 06:33:30] [LingBotWorldCausalDMDDenoisingStage] started...
[09-20 06:33:33] [LingBotWorldCausalDMDDenoisingStage] finished in 3.0676 seconds
[09-20 06:33:33] [CausalVaeDecodingStage] started...
[09-20 06:33:34] [CausalVaeDecodingStage] finished in 0.2981 seconds
[09-20 06:33:34] realtime raw RGB frame batch timing: request_id=313e89e394c84098a767a5bb113939cb_8715704ab6cf411cb6332e8daef0959e chunk_idx=0 sample_to_frames=3.83ms frames_to_bytes=6.28ms total=10.14ms batches=1 frames=9 frame_shape=(480, 832, 3) raw_bytes=10782720 content_type=application/x-raw-rgb
[09-20 06:33:34] Pixel data generated successfully in [92m11.83[0;0m seconds
[09-20 06:33:34] Peak memory usage: 82744.00 MB
[09-20 06:33:34] Adjusting number of frames from 21 to 21 based on model
[09-20 06:33:34] Sampling params:
                       width: 832
                      height: 480
                  num_frames: 21
                         fps: 16
                      prompt: <redacted, len=62>
                  neg_prompt: None
                        seed: 41
                 infer_steps: 4
      num_outputs_per_prompt: 1
              guidance_scale: 1.0
     embedded_guidance_scale: 6.0
                    n_tokens: None
                  flow_shift: 5.0
                  image_path: inputs/uploads/313e89e394c84098a767a5bb113939cb_first_frame
                 save_output: False
            output_file_path: outputs/313e89e394c84098a767a5bb113939cb_619f464a8d03432b963a429627923727.mp4
        
[09-20 06:33:34] Running pipeline stages: ['RealtimeInputValidationStage', 'RealtimeTextEncodingStage', 'AuxiliaryConditionEncodingStage', 'RealtimeImageVAEEncodingStage', 'DMDTimestepPreparationStage', 'RealtimeChunkLatentPreparationStage', 'LingBotWorldCausalDMDDenoisingStage', 'CausalVaeDecodingStage']
[09-20 06:33:34] [RealtimeInputValidationStage] started...
[09-20 06:33:34] [RealtimeInputValidationStage] finished in 0.0001 seconds
[09-20 06:33:34] [RealtimeTextEncodingStage] started...
[09-20 06:33:34] [RealtimeTextEncodingStage] finished in 0.0000 seconds
[09-20 06:33:34] [AuxiliaryConditionEncodingStage] started...
[09-20 06:33:34] [AuxiliaryConditionEncodingStage] finished in 0.0020 seconds
[09-20 06:33:34] [RealtimeImageVAEEncodingStage] started...
[09-20 06:33:34] [RealtimeImageVAEEncodingStage] finished in 0.0000 seconds
[09-20 06:33:34] [DMDTimestepPreparationStage] started...
[09-20 06:33:34] [DMDTimestepPreparationStage] finished in 0.0002 seconds
[09-20 06:33:34] [RealtimeChunkLatentPreparationStage] started...
[09-20 06:33:34] [RealtimeChunkLatentPreparationStage] finished in 0.0001 seconds
[09-20 06:33:34] [LingBotWorldCausalDMDDenoisingStage] started...
[09-20 06:33:34] realtime chunk timing: session_id=313e89e394c84098a767a5bb113939cb request_id=313e89e394c84098a767a5bb113939cb_8715704ab6cf411cb6332e8daef0959e chunk_idx=0 event_id=None condition_kinds=['camera_actions'] request_prepare=2.02ms scheduler_forward=11832.82ms output_pace=0.00ms header_pack=0.02ms header_write=0.05ms raw_payload_build=1.67ms raw_write=4.53ms ws_write=4.59ms chunk_total=11842.39ms batches=1 frames=9 frame_shape=(480, 832, 3) raw_bytes=10782720 ws_payload_bytes=10783051 content_type=application/x-raw-rgb
[09-20 06:33:35] [LingBotWorldCausalDMDDenoisingStage] finished in 1.5997 seconds
[09-20 06:33:35] [CausalVaeDecodingStage] started...
[09-20 06:33:36] [CausalVaeDecodingStage] finished in 0.3501 seconds
[09-20 06:33:36] realtime raw RGB frame batch timing: request_id=313e89e394c84098a767a5bb113939cb_619f464a8d03432b963a429627923727 chunk_idx=1 sample_to_frames=1.86ms frames_to_bytes=3.11ms total=5.01ms batches=1 frames=12 frame_shape=(480, 832, 3) raw_bytes=14376960 content_type=application/x-raw-rgb
[09-20 06:33:36] Pixel data generated successfully in [92m1.99[0;0m seconds
[09-20 06:33:36] Peak memory usage: 82744.00 MB
[09-20 06:33:36] realtime chunk timing: session_id=313e89e394c84098a767a5bb113939cb request_id=313e89e394c84098a767a5bb113939cb_619f464a8d03432b963a429627923727 chunk_idx=1 event_id=None condition_kinds=['camera_actions'] request_prepare=0.54ms scheduler_forward=1989.74ms output_pace=0.00ms header_pack=0.02ms header_write=0.04ms raw_payload_build=2.81ms raw_write=3.52ms ws_write=3.55ms chunk_total=1996.88ms batches=1 frames=12 frame_shape=(480, 832, 3) raw_bytes=14376960 ws_payload_bytes=14377291 content_type=application/x-raw-rgb
[09-20 06:33:36] generation reached max chunks, session_id=313e89e394c84098a767a5bb113939cb, max_chunks=2
[09-20 06:33:36] terminating session, session_id=313e89e394c84098a767a5bb113939cb
[09-20 06:33:36] Realtime session release: session_id=313e89e394c84098a767a5bb113939cb released=True
[2026-09-20 06:33:37] [32mINFO[0m:     127.0.0.1:50466 - "WebSocket /v1/realtime_video/generate" [accepted]
[2026-09-20 06:33:37] [32mINFO[0m:     connection open
[09-20 06:33:37] Adjusting number of frames from 21 to 21 based on model
[09-20 06:33:37] Sampling params:
                       width: 832
                      height: 480
                  num_frames: 21
                         fps: 16
                      prompt: <redacted, len=62>
                  neg_prompt: None
                        seed: 42
                 infer_steps: 4
      num_outputs_per_prompt: 1
              guidance_scale: 1.0
     embedded_guidance_scale: 6.0
                    n_tokens: None
                  flow_shift: 5.0
                  image_path: inputs/uploads/215f0a57188b440ca2a3e3451231b488_first_frame
                 save_output: False
            output_file_path: outputs/215f0a57188b440ca2a3e3451231b488_1834ecacdffa4f9391b983115a0d3321.mp4
        
[09-20 06:33:37] Running pipeline stages: ['RealtimeInputValidationStage', 'RealtimeTextEncodingStage', 'AuxiliaryConditionEncodingStage', 'RealtimeImageVAEEncodingStage', 'DMDTimestepPreparationStage', 'RealtimeChunkLatentPreparationStage', 'LingBotWorldCausalDMDDenoisingStage', 'CausalVaeDecodingStage']
[09-20 06:33:37] [RealtimeInputValidationStage] started...
[09-20 06:33:37] [RealtimeInputValidationStage] finished in 0.0391 seconds
[09-20 06:33:37] [RealtimeTextEncodingStage] started...
[09-20 06:33:37] [RealtimeTextEncodingStage] finished in 0.2394 seconds
[09-20 06:33:37] [AuxiliaryConditionEncodingStage] started...
[09-20 06:33:37] [AuxiliaryConditionEncodingStage] finished in 0.0018 seconds
[09-20 06:33:37] [RealtimeImageVAEEncodingStage] started...
[09-20 06:33:38] [RealtimeImageVAEEncodingStage] finished in 0.3769 seconds
[09-20 06:33:38] [DMDTimestepPreparationStage] started...
[09-20 06:33:38] [DMDTimestepPreparationStage] finished in 0.0003 seconds
[09-20 06:33:38] [RealtimeChunkLatentPreparationStage] started...
[09-20 06:33:38] [RealtimeChunkLatentPreparationStage] finished in 0.0001 seconds
[09-20 06:33:38] [LingBotWorldCausalDMDDenoisingStage] started...
[09-20 06:33:39] [LingBotWorldCausalDMDDenoisingStage] finished in 1.4904 seconds
[09-20 06:33:39] [CausalVaeDecodingStage] started...
[09-20 06:33:39] [CausalVaeDecodingStage] finished in 0.2733 seconds
[09-20 06:33:39] realtime raw RGB frame batch timing: request_id=215f0a57188b440ca2a3e3451231b488_1834ecacdffa4f9391b983115a0d3321 chunk_idx=0 sample_to_frames=1.69ms frames_to_bytes=4.24ms total=5.95ms batches=1 frames=9 frame_shape=(480, 832, 3) raw_bytes=10782720 content_type=application/x-raw-rgb
[09-20 06:33:39] Pixel data generated successfully in [92m2.67[0;0m seconds
[09-20 06:33:39] Peak memory usage: 82744.00 MB
[09-20 06:33:39] Adjusting number of frames from 21 to 21 based on model
[09-20 06:33:39] Sampling params:
                       width: 832
                      height: 480
                  num_frames: 21
                         fps: 16
                      prompt: <redacted, len=62>
                  neg_prompt: None
                        seed: 42
                 infer_steps: 4
      num_outputs_per_prompt: 1
              guidance_scale: 1.0
     embedded_guidance_scale: 6.0
                    n_tokens: None
                  flow_shift: 5.0
                  image_path: inputs/uploads/215f0a57188b440ca2a3e3451231b488_first_frame
                 save_output: False
            output_file_path: outputs/215f0a57188b440ca2a3e3451231b488_2d8bc2f2e79e48d8a0301d6ab21bda8f.mp4
        
[09-20 06:33:39] Running pipeline stages: ['RealtimeInputValidationStage', 'RealtimeTextEncodingStage', 'AuxiliaryConditionEncodingStage', 'RealtimeImageVAEEncodingStage', 'DMDTimestepPreparationStage', 'RealtimeChunkLatentPreparationStage', 'LingBotWorldCausalDMDDenoisingStage', 'CausalVaeDecodingStage']
[09-20 06:33:39] [RealtimeInputValidationStage] started...
[09-20 06:33:39] [RealtimeInputValidationStage] finished in 0.0001 seconds
[09-20 06:33:39] [RealtimeTextEncodingStage] started...
[09-20 06:33:39] [RealtimeTextEncodingStage] finished in 0.0000 seconds
[09-20 06:33:39] [AuxiliaryConditionEncodingStage] started...
[09-20 06:33:39] [AuxiliaryConditionEncodingStage] finished in 0.0020 seconds
[09-20 06:33:39] [RealtimeImageVAEEncodingStage] started...
[09-20 06:33:39] [RealtimeImageVAEEncodingStage] finished in 0.0000 seconds
[09-20 06:33:39] realtime chunk timing: session_id=215f0a57188b440ca2a3e3451231b488 request_id=215f0a57188b440ca2a3e3451231b488_1834ecacdffa4f9391b983115a0d3321 chunk_idx=0 event_id=None condition_kinds=['camera_actions'] request_prepare=0.50ms scheduler_forward=2668.65ms output_pace=0.00ms header_pack=0.01ms header_write=0.03ms raw_payload_build=1.03ms raw_write=4.08ms ws_write=4.12ms chunk_total=2675.16ms batches=1 frames=9 frame_shape=(480, 832, 3) raw_bytes=10782720 ws_payload_bytes=10783051 content_type=application/x-raw-rgb
[09-20 06:33:39] [DMDTimestepPreparationStage] started...
[09-20 06:33:39] [DMDTimestepPreparationStage] finished in 0.0003 seconds
[09-20 06:33:39] [RealtimeChunkLatentPreparationStage] started...
[09-20 06:33:39] [RealtimeChunkLatentPreparationStage] finished in 0.0001 seconds
[09-20 06:33:39] [LingBotWorldCausalDMDDenoisingStage] started...
[09-20 06:33:41] [LingBotWorldCausalDMDDenoisingStage] finished in 1.6089 seconds
[09-20 06:33:41] [CausalVaeDecodingStage] started...
[09-20 06:33:41] [CausalVaeDecodingStage] finished in 0.3495 seconds
[09-20 06:33:41] realtime raw RGB frame batch timing: request_id=215f0a57188b440ca2a3e3451231b488_2d8bc2f2e79e48d8a0301d6ab21bda8f chunk_idx=1 sample_to_frames=1.25ms frames_to_bytes=2.06ms total=3.34ms batches=1 frames=12 frame_shape=(480, 832, 3) raw_bytes=14376960 content_type=application/x-raw-rgb
[09-20 06:33:41] Pixel data generated successfully in [92m1.99[0;0m seconds
[09-20 06:33:41] Peak memory usage: 82744.00 MB
[09-20 06:33:41] Adjusting number of frames from 21 to 21 based on model
[09-20 06:33:41] Sampling params:
                       width: 832
                      height: 480
                  num_frames: 21
                         fps: 16
                      prompt: <redacted, len=62>
                  neg_prompt: None
                        seed: 42
                 infer_steps: 4
      num_outputs_per_prompt: 1
              guidance_scale: 1.0
     embedded_guidance_scale: 6.0
                    n_tokens: None
                  flow_shift: 5.0
                  image_path: inputs/uploads/215f0a57188b440ca2a3e3451231b488_first_frame
                 save_output: False
            output_file_path: outputs/215f0a57188b440ca2a3e3451231b488_505d2530e3c74babb4a03234e04177cf.mp4
        
[09-20 06:33:41] Running pipeline stages: ['RealtimeInputValidationStage', 'RealtimeTextEncodingStage', 'AuxiliaryConditionEncodingStage', 'RealtimeImageVAEEncodingStage', 'DMDTimestepPreparationStage', 'RealtimeChunkLatentPreparationStage', 'LingBotWorldCausalDMDDenoisingStage', 'CausalVaeDecodingStage']
[09-20 06:33:41] [RealtimeInputValidationStage] started...
[09-20 06:33:41] [RealtimeInputValidationStage] finished in 0.0001 seconds
[09-20 06:33:41] [RealtimeTextEncodingStage] started...
[09-20 06:33:41] [RealtimeTextEncodingStage] finished in 0.0000 seconds
[09-20 06:33:41] [AuxiliaryConditionEncodingStage] started...
[09-20 06:33:41] [AuxiliaryConditionEncodingStage] finished in 0.0021 seconds
[09-20 06:33:41] [RealtimeImageVAEEncodingStage] started...
[09-20 06:33:41] [RealtimeImageVAEEncodingStage] finished in 0.0000 seconds
[09-20 06:33:41] [DMDTimestepPreparationStage] started...
[09-20 06:33:41] [DMDTimestepPreparationStage] finished in 0.0002 seconds
[09-20 06:33:41] [RealtimeChunkLatentPreparationStage] started...
[09-20 06:33:41] [RealtimeChunkLatentPreparationStage] finished in 0.0001 seconds
[09-20 06:33:41] [LingBotWorldCausalDMDDenoisingStage] started...
[09-20 06:33:41] realtime chunk timing: session_id=215f0a57188b440ca2a3e3451231b488 request_id=215f0a57188b440ca2a3e3451231b488_2d8bc2f2e79e48d8a0301d6ab21bda8f chunk_idx=1 event_id=None condition_kinds=['camera_actions'] request_prepare=0.46ms scheduler_forward=1988.61ms output_pace=0.00ms header_pack=0.01ms header_write=0.04ms raw_payload_build=1.58ms raw_write=5.60ms ws_write=5.63ms chunk_total=1997.20ms batches=1 frames=12 frame_shape=(480, 832, 3) raw_bytes=14376960 ws_payload_bytes=14377291 content_type=application/x-raw-rgb
[09-20 06:33:43] [LingBotWorldCausalDMDDenoisingStage] finished in 1.7471 seconds
[09-20 06:33:43] [CausalVaeDecodingStage] started...
[09-20 06:33:44] [CausalVaeDecodingStage] finished in 0.3490 seconds
[09-20 06:33:44] realtime raw RGB frame batch timing: request_id=215f0a57188b440ca2a3e3451231b488_505d2530e3c74babb4a03234e04177cf chunk_idx=2 sample_to_frames=1.24ms frames_to_bytes=2.03ms total=3.29ms batches=1 frames=12 frame_shape=(480, 832, 3) raw_bytes=14376960 content_type=application/x-raw-rgb
[09-20 06:33:44] Pixel data generated successfully in [92m2.12[0;0m seconds
[09-20 06:33:44] Peak memory usage: 82744.00 MB
[09-20 06:33:44] Adjusting number of frames from 21 to 21 based on model
[09-20 06:33:44] Sampling params:
                       width: 832
                      height: 480
                  num_frames: 21
                         fps: 16
                      prompt: <redacted, len=62>
                  neg_prompt: None
                        seed: 42
                 infer_steps: 4
      num_outputs_per_prompt: 1
              guidance_scale: 1.0
     embedded_guidance_scale: 6.0
                    n_tokens: None
                  flow_shift: 5.0
                  image_path: inputs/uploads/215f0a57188b440ca2a3e3451231b488_first_frame
                 save_output: False
            output_file_path: outputs/215f0a57188b440ca2a3e3451231b488_17aba2006d3e4bc6b8b9df4106c48238.mp4
        
[09-20 06:33:44] Running pipeline stages: ['RealtimeInputValidationStage', 'RealtimeTextEncodingStage', 'AuxiliaryConditionEncodingStage', 'RealtimeImageVAEEncodingStage', 'DMDTimestepPreparationStage', 'RealtimeChunkLatentPreparationStage', 'LingBotWorldCausalDMDDenoisingStage', 'CausalVaeDecodingStage']
[09-20 06:33:44] [RealtimeInputValidationStage] started...
[09-20 06:33:44] [RealtimeInputValidationStage] finished in 0.0001 seconds
[09-20 06:33:44] [RealtimeTextEncodingStage] started...
[09-20 06:33:44] [RealtimeTextEncodingStage] finished in 0.0000 seconds
[09-20 06:33:44] [AuxiliaryConditionEncodingStage] started...
[09-20 06:33:44] [AuxiliaryConditionEncodingStage] finished in 0.0020 seconds
[09-20 06:33:44] [RealtimeImageVAEEncodingStage] started...
[09-20 06:33:44] [RealtimeImageVAEEncodingStage] finished in 0.0000 seconds
[09-20 06:33:44] [DMDTimestepPreparationStage] started...
[09-20 06:33:44] [DMDTimestepPreparationStage] finished in 0.0002 seconds
[09-20 06:33:44] [RealtimeChunkLatentPreparationStage] started...
[09-20 06:33:44] [RealtimeChunkLatentPreparationStage] finished in 0.0001 seconds
[09-20 06:33:44] [LingBotWorldCausalDMDDenoisingStage] started...
[09-20 06:33:44] realtime chunk timing: session_id=215f0a57188b440ca2a3e3451231b488 request_id=215f0a57188b440ca2a3e3451231b488_505d2530e3c74babb4a03234e04177cf chunk_idx=2 event_id=None condition_kinds=['camera_actions'] request_prepare=0.48ms scheduler_forward=2124.25ms output_pace=0.00ms header_pack=0.02ms header_write=0.03ms raw_payload_build=1.55ms raw_write=4.93ms ws_write=4.96ms chunk_total=2132.16ms batches=1 frames=12 frame_shape=(480, 832, 3) raw_bytes=14376960 ws_payload_bytes=14377291 content_type=application/x-raw-rgb
[09-20 06:33:45] [LingBotWorldCausalDMDDenoisingStage] finished in 1.9022 seconds
[09-20 06:33:45] [CausalVaeDecodingStage] started...
[09-20 06:33:46] [CausalVaeDecodingStage] finished in 0.3480 seconds
[09-20 06:33:46] realtime raw RGB frame batch timing: request_id=215f0a57188b440ca2a3e3451231b488_17aba2006d3e4bc6b8b9df4106c48238 chunk_idx=3 sample_to_frames=1.69ms frames_to_bytes=4.44ms total=6.15ms batches=1 frames=12 frame_shape=(480, 832, 3) raw_bytes=14376960 content_type=application/x-raw-rgb
[09-20 06:33:46] Pixel data generated successfully in [92m2.28[0;0m seconds
[09-20 06:33:46] Peak memory usage: 82744.00 MB
[09-20 06:33:46] Adjusting number of frames from 21 to 21 based on model
[09-20 06:33:46] Sampling params:
                       width: 832
                      height: 480
                  num_frames: 21
                         fps: 16
                      prompt: <redacted, len=62>
                  neg_prompt: None
                        seed: 42
                 infer_steps: 4
      num_outputs_per_prompt: 1
              guidance_scale: 1.0
     embedded_guidance_scale: 6.0
                    n_tokens: None
                  flow_shift: 5.0
                  image_path: inputs/uploads/215f0a57188b440ca2a3e3451231b488_first_frame
                 save_output: False
            output_file_path: outputs/215f0a57188b440ca2a3e3451231b488_e93262f1e8144163bf041302ca0b6196.mp4
        
[09-20 06:33:46] Running pipeline stages: ['RealtimeInputValidationStage', 'RealtimeTextEncodingStage', 'AuxiliaryConditionEncodingStage', 'RealtimeImageVAEEncodingStage', 'DMDTimestepPreparationStage', 'RealtimeChunkLatentPreparationStage', 'LingBotWorldCausalDMDDenoisingStage', 'CausalVaeDecodingStage']
[09-20 06:33:46] [RealtimeInputValidationStage] started...
[09-20 06:33:46] [RealtimeInputValidationStage] finished in 0.0001 seconds
[09-20 06:33:46] [RealtimeTextEncodingStage] started...
[09-20 06:33:46] [RealtimeTextEncodingStage] finished in 0.0000 seconds
[09-20 06:33:46] [AuxiliaryConditionEncodingStage] started...
[09-20 06:33:46] [AuxiliaryConditionEncodingStage] finished in 0.0020 seconds
[09-20 06:33:46] [RealtimeImageVAEEncodingStage] started...
[09-20 06:33:46] [RealtimeImageVAEEncodingStage] finished in 0.0000 seconds
[09-20 06:33:46] [DMDTimestepPreparationStage] started...
[09-20 06:33:46] [DMDTimestepPreparationStage] finished in 0.0002 seconds
[09-20 06:33:46] [RealtimeChunkLatentPreparationStage] started...
[09-20 06:33:46] [RealtimeChunkLatentPreparationStage] finished in 0.0001 seconds
[09-20 06:33:46] [LingBotWorldCausalDMDDenoisingStage] started...
[09-20 06:33:46] realtime chunk timing: session_id=215f0a57188b440ca2a3e3451231b488 request_id=215f0a57188b440ca2a3e3451231b488_17aba2006d3e4bc6b8b9df4106c48238 chunk_idx=3 event_id=None condition_kinds=['camera_actions'] request_prepare=0.49ms scheduler_forward=2279.07ms output_pace=0.00ms header_pack=0.01ms header_write=0.03ms raw_payload_build=1.45ms raw_write=4.33ms ws_write=4.37ms chunk_total=2286.26ms batches=1 frames=12 frame_shape=(480, 832, 3) raw_bytes=14376960 ws_payload_bytes=14377291 content_type=application/x-raw-rgb
[09-20 06:33:48] [LingBotWorldCausalDMDDenoisingStage] finished in 2.0375 seconds
[09-20 06:33:48] [CausalVaeDecodingStage] started...
[09-20 06:33:48] [CausalVaeDecodingStage] finished in 0.3467 seconds
[09-20 06:33:48] realtime raw RGB frame batch timing: request_id=215f0a57188b440ca2a3e3451231b488_e93262f1e8144163bf041302ca0b6196 chunk_idx=4 sample_to_frames=1.24ms frames_to_bytes=2.04ms total=3.30ms batches=1 frames=12 frame_shape=(480, 832, 3) raw_bytes=14376960 content_type=application/x-raw-rgb
[09-20 06:33:48] Pixel data generated successfully in [92m2.41[0;0m seconds
[09-20 06:33:48] Peak memory usage: 82744.00 MB
[09-20 06:33:48] Adjusting number of frames from 21 to 21 based on model
[09-20 06:33:48] Sampling params:
                       width: 832
                      height: 480
                  num_frames: 21
                         fps: 16
                      prompt: <redacted, len=62>
                  neg_prompt: None
                        seed: 42
                 infer_steps: 4
      num_outputs_per_prompt: 1
              guidance_scale: 1.0
     embedded_guidance_scale: 6.0
                    n_tokens: None
                  flow_shift: 5.0
                  image_path: inputs/uploads/215f0a57188b440ca2a3e3451231b488_first_frame
                 save_output: False
            output_file_path: outputs/215f0a57188b440ca2a3e3451231b488_0e00fa656dd6480d851af6eed65c018f.mp4
        
[09-20 06:33:48] Running pipeline stages: ['RealtimeInputValidationStage', 'RealtimeTextEncodingStage', 'AuxiliaryConditionEncodingStage', 'RealtimeImageVAEEncodingStage', 'DMDTimestepPreparationStage', 'RealtimeChunkLatentPreparationStage', 'LingBotWorldCausalDMDDenoisingStage', 'CausalVaeDecodingStage']
[09-20 06:33:48] [RealtimeInputValidationStage] started...
[09-20 06:33:48] [RealtimeInputValidationStage] finished in 0.0001 seconds
[09-20 06:33:48] [RealtimeTextEncodingStage] started...
[09-20 06:33:48] [RealtimeTextEncodingStage] finished in 0.0000 seconds
[09-20 06:33:48] [AuxiliaryConditionEncodingStage] started...
[09-20 06:33:48] [AuxiliaryConditionEncodingStage] finished in 0.0022 seconds
[09-20 06:33:48] [RealtimeImageVAEEncodingStage] started...
[09-20 06:33:48] [RealtimeImageVAEEncodingStage] finished in 0.0000 seconds
[09-20 06:33:48] [DMDTimestepPreparationStage] started...
[09-20 06:33:48] [DMDTimestepPreparationStage] finished in 0.0002 seconds
[09-20 06:33:48] [RealtimeChunkLatentPreparationStage] started...
[09-20 06:33:48] [RealtimeChunkLatentPreparationStage] finished in 0.0001 seconds
[09-20 06:33:48] realtime chunk timing: session_id=215f0a57188b440ca2a3e3451231b488 request_id=215f0a57188b440ca2a3e3451231b488_e93262f1e8144163bf041302ca0b6196 chunk_idx=4 event_id=None condition_kinds=['camera_actions'] request_prepare=0.46ms scheduler_forward=2408.83ms output_pace=0.00ms header_pack=0.01ms header_write=0.03ms raw_payload_build=1.45ms raw_write=4.40ms ws_write=4.43ms chunk_total=2416.07ms batches=1 frames=12 frame_shape=(480, 832, 3) raw_bytes=14376960 ws_payload_bytes=14377291 content_type=application/x-raw-rgb
[09-20 06:33:48] [LingBotWorldCausalDMDDenoisingStage] started...
[09-20 06:33:50] [LingBotWorldCausalDMDDenoisingStage] finished in 2.1836 seconds
[09-20 06:33:50] [CausalVaeDecodingStage] started...
[09-20 06:33:51] [CausalVaeDecodingStage] finished in 0.3479 seconds
[09-20 06:33:51] realtime raw RGB frame batch timing: request_id=215f0a57188b440ca2a3e3451231b488_0e00fa656dd6480d851af6eed65c018f chunk_idx=5 sample_to_frames=1.57ms frames_to_bytes=2.02ms total=3.66ms batches=1 frames=12 frame_shape=(480, 832, 3) raw_bytes=14376960 content_type=application/x-raw-rgb
[09-20 06:33:51] Pixel data generated successfully in [92m2.56[0;0m seconds
[09-20 06:33:51] Peak memory usage: 82744.00 MB
[09-20 06:33:51] Adjusting number of frames from 21 to 21 based on model
[09-20 06:33:51] Sampling params:
                       width: 832
                      height: 480
                  num_frames: 21
                         fps: 16
                      prompt: <redacted, len=62>
                  neg_prompt: None
                        seed: 42
                 infer_steps: 4
      num_outputs_per_prompt: 1
              guidance_scale: 1.0
     embedded_guidance_scale: 6.0
                    n_tokens: None
                  flow_shift: 5.0
                  image_path: inputs/uploads/215f0a57188b440ca2a3e3451231b488_first_frame
                 save_output: False
            output_file_path: outputs/215f0a57188b440ca2a3e3451231b488_84c431d2101543d4aa1eabbf575fcdea.mp4
        
[09-20 06:33:51] Running pipeline stages: ['RealtimeInputValidationStage', 'RealtimeTextEncodingStage', 'AuxiliaryConditionEncodingStage', 'RealtimeImageVAEEncodingStage', 'DMDTimestepPreparationStage', 'RealtimeChunkLatentPreparationStage', 'LingBotWorldCausalDMDDenoisingStage', 'CausalVaeDecodingStage']
[09-20 06:33:51] [RealtimeInputValidationStage] started...
[09-20 06:33:51] [RealtimeInputValidationStage] finished in 0.0001 seconds
[09-20 06:33:51] [RealtimeTextEncodingStage] started...
[09-20 06:33:51] [RealtimeTextEncodingStage] finished in 0.0000 seconds
[09-20 06:33:51] [AuxiliaryConditionEncodingStage] started...
[09-20 06:33:51] [AuxiliaryConditionEncodingStage] finished in 0.0022 seconds
[09-20 06:33:51] [RealtimeImageVAEEncodingStage] started...
[09-20 06:33:51] [RealtimeImageVAEEncodingStage] finished in 0.0000 seconds
[09-20 06:33:51] [DMDTimestepPreparationStage] started...
[09-20 06:33:51] [DMDTimestepPreparationStage] finished in 0.0002 seconds
[09-20 06:33:51] [RealtimeChunkLatentPreparationStage] started...
[09-20 06:33:51] [RealtimeChunkLatentPreparationStage] finished in 0.0001 seconds
[09-20 06:33:51] realtime chunk timing: session_id=215f0a57188b440ca2a3e3451231b488 request_id=215f0a57188b440ca2a3e3451231b488_0e00fa656dd6480d851af6eed65c018f chunk_idx=5 event_id=None condition_kinds=['camera_actions'] request_prepare=0.47ms scheduler_forward=2556.84ms output_pace=0.00ms header_pack=0.01ms header_write=0.04ms raw_payload_build=1.43ms raw_write=4.35ms ws_write=4.39ms chunk_total=2564.04ms batches=1 frames=12 frame_shape=(480, 832, 3) raw_bytes=14376960 ws_payload_bytes=14377291 content_type=application/x-raw-rgb
[09-20 06:33:51] [LingBotWorldCausalDMDDenoisingStage] started...
[09-20 06:33:53] [LingBotWorldCausalDMDDenoisingStage] finished in 2.1745 seconds
[09-20 06:33:53] [CausalVaeDecodingStage] started...
[09-20 06:33:53] [CausalVaeDecodingStage] finished in 0.3468 seconds
[09-20 06:33:53] realtime raw RGB frame batch timing: request_id=215f0a57188b440ca2a3e3451231b488_84c431d2101543d4aa1eabbf575fcdea chunk_idx=6 sample_to_frames=1.24ms frames_to_bytes=2.04ms total=3.31ms batches=1 frames=12 frame_shape=(480, 832, 3) raw_bytes=14376960 content_type=application/x-raw-rgb
[09-20 06:33:53] Pixel data generated successfully in [92m2.55[0;0m seconds
[09-20 06:33:53] Peak memory usage: 82744.00 MB
[09-20 06:33:53] Adjusting number of frames from 21 to 21 based on model
[09-20 06:33:53] Sampling params:
                       width: 832
                      height: 480
                  num_frames: 21
                         fps: 16
                      prompt: <redacted, len=62>
                  neg_prompt: None
                        seed: 42
                 infer_steps: 4
      num_outputs_per_prompt: 1
              guidance_scale: 1.0
     embedded_guidance_scale: 6.0
                    n_tokens: None
                  flow_shift: 5.0
                  image_path: inputs/uploads/215f0a57188b440ca2a3e3451231b488_first_frame
                 save_output: False
            output_file_path: outputs/215f0a57188b440ca2a3e3451231b488_e658ac1b76fc415cb9746fb49df5bb68.mp4
        
[09-20 06:33:53] Running pipeline stages: ['RealtimeInputValidationStage', 'RealtimeTextEncodingStage', 'AuxiliaryConditionEncodingStage', 'RealtimeImageVAEEncodingStage', 'DMDTimestepPreparationStage', 'RealtimeChunkLatentPreparationStage', 'LingBotWorldCausalDMDDenoisingStage', 'CausalVaeDecodingStage']
[09-20 06:33:53] [RealtimeInputValidationStage] started...
[09-20 06:33:53] [RealtimeInputValidationStage] finished in 0.0001 seconds
[09-20 06:33:53] [RealtimeTextEncodingStage] started...
[09-20 06:33:53] [RealtimeTextEncodingStage] finished in 0.0000 seconds
[09-20 06:33:53] [AuxiliaryConditionEncodingStage] started...
[09-20 06:33:53] [AuxiliaryConditionEncodingStage] finished in 0.0022 seconds
[09-20 06:33:53] [RealtimeImageVAEEncodingStage] started...
[09-20 06:33:53] [RealtimeImageVAEEncodingStage] finished in 0.0000 seconds
[09-20 06:33:53] [DMDTimestepPreparationStage] started...
[09-20 06:33:53] [DMDTimestepPreparationStage] finished in 0.0002 seconds
[09-20 06:33:53] [RealtimeChunkLatentPreparationStage] started...
[09-20 06:33:53] [RealtimeChunkLatentPreparationStage] finished in 0.0001 seconds
[09-20 06:33:53] [LingBotWorldCausalDMDDenoisingStage] started...
[09-20 06:33:53] realtime chunk timing: session_id=215f0a57188b440ca2a3e3451231b488 request_id=215f0a57188b440ca2a3e3451231b488_84c431d2101543d4aa1eabbf575fcdea chunk_idx=6 event_id=None condition_kinds=['camera_actions'] request_prepare=0.48ms scheduler_forward=2550.50ms output_pace=0.00ms header_pack=0.01ms header_write=0.03ms raw_payload_build=1.45ms raw_write=4.42ms ws_write=4.45ms chunk_total=2557.76ms batches=1 frames=12 frame_shape=(480, 832, 3) raw_bytes=14376960 ws_payload_bytes=14377291 content_type=application/x-raw-rgb
[09-20 06:33:56] [LingBotWorldCausalDMDDenoisingStage] finished in 2.1782 seconds
[09-20 06:33:56] [CausalVaeDecodingStage] started...
[09-20 06:33:56] [CausalVaeDecodingStage] finished in 0.3474 seconds
[09-20 06:33:56] realtime raw RGB frame batch timing: request_id=215f0a57188b440ca2a3e3451231b488_e658ac1b76fc415cb9746fb49df5bb68 chunk_idx=7 sample_to_frames=2.45ms frames_to_bytes=2.70ms total=5.19ms batches=1 frames=12 frame_shape=(480, 832, 3) raw_bytes=14376960 content_type=application/x-raw-rgb
[09-20 06:33:56] Pixel data generated successfully in [92m2.55[0;0m seconds
[09-20 06:33:56] Peak memory usage: 82744.00 MB
[09-20 06:33:56] Adjusting number of frames from 21 to 21 based on model
[09-20 06:33:56] Sampling params:
                       width: 832
                      height: 480
                  num_frames: 21
                         fps: 16
                      prompt: <redacted, len=62>
                  neg_prompt: None
                        seed: 42
                 infer_steps: 4
      num_outputs_per_prompt: 1
              guidance_scale: 1.0
     embedded_guidance_scale: 6.0
                    n_tokens: None
                  flow_shift: 5.0
                  image_path: inputs/uploads/215f0a57188b440ca2a3e3451231b488_first_frame
                 save_output: False
            output_file_path: outputs/215f0a57188b440ca2a3e3451231b488_81c32d03001845a88f71409edbf9704a.mp4
        
[09-20 06:33:56] Running pipeline stages: ['RealtimeInputValidationStage', 'RealtimeTextEncodingStage', 'AuxiliaryConditionEncodingStage', 'RealtimeImageVAEEncodingStage', 'DMDTimestepPreparationStage', 'RealtimeChunkLatentPreparationStage', 'LingBotWorldCausalDMDDenoisingStage', 'CausalVaeDecodingStage']
[09-20 06:33:56] [RealtimeInputValidationStage] started...
[09-20 06:33:56] [RealtimeInputValidationStage] finished in 0.0001 seconds
[09-20 06:33:56] [RealtimeTextEncodingStage] started...
[09-20 06:33:56] [RealtimeTextEncodingStage] finished in 0.0000 seconds
[09-20 06:33:56] [AuxiliaryConditionEncodingStage] started...
[09-20 06:33:56] [AuxiliaryConditionEncodingStage] finished in 0.0029 seconds
[09-20 06:33:56] [RealtimeImageVAEEncodingStage] started...
[09-20 06:33:56] [RealtimeImageVAEEncodingStage] finished in 0.0000 seconds
[09-20 06:33:56] [DMDTimestepPreparationStage] started...
[09-20 06:33:56] realtime chunk timing: session_id=215f0a57188b440ca2a3e3451231b488 request_id=215f0a57188b440ca2a3e3451231b488_e658ac1b76fc415cb9746fb49df5bb68 chunk_idx=7 event_id=None condition_kinds=['camera_actions'] request_prepare=0.46ms scheduler_forward=2554.38ms output_pace=0.00ms header_pack=0.01ms header_write=0.03ms raw_payload_build=1.45ms raw_write=4.39ms ws_write=4.43ms chunk_total=2561.59ms batches=1 frames=12 frame_shape=(480, 832, 3) raw_bytes=14376960 ws_payload_bytes=14377291 content_type=application/x-raw-rgb
[09-20 06:33:56] [DMDTimestepPreparationStage] finished in 0.0003 seconds
[09-20 06:33:56] [RealtimeChunkLatentPreparationStage] started...
[09-20 06:33:56] [RealtimeChunkLatentPreparationStage] finished in 0.0001 seconds
[09-20 06:33:56] [LingBotWorldCausalDMDDenoisingStage] started...
[09-20 06:33:58] [LingBotWorldCausalDMDDenoisingStage] finished in 2.1840 seconds
[09-20 06:33:58] [CausalVaeDecodingStage] started...
[09-20 06:33:58] [CausalVaeDecodingStage] finished in 0.3465 seconds
[09-20 06:33:58] realtime raw RGB frame batch timing: request_id=215f0a57188b440ca2a3e3451231b488_81c32d03001845a88f71409edbf9704a chunk_idx=8 sample_to_frames=1.44ms frames_to_bytes=2.64ms total=4.10ms batches=1 frames=12 frame_shape=(480, 832, 3) raw_bytes=14376960 content_type=application/x-raw-rgb
[09-20 06:33:58] Pixel data generated successfully in [92m2.56[0;0m seconds
[09-20 06:33:58] Peak memory usage: 82744.00 MB
[09-20 06:33:58] Adjusting number of frames from 21 to 21 based on model
[09-20 06:33:58] Sampling params:
                       width: 832
                      height: 480
                  num_frames: 21
                         fps: 16
                      prompt: <redacted, len=62>
                  neg_prompt: None
                        seed: 42
                 infer_steps: 4
      num_outputs_per_prompt: 1
              guidance_scale: 1.0
     embedded_guidance_scale: 6.0
                    n_tokens: None
                  flow_shift: 5.0
                  image_path: inputs/uploads/215f0a57188b440ca2a3e3451231b488_first_frame
                 save_output: False
            output_file_path: outputs/215f0a57188b440ca2a3e3451231b488_ef4322e0f1794d879bc58a48f1d093e9.mp4
        
[09-20 06:33:58] Running pipeline stages: ['RealtimeInputValidationStage', 'RealtimeTextEncodingStage', 'AuxiliaryConditionEncodingStage', 'RealtimeImageVAEEncodingStage', 'DMDTimestepPreparationStage', 'RealtimeChunkLatentPreparationStage', 'LingBotWorldCausalDMDDenoisingStage', 'CausalVaeDecodingStage']
[09-20 06:33:58] [RealtimeInputValidationStage] started...
[09-20 06:33:58] [RealtimeInputValidationStage] finished in 0.0001 seconds
[09-20 06:33:58] [RealtimeTextEncodingStage] started...
[09-20 06:33:58] [RealtimeTextEncodingStage] finished in 0.0000 seconds
[09-20 06:33:58] [AuxiliaryConditionEncodingStage] started...
[09-20 06:33:58] [AuxiliaryConditionEncodingStage] finished in 0.0023 seconds
[09-20 06:33:58] [RealtimeImageVAEEncodingStage] started...
[09-20 06:33:58] [RealtimeImageVAEEncodingStage] finished in 0.0000 seconds
[09-20 06:33:58] [DMDTimestepPreparationStage] started...
[09-20 06:33:58] [DMDTimestepPreparationStage] finished in 0.0002 seconds
[09-20 06:33:58] [RealtimeChunkLatentPreparationStage] started...
[09-20 06:33:58] [RealtimeChunkLatentPreparationStage] finished in 0.0001 seconds
[09-20 06:33:58] [LingBotWorldCausalDMDDenoisingStage] started...
[09-20 06:33:58] realtime chunk timing: session_id=215f0a57188b440ca2a3e3451231b488 request_id=215f0a57188b440ca2a3e3451231b488_81c32d03001845a88f71409edbf9704a chunk_idx=8 event_id=None condition_kinds=['camera_actions'] request_prepare=0.45ms scheduler_forward=2556.13ms output_pace=0.00ms header_pack=0.01ms header_write=0.04ms raw_payload_build=1.44ms raw_write=4.38ms ws_write=4.41ms chunk_total=2563.34ms batches=1 frames=12 frame_shape=(480, 832, 3) raw_bytes=14376960 ws_payload_bytes=14377291 content_type=application/x-raw-rgb
[09-20 06:34:01] [LingBotWorldCausalDMDDenoisingStage] finished in 2.1830 seconds
[09-20 06:34:01] [CausalVaeDecodingStage] started...
[09-20 06:34:01] [CausalVaeDecodingStage] finished in 0.3465 seconds
[09-20 06:34:01] realtime raw RGB frame batch timing: request_id=215f0a57188b440ca2a3e3451231b488_ef4322e0f1794d879bc58a48f1d093e9 chunk_idx=9 sample_to_frames=1.46ms frames_to_bytes=2.02ms total=3.50ms batches=1 frames=12 frame_shape=(480, 832, 3) raw_bytes=14376960 content_type=application/x-raw-rgb
[09-20 06:34:01] Pixel data generated successfully in [92m2.56[0;0m seconds
[09-20 06:34:01] Peak memory usage: 82744.00 MB
[09-20 06:34:01] realtime chunk timing: session_id=215f0a57188b440ca2a3e3451231b488 request_id=215f0a57188b440ca2a3e3451231b488_ef4322e0f1794d879bc58a48f1d093e9 chunk_idx=9 event_id=None condition_kinds=['camera_actions'] request_prepare=0.47ms scheduler_forward=2557.56ms output_pace=0.00ms header_pack=0.01ms header_write=0.03ms raw_payload_build=1.41ms raw_write=4.52ms ws_write=4.56ms chunk_total=2564.08ms batches=1 frames=12 frame_shape=(480, 832, 3) raw_bytes=14376960 ws_payload_bytes=14377291 content_type=application/x-raw-rgb
[09-20 06:34:01] generation reached max chunks, session_id=215f0a57188b440ca2a3e3451231b488, max_chunks=10
[09-20 06:34:01] terminating session, session_id=215f0a57188b440ca2a3e3451231b488
[09-20 06:34:01] Realtime session release: session_id=215f0a57188b440ca2a3e3451231b488 released=True
[2026-09-20 06:34:02] [32mINFO[0m:     Shutting down
[2026-09-20 06:34:02] [32mINFO[0m:     Waiting for application shutdown.
[09-20 06:34:02] FastAPI app is shutting down...
[2026-09-20 06:34:02] [32mINFO[0m:     Application shutdown complete.
[2026-09-20 06:34:02] [32mINFO[0m:     Finished server process [[36m124174[0m]
/usr/lib/python3.12/multiprocessing/resource_tracker.py:254: UserWarning: resource_tracker: There appear to be 1 leaked semaphore objects to clean up at shutdown
  warnings.warn('resource_tracker: There appear to be %d '
