
================================================================
[NATIVE-BCG-SHAPE-PROBE] longcat-image-edit-turbo
  CUDA_VISIBLE_DEVICES=0
  sglang \
  generate \
  --backend=sglang \
  --model-path=meituan-longcat/LongCat-Image-Edit-Turbo \
  --prompt=Make the cat wear a red hat. \
  --seed=42 \
  --image-path=/campaign/artifacts/input-media/longcat-edit-input.jpg \
  --enable-prompt-rewrite=false \
  --performance-mode=manual \
  --num-gpus=1 \
  --enable-torch-compile=false \
  --num-inference-steps=8 \
  --guidance-scale=1 \
  --warmup-resolutions=1264x848 \
  --quality=lossless \
  --save-output \
  --warmup-mode \
  request \
  --enable-breakable-cuda-graph \
  --perf-dump-path \
  /campaign/artifacts/longcat-image-edit-turbo/native-bcg-shape-probe/longcat-image-edit-turbo_native-bcg-shape-probe.json \
  --output-path \
  /campaign/artifacts/longcat-image-edit-turbo/native-bcg-shape-probe \
  --output-file-name \
  longcat-image-edit-turbo-native-bcg-shape-probe

Flax classes are deprecated and will be removed in Diffusers v1.0.0. We recommend migrating to PyTorch classes or pinning your version of Diffusers.
Flax classes are deprecated and will be removed in Diffusers v1.0.0. We recommend migrating to PyTorch classes or pinning your version of Diffusers.
[09-19 20:48:35] server_args: {"model_path": "meituan-longcat/LongCat-Image-Edit-Turbo", "model_subfolder": null, "model_variant": null, "model_id": null, "served_model_name": "meituan-longcat/LongCat-Image-Edit-Turbo", "backend": "sglang", "attention_backend": null, "enable_attention_backend_autotune": false, "attention_backend_config": {}, "component_attention_backends": {}, "cache_dit_config": null, "nccl_port": null, "enable_nccl_nvls": false, "trust_remote_code": false, "revision": null, "num_gpus": 1, "performance_mode": "manual", "base_gpu_id": 0, "gpu_ids": null, "nnodes": 1, "node_rank": 0, "dist_init_addr": null, "tp_size": 1, "sp_degree": 1, "ulysses_degree": 1, "ring_degree": 1, "kv_gather_degree": 1, "sp_split_auto": false, "dp_size": 1, "enable_cfg_parallel": false, "cfg_parallel_degree": 1, "encoder_parallel": "auto", "hsdp_replicate_dim": 1, "hsdp_shard_dim": 1, "dist_timeout": 3600, "scheduler_rpc_timeout": null, "pipeline_class_name": null, "lora_path": null, "lora_nickname": "default", "lora_scale": 1.0, "lora_alpha": null, "lora_merge_mode": "auto", "lora_weight_name": null, "component_paths": {}, "component_weights_paths": {}, "component_direct_gpu_weight_loading": {}, "component_quantizations": {}, "component_precisions": {}, "component_quantization_ignored_layers": {}, "load_diffusion_decoder": false, "transformer_weights_path": null, "minimax_h3_adaln_cache_path": null, "minimax_h3_adaln_online": false, "minimax_h3_adaln_plan_width": 4, "minimax_h3_adaln_host_cache_gb": 8.0, "quantization": null, "quantization_ignored_layers": null, "lora_target_modules": null, "component_residency": null, "cpu_offload_components": null, "dit_cpu_offload": null, "direct_gpu_weight_loading": false, "dit_layerwise_offload": null, "layerwise_offload_components": null, "dit_offload_prefetch_size": 0.0, "dit_layerwise_resident_layers": 0.0, "dit_layerwise_residency_policy": "leading", "layerwise_prefetch_size": {}, "layerwise_resident_layers": {}, "layerwise_residency_policy": {}, "offload_during_compile": true, "text_encoder_cpu_offload": null, "image_encoder_cpu_offload": null, "vae_cpu_offload": false, "use_fsdp_inference": null, "pin_cpu_memory": true, "ltx2_two_stage_device_mode": null, "comfyui_mode": false, "enable_torch_compile": false, "regional_compile": false, "enable_breakable_cuda_graph": true, "bcg_text_buckets": null, "enable_layerwise_nvtx_marker": false, "warmup_mode": "server", "warmup_resolutions": ["1264x848"], "warmup_num_frames": null, "warmup_steps": 1, "warmup_sampling_params": null, "disable_autocast": true, "master_port": 30005, "host": "127.0.0.1", "port": 30000, "enable_metrics": false, "webui": false, "webui_port": 12312, "scheduler_port": 5647, "scheduler_ports": [5647], "batching_mode": "dynamic", "batching_max_size": 1, "batching_delay_ms": 0.0, "batching_config": null, "enable_batching_metrics": false, "strict_ports": false, "output_path": "/campaign/artifacts/longcat-image-edit-turbo/native-bcg-shape-probe", "input_save_path": "inputs/uploads", "prompt_file_path": null, "model_paths": {}, "model_loaded": {"transformer": true, "vae": true, "video_vae": true, "audio_vae": true, "video_dit": true, "audio_dit": true, "dual_tower_bridge": true}, "boundary_ratio": null, "disagg_role": "monolithic", "disagg_timeout": 3600, "disagg_downstream_wait_timeout": 1800, "disagg_dispatch_policy": "round_robin", "disagg_mode": false, "disagg_instance_id": 0, "disagg_max_slots_per_instance": 8, "disagg_transfer_redundancy": 1.25, "disagg_role_device": "auto", "disagg_transfer_backend": "auto", "disagg_transfer_pool_size": 268435456, "disagg_transfer_pin_memory": "auto", "disagg_p2p_hostname": "127.0.0.1", "disagg_ib_device": null, "disagg_server_addr": null, "encoder_urls": null, "denoiser_urls": null, "decoder_urls": null, "encoder_tp": null, "denoiser_tp": null, "denoiser_sp": null, "denoiser_ulysses": null, "denoiser_ring": null, "decoder_sp": null, "pool_work_endpoint": null, "pool_result_endpoint": null, "pool_control_endpoint": null, "pool_control_advertised_endpoint": null, "log_level": "info", "log_requests": false, "log_requests_level": 2, "log_requests_format": "text", "log_requests_target": null, "uvicorn_access_log_exclude_prefixes": [], "enable_cache_report": false, "enable_trace": false, "otlp_traces_endpoint": "localhost:4317", "otlp_service_name": null, "srt_encoder_url": null, "srt_encoder_connect_timeout": 3.05, "srt_encoder_timeout": 100, "pe_server_url": null}
[09-19 20:48:35] Local mode: True
[09-19 20:48:35] Starting server...
Flax classes are deprecated and will be removed in Diffusers v1.0.0. We recommend migrating to PyTorch classes or pinning your version of Diffusers.
Flax classes are deprecated and will be removed in Diffusers v1.0.0. We recommend migrating to PyTorch classes or pinning your version of Diffusers.
[09-19 20:48:47] Scheduler (dp replica 0) bind at endpoint: tcp://127.0.0.1:5647
[09-19 20:48:47] torch.compile cache: TORCHINDUCTOR_CACHE_DIR=/campaign/model-caches/longcat-image-edit-turbo-cycle/sglang/torch_compile_cache/inductor TRITON_CACHE_DIR=/campaign/model-caches/longcat-image-edit-turbo-cycle/sglang/torch_compile_cache/triton
[09-19 20:48:47] Initializing distributed environment with world_size=1, device=cuda:0, timeout=3600
[09-19 20:48:47] Setting distributed timeout to 3600 seconds
[09-19 20:48:48] No pipeline_class_name specified, using model_index.json
[09-19 20:48:50] Using pipeline from model_index.json: LongCatImageEditPipeline
[09-19 20:48:50] Loading pipeline modules...
[09-19 20:48:50] Checking for cached model in Hugging Face Hub cache for meituan-longcat/LongCat-Image-Edit-Turbo...
[09-19 20:48:50] Found complete model in cache at /campaign/model-caches/longcat-image-edit-turbo-cycle/huggingface/hub/models--meituan-longcat--LongCat-Image-Edit-Turbo/snapshots/6a7262de5549f0bf0ec54c08ef7d283ef41f3214
[09-19 20:48:50] Model path: /campaign/model-caches/longcat-image-edit-turbo-cycle/huggingface/hub/models--meituan-longcat--LongCat-Image-Edit-Turbo/snapshots/6a7262de5549f0bf0ec54c08ef7d283ef41f3214
[09-19 20:48:50] Diffusers version: 0.35.1
[09-19 20:48:50] Loading pipeline modules from config: {'_class_name': 'LongCatImageEditPipeline', '_diffusers_version': '0.35.1', 'scheduler': ['diffusers', 'FlowMatchEulerDiscreteScheduler'], 'text_encoder': ['transformers', 'Qwen2_5_VLForConditionalGeneration'], 'tokenizer': ['transformers', 'Qwen2Tokenizer'], 'text_processor': ['transformers', 'Qwen2VLProcessor'], 'transformer': ['diffusers', 'LongCatImageTransformer2DModel'], 'vae': ['diffusers', 'AutoencoderKL']}
[09-19 20:48:50] Loading required components: ['text_encoder', 'tokenizer', 'text_processor', 'vae', 'transformer', 'scheduler']
[09-19 20:48:50] Memory-aware component load order: ['text_encoder', 'transformer', 'vae', 'tokenizer', 'text_processor', 'scheduler']

Loading required modules:   0%|          | 0/6 [00:00<?, ?it/s][09-19 20:48:50] Loading text_encoder from /campaign/model-caches/longcat-image-edit-turbo-cycle/huggingface/hub/models--meituan-longcat--LongCat-Image-Edit-Turbo/snapshots/6a7262de5549f0bf0ec54c08ef7d283ef41f3214/text_encoder. avail mem: 138.65 GB
[09-19 20:48:50] Cannot use FlashAttention backend for head size 80.


Loading safetensors checkpoint shards: 0%|          | 0/5[A

Loading safetensors checkpoint shards: 20%|██        | 1/5[A

Loading safetensors checkpoint shards: 40%|████      | 2/5[A

Loading safetensors checkpoint shards: 60%|██████    | 3/5[A

Loading safetensors checkpoint shards: 80%|████████  | 4/5[A

Loading safetensors checkpoint shards: 100%|██████████| 5/5[A
Loading safetensors checkpoint shards: 100%|██████████| 5/5
[09-19 20:48:55] Attention backends for text_encoder: fa, torch_sdpa
[09-19 20:48:55] Loaded text_encoder: Qwen2_5_VLForConditionalGeneration (sgl-diffusion version). model size: 15.51 GB, vram: 15.51 GB. avail GPU mem: 122.90 GB

Loading required modules:  17%|█▋        | 1/6 [00:05<00:28,  5.73s/it][09-19 20:48:55] Loading transformer from /campaign/model-caches/longcat-image-edit-turbo-cycle/huggingface/hub/models--meituan-longcat--LongCat-Image-Edit-Turbo/snapshots/6a7262de5549f0bf0ec54c08ef7d283ef41f3214/transformer. avail mem: 122.90 GB
[09-19 20:48:55] Loading LongCatImageTransformer2DModel from 1 safetensors file(s) , param_dtype: torch.bfloat16


Loading safetensors checkpoint shards: 0%|          | 0/1[A
Loading safetensors checkpoint shards: 100%|██████████| 1/1
[09-19 20:48:58] Attention backends for transformer: fa
[09-19 20:48:58] Loaded transformer: LongCatImageTransformer2DModel (sgl-diffusion version). model size: 11.68 GB, vram: 11.68 GB. avail GPU mem: 111.20 GB

Loading required modules:  33%|███▎      | 2/6 [00:08<00:16,  4.05s/it][09-19 20:48:58] Loading vae from /campaign/model-caches/longcat-image-edit-turbo-cycle/huggingface/hub/models--meituan-longcat--LongCat-Image-Edit-Turbo/snapshots/6a7262de5549f0bf0ec54c08ef7d283ef41f3214/vae. avail mem: 111.20 GB
[09-19 20:48:58] AutoencoderKL VAE: installed quality-gated decoder fast paths (channels_last dispatch, 3 fused upsamplers, 1 fast attention blocks, 29 GroupNorm+SiLU fusions).
[09-19 20:48:58] Loaded vae: AutoencoderKL (sgl-diffusion version). model size: 0.16 GB, vram: 0.16 GB. avail GPU mem: 111.07 GB

Loading required modules:  50%|█████     | 3/6 [00:08<00:06,  2.25s/it][09-19 20:48:58] Loading tokenizer from /campaign/model-caches/longcat-image-edit-turbo-cycle/huggingface/hub/models--meituan-longcat--LongCat-Image-Edit-Turbo/snapshots/6a7262de5549f0bf0ec54c08ef7d283ef41f3214/tokenizer. avail mem: 111.07 GB
[09-19 20:48:59] Loaded tokenizer: Qwen2Tokenizer (sgl-diffusion version). model size: NA GB, weights: none. avail GPU mem: 111.07 GB

Loading required modules:  67%|██████▋   | 4/6 [00:09<00:02,  1.48s/it][09-19 20:48:59] Loading text_processor from /campaign/model-caches/longcat-image-edit-turbo-cycle/huggingface/hub/models--meituan-longcat--LongCat-Image-Edit-Turbo/snapshots/6a7262de5549f0bf0ec54c08ef7d283ef41f3214/text_processor. avail mem: 111.07 GB
[09-19 20:48:59] Loaded text_processor: Qwen2_5_VLProcessor (sgl-diffusion version). model size: NA GB, weights: none. avail GPU mem: 111.07 GB

Loading required modules:  83%|████████▎ | 5/6 [00:09<00:01,  1.05s/it][09-19 20:48:59] Loading scheduler from /campaign/model-caches/longcat-image-edit-turbo-cycle/huggingface/hub/models--meituan-longcat--LongCat-Image-Edit-Turbo/snapshots/6a7262de5549f0bf0ec54c08ef7d283ef41f3214/scheduler. avail mem: 111.07 GB
[09-19 20:48:59] Loaded scheduler: FlowMatchEulerDiscreteScheduler (sgl-diffusion version). model size: NA GB, weights: none. avail GPU mem: 111.07 GB

Loading required modules: 100%|██████████| 6/6 [00:09<00:00,  1.55s/it]
[09-19 20:48:59] Creating pipeline stages...
[09-19 20:48:59] Using fa attention backend
[09-19 20:48:59] Pipeline instantiated
[09-19 20:48:59] Worker 0: Initialized device, model, and distributed environment.
[09-19 20:48:59] Worker 0: Scheduler loop started.

Warmup requests:   0%|          | 0/1 [00:00<?, ?req/s]/campaign/candidate-longcat-edit-bcg/python/sglang/multimodal_gen/runtime/pipelines_core/stages/model_specific_stages/longcat_image_edit.py:106: UserWarning: Specified kernel cache directory could not be created! This disables kernel caching. Specified directory is /campaign/model-caches/longcat-image-edit-turbo-cycle/xdg/torch/kernels. This warning will appear only once per process. (Triggered internally at /__w/pytorch/pytorch/aten/src/ATen/native/cuda/jit_utils.cpp:1504.)
  num_image_tokens = int(image_grid_thw.prod().item()) // merge_length
[09-19 20:49:01] [Diffusion BCG] captured 31 segment(s), 7 tensor input(s) for signature (('encoder_attention_mask', ('const', None)), ('encoder_hidden_states', ('tensor', (1, 859, 3584), 'torch.bfloat16')), ('encoder_hidden_states_2', ('const', None)), ('encoder_hidden_states_image', ('const', None)), ('encoder_hidden_states_mask', ('list', 1, (('tensor', (1, 859), 'torch.bool'),))), ('guidance', ('tensor', (1,), 'torch.bfloat16')), ('hidden_states', ('tensor', (1, 8374, 64), 'torch.bfloat16')), ('img_ids', ('tensor', (8374, 3), 'torch.float32')), ('timestep', ('tensor', (1,), 'torch.float32')), ('txt_ids', ('tensor', (859, 3), 'torch.float32')))

Warmup requests: 100%|██████████| 1/1 [00:02<00:00,  2.91s/req, server warmup req (1264x848, 8 steps), last=2.91s]
Warmup requests: 100%|██████████| 1/1 [00:02<00:00,  2.91s/req, server warmup req (1264x848, 8 steps), last=2.91s]
[09-19 20:49:02] Processing 1 grouped request(s)
[09-19 20:49:02] Sampling params:
                       width: -1
                      height: -1
                  num_frames: 1
                         fps: 24
                      prompt: <redacted, len=28>
                  neg_prompt: <redacted, len=0>
                        seed: 42
                 infer_steps: 8
      num_outputs_per_prompt: 1
              guidance_scale: 1.0
     embedded_guidance_scale: 6.0
                    n_tokens: None
                  flow_shift: None
                  image_path: ['/campaign/artifacts/input-media/longcat-edit-input.jpg']
                 save_output: True
            output_file_path: /campaign/artifacts/longcat-image-edit-turbo/native-bcg-shape-probe/longcat-image-edit-turbo-native-bcg-shape-probe.png
        
[09-19 20:49:02] Running pipeline stages: ['InputValidationStage', 'LongCatImageEditTextEncodingStage', 'ImageVAEEncodingStage', 'LatentPreparationStage', 'TimestepPreparationStage', 'denoising_stage', 'decoding_stage']
[09-19 20:49:02] [InputValidationStage] started...
[09-19 20:49:02] [InputValidationStage] finished in 0.0372 seconds
[09-19 20:49:02] [LongCatImageEditTextEncodingStage] started...
[09-19 20:49:02] [LongCatImageEditTextEncodingStage] finished in 0.0735 seconds
[09-19 20:49:02] [ImageVAEEncodingStage] started...
[09-19 20:49:02] [ImageVAEEncodingStage] finished in 0.0717 seconds
[09-19 20:49:02] [LatentPreparationStage] started...
[09-19 20:49:02] [LatentPreparationStage] finished in 0.0018 seconds
[09-19 20:49:02] [TimestepPreparationStage] started...
[09-19 20:49:02] [TimestepPreparationStage] finished in 0.0005 seconds
[09-19 20:49:02] [DenoisingStage] started...

  0%|          | 0/8 [00:00<?, ?it/s]
 25%|██▌       | 2/8 [00:00<00:00, 13.39it/s]
 50%|█████     | 4/8 [00:00<00:00,  8.17it/s]
 62%|██████▎   | 5/8 [00:00<00:00,  7.57it/s]
 75%|███████▌  | 6/8 [00:00<00:00,  7.18it/s]
 88%|████████▊ | 7/8 [00:00<00:00,  6.62it/s]
100%|██████████| 8/8 [00:01<00:00,  6.54it/s]
100%|██████████| 8/8 [00:01<00:00,  6.34it/s]
[09-19 20:49:03] [DenoisingStage] average time per step: 0.1578 seconds
[09-19 20:49:03] [DenoisingStage] finished in 1.2645 seconds
[09-19 20:49:03] [DecodingStage] started...
[09-19 20:49:04] [DecodingStage] finished in 0.0927 seconds
[09-19 20:49:04] Output saved to [1;36m/campaign/artifacts/longcat-image-edit-turbo/native-bcg-shape-probe/longcat-image-edit-turbo-native-bcg-shape-probe.png[0;0m
[09-19 20:49:04] Metrics dumped to: [1;36m/campaign/artifacts/longcat-image-edit-turbo/native-bcg-shape-probe/longcat-image-edit-turbo_native-bcg-shape-probe.json[0;0m
[09-19 20:49:04] Pixel data generated successfully in [92m1.70[0;0m seconds
[09-19 20:49:04] Warmed-up request processed in [92m1.55[0;0m seconds (with warmup excluded)
[09-19 20:49:04] Memory usage - Max peak: 36320.00 MB, Avg peak: 36320.00 MB
[09-19 20:49:04] Metrics dumped to: [1;36m/campaign/artifacts/longcat-image-edit-turbo/native-bcg-shape-probe/longcat-image-edit-turbo_native-bcg-shape-probe.json[0;0m
[93m[09-19 20:49:04] Generator was garbage collected without being shut down. Forcing local server and client cleanup.[0;0m
[93m[09-19 20:49:04] Local worker sglang-diffusionWorker-0 did not terminate gracefully, forcing.[0;0m
/usr/lib/python3.12/multiprocessing/resource_tracker.py:254: UserWarning: resource_tracker: There appear to be 1 leaked semaphore objects to clean up at shutdown
  warnings.warn('resource_tracker: There appear to be %d '
