
================================================================
[BASELINE-A1] joy-image-edit
  CUDA_VISIBLE_DEVICES=0,1
  sglang \
  generate \
  --backend=sglang \
  --model-path=jdopensource/JoyAI-Image-Edit-Diffusers \
  --prompt=Make the cat wear a red hat \
  --seed=42 \
  --image-path=/campaign/artifacts/input-media/longlive2-cat.png \
  --width=1024 \
  --height=1024 \
  --num-frames=1 \
  --num-inference-steps=40 \
  --guidance-scale=4 \
  --num-gpus=2 \
  --enable-cfg-parallel \
  --cfg-parallel-degree=2 \
  --tp-size=1 \
  --ulysses-degree=1 \
  --enable-torch-compile=false \
  --performance-mode=manual \
  --dit-cpu-offload=false \
  --dit-layerwise-offload=false \
  --vae-cpu-offload=false \
  --text-encoder-cpu-offload=false \
  --warmup-resolutions=1024x1024 \
  --warmup-num-frames=1 \
  --quality=lossless \
  --save-output \
  --warmup-mode \
  request \
  --perf-dump-path \
  /campaign/artifacts/joy-image-edit/baseline-a1/joy-image-edit_baseline-a1.json \
  --output-path \
  /campaign/artifacts/joy-image-edit/baseline-a1 \
  --output-file-name \
  joy-image-edit-baseline-a1

Flax classes are deprecated and will be removed in Diffusers v1.0.0. We recommend migrating to PyTorch classes or pinning your version of Diffusers.
Flax classes are deprecated and will be removed in Diffusers v1.0.0. We recommend migrating to PyTorch classes or pinning your version of Diffusers.
error: unrecognized arguments: --cfg-parallel-degree=2
  ERROR: exit code 1
