
================================================================
[COMBINED-T2V-R2-B2] cosmos3-edge-t2v
  CUDA_VISIBLE_DEVICES=0
  sglang \
  generate \
  --backend=sglang \
  --model-path=nvidia/Cosmos3-Edge \
  --prompt=A warehouse robot carefully places a blue box on a shelf. \
  --seed=42 \
  --width=832 \
  --height=480 \
  --num-frames=81 \
  --fps=24 \
  --num-inference-steps=35 \
  --guidance-scale=5.0 \
  --performance-mode=manual \
  --num-gpus=1 \
  --tp-size=1 \
  --enable-torch-compile=false \
  --warmup-resolutions=832x480 \
  --warmup-num-frames=81 \
  --quality=lossless \
  --save-output \
  --warmup-mode \
  request \
  --perf-dump-path \
  /campaign/artifacts/cosmos3-edge/combined-t2v-r2-b2/cosmos3-edge-t2v_combined-t2v-r2-b2.json \
  --output-path \
  /campaign/artifacts/cosmos3-edge/combined-t2v-r2-b2 \
  --output-file-name \
  cosmos3-edge-t2v-combined-t2v-r2-b2

Flax classes are deprecated and will be removed in Diffusers v1.0.0. We recommend migrating to PyTorch classes or pinning your version of Diffusers.
Flax classes are deprecated and will be removed in Diffusers v1.0.0. We recommend migrating to PyTorch classes or pinning your version of Diffusers.
[09-19 22:36:16] server_args: {"model_path": "nvidia/Cosmos3-Edge", "model_subfolder": null, "model_variant": null, "model_id": null, "served_model_name": "nvidia/Cosmos3-Edge", "backend": "sglang", "attention_backend": null, "enable_attention_backend_autotune": false, "attention_backend_config": {}, "component_attention_backends": {}, "cache_dit_config": null, "nccl_port": null, "enable_nccl_nvls": false, "trust_remote_code": false, "revision": null, "num_gpus": 1, "performance_mode": "manual", "base_gpu_id": 0, "gpu_ids": null, "nnodes": 1, "node_rank": 0, "dist_init_addr": null, "tp_size": 1, "sp_degree": 1, "ulysses_degree": 1, "ring_degree": 1, "kv_gather_degree": 1, "sp_split_auto": false, "dp_size": 1, "enable_cfg_parallel": false, "cfg_parallel_degree": 1, "encoder_parallel": "auto", "hsdp_replicate_dim": 1, "hsdp_shard_dim": 1, "dist_timeout": 3600, "scheduler_rpc_timeout": null, "pipeline_class_name": null, "lora_path": null, "lora_nickname": "default", "lora_scale": 1.0, "lora_alpha": null, "lora_merge_mode": "auto", "lora_weight_name": null, "component_paths": {}, "component_weights_paths": {}, "component_direct_gpu_weight_loading": {}, "component_quantizations": {}, "component_precisions": {}, "component_quantization_ignored_layers": {}, "load_diffusion_decoder": false, "transformer_weights_path": null, "minimax_h3_adaln_cache_path": null, "minimax_h3_adaln_online": false, "minimax_h3_adaln_plan_width": 4, "minimax_h3_adaln_host_cache_gb": 8.0, "quantization": null, "quantization_ignored_layers": null, "lora_target_modules": null, "component_residency": null, "cpu_offload_components": null, "dit_cpu_offload": null, "direct_gpu_weight_loading": false, "dit_layerwise_offload": null, "layerwise_offload_components": null, "dit_offload_prefetch_size": 0.0, "dit_layerwise_resident_layers": 0.0, "dit_layerwise_residency_policy": "leading", "layerwise_prefetch_size": {}, "layerwise_resident_layers": {}, "layerwise_residency_policy": {}, "offload_during_compile": true, "text_encoder_cpu_offload": null, "image_encoder_cpu_offload": null, "vae_cpu_offload": false, "use_fsdp_inference": null, "pin_cpu_memory": true, "ltx2_two_stage_device_mode": null, "comfyui_mode": false, "enable_torch_compile": false, "regional_compile": false, "enable_breakable_cuda_graph": false, "bcg_text_buckets": null, "enable_layerwise_nvtx_marker": false, "warmup_mode": "request", "warmup_resolutions": ["832x480"], "warmup_num_frames": 81, "warmup_steps": 1, "warmup_sampling_params": null, "disable_autocast": false, "master_port": 30005, "host": "127.0.0.1", "port": 30000, "enable_metrics": false, "webui": false, "webui_port": 12312, "scheduler_port": 5568, "scheduler_ports": [5568], "batching_mode": "dynamic", "batching_max_size": 1, "batching_delay_ms": 0.0, "batching_config": null, "enable_batching_metrics": false, "strict_ports": false, "output_path": "/campaign/artifacts/cosmos3-edge/combined-t2v-r2-b2", "input_save_path": "inputs/uploads", "prompt_file_path": null, "model_paths": {}, "model_loaded": {"transformer": true, "vae": true, "video_vae": true, "audio_vae": true, "video_dit": true, "audio_dit": true, "dual_tower_bridge": true}, "boundary_ratio": null, "disagg_role": "monolithic", "disagg_timeout": 3600, "disagg_downstream_wait_timeout": 1800, "disagg_dispatch_policy": "round_robin", "disagg_mode": false, "disagg_instance_id": 0, "disagg_max_slots_per_instance": 8, "disagg_transfer_redundancy": 1.25, "disagg_role_device": "auto", "disagg_transfer_backend": "auto", "disagg_transfer_pool_size": 268435456, "disagg_transfer_pin_memory": "auto", "disagg_p2p_hostname": "127.0.0.1", "disagg_ib_device": null, "disagg_server_addr": null, "encoder_urls": null, "denoiser_urls": null, "decoder_urls": null, "encoder_tp": null, "denoiser_tp": null, "denoiser_sp": null, "denoiser_ulysses": null, "denoiser_ring": null, "decoder_sp": null, "pool_work_endpoint": null, "pool_result_endpoint": null, "pool_control_endpoint": null, "pool_control_advertised_endpoint": null, "log_level": "info", "log_requests": false, "log_requests_level": 2, "log_requests_format": "text", "log_requests_target": null, "uvicorn_access_log_exclude_prefixes": [], "enable_cache_report": false, "enable_trace": false, "otlp_traces_endpoint": "localhost:4317", "otlp_service_name": null, "srt_encoder_url": null, "srt_encoder_connect_timeout": 3.05, "srt_encoder_timeout": 100, "pe_server_url": null}
[09-19 22:36:16] Local mode: True
[09-19 22:36:16] Starting server...
Flax classes are deprecated and will be removed in Diffusers v1.0.0. We recommend migrating to PyTorch classes or pinning your version of Diffusers.
Flax classes are deprecated and will be removed in Diffusers v1.0.0. We recommend migrating to PyTorch classes or pinning your version of Diffusers.
[09-19 22:36:29] Scheduler (dp replica 0) bind at endpoint: tcp://127.0.0.1:5568
[09-19 22:36:30] torch.compile cache: TORCHINDUCTOR_CACHE_DIR=/campaign/model-caches/cosmos3-edge-cycle/sglang/torch_compile_cache/inductor TRITON_CACHE_DIR=/campaign/model-caches/cosmos3-edge-cycle/sglang/torch_compile_cache/triton
[09-19 22:36:30] Initializing distributed environment with world_size=1, device=cuda:0, timeout=3600
[09-19 22:36:30] Setting distributed timeout to 3600 seconds
[09-19 22:36:31] No pipeline_class_name specified, using model_index.json
[09-19 22:36:32] Using pipeline from model_index.json: Cosmos3Pipeline
[09-19 22:36:32] Loading pipeline modules...
[09-19 22:36:32] Checking for cached model in Hugging Face Hub cache for nvidia/Cosmos3-Edge...
[09-19 22:36:32] Found complete model in cache at /campaign/model-caches/cosmos3-edge-cycle/huggingface/hub/models--nvidia--Cosmos3-Edge/snapshots/344d602b128d1bbdacb43b08d0a3626f46343e29
[09-19 22:36:32] Model path: /campaign/model-caches/cosmos3-edge-cycle/huggingface/hub/models--nvidia--Cosmos3-Edge/snapshots/344d602b128d1bbdacb43b08d0a3626f46343e29
[09-19 22:36:32] Diffusers version: 0.40.0.dev0
[09-19 22:36:32] Model already exists locally and is complete
[09-19 22:36:32] Model path: /campaign/model-caches/cosmos3-edge-cycle/huggingface/hub/models--nvidia--Cosmos3-Edge/snapshots/344d602b128d1bbdacb43b08d0a3626f46343e29
[09-19 22:36:32] Diffusers version: 0.40.0.dev0
[09-19 22:36:32] Loading pipeline modules from config: {'_class_name': 'Cosmos3OmniPipeline', '_diffusers_version': '0.40.0.dev0', 'default_use_system_prompt': False, 'enable_safety_checker': False, 'safety_checker': [None, None], 'scheduler': ['diffusers', 'UniPCMultistepScheduler'], 'sound_tokenizer': [None, None], 'text_tokenizer': ['transformers', 'PreTrainedTokenizerFast'], 'transformer': ['diffusers', 'Cosmos3OmniTransformer'], 'use_native_flow_schedule': True, 'vae': ['diffusers', 'AutoencoderKLWan']}
[09-19 22:36:32] Loading required components: ['text_tokenizer', 'vae', 'transformer', 'scheduler', 'sound_tokenizer']
[93m[09-19 22:36:32] Module sound_tokenizer in model_index.json has null value, removing from required_config_modules[0;0m
[09-19 22:36:32] Memory-aware component load order: ['transformer', 'vae', 'text_tokenizer', 'scheduler']

Loading required modules:   0%|          | 0/4 [00:00<?, ?it/s][09-19 22:36:32] Loading transformer from /campaign/model-caches/cosmos3-edge-cycle/huggingface/hub/models--nvidia--Cosmos3-Edge/snapshots/344d602b128d1bbdacb43b08d0a3626f46343e29/transformer. avail mem: 138.65 GB
[09-19 22:36:32] Loading Cosmos3OmniTransformer from 2 safetensors file(s) , param_dtype: torch.bfloat16


Loading safetensors checkpoint shards: 0%|          | 0/2[A

Loading safetensors checkpoint shards: 100%|██████████| 2/2[A
Loading safetensors checkpoint shards: 100%|██████████| 2/2
[09-19 22:36:34] Attention backends for transformer: fa
[09-19 22:36:34] Loaded transformer: Cosmos3OmniTransformer (sgl-diffusion version). model size: 5.79 GB, vram: 5.79 GB. avail GPU mem: 132.66 GB

Loading required modules:  25%|██▌       | 1/4 [00:01<00:05,  1.96s/it][09-19 22:36:34] Loading vae from /campaign/model-caches/cosmos3-edge-cycle/huggingface/hub/models--nvidia--Cosmos3-Edge/snapshots/344d602b128d1bbdacb43b08d0a3626f46343e29/vae. avail mem: 132.66 GB
[09-19 22:36:34] Wan VAE: installed quality-gated fast path (29 RMSNorm+SiLU fusions, 3 channels_last upsamples).
[09-19 22:36:34] Loaded vae: AutoencoderKLWan (sgl-diffusion version). model size: 1.31 GB, vram: 1.31 GB. avail GPU mem: 131.40 GB

Loading required modules:  50%|█████     | 2/4 [00:02<00:02,  1.11s/it][09-19 22:36:34] Loading text_tokenizer from /campaign/model-caches/cosmos3-edge-cycle/huggingface/hub/models--nvidia--Cosmos3-Edge/snapshots/344d602b128d1bbdacb43b08d0a3626f46343e29/text_tokenizer. avail mem: 131.40 GB
[09-19 22:36:36] Loaded text_tokenizer: TokenizersBackend (sgl-diffusion version). model size: NA GB, weights: none. avail GPU mem: 131.40 GB

Loading required modules:  75%|███████▌  | 3/4 [00:04<00:01,  1.38s/it][09-19 22:36:36] Loading scheduler from /campaign/model-caches/cosmos3-edge-cycle/huggingface/hub/models--nvidia--Cosmos3-Edge/snapshots/344d602b128d1bbdacb43b08d0a3626f46343e29/scheduler. avail mem: 131.40 GB
[09-19 22:36:36] Overriding scheduler class from UniPCMultistepScheduler to FlowUniPCMultistepScheduler
[09-19 22:36:36] Loaded scheduler: FlowUniPCMultistepScheduler (sgl-diffusion version). model size: NA GB, weights: none. avail GPU mem: 131.40 GB

Loading required modules: 100%|██████████| 4/4 [00:04<00:00,  1.04s/it]
[09-19 22:36:36] Creating pipeline stages...
[09-19 22:36:36] Cosmos3 pipeline stages created successfully (guardrails=False)
[09-19 22:36:36] Pipeline instantiated
[09-19 22:36:36] Worker 0: Initialized device, model, and distributed environment.
[09-19 22:36:36] Worker 0: Scheduler loop started.

Warmup requests:   0%|          | 0/1 [00:00<?, ?req/s]
Warmup requests: 100%|██████████| 1/1 [00:01<00:00,  1.90s/req, server warmup req (832x480x17f, 2/35 steps), last=1.89s]
Warmup requests: 100%|██████████| 1/1 [00:01<00:00,  1.90s/req, server warmup req (832x480x17f, 2/35 steps), last=1.89s]
[09-19 22:36:38] Sequence dimension shard is enabled, disabling frame adjustment for better performance
[09-19 22:36:38] Adjusting number of frames from 81 to 81 based on model
[09-19 22:36:38] Processing 1 grouped request(s)
[09-19 22:36:38] Sampling params:
                       width: 832
                      height: 480
                  num_frames: 81
                         fps: 24
                      prompt: <redacted, len=57>
                  neg_prompt: <redacted, len=0>
                        seed: 42
                 infer_steps: 35
      num_outputs_per_prompt: 1
              guidance_scale: 5.0
     embedded_guidance_scale: 6.0
                    n_tokens: None
                  flow_shift: None
                  image_path: None
                 save_output: True
            output_file_path: /campaign/artifacts/cosmos3-edge/combined-t2v-r2-b2/cosmos3-edge-t2v-combined-t2v-r2-b2.mp4
        
[09-19 22:36:38] Running pipeline stages: ['Cosmos3ImagePreprocessStage', 'Cosmos3TokenizationStage', 'Cosmos3LatentPreparationStage', 'Cosmos3TimestepPreparationStage', 'Cosmos3DenoisingStage', 'Cosmos3DecodingStage']
[09-19 22:36:38] [Cosmos3ImagePreprocessStage] started...
[09-19 22:36:38] [Cosmos3ImagePreprocessStage] finished in 0.0000 seconds
[09-19 22:36:38] [Cosmos3TokenizationStage] started...
[09-19 22:36:38] [Cosmos3TokenizationStage] Prompt with duration: 'A warehouse robot carefully places a blue box on a shelf. The video is 3.4 seconds long and is of 24 FPS.'
[09-19 22:36:38] [Cosmos3TokenizationStage] finished in 0.0021 seconds
[09-19 22:36:38] [Cosmos3LatentPreparationStage] started...
[09-19 22:36:38] [Cosmos3LatentPreparationStage] Prepared latents with shape (1, 48, 21, 30, 52)
[09-19 22:36:38] [Cosmos3LatentPreparationStage] finished in 0.0002 seconds
[09-19 22:36:38] [Cosmos3TimestepPreparationStage] started...
[09-19 22:36:38] [Cosmos3TimestepPreparationStage] Prepared 35 timesteps (flow_shift=3.0)
[09-19 22:36:38] [Cosmos3TimestepPreparationStage] finished in 0.0003 seconds
[09-19 22:36:38] [Cosmos3DenoisingStage] started...
[09-19 22:36:38] [Cosmos3DenoisingStage] Starting denoising with 35 steps, CFG=True, CFG_parallel=False, cfg_rank=0

Denoising:   0%|          | 0/35 [00:00<?, ?it/s][09-19 22:36:38] [Cosmos3DenoisingStage] Prompt and negative prompt tokenize to different lengths (49 vs 19); running the CFG branches in separate forwards to keep padding out of the cross-attention

Denoising:   3%|▎         | 1/35 [00:00<00:05,  5.76it/s]
Denoising:   9%|▊         | 3/35 [00:00<00:02, 11.45it/s]
Denoising:  14%|█▍        | 5/35 [00:00<00:03,  9.50it/s]
Denoising:  20%|██        | 7/35 [00:00<00:03,  8.69it/s]
Denoising:  23%|██▎       | 8/35 [00:00<00:03,  8.52it/s]
Denoising:  26%|██▌       | 9/35 [00:01<00:03,  8.29it/s]
Denoising:  29%|██▊       | 10/35 [00:01<00:03,  8.24it/s]
Denoising:  31%|███▏      | 11/35 [00:01<00:02,  8.23it/s]
Denoising:  34%|███▍      | 12/35 [00:01<00:02,  8.21it/s]
Denoising:  37%|███▋      | 13/35 [00:01<00:02,  8.18it/s]
Denoising:  40%|████      | 14/35 [00:01<00:02,  8.10it/s]
Denoising:  43%|████▎     | 15/35 [00:01<00:02,  8.07it/s]
Denoising:  46%|████▌     | 16/35 [00:01<00:02,  8.02it/s]
Denoising:  49%|████▊     | 17/35 [00:02<00:02,  7.96it/s]
Denoising:  51%|█████▏    | 18/35 [00:02<00:02,  7.99it/s]
Denoising:  54%|█████▍    | 19/35 [00:02<00:01,  8.04it/s]
Denoising:  57%|█████▋    | 20/35 [00:02<00:01,  8.05it/s]
Denoising:  60%|██████    | 21/35 [00:02<00:01,  8.04it/s]
Denoising:  63%|██████▎   | 22/35 [00:02<00:01,  8.02it/s]
Denoising:  66%|██████▌   | 23/35 [00:02<00:01,  8.01it/s]
Denoising:  69%|██████▊   | 24/35 [00:02<00:01,  7.98it/s]
Denoising:  71%|███████▏  | 25/35 [00:03<00:01,  7.97it/s]
Denoising:  74%|███████▍  | 26/35 [00:03<00:01,  7.98it/s]
Denoising:  77%|███████▋  | 27/35 [00:03<00:00,  8.02it/s]
Denoising:  80%|████████  | 28/35 [00:03<00:00,  8.03it/s]
Denoising:  83%|████████▎ | 29/35 [00:03<00:00,  8.02it/s]
Denoising:  86%|████████▌ | 30/35 [00:03<00:00,  8.02it/s]
Denoising:  89%|████████▊ | 31/35 [00:03<00:00,  7.99it/s]
Denoising:  91%|█████████▏| 32/35 [00:03<00:00,  7.96it/s]
Denoising:  94%|█████████▍| 33/35 [00:04<00:00,  7.95it/s]
Denoising:  97%|█████████▋| 34/35 [00:04<00:00,  7.96it/s]
Denoising: 100%|██████████| 35/35 [00:04<00:00,  8.05it/s]
Denoising: 100%|██████████| 35/35 [00:04<00:00,  8.16it/s]
[09-19 22:36:42] [Cosmos3DenoisingStage] Denoising complete
[09-19 22:36:43] [Cosmos3DenoisingStage] finished in 4.4196 seconds
[09-19 22:36:43] [Cosmos3DecodingStage] started...
[09-19 22:36:43] [Cosmos3DecodingStage] Decoding latents to video...
[09-19 22:36:44] [Cosmos3DecodingStage] finished in 1.5782 seconds
[09-19 22:36:45] Output saved to [1;36m/campaign/artifacts/cosmos3-edge/combined-t2v-r2-b2/cosmos3-edge-t2v-combined-t2v-r2-b2.mp4[0;0m
[09-19 22:36:45] Metrics dumped to: [1;36m/campaign/artifacts/cosmos3-edge/combined-t2v-r2-b2/cosmos3-edge-t2v_combined-t2v-r2-b2.json[0;0m
[09-19 22:36:45] Pixel data generated successfully in [92m6.49[0;0m seconds
[09-19 22:36:45] Warmed-up request processed in [92m6.15[0;0m seconds (with warmup excluded)
[09-19 22:36:45] Memory usage - Max peak: 13578.00 MB, Avg peak: 13578.00 MB
[09-19 22:36:45] Metrics dumped to: [1;36m/campaign/artifacts/cosmos3-edge/combined-t2v-r2-b2/cosmos3-edge-t2v_combined-t2v-r2-b2.json[0;0m
[93m[09-19 22:36:45] Generator was garbage collected without being shut down. Forcing local server and client cleanup.[0;0m
[93m[09-19 22:36:45] Local worker sglang-diffusionWorker-0 did not terminate gracefully, forcing.[0;0m
/usr/lib/python3.12/multiprocessing/resource_tracker.py:254: UserWarning: resource_tracker: There appear to be 1 leaked semaphore objects to clean up at shutdown
  warnings.warn('resource_tracker: There appear to be %d '
