
================================================================
[QUALITY-EAGER-B1] sana-video
  CUDA_VISIBLE_DEVICES=0
  sglang \
  generate \
  --backend=sglang \
  --model-path=Efficient-Large-Model/SANA-Video_2B_480p_diffusers \
  --prompt=A curious raccoon walks through a sunlit forest. motion score: 30. \
  --seed=42 \
  --width=832 \
  --height=480 \
  --num-frames=17 \
  --fps=16 \
  --num-inference-steps=8 \
  --guidance-scale=6.0 \
  --performance-mode=manual \
  --num-frames=81 \
  --num-inference-steps=50 \
  --num-gpus=1 \
  --tp-size=1 \
  --enable-torch-compile=false \
  --warmup-resolutions=832x480 \
  --warmup-num-frames=81 \
  --quality=high \
  --save-output \
  --warmup-mode \
  request \
  --perf-dump-path \
  /campaign/artifacts/sana-video/quality-eager-b1/sana-video_quality-eager-b1.json \
  --output-path \
  /campaign/artifacts/sana-video/quality-eager-b1 \
  --output-file-name \
  sana-video-quality-eager-b1

Flax classes are deprecated and will be removed in Diffusers v1.0.0. We recommend migrating to PyTorch classes or pinning your version of Diffusers.
Flax classes are deprecated and will be removed in Diffusers v1.0.0. We recommend migrating to PyTorch classes or pinning your version of Diffusers.
[09-19 23:27:47] server_args: {"model_path": "Efficient-Large-Model/SANA-Video_2B_480p_diffusers", "model_subfolder": null, "model_variant": null, "model_id": null, "served_model_name": "Efficient-Large-Model/SANA-Video_2B_480p_diffusers", "backend": "sglang", "attention_backend": null, "enable_attention_backend_autotune": false, "attention_backend_config": {}, "component_attention_backends": {}, "cache_dit_config": null, "nccl_port": null, "enable_nccl_nvls": false, "trust_remote_code": false, "revision": null, "num_gpus": 1, "performance_mode": "manual", "base_gpu_id": 0, "gpu_ids": null, "nnodes": 1, "node_rank": 0, "dist_init_addr": null, "tp_size": 1, "sp_degree": 1, "ulysses_degree": 1, "ring_degree": 1, "kv_gather_degree": 1, "sp_split_auto": false, "dp_size": 1, "enable_cfg_parallel": false, "cfg_parallel_degree": 1, "encoder_parallel": "auto", "hsdp_replicate_dim": 1, "hsdp_shard_dim": 1, "dist_timeout": 3600, "scheduler_rpc_timeout": null, "pipeline_class_name": null, "lora_path": null, "lora_nickname": "default", "lora_scale": 1.0, "lora_alpha": null, "lora_merge_mode": "auto", "lora_weight_name": null, "component_paths": {}, "component_weights_paths": {}, "component_direct_gpu_weight_loading": {}, "component_quantizations": {}, "component_precisions": {}, "component_quantization_ignored_layers": {}, "load_diffusion_decoder": false, "transformer_weights_path": null, "minimax_h3_adaln_cache_path": null, "minimax_h3_adaln_online": false, "minimax_h3_adaln_plan_width": 4, "minimax_h3_adaln_host_cache_gb": 8.0, "quantization": null, "quantization_ignored_layers": null, "lora_target_modules": null, "component_residency": null, "cpu_offload_components": null, "dit_cpu_offload": null, "direct_gpu_weight_loading": false, "dit_layerwise_offload": null, "layerwise_offload_components": null, "dit_offload_prefetch_size": 0.0, "dit_layerwise_resident_layers": 0.0, "dit_layerwise_residency_policy": "leading", "layerwise_prefetch_size": {}, "layerwise_resident_layers": {}, "layerwise_residency_policy": {}, "offload_during_compile": true, "text_encoder_cpu_offload": null, "image_encoder_cpu_offload": null, "vae_cpu_offload": false, "use_fsdp_inference": null, "pin_cpu_memory": true, "ltx2_two_stage_device_mode": null, "comfyui_mode": false, "enable_torch_compile": false, "regional_compile": false, "enable_breakable_cuda_graph": false, "bcg_text_buckets": null, "enable_layerwise_nvtx_marker": false, "warmup_mode": "request", "warmup_resolutions": ["832x480"], "warmup_num_frames": 81, "warmup_steps": 1, "warmup_sampling_params": null, "disable_autocast": true, "master_port": 30005, "host": "127.0.0.1", "port": 30000, "enable_metrics": false, "webui": false, "webui_port": 12312, "scheduler_port": 5598, "scheduler_ports": [5598], "batching_mode": "dynamic", "batching_max_size": 1, "batching_delay_ms": 0.0, "batching_config": null, "enable_batching_metrics": false, "strict_ports": false, "output_path": "/campaign/artifacts/sana-video/quality-eager-b1", "input_save_path": "inputs/uploads", "prompt_file_path": null, "model_paths": {}, "model_loaded": {"transformer": true, "vae": true, "video_vae": true, "audio_vae": true, "video_dit": true, "audio_dit": true, "dual_tower_bridge": true}, "boundary_ratio": null, "disagg_role": "monolithic", "disagg_timeout": 3600, "disagg_downstream_wait_timeout": 1800, "disagg_dispatch_policy": "round_robin", "disagg_mode": false, "disagg_instance_id": 0, "disagg_max_slots_per_instance": 8, "disagg_transfer_redundancy": 1.25, "disagg_role_device": "auto", "disagg_transfer_backend": "auto", "disagg_transfer_pool_size": 268435456, "disagg_transfer_pin_memory": "auto", "disagg_p2p_hostname": "127.0.0.1", "disagg_ib_device": null, "disagg_server_addr": null, "encoder_urls": null, "denoiser_urls": null, "decoder_urls": null, "encoder_tp": null, "denoiser_tp": null, "denoiser_sp": null, "denoiser_ulysses": null, "denoiser_ring": null, "decoder_sp": null, "pool_work_endpoint": null, "pool_result_endpoint": null, "pool_control_endpoint": null, "pool_control_advertised_endpoint": null, "log_level": "info", "log_requests": false, "log_requests_level": 2, "log_requests_format": "text", "log_requests_target": null, "uvicorn_access_log_exclude_prefixes": [], "enable_cache_report": false, "enable_trace": false, "otlp_traces_endpoint": "localhost:4317", "otlp_service_name": null, "srt_encoder_url": null, "srt_encoder_connect_timeout": 3.05, "srt_encoder_timeout": 100, "pe_server_url": null}
[09-19 23:27:47] Local mode: True
[09-19 23:27:47] Starting server...
Flax classes are deprecated and will be removed in Diffusers v1.0.0. We recommend migrating to PyTorch classes or pinning your version of Diffusers.
Flax classes are deprecated and will be removed in Diffusers v1.0.0. We recommend migrating to PyTorch classes or pinning your version of Diffusers.
[09-19 23:28:00] Scheduler (dp replica 0) bind at endpoint: tcp://127.0.0.1:5598
[09-19 23:28:03] torch.compile cache: TORCHINDUCTOR_CACHE_DIR=/campaign/model-caches/sana-video-cycle/sglang/torch_compile_cache/inductor TRITON_CACHE_DIR=/campaign/model-caches/sana-video-cycle/sglang/torch_compile_cache/triton
[09-19 23:28:03] Initializing distributed environment with world_size=1, device=cuda:0, timeout=3600
[09-19 23:28:03] Setting distributed timeout to 3600 seconds
[09-19 23:28:04] No pipeline_class_name specified, using model_index.json
[09-19 23:28:05] Using pipeline from model_index.json: SanaVideoPipeline
[09-19 23:28:05] Loading pipeline modules...
[09-19 23:28:05] Checking for cached model in Hugging Face Hub cache for Efficient-Large-Model/SANA-Video_2B_480p_diffusers...
[09-19 23:28:05] Found complete model in cache at /campaign/model-caches/sana-video-cycle/huggingface/hub/models--Efficient-Large-Model--SANA-Video_2B_480p_diffusers/snapshots/db5f398b13ca086d09a50ce156c20527773841b1
[09-19 23:28:05] Model path: /campaign/model-caches/sana-video-cycle/huggingface/hub/models--Efficient-Large-Model--SANA-Video_2B_480p_diffusers/snapshots/db5f398b13ca086d09a50ce156c20527773841b1
[09-19 23:28:05] Diffusers version: 0.36.0.dev0
[09-19 23:28:05] Loading pipeline modules from config: {'_class_name': 'SanaVideoPipeline', '_diffusers_version': '0.36.0.dev0', 'scheduler': ['diffusers', 'DPMSolverMultistepScheduler'], 'text_encoder': ['transformers', 'Gemma2Model'], 'tokenizer': ['transformers', 'GemmaTokenizerFast'], 'transformer': ['diffusers', 'SanaVideoTransformer3DModel'], 'vae': ['diffusers', 'AutoencoderKLWan']}
[09-19 23:28:05] Loading required components: ['text_encoder', 'tokenizer', 'vae', 'transformer', 'scheduler']
[09-19 23:28:05] Memory-aware component load order: ['transformer', 'text_encoder', 'vae', 'tokenizer', 'scheduler']

Loading required modules:   0%|          | 0/5 [00:00<?, ?it/s][09-19 23:28:05] Loading transformer from /campaign/model-caches/sana-video-cycle/huggingface/hub/models--Efficient-Large-Model--SANA-Video_2B_480p_diffusers/snapshots/db5f398b13ca086d09a50ce156c20527773841b1/transformer. avail mem: 138.65 GB
[09-19 23:28:05] Loading SanaVideoTransformer3DModel from 2 safetensors file(s) , param_dtype: torch.bfloat16


Loading safetensors checkpoint shards: 0%|          | 0/2[A

Loading safetensors checkpoint shards: 100%|██████████| 2/2[A
Loading safetensors checkpoint shards: 100%|██████████| 2/2
[09-19 23:28:06] Loaded transformer: SanaVideoTransformer3DModel (sgl-diffusion version). model size: 3.83 GB, vram: 3.83 GB. avail GPU mem: 134.66 GB

Loading required modules:  20%|██        | 1/5 [00:01<00:04,  1.21s/it][09-19 23:28:06] Loading text_encoder from /campaign/model-caches/sana-video-cycle/huggingface/hub/models--Efficient-Large-Model--SANA-Video_2B_480p_diffusers/snapshots/db5f398b13ca086d09a50ce156c20527773841b1/text_encoder. avail mem: 134.66 GB


Loading safetensors checkpoint shards: 0%|          | 0/2[A

Loading safetensors checkpoint shards: 50%|█████     | 1/2[A
Loading safetensors checkpoint shards: 100%|██████████| 2/2
[09-19 23:28:08] Loaded text_encoder: Gemma2Model (sgl-diffusion version). model size: 4.87 GB, vram: 4.87 GB. avail GPU mem: 129.72 GB

Loading required modules:  40%|████      | 2/5 [00:03<00:05,  1.81s/it][09-19 23:28:08] Loading vae from /campaign/model-caches/sana-video-cycle/huggingface/hub/models--Efficient-Large-Model--SANA-Video_2B_480p_diffusers/snapshots/db5f398b13ca086d09a50ce156c20527773841b1/vae. avail mem: 129.72 GB
[93m[09-19 23:28:08] VAE unexpected keys: ['encoder.conv_in.bias', 'encoder.conv_in.weight', 'encoder.conv_out.bias', 'encoder.conv_out.weight', 'encoder.down_blocks.0.conv1.bias', 'encoder.down_blocks.0.conv1.weight', 'encoder.down_blocks.0.conv2.bias', 'encoder.down_blocks.0.conv2.weight', 'encoder.down_blocks.0.norm1.gamma', 'encoder.down_blocks.0.norm2.gamma', 'encoder.down_blocks.1.conv1.bias', 'encoder.down_blocks.1.conv1.weight', 'encoder.down_blocks.1.conv2.bias', 'encoder.down_blocks.1.conv2.weight', 'encoder.down_blocks.1.norm1.gamma', 'encoder.down_blocks.1.norm2.gamma', 'encoder.down_blocks.10.conv1.bias', 'encoder.down_blocks.10.conv1.weight', 'encoder.down_blocks.10.conv2.bias', 'encoder.down_blocks.10.conv2.weight', 'encoder.down_blocks.10.norm1.gamma', 'encoder.down_blocks.10.norm2.gamma', 'encoder.down_blocks.2.resample.1.bias', 'encoder.down_blocks.2.resample.1.weight', 'encoder.down_blocks.3.conv1.bias', 'encoder.down_blocks.3.conv1.weight', 'encoder.down_blocks.3.conv2.bias', 'encoder.down_blocks.3.conv2.weight', 'encoder.down_blocks.3.conv_shortcut.bias', 'encoder.down_blocks.3.conv_shortcut.weight', 'encoder.down_blocks.3.norm1.gamma', 'encoder.down_blocks.3.norm2.gamma', 'encoder.down_blocks.4.conv1.bias', 'encoder.down_blocks.4.conv1.weight', 'encoder.down_blocks.4.conv2.bias', 'encoder.down_blocks.4.conv2.weight', 'encoder.down_blocks.4.norm1.gamma', 'encoder.down_blocks.4.norm2.gamma', 'encoder.down_blocks.5.resample.1.bias', 'encoder.down_blocks.5.resample.1.weight', 'encoder.down_blocks.5.time_conv.bias', 'encoder.down_blocks.5.time_conv.weight', 'encoder.down_blocks.6.conv1.bias', 'encoder.down_blocks.6.conv1.weight', 'encoder.down_blocks.6.conv2.bias', 'encoder.down_blocks.6.conv2.weight', 'encoder.down_blocks.6.conv_shortcut.bias', 'encoder.down_blocks.6.conv_shortcut.weight', 'encoder.down_blocks.6.norm1.gamma', 'encoder.down_blocks.6.norm2.gamma', 'encoder.down_blocks.7.conv1.bias', 'encoder.down_blocks.7.conv1.weight', 'encoder.down_blocks.7.conv2.bias', 'encoder.down_blocks.7.conv2.weight', 'encoder.down_blocks.7.norm1.gamma', 'encoder.down_blocks.7.norm2.gamma', 'encoder.down_blocks.8.resample.1.bias', 'encoder.down_blocks.8.resample.1.weight', 'encoder.down_blocks.8.time_conv.bias', 'encoder.down_blocks.8.time_conv.weight', 'encoder.down_blocks.9.conv1.bias', 'encoder.down_blocks.9.conv1.weight', 'encoder.down_blocks.9.conv2.bias', 'encoder.down_blocks.9.conv2.weight', 'encoder.down_blocks.9.norm1.gamma', 'encoder.down_blocks.9.norm2.gamma', 'encoder.mid_block.attentions.0.norm.gamma', 'encoder.mid_block.attentions.0.proj.bias', 'encoder.mid_block.attentions.0.proj.weight', 'encoder.mid_block.attentions.0.to_qkv.bias', 'encoder.mid_block.attentions.0.to_qkv.weight', 'encoder.mid_block.resnets.0.conv1.bias', 'encoder.mid_block.resnets.0.conv1.weight', 'encoder.mid_block.resnets.0.conv2.bias', 'encoder.mid_block.resnets.0.conv2.weight', 'encoder.mid_block.resnets.0.norm1.gamma', 'encoder.mid_block.resnets.0.norm2.gamma', 'encoder.mid_block.resnets.1.conv1.bias', 'encoder.mid_block.resnets.1.conv1.weight', 'encoder.mid_block.resnets.1.conv2.bias', 'encoder.mid_block.resnets.1.conv2.weight', 'encoder.mid_block.resnets.1.norm1.gamma', 'encoder.mid_block.resnets.1.norm2.gamma', 'encoder.norm_out.gamma'][0;0m
[09-19 23:28:08] Wan VAE: installed quality-gated fast path (29 RMSNorm+SiLU fusions, 3 channels_last upsamples).
[09-19 23:28:08] Loaded vae: AutoencoderKLWan (sgl-diffusion version). model size: 0.27 GB, vram: 0.27 GB. avail GPU mem: 129.43 GB

Loading required modules:  60%|██████    | 3/5 [00:03<00:02,  1.04s/it][09-19 23:28:08] Loading tokenizer from /campaign/model-caches/sana-video-cycle/huggingface/hub/models--Efficient-Large-Model--SANA-Video_2B_480p_diffusers/snapshots/db5f398b13ca086d09a50ce156c20527773841b1/tokenizer. avail mem: 129.43 GB
[09-19 23:28:10] Loaded tokenizer: GemmaTokenizer (sgl-diffusion version). model size: NA GB, weights: none. avail GPU mem: 129.43 GB

Loading required modules:  80%|████████  | 4/5 [00:05<00:01,  1.24s/it][09-19 23:28:10] Loading scheduler from /campaign/model-caches/sana-video-cycle/huggingface/hub/models--Efficient-Large-Model--SANA-Video_2B_480p_diffusers/snapshots/db5f398b13ca086d09a50ce156c20527773841b1/scheduler. avail mem: 129.43 GB
[09-19 23:28:10] Loaded scheduler: DPMSolverMultistepScheduler (sgl-diffusion version). model size: NA GB, weights: none. avail GPU mem: 129.43 GB

Loading required modules: 100%|██████████| 5/5 [00:05<00:00,  1.03s/it]
[09-19 23:28:10] Creating pipeline stages...
[09-19 23:28:10] Cannot use FlashAttention backend for head size 112.
[09-19 23:28:10] Using torch_sdpa attention backend
[09-19 23:28:10] Pipeline instantiated
[09-19 23:28:10] Worker 0: Initialized device, model, and distributed environment.
[09-19 23:28:10] Worker 0: Scheduler loop started.

Warmup requests:   0%|          | 0/1 [00:00<?, ?req/s]
Warmup requests: 100%|██████████| 1/1 [00:02<00:00,  2.44s/req, server warmup req (832x480x17f, 2/50 steps), last=2.44s]
Warmup requests: 100%|██████████| 1/1 [00:02<00:00,  2.44s/req, server warmup req (832x480x17f, 2/50 steps), last=2.44s]
[09-19 23:28:12] Adjusting number of frames from 81 to 81 based on model
[09-19 23:28:12] Processing 1 grouped request(s)
[09-19 23:28:12] Sampling params:
                       width: 832
                      height: 480
                  num_frames: 81
                         fps: 16
                      prompt: <redacted, len=66>
                  neg_prompt: <redacted, len=285>
                        seed: 42
                 infer_steps: 50
      num_outputs_per_prompt: 1
              guidance_scale: 6.0
     embedded_guidance_scale: 6.0
                    n_tokens: None
                  flow_shift: 8.0
                  image_path: None
                 save_output: True
            output_file_path: /campaign/artifacts/sana-video/quality-eager-b1/sana-video-quality-eager-b1.mp4
        
[09-19 23:28:12] Running pipeline stages: ['InputValidationStage', 'prompt_encoding_stage_primary', 'TimestepPreparationStage', 'LatentPreparationStage', 'denoising_stage', 'decoding_stage']
[09-19 23:28:12] [InputValidationStage] started...
[09-19 23:28:13] [InputValidationStage] finished in 0.0001 seconds
[09-19 23:28:13] [SanaVideoTextEncodingStage] started...
[09-19 23:28:13] [SanaVideoTextEncodingStage] finished in 0.0627 seconds
[09-19 23:28:13] [TimestepPreparationStage] started...
[09-19 23:28:13] [TimestepPreparationStage] finished in 0.0005 seconds
[09-19 23:28:13] [LatentPreparationStage] started...
[09-19 23:28:13] [LatentPreparationStage] finished in 0.0001 seconds
[09-19 23:28:13] [DenoisingStage] started...

  0%|          | 0/50 [00:00<?, ?it/s]
  2%|▏         | 1/50 [00:01<01:01,  1.26s/it]
  4%|▍         | 2/50 [00:02<01:02,  1.30s/it]
  6%|▌         | 3/50 [00:03<01:02,  1.32s/it]
  8%|▊         | 4/50 [00:05<01:01,  1.33s/it]
 10%|█         | 5/50 [00:06<01:00,  1.34s/it]
 12%|█▏        | 6/50 [00:07<00:59,  1.34s/it]
 14%|█▍        | 7/50 [00:09<00:57,  1.35s/it]
 16%|█▌        | 8/50 [00:10<00:56,  1.35s/it]
 18%|█▊        | 9/50 [00:12<00:55,  1.35s/it]
 20%|██        | 10/50 [00:13<00:53,  1.35s/it]
 22%|██▏       | 11/50 [00:14<00:52,  1.35s/it]
 24%|██▍       | 12/50 [00:16<00:51,  1.35s/it]
 26%|██▌       | 13/50 [00:17<00:49,  1.35s/it]
 28%|██▊       | 14/50 [00:18<00:48,  1.35s/it]
 30%|███       | 15/50 [00:20<00:47,  1.35s/it]
 32%|███▏      | 16/50 [00:21<00:45,  1.35s/it]
 34%|███▍      | 17/50 [00:22<00:44,  1.35s/it]
 36%|███▌      | 18/50 [00:24<00:43,  1.35s/it]
 38%|███▊      | 19/50 [00:25<00:41,  1.35s/it]
 40%|████      | 20/50 [00:26<00:40,  1.35s/it]
 42%|████▏     | 21/50 [00:28<00:39,  1.35s/it]
 44%|████▍     | 22/50 [00:29<00:37,  1.35s/it]
 46%|████▌     | 23/50 [00:30<00:36,  1.35s/it]
 48%|████▊     | 24/50 [00:32<00:35,  1.35s/it]
 50%|█████     | 25/50 [00:33<00:33,  1.35s/it]
 50%|█████     | 25/50 [00:33<00:33,  1.36s/it]
[09-19 23:28:47] [DenoisingStage] average time per step: 0.6787 seconds
[09-19 23:28:47] [DenoisingStage] finished in 33.9487 seconds
[09-19 23:28:47] [DecodingStage] started...
[09-19 23:28:50] [DecodingStage] finished in 2.8054 seconds
[09-19 23:28:50] Output saved to [1;36m/campaign/artifacts/sana-video/quality-eager-b1/sana-video-quality-eager-b1.mp4[0;0m
[09-19 23:28:50] Metrics dumped to: [1;36m/campaign/artifacts/sana-video/quality-eager-b1/sana-video_quality-eager-b1.json[0;0m
[09-19 23:28:50] Pixel data generated successfully in [92m37.45[0;0m seconds
[09-19 23:28:50] Warmed-up request processed in [92m37.07[0;0m seconds (with warmup excluded)
[09-19 23:28:50] Memory usage - Max peak: 21522.00 MB, Avg peak: 21522.00 MB
[09-19 23:28:50] Metrics dumped to: [1;36m/campaign/artifacts/sana-video/quality-eager-b1/sana-video_quality-eager-b1.json[0;0m
[93m[09-19 23:28:50] Generator was garbage collected without being shut down. Forcing local server and client cleanup.[0;0m
[93m[09-19 23:28:50] Local worker sglang-diffusionWorker-0 did not terminate gracefully, forcing.[0;0m
/usr/lib/python3.12/multiprocessing/resource_tracker.py:254: UserWarning: resource_tracker: There appear to be 1 leaked semaphore objects to clean up at shutdown
  warnings.warn('resource_tracker: There appear to be %d '
