Flax classes are deprecated and will be removed in Diffusers v1.0.0. We recommend migrating to PyTorch classes or pinning your version of Diffusers.
Flax classes are deprecated and will be removed in Diffusers v1.0.0. We recommend migrating to PyTorch classes or pinning your version of Diffusers.
[09-26 02:24:45] server_args: {"model_path": "/cluster-storage/models/models--hunyuanvideo-community--HunyuanVideo/snapshots/e8c2aaa66fe3742a32c11a6766aecbf07c56e773", "model_subfolder": null, "model_variant": null, "model_id": null, "served_model_name": "/cluster-storage/models/models--hunyuanvideo-community--HunyuanVideo/snapshots/e8c2aaa66fe3742a32c11a6766aecbf07c56e773", "backend": "sglang", "attention_backend": null, "enable_attention_backend_autotune": false, "attention_backend_config": {}, "component_attention_backends": {}, "cache_dit_config": null, "nccl_port": null, "enable_nccl_nvls": false, "trust_remote_code": false, "revision": "e8c2aaa66fe3742a32c11a6766aecbf07c56e773", "num_gpus": 1, "performance_mode": "manual", "base_gpu_id": 0, "gpu_ids": null, "nnodes": 1, "node_rank": 0, "dist_init_addr": null, "tp_size": 1, "sp_degree": 1, "ulysses_degree": 1, "ring_degree": 1, "kv_gather_degree": 1, "sp_split_auto": false, "dp_size": 1, "enable_cfg_parallel": false, "cfg_parallel_degree": 1, "encoder_parallel": "auto", "hsdp_replicate_dim": 1, "hsdp_shard_dim": 1, "dist_timeout": 3600, "scheduler_rpc_timeout": null, "pipeline_class_name": null, "lora_path": null, "lora_nickname": "default", "lora_scale": 1.0, "lora_alpha": null, "lora_merge_mode": "auto", "lora_weight_name": null, "component_paths": {}, "component_weights_paths": {}, "component_direct_gpu_weight_loading": {}, "component_quantizations": {}, "component_precisions": {}, "component_quantization_ignored_layers": {}, "load_diffusion_decoder": false, "transformer_weights_path": null, "minimax_h3_adaln_cache_path": null, "minimax_h3_adaln_online": false, "minimax_h3_adaln_plan_width": 4, "minimax_h3_adaln_host_cache_gb": 8.0, "quantization": null, "quantization_ignored_layers": null, "lora_target_modules": null, "component_residency": null, "cpu_offload_components": null, "dit_cpu_offload": false, "direct_gpu_weight_loading": false, "dit_layerwise_offload": false, "layerwise_offload_components": null, "dit_offload_prefetch_size": 0.0, "dit_layerwise_resident_layers": 0.0, "dit_layerwise_residency_policy": "leading", "dit_layerwise_residency_lifetime": "forward", "layerwise_prefetch_size": {}, "layerwise_resident_layers": {}, "layerwise_residency_policy": {}, "layerwise_residency_lifetime": {}, "offload_during_compile": true, "text_encoder_cpu_offload": false, "image_encoder_cpu_offload": null, "vae_cpu_offload": false, "use_fsdp_inference": null, "pin_cpu_memory": true, "ltx2_two_stage_device_mode": null, "comfyui_mode": false, "enable_torch_compile": false, "regional_compile": false, "enable_breakable_cuda_graph": false, "bcg_text_buckets": null, "enable_layerwise_nvtx_marker": false, "warmup_mode": "request", "warmup_resolutions": ["960x544"], "warmup_num_frames": 65, "warmup_steps": 1, "warmup_sampling_params": null, "disable_autocast": false, "master_port": 32060, "host": "127.0.0.1", "port": 32260, "enable_metrics": false, "webui": false, "webui_port": 12312, "scheduler_port": 32160, "scheduler_ports": [32160], "batching_mode": "dynamic", "batching_max_size": 1, "batching_delay_ms": 0.0, "batching_config": null, "enable_batching_metrics": false, "strict_ports": false, "output_path": "/personal/kda-diffusion-h200-20260926/validation/artifacts/hunyuan-kda-r1-b2", "input_save_path": "inputs/uploads", "prompt_file_path": null, "model_paths": {}, "model_loaded": {"transformer": true, "vae": true, "video_vae": true, "audio_vae": true, "video_dit": true, "audio_dit": true, "dual_tower_bridge": true}, "boundary_ratio": null, "disagg_role": "monolithic", "disagg_timeout": 3600, "disagg_downstream_wait_timeout": 1800, "disagg_dispatch_policy": "round_robin", "disagg_mode": false, "disagg_instance_id": 0, "disagg_max_slots_per_instance": 8, "disagg_transfer_redundancy": 1.25, "disagg_role_device": "auto", "disagg_transfer_backend": "auto", "disagg_transfer_pool_size": 268435456, "disagg_transfer_pin_memory": "auto", "disagg_p2p_hostname": "127.0.0.1", "disagg_ib_device": null, "disagg_server_addr": null, "encoder_urls": null, "denoiser_urls": null, "decoder_urls": null, "encoder_tp": null, "denoiser_tp": null, "denoiser_sp": null, "denoiser_ulysses": null, "denoiser_ring": null, "decoder_sp": null, "pool_work_endpoint": null, "pool_result_endpoint": null, "pool_control_endpoint": null, "pool_control_advertised_endpoint": null, "log_level": "info", "log_requests": false, "log_requests_level": 2, "log_requests_format": "text", "log_requests_target": null, "uvicorn_access_log_exclude_prefixes": [], "enable_cache_report": false, "enable_trace": false, "otlp_traces_endpoint": "localhost:4317", "otlp_service_name": null, "srt_encoder_url": null, "srt_encoder_connect_timeout": 3.05, "srt_encoder_timeout": 100, "pe_server_url": null, "prompt_enhancer_config": null}
[09-26 02:24:45] Local mode: True
[09-26 02:24:45] Starting server...
Flax classes are deprecated and will be removed in Diffusers v1.0.0. We recommend migrating to PyTorch classes or pinning your version of Diffusers.
Flax classes are deprecated and will be removed in Diffusers v1.0.0. We recommend migrating to PyTorch classes or pinning your version of Diffusers.
[09-26 02:24:56] Scheduler (dp replica 0) bind at endpoint: tcp://127.0.0.1:32160
[09-26 02:24:57] torch.compile cache: TORCHINDUCTOR_CACHE_DIR=/root/.cache/sgl_diffusion/torch_compile_cache/inductor TRITON_CACHE_DIR=/root/.cache/sgl_diffusion/torch_compile_cache/triton
[09-26 02:24:57] Initializing distributed environment with world_size=1, device=cuda:0, timeout=3600
[09-26 02:24:57] Setting distributed timeout to 3600 seconds
[09-26 02:24:57] No pipeline_class_name specified, using model_index.json
[09-26 02:24:58] Diffusers version: 0.32.0.dev0
[09-26 02:24:58] Using pipeline from model_index.json: HunyuanVideoPipeline
[09-26 02:24:58] Loading pipeline modules...
[09-26 02:24:58] Model already exists locally and is complete
[09-26 02:24:58] Model path: /cluster-storage/models/models--hunyuanvideo-community--HunyuanVideo/snapshots/e8c2aaa66fe3742a32c11a6766aecbf07c56e773
[09-26 02:24:58] Diffusers version: 0.32.0.dev0
[09-26 02:24:58] Loading pipeline modules from config: {'_class_name': 'HunyuanVideoPipeline', '_diffusers_version': '0.32.0.dev0', 'scheduler': ['diffusers', 'FlowMatchEulerDiscreteScheduler'], 'text_encoder': ['transformers', 'LlamaModel'], 'text_encoder_2': ['transformers', 'CLIPTextModel'], 'tokenizer': ['transformers', 'LlamaTokenizerFast'], 'tokenizer_2': ['transformers', 'CLIPTokenizer'], 'transformer': ['diffusers', 'HunyuanVideoTransformer3DModel'], 'vae': ['diffusers', 'AutoencoderKLHunyuanVideo']}
[09-26 02:24:58] Loading required components: ['text_encoder', 'text_encoder_2', 'tokenizer', 'tokenizer_2', 'vae', 'transformer', 'scheduler']
[09-26 02:24:58] Memory-aware component load order: ['transformer', 'text_encoder', 'vae', 'text_encoder_2', 'tokenizer_2', 'tokenizer', 'scheduler']

Loading required modules:   0%|          | 0/7 [00:00<?, ?it/s][09-26 02:24:58] Loading transformer from /cluster-storage/models/models--hunyuanvideo-community--HunyuanVideo/snapshots/e8c2aaa66fe3742a32c11a6766aecbf07c56e773/transformer. avail mem: 138.65 GB
[09-26 02:24:58] Loading HunyuanVideoTransformer3DModel from 6 safetensors file(s) , param_dtype: torch.bfloat16


Loading safetensors checkpoint shards: 0%|          | 0/6[A

Loading safetensors checkpoint shards: 17%|█▋        | 1/6[A

Loading safetensors checkpoint shards: 33%|███▎      | 2/6[A

Loading safetensors checkpoint shards: 50%|█████     | 3/6[A

Loading safetensors checkpoint shards: 67%|██████▋   | 4/6[A

Loading safetensors checkpoint shards: 83%|████████▎ | 5/6[A
Loading safetensors checkpoint shards: 100%|██████████| 6/6
[09-26 02:25:09] Attention backends for transformer: fa
[09-26 02:25:09] Loaded transformer: HunyuanVideoTransformer3DModel (sgl-diffusion version). model size: 23.88 GB, vram: 23.88 GB. avail GPU mem: 113.45 GB

Loading required modules:  14%|█▍        | 1/7 [00:10<01:02, 10.40s/it][09-26 02:25:09] Loading text_encoder from /cluster-storage/models/models--hunyuanvideo-community--HunyuanVideo/snapshots/e8c2aaa66fe3742a32c11a6766aecbf07c56e773/text_encoder. avail mem: 113.45 GB


Loading safetensors checkpoint shards: 0%|          | 0/4[A

Loading safetensors checkpoint shards: 25%|██▌       | 1/4[A

Loading safetensors checkpoint shards: 50%|█████     | 2/4[A

Loading safetensors checkpoint shards: 75%|███████▌  | 3/4[A
Loading safetensors checkpoint shards: 100%|██████████| 4/4
[09-26 02:25:16] Attention backends for text_encoder: fa
[09-26 02:25:16] Loaded text_encoder: LlamaModel (sgl-diffusion version). model size: 13.98 GB, vram: 13.98 GB. avail GPU mem: 100.52 GB

Loading required modules:  29%|██▊       | 2/7 [00:17<00:42,  8.58s/it][09-26 02:25:16] Loading vae from /cluster-storage/models/models--hunyuanvideo-community--HunyuanVideo/snapshots/e8c2aaa66fe3742a32c11a6766aecbf07c56e773/vae. avail mem: 100.52 GB
[93m[09-26 02:25:16] VAE unexpected keys: ['encoder.conv_in.conv.bias', 'encoder.conv_in.conv.weight', 'encoder.conv_norm_out.bias', 'encoder.conv_norm_out.weight', 'encoder.conv_out.conv.bias', 'encoder.conv_out.conv.weight', 'encoder.down_blocks.0.downsamplers.0.conv.conv.bias', 'encoder.down_blocks.0.downsamplers.0.conv.conv.weight', 'encoder.down_blocks.0.resnets.0.conv1.conv.bias', 'encoder.down_blocks.0.resnets.0.conv1.conv.weight', 'encoder.down_blocks.0.resnets.0.conv2.conv.bias', 'encoder.down_blocks.0.resnets.0.conv2.conv.weight', 'encoder.down_blocks.0.resnets.0.norm1.bias', 'encoder.down_blocks.0.resnets.0.norm1.weight', 'encoder.down_blocks.0.resnets.0.norm2.bias', 'encoder.down_blocks.0.resnets.0.norm2.weight', 'encoder.down_blocks.0.resnets.1.conv1.conv.bias', 'encoder.down_blocks.0.resnets.1.conv1.conv.weight', 'encoder.down_blocks.0.resnets.1.conv2.conv.bias', 'encoder.down_blocks.0.resnets.1.conv2.conv.weight', 'encoder.down_blocks.0.resnets.1.norm1.bias', 'encoder.down_blocks.0.resnets.1.norm1.weight', 'encoder.down_blocks.0.resnets.1.norm2.bias', 'encoder.down_blocks.0.resnets.1.norm2.weight', 'encoder.down_blocks.1.downsamplers.0.conv.conv.bias', 'encoder.down_blocks.1.downsamplers.0.conv.conv.weight', 'encoder.down_blocks.1.resnets.0.conv1.conv.bias', 'encoder.down_blocks.1.resnets.0.conv1.conv.weight', 'encoder.down_blocks.1.resnets.0.conv2.conv.bias', 'encoder.down_blocks.1.resnets.0.conv2.conv.weight', 'encoder.down_blocks.1.resnets.0.conv_shortcut.conv.bias', 'encoder.down_blocks.1.resnets.0.conv_shortcut.conv.weight', 'encoder.down_blocks.1.resnets.0.norm1.bias', 'encoder.down_blocks.1.resnets.0.norm1.weight', 'encoder.down_blocks.1.resnets.0.norm2.bias', 'encoder.down_blocks.1.resnets.0.norm2.weight', 'encoder.down_blocks.1.resnets.1.conv1.conv.bias', 'encoder.down_blocks.1.resnets.1.conv1.conv.weight', 'encoder.down_blocks.1.resnets.1.conv2.conv.bias', 'encoder.down_blocks.1.resnets.1.conv2.conv.weight', 'encoder.down_blocks.1.resnets.1.norm1.bias', 'encoder.down_blocks.1.resnets.1.norm1.weight', 'encoder.down_blocks.1.resnets.1.norm2.bias', 'encoder.down_blocks.1.resnets.1.norm2.weight', 'encoder.down_blocks.2.downsamplers.0.conv.conv.bias', 'encoder.down_blocks.2.downsamplers.0.conv.conv.weight', 'encoder.down_blocks.2.resnets.0.conv1.conv.bias', 'encoder.down_blocks.2.resnets.0.conv1.conv.weight', 'encoder.down_blocks.2.resnets.0.conv2.conv.bias', 'encoder.down_blocks.2.resnets.0.conv2.conv.weight', 'encoder.down_blocks.2.resnets.0.conv_shortcut.conv.bias', 'encoder.down_blocks.2.resnets.0.conv_shortcut.conv.weight', 'encoder.down_blocks.2.resnets.0.norm1.bias', 'encoder.down_blocks.2.resnets.0.norm1.weight', 'encoder.down_blocks.2.resnets.0.norm2.bias', 'encoder.down_blocks.2.resnets.0.norm2.weight', 'encoder.down_blocks.2.resnets.1.conv1.conv.bias', 'encoder.down_blocks.2.resnets.1.conv1.conv.weight', 'encoder.down_blocks.2.resnets.1.conv2.conv.bias', 'encoder.down_blocks.2.resnets.1.conv2.conv.weight', 'encoder.down_blocks.2.resnets.1.norm1.bias', 'encoder.down_blocks.2.resnets.1.norm1.weight', 'encoder.down_blocks.2.resnets.1.norm2.bias', 'encoder.down_blocks.2.resnets.1.norm2.weight', 'encoder.down_blocks.3.resnets.0.conv1.conv.bias', 'encoder.down_blocks.3.resnets.0.conv1.conv.weight', 'encoder.down_blocks.3.resnets.0.conv2.conv.bias', 'encoder.down_blocks.3.resnets.0.conv2.conv.weight', 'encoder.down_blocks.3.resnets.0.norm1.bias', 'encoder.down_blocks.3.resnets.0.norm1.weight', 'encoder.down_blocks.3.resnets.0.norm2.bias', 'encoder.down_blocks.3.resnets.0.norm2.weight', 'encoder.down_blocks.3.resnets.1.conv1.conv.bias', 'encoder.down_blocks.3.resnets.1.conv1.conv.weight', 'encoder.down_blocks.3.resnets.1.conv2.conv.bias', 'encoder.down_blocks.3.resnets.1.conv2.conv.weight', 'encoder.down_blocks.3.resnets.1.norm1.bias', 'encoder.down_blocks.3.resnets.1.norm1.weight', 'encoder.down_blocks.3.resnets.1.norm2.bias', 'encoder.down_blocks.3.resnets.1.norm2.weight', 'encoder.mid_block.attentions.0.group_norm.bias', 'encoder.mid_block.attentions.0.group_norm.weight', 'encoder.mid_block.attentions.0.to_k.bias', 'encoder.mid_block.attentions.0.to_k.weight', 'encoder.mid_block.attentions.0.to_out.0.bias', 'encoder.mid_block.attentions.0.to_out.0.weight', 'encoder.mid_block.attentions.0.to_q.bias', 'encoder.mid_block.attentions.0.to_q.weight', 'encoder.mid_block.attentions.0.to_v.bias', 'encoder.mid_block.attentions.0.to_v.weight', 'encoder.mid_block.resnets.0.conv1.conv.bias', 'encoder.mid_block.resnets.0.conv1.conv.weight', 'encoder.mid_block.resnets.0.conv2.conv.bias', 'encoder.mid_block.resnets.0.conv2.conv.weight', 'encoder.mid_block.resnets.0.norm1.bias', 'encoder.mid_block.resnets.0.norm1.weight', 'encoder.mid_block.resnets.0.norm2.bias', 'encoder.mid_block.resnets.0.norm2.weight', 'encoder.mid_block.resnets.1.conv1.conv.bias', 'encoder.mid_block.resnets.1.conv1.conv.weight', 'encoder.mid_block.resnets.1.conv2.conv.bias', 'encoder.mid_block.resnets.1.conv2.conv.weight', 'encoder.mid_block.resnets.1.norm1.bias', 'encoder.mid_block.resnets.1.norm1.weight', 'encoder.mid_block.resnets.1.norm2.bias', 'encoder.mid_block.resnets.1.norm2.weight', 'quant_conv.bias', 'quant_conv.weight'][0;0m
[09-26 02:25:16] Loaded vae: AutoencoderKLHunyuanVideo (sgl-diffusion version). model size: 0.27 GB, vram: 0.27 GB. avail GPU mem: 100.36 GB

Loading required modules:  43%|████▎     | 3/7 [00:17<00:18,  4.75s/it][09-26 02:25:16] Loading text_encoder_2 from /cluster-storage/models/models--hunyuanvideo-community--HunyuanVideo/snapshots/e8c2aaa66fe3742a32c11a6766aecbf07c56e773/text_encoder_2. avail mem: 100.36 GB


Loading safetensors checkpoint shards: 0%|          | 0/1[A

Loading safetensors checkpoint shards: 100%|██████████| 1/1[A
Loading safetensors checkpoint shards: 100%|██████████| 1/1
[09-26 02:25:16] Loaded text_encoder_2: CLIPTextModel (sgl-diffusion version). model size: 0.23 GB, vram: 0.23 GB. avail GPU mem: 100.19 GB

Loading required modules:  57%|█████▋    | 4/7 [00:18<00:08,  2.93s/it][09-26 02:25:16] Loading tokenizer_2 from /cluster-storage/models/models--hunyuanvideo-community--HunyuanVideo/snapshots/e8c2aaa66fe3742a32c11a6766aecbf07c56e773/tokenizer_2. avail mem: 100.19 GB
[09-26 02:25:16] Loaded tokenizer_2: CLIPTokenizer (sgl-diffusion version). model size: NA GB, weights: none. avail GPU mem: 100.19 GB
[09-26 02:25:16] Loading tokenizer from /cluster-storage/models/models--hunyuanvideo-community--HunyuanVideo/snapshots/e8c2aaa66fe3742a32c11a6766aecbf07c56e773/tokenizer. avail mem: 100.19 GB
[09-26 02:25:17] Loaded tokenizer: LlamaTokenizer (sgl-diffusion version). model size: NA GB, weights: none. avail GPU mem: 100.19 GB

Loading required modules:  86%|████████▌ | 6/7 [00:18<00:01,  1.60s/it][09-26 02:25:17] Loading scheduler from /cluster-storage/models/models--hunyuanvideo-community--HunyuanVideo/snapshots/e8c2aaa66fe3742a32c11a6766aecbf07c56e773/scheduler. avail mem: 100.19 GB
[09-26 02:25:17] Loaded scheduler: FlowMatchEulerDiscreteScheduler (sgl-diffusion version). model size: NA GB, weights: none. avail GPU mem: 100.19 GB

Loading required modules: 100%|██████████| 7/7 [00:18<00:00,  2.69s/it]
[09-26 02:25:17] Creating pipeline stages...
[09-26 02:25:17] Using fa attention backend
[09-26 02:25:17] Pipeline instantiated
[09-26 02:25:17] Worker 0: Initialized device, model, and distributed environment.
[09-26 02:25:17] Worker 0: Scheduler loop started.
[09-26 02:25:17] [server-load] workers_ready_monotonic_ns=3455956302055229

Warmup requests:   0%|          | 0/1 [00:00<?, ?req/s]
Warmup requests: 100%|██████████| 1/1 [00:12<00:00, 12.74s/req, server warmup req (960x544x65f, 2/50 steps), last=12.73s]
Warmup requests: 100%|██████████| 1/1 [00:12<00:00, 12.74s/req, server warmup req (960x544x65f, 2/50 steps), last=12.73s]
[09-26 02:25:30] Adjusting number of frames from 65 to 65 based on model
[09-26 02:25:30] Processing 1 grouped request(s)
[09-26 02:25:30] Sampling params:
                       width: 960
                      height: 544
                  num_frames: 65
                         fps: 24
                      prompt: <redacted, len=213>
                  neg_prompt: <redacted, len=392>
                        seed: 42
                 infer_steps: 30
      num_outputs_per_prompt: 1
              guidance_scale: 1.0
     embedded_guidance_scale: 6
                    n_tokens: None
                  flow_shift: 7
                  image_path: None
                 save_output: True
            output_file_path: /personal/kda-diffusion-h200-20260926/validation/artifacts/hunyuan-kda-r1-b2/sample.mp4
        
[09-26 02:25:30] Running pipeline stages: ['InputValidationStage', 'prompt_encoding_stage_primary', 'TimestepPreparationStage', 'LatentPreparationStage', 'denoising_stage', 'decoding_stage']
[09-26 02:25:30] [InputValidationStage] started...
[09-26 02:25:30] [InputValidationStage] finished in 0.0001 seconds
[09-26 02:25:30] [TextEncodingStage] started...
[09-26 02:25:30] [TextEncodingStage] finished in 0.0378 seconds
[09-26 02:25:30] [TimestepPreparationStage] started...
[09-26 02:25:30] [TimestepPreparationStage] finished in 0.0004 seconds
[09-26 02:25:30] [LatentPreparationStage] started...
[09-26 02:25:30] [LatentPreparationStage] finished in 0.0001 seconds
[09-26 02:25:30] [DenoisingStage] started...

  0%|          | 0/30 [00:00<?, ?it/s]
  3%|▎         | 1/30 [00:00<00:20,  1.38it/s]
  7%|▋         | 2/30 [00:02<00:37,  1.33s/it]
 10%|█         | 3/30 [00:04<00:45,  1.69s/it]
 13%|█▎        | 4/30 [00:06<00:48,  1.87s/it]
 17%|█▋        | 5/30 [00:08<00:49,  1.96s/it]
 20%|██        | 6/30 [00:11<00:48,  2.02s/it]
 23%|██▎       | 7/30 [00:13<00:47,  2.06s/it]
 27%|██▋       | 8/30 [00:15<00:45,  2.09s/it]
 30%|███       | 9/30 [00:17<00:44,  2.11s/it]
 33%|███▎      | 10/30 [00:19<00:42,  2.12s/it]
 37%|███▋      | 11/30 [00:21<00:40,  2.13s/it]
 40%|████      | 12/30 [00:23<00:38,  2.13s/it]
 43%|████▎     | 13/30 [00:26<00:36,  2.13s/it]
 47%|████▋     | 14/30 [00:28<00:34,  2.14s/it]
 50%|█████     | 15/30 [00:30<00:32,  2.14s/it]
 53%|█████▎    | 16/30 [00:32<00:29,  2.14s/it]
 57%|█████▋    | 17/30 [00:34<00:27,  2.14s/it]
 60%|██████    | 18/30 [00:36<00:25,  2.14s/it]
 63%|██████▎   | 19/30 [00:38<00:23,  2.14s/it]
 67%|██████▋   | 20/30 [00:41<00:21,  2.14s/it]
 70%|███████   | 21/30 [00:43<00:19,  2.14s/it]
 73%|███████▎  | 22/30 [00:45<00:17,  2.14s/it]
 77%|███████▋  | 23/30 [00:47<00:14,  2.14s/it]
 80%|████████  | 24/30 [00:49<00:12,  2.14s/it]
 83%|████████▎ | 25/30 [00:51<00:10,  2.14s/it]
 87%|████████▋ | 26/30 [00:53<00:08,  2.14s/it]
 90%|█████████ | 27/30 [00:55<00:06,  2.14s/it]
 93%|█████████▎| 28/30 [00:58<00:04,  2.14s/it]
 97%|█████████▋| 29/30 [01:00<00:02,  2.14s/it]
100%|██████████| 30/30 [01:02<00:00,  2.14s/it]
100%|██████████| 30/30 [01:04<00:00,  2.14s/it]
[09-26 02:26:34] [DenoisingStage] average time per step: 2.1386 seconds
[09-26 02:26:34] [DenoisingStage] finished in 64.1605 seconds
[09-26 02:26:34] [DecodingStage] started...
[09-26 02:26:39] [DecodingStage] finished in 4.6817 seconds
[09-26 02:26:39] Output saved to [1;36m/personal/kda-diffusion-h200-20260926/validation/artifacts/hunyuan-kda-r1-b2/sample.mp4[0;0m
[09-26 02:26:39] Metrics dumped to: [1;36m/personal/kda-diffusion-h200-20260926/validation/artifacts/hunyuan-kda-r1-b2/perf.json[0;0m
[09-26 02:26:39] Pixel data generated successfully in [92m69.13[0;0m seconds
[09-26 02:26:39] Warmed-up request processed in [92m68.88[0;0m seconds (with warmup excluded)
[09-26 02:26:39] Memory usage - Max peak: 52276.00 MB, Avg peak: 52276.00 MB
[09-26 02:26:39] Metrics dumped to: [1;36m/personal/kda-diffusion-h200-20260926/validation/artifacts/hunyuan-kda-r1-b2/perf.json[0;0m
[93m[09-26 02:26:39] Generator was garbage collected without being shut down. Forcing local server and client cleanup.[0;0m
[93m[09-26 02:26:39] Local worker sglang-diffusionWorker-0 did not terminate gracefully, forcing.[0;0m
/usr/lib/python3.12/multiprocessing/resource_tracker.py:254: UserWarning: resource_tracker: There appear to be 1 leaked semaphore objects to clean up at shutdown
  warnings.warn('resource_tracker: There appear to be %d '
