
================================================================
[T2V-BASELINE-PROFILE-RETRY1] longlive2-t2v
  CUDA_VISIBLE_DEVICES=0
  sglang \
  generate \
  --backend=sglang \
  --model-path=Rabinovich/LongLive-2.0-5B-Diffusers \
  --prompt=A curious raccoon \
  --seed=42 \
  --width=832 \
  --height=480 \
  --num-frames=61 \
  --num-inference-steps=4 \
  --guidance-scale=1.0 \
  --num-gpus=1 \
  --tp-size=1 \
  --enable-torch-compile=false \
  --warmup-resolutions=832x480 \
  --warmup-num-frames=61 \
  --profile \
  --profile-all-stages \
  --quality=lossless \
  --save-output \
  --warmup-mode \
  request \
  --perf-dump-path \
  /campaign/artifacts/longlive2/t2v-baseline-profile-retry1/longlive2-t2v_t2v-baseline-profile-retry1.json \
  --output-path \
  /campaign/artifacts/longlive2/t2v-baseline-profile-retry1 \
  --output-file-name \
  longlive2-t2v-t2v-baseline-profile-retry1

Flax classes are deprecated and will be removed in Diffusers v1.0.0. We recommend migrating to PyTorch classes or pinning your version of Diffusers.
Flax classes are deprecated and will be removed in Diffusers v1.0.0. We recommend migrating to PyTorch classes or pinning your version of Diffusers.
[09-20 01:59:49] Keeping default layerwise components resident for LongLive2T2VConfig because minimum available memory on selected GPUs is 139.29 GiB: text_encoder, vae
[09-20 01:59:49] Auto memory policy for LongLive2T2VConfig: 139.3 GiB of free device memory selects layerwise offload for image_encoder. Explicit placement flags always win, and the per-component lines below say where each one's weights landed -- see the model's cookbook page for what to expect from your memory budget.
[09-20 01:59:49] Disabling component offload for LongLive2T2VConfig because minimum available memory on selected GPUs is 139.29 GiB: dit_cpu_offload=False, text_encoder_cpu_offload=False
[09-20 01:59:49] server_args: {"model_path": "Rabinovich/LongLive-2.0-5B-Diffusers", "model_subfolder": null, "model_variant": null, "model_id": null, "served_model_name": "Rabinovich/LongLive-2.0-5B-Diffusers", "backend": "sglang", "attention_backend": null, "enable_attention_backend_autotune": false, "attention_backend_config": {}, "component_attention_backends": {}, "cache_dit_config": null, "nccl_port": null, "enable_nccl_nvls": false, "trust_remote_code": false, "revision": null, "num_gpus": 1, "performance_mode": "auto", "base_gpu_id": 0, "gpu_ids": null, "nnodes": 1, "node_rank": 0, "dist_init_addr": null, "tp_size": 1, "sp_degree": 1, "ulysses_degree": 1, "ring_degree": 1, "kv_gather_degree": 1, "sp_split_auto": false, "dp_size": 1, "enable_cfg_parallel": false, "cfg_parallel_degree": 1, "encoder_parallel": "auto", "hsdp_replicate_dim": 1, "hsdp_shard_dim": 1, "dist_timeout": 3600, "scheduler_rpc_timeout": null, "pipeline_class_name": null, "lora_path": null, "lora_nickname": "default", "lora_scale": 1.0, "lora_alpha": null, "lora_merge_mode": "auto", "lora_weight_name": null, "component_paths": {}, "component_weights_paths": {}, "component_direct_gpu_weight_loading": {}, "component_quantizations": {}, "component_precisions": {}, "component_quantization_ignored_layers": {}, "load_diffusion_decoder": false, "transformer_weights_path": null, "minimax_h3_adaln_cache_path": null, "minimax_h3_adaln_online": false, "minimax_h3_adaln_plan_width": 4, "minimax_h3_adaln_host_cache_gb": 8.0, "quantization": null, "quantization_ignored_layers": null, "lora_target_modules": null, "component_residency": null, "cpu_offload_components": null, "dit_cpu_offload": false, "direct_gpu_weight_loading": false, "dit_layerwise_offload": false, "layerwise_offload_components": ["image_encoder"], "dit_offload_prefetch_size": 0.0, "dit_layerwise_resident_layers": 0.0, "dit_layerwise_residency_policy": "leading", "layerwise_prefetch_size": {}, "layerwise_resident_layers": {}, "layerwise_residency_policy": {}, "offload_during_compile": true, "text_encoder_cpu_offload": false, "image_encoder_cpu_offload": false, "vae_cpu_offload": false, "use_fsdp_inference": false, "pin_cpu_memory": true, "ltx2_two_stage_device_mode": null, "comfyui_mode": false, "enable_torch_compile": false, "regional_compile": false, "enable_breakable_cuda_graph": false, "bcg_text_buckets": null, "enable_layerwise_nvtx_marker": false, "warmup_mode": "request", "warmup_resolutions": ["832x480"], "warmup_num_frames": 61, "warmup_steps": 1, "warmup_sampling_params": null, "disable_autocast": false, "master_port": 30005, "host": "127.0.0.1", "port": 30000, "enable_metrics": false, "webui": false, "webui_port": 12312, "scheduler_port": 5575, "scheduler_ports": [5575], "batching_mode": "dynamic", "batching_max_size": 1, "batching_delay_ms": 0.0, "batching_config": null, "enable_batching_metrics": false, "strict_ports": false, "output_path": "/campaign/artifacts/longlive2/t2v-baseline-profile-retry1", "input_save_path": "inputs/uploads", "prompt_file_path": null, "model_paths": {}, "model_loaded": {"transformer": true, "vae": true, "video_vae": true, "audio_vae": true, "video_dit": true, "audio_dit": true, "dual_tower_bridge": true}, "boundary_ratio": null, "disagg_role": "monolithic", "disagg_timeout": 3600, "disagg_downstream_wait_timeout": 1800, "disagg_dispatch_policy": "round_robin", "disagg_mode": false, "disagg_instance_id": 0, "disagg_max_slots_per_instance": 8, "disagg_transfer_redundancy": 1.25, "disagg_role_device": "auto", "disagg_transfer_backend": "auto", "disagg_transfer_pool_size": 268435456, "disagg_transfer_pin_memory": "auto", "disagg_p2p_hostname": "127.0.0.1", "disagg_ib_device": null, "disagg_server_addr": null, "encoder_urls": null, "denoiser_urls": null, "decoder_urls": null, "encoder_tp": null, "denoiser_tp": null, "denoiser_sp": null, "denoiser_ulysses": null, "denoiser_ring": null, "decoder_sp": null, "pool_work_endpoint": null, "pool_result_endpoint": null, "pool_control_endpoint": null, "pool_control_advertised_endpoint": null, "log_level": "info", "log_requests": false, "log_requests_level": 2, "log_requests_format": "text", "log_requests_target": null, "uvicorn_access_log_exclude_prefixes": [], "enable_cache_report": false, "enable_trace": false, "otlp_traces_endpoint": "localhost:4317", "otlp_service_name": null, "srt_encoder_url": null, "srt_encoder_connect_timeout": 3.05, "srt_encoder_timeout": 100, "pe_server_url": null}
[09-20 01:59:49] Local mode: True
[09-20 01:59:50] Starting server...
Flax classes are deprecated and will be removed in Diffusers v1.0.0. We recommend migrating to PyTorch classes or pinning your version of Diffusers.
Flax classes are deprecated and will be removed in Diffusers v1.0.0. We recommend migrating to PyTorch classes or pinning your version of Diffusers.
[09-20 02:00:02] Scheduler (dp replica 0) bind at endpoint: tcp://127.0.0.1:5575
[09-20 02:00:02] torch.compile cache: TORCHINDUCTOR_CACHE_DIR=/campaign/model-caches/longlive2-cycle/sglang/torch_compile_cache/inductor TRITON_CACHE_DIR=/campaign/model-caches/longlive2-cycle/sglang/torch_compile_cache/triton
[09-20 02:00:02] Initializing distributed environment with world_size=1, device=cuda:0, timeout=3600
[09-20 02:00:02] Setting distributed timeout to 3600 seconds
[09-20 02:00:03] No pipeline_class_name specified, using model_index.json
[09-20 02:00:04] Using pipeline from model_index.json: LongLive2Pipeline
[09-20 02:00:04] Loading pipeline modules...
[09-20 02:00:04] Checking for cached model in Hugging Face Hub cache for Rabinovich/LongLive-2.0-5B-Diffusers...
[09-20 02:00:04] Found complete model in cache at /campaign/model-caches/longlive2-cycle/huggingface/hub/models--Rabinovich--LongLive-2.0-5B-Diffusers/snapshots/37664a64cfc38cdc5fabe88576961ef10646e4f1
[09-20 02:00:04] Model path: /campaign/model-caches/longlive2-cycle/huggingface/hub/models--Rabinovich--LongLive-2.0-5B-Diffusers/snapshots/37664a64cfc38cdc5fabe88576961ef10646e4f1
[09-20 02:00:04] Diffusers version: 0.35.0.dev0
[09-20 02:00:04] Loading pipeline modules from config: {'_class_name': 'LongLive2Pipeline', '_diffusers_version': '0.35.0.dev0', 'boundary_ratio': None, 'expand_timesteps': True, 'scheduler': ['diffusers', 'UniPCMultistepScheduler'], 'text_encoder': ['transformers', 'UMT5EncoderModel'], 'tokenizer': ['transformers', 'T5TokenizerFast'], 'transformer': ['diffusers', 'LongLive2Transformer3DModel'], 'transformer_2': [None, None], 'vae': ['diffusers', 'AutoencoderKLWan']}
[09-20 02:00:04] Loading required components: ['text_encoder', 'tokenizer', 'vae', 'transformer', 'scheduler']
[09-20 02:00:04] Memory-aware component load order: ['text_encoder', 'transformer', 'vae', 'tokenizer', 'scheduler']

Loading required modules:   0%|          | 0/5 [00:00<?, ?it/s][09-20 02:00:04] Loading text_encoder from /campaign/model-caches/longlive2-cycle/huggingface/hub/models--Rabinovich--LongLive-2.0-5B-Diffusers/snapshots/37664a64cfc38cdc5fabe88576961ef10646e4f1/text_encoder. avail mem: 138.14 GB


Loading safetensors checkpoint shards: 0%|          | 0/3[A

Loading safetensors checkpoint shards: 33%|███▎      | 1/3[A

Loading safetensors checkpoint shards: 67%|██████▋   | 2/3[A

Loading safetensors checkpoint shards: 100%|██████████| 3/3[A
Loading safetensors checkpoint shards: 100%|██████████| 3/3
[09-20 02:00:08] Loaded text_encoder: UMT5EncoderModel (sgl-diffusion version). model size: 21.16 GB, vram: 21.16 GB. avail GPU mem: 116.97 GB

Loading required modules:  20%|██        | 1/5 [00:03<00:15,  3.84s/it][09-20 02:00:08] Loading transformer from /campaign/model-caches/longlive2-cycle/huggingface/hub/models--Rabinovich--LongLive-2.0-5B-Diffusers/snapshots/37664a64cfc38cdc5fabe88576961ef10646e4f1/transformer. avail mem: 116.97 GB
[09-20 02:00:08] Loading LongLive2Transformer3DModel from 1 safetensors file(s) , param_dtype: torch.bfloat16


Loading safetensors checkpoint shards: 0%|          | 0/1[A
Loading safetensors checkpoint shards: 100%|██████████| 1/1
[09-20 02:00:11] Attention backends for transformer: fa
[09-20 02:00:11] Loaded transformer: LongLive2Transformer3DModel (sgl-diffusion version). model size: 9.31 GB, vram: 9.31 GB. avail GPU mem: 107.31 GB

Loading required modules:  40%|████      | 2/5 [00:06<00:10,  3.42s/it][09-20 02:00:11] Loading vae from /campaign/model-caches/longlive2-cycle/huggingface/hub/models--Rabinovich--LongLive-2.0-5B-Diffusers/snapshots/37664a64cfc38cdc5fabe88576961ef10646e4f1/vae. avail mem: 107.31 GB
[09-20 02:00:12] VAE: converted 62 Conv3d weights to channels_last_3d
[09-20 02:00:12] Wan VAE: installed quality-gated fast path (29 RMSNorm+SiLU fusions, 3 channels_last upsamples).
[09-20 02:00:12] Loaded vae: AutoencoderKLWan (sgl-diffusion version). model size: 1.31 GB, vram: 1.31 GB. avail GPU mem: 106.09 GB

Loading required modules:  60%|██████    | 3/5 [00:07<00:04,  2.10s/it][09-20 02:00:12] Loading tokenizer from /campaign/model-caches/longlive2-cycle/huggingface/hub/models--Rabinovich--LongLive-2.0-5B-Diffusers/snapshots/37664a64cfc38cdc5fabe88576961ef10646e4f1/tokenizer. avail mem: 106.09 GB
[09-20 02:00:13] Loaded tokenizer: T5Tokenizer (sgl-diffusion version). model size: NA GB, weights: none. avail GPU mem: 106.09 GB

Loading required modules:  80%|████████  | 4/5 [00:09<00:01,  1.89s/it][09-20 02:00:13] Loading scheduler from /campaign/model-caches/longlive2-cycle/huggingface/hub/models--Rabinovich--LongLive-2.0-5B-Diffusers/snapshots/37664a64cfc38cdc5fabe88576961ef10646e4f1/scheduler. avail mem: 106.09 GB
[09-20 02:00:13] Loaded scheduler: UniPCMultistepScheduler (sgl-diffusion version). model size: NA GB, weights: none. avail GPU mem: 106.09 GB

Loading required modules: 100%|██████████| 5/5 [00:09<00:00,  1.81s/it]
[09-20 02:00:13] Creating pipeline stages...
[09-20 02:00:13] Using fa attention backend
[09-20 02:00:13] Pipeline instantiated
[09-20 02:00:13] Layerwise offload host memory: 1961.7 GiB available (no cgroup cap)
[09-20 02:00:13] Worker 0: Initialized device, model, and distributed environment.
[09-20 02:00:13] Worker 0: Scheduler loop started.
[93m[09-20 02:00:13] `num_frames` must map to latent frames divisible by 8 for LongLive2 causal denoising. Rounding from 17 to 29.[0;0m

Warmup requests:   0%|          | 0/1 [00:00<?, ?req/s]

  0%|          | 0/2 [00:00<?, ?it/s][A

 50%|█████     | 1/2 [00:02<00:02,  2.52s/it][A
100%|██████████| 2/2 [00:02<00:00,  1.34s/it]

Warmup requests: 100%|██████████| 1/1 [00:05<00:00,  5.11s/req, server warmup req (960x928x29f, 2/4 steps), last=5.10s]
Warmup requests: 100%|██████████| 1/1 [00:05<00:00,  5.11s/req, server warmup req (960x928x29f, 2/4 steps), last=5.10s]
[09-20 02:00:19] Adjusting number of frames from 61 to 61 based on model
[09-20 02:00:19] Processing 1 grouped request(s)
[09-20 02:00:19] Sampling params:
                       width: 832
                      height: 480
                  num_frames: 61
                         fps: 24
                      prompt: <redacted, len=17>
                  neg_prompt: <redacted, len=137>
                        seed: 42
                 infer_steps: 4
      num_outputs_per_prompt: 1
              guidance_scale: 1.0
     embedded_guidance_scale: 6.0
                    n_tokens: None
                  flow_shift: 5.0
                  image_path: None
                 save_output: True
            output_file_path: /campaign/artifacts/longlive2/t2v-baseline-profile-retry1/longlive2-t2v-t2v-baseline-profile-retry1.mp4
        
[09-20 02:00:19] Running pipeline stages: ['InputValidationStage', 'LongLive2TextEncodingStage', 'LongLive2ImageVAEEncodingStage', 'LongLive2LatentPreparationStage', 'LongLive2CausalDenoisingStage', 'decoding_stage']
[09-20 02:00:19] Profiling request: d26d5cda-f028-434c-9411-7482eebcb647 for full stages...
[09-20 02:00:19] Starting Profiler...
USDT:2026-09-20 02:00:19 74232:74232 SyncActivityProfilerHandler.cpp:52] profiler_start
[09-20 02:00:19] [InputValidationStage] started...
[09-20 02:00:19] [InputValidationStage] finished in 0.0002 seconds
[09-20 02:00:19] [LongLive2TextEncodingStage] started...
[09-20 02:00:19] [LongLive2TextEncodingStage] finished in 0.1258 seconds
[09-20 02:00:19] [LongLive2ImageVAEEncodingStage] started...
[09-20 02:00:19] [LongLive2ImageVAEEncodingStage] finished in 0.0000 seconds
[09-20 02:00:19] [LongLive2LatentPreparationStage] started...
[09-20 02:00:19] [LongLive2LatentPreparationStage] finished in 0.0004 seconds
[09-20 02:00:19] [LongLive2CausalDenoisingStage] started...

  0%|          | 0/8 [00:00<?, ?it/s]
 12%|█▎        | 1/8 [00:00<00:00,  9.11it/s]
 38%|███▊      | 3/8 [00:00<00:00, 10.73it/s]
 62%|██████▎   | 5/8 [00:00<00:00,  8.91it/s]
 88%|████████▊ | 7/8 [00:00<00:00,  9.76it/s]
100%|██████████| 8/8 [00:00<00:00,  8.93it/s]
[09-20 02:00:20] [LongLive2CausalDenoisingStage] finished in 0.8987 seconds
[09-20 02:00:20] [DecodingStage] started...
[09-20 02:00:21] [DecodingStage] finished in 1.2470 seconds
[09-20 02:00:21] Stopping Profiler...
USDT:2026-09-20 02:00:22 74232:74232 SyncActivityProfilerHandler.cpp:59] profiler_stop
[09-20 02:00:38] Saved profiler traces to: [1;36m/campaign/artifacts/longlive2/t2v-baseline-profile-retry1/traces/d26d5cda-f028-434c-9411-7482eebcb647-full_stages-global-rank0.trace.json.gz[0;0m
[09-20 02:00:38] Output saved to [1;36m/campaign/artifacts/longlive2/t2v-baseline-profile-retry1/longlive2-t2v-t2v-baseline-profile-retry1.mp4[0;0m
[09-20 02:00:38] Metrics dumped to: [1;36m/campaign/artifacts/longlive2/t2v-baseline-profile-retry1/longlive2-t2v_t2v-baseline-profile-retry1.json[0;0m
[09-20 02:00:38] Pixel data generated successfully in [92m19.76[0;0m seconds
[09-20 02:00:38] Warmed-up request processed in [92m19.47[0;0m seconds (with warmup excluded)
[09-20 02:00:38] Memory usage - Max peak: 61074.00 MB, Avg peak: 61074.00 MB
[09-20 02:00:38] Metrics dumped to: [1;36m/campaign/artifacts/longlive2/t2v-baseline-profile-retry1/longlive2-t2v_t2v-baseline-profile-retry1.json[0;0m
[93m[09-20 02:00:38] Generator was garbage collected without being shut down. Forcing local server and client cleanup.[0;0m
[93m[09-20 02:00:38] Local worker sglang-diffusionWorker-0 did not terminate gracefully, forcing.[0;0m
/usr/lib/python3.12/multiprocessing/resource_tracker.py:254: UserWarning: resource_tracker: There appear to be 1 leaked semaphore objects to clean up at shutdown
  warnings.warn('resource_tracker: There appear to be %d '
