
================================================================
[BASELINE-PROFILE] flux2-klein-base-4b
  CUDA_VISIBLE_DEVICES=0
  sglang \
  generate \
  --backend=sglang \
  --model-path=black-forest-labs/FLUX.2-klein-base-4B \
  --prompt=A futuristic cyberpunk city at night, neon lights reflecting on wet streets \
  --seed=42 \
  --width=1024 \
  --height=1024 \
  --num-frames=1 \
  --num-inference-steps=50 \
  --guidance-scale=4 \
  --num-gpus=1 \
  --tp-size=1 \
  --ulysses-degree=1 \
  --enable-torch-compile=false \
  --performance-mode=manual \
  --dit-cpu-offload=false \
  --dit-layerwise-offload=false \
  --vae-cpu-offload=false \
  --text-encoder-cpu-offload=false \
  --warmup-resolutions=1024x1024 \
  --warmup-num-frames=1 \
  --profile \
  --num-profiled-timesteps=3 \
  --quality=lossless \
  --save-output \
  --warmup-mode \
  request \
  --perf-dump-path \
  /campaign/artifacts/flux2-klein-base-4b/baseline-profile/flux2-klein-base-4b_baseline-profile.json \
  --output-path \
  /campaign/artifacts/flux2-klein-base-4b/baseline-profile \
  --output-file-name \
  flux2-klein-base-4b-baseline-profile

Flax classes are deprecated and will be removed in Diffusers v1.0.0. We recommend migrating to PyTorch classes or pinning your version of Diffusers.
Flax classes are deprecated and will be removed in Diffusers v1.0.0. We recommend migrating to PyTorch classes or pinning your version of Diffusers.
[09-20 18:38:55] server_args: {"model_path": "black-forest-labs/FLUX.2-klein-base-4B", "model_subfolder": null, "model_variant": null, "model_id": null, "served_model_name": "black-forest-labs/FLUX.2-klein-base-4B", "backend": "sglang", "attention_backend": null, "enable_attention_backend_autotune": false, "attention_backend_config": {}, "component_attention_backends": {}, "cache_dit_config": null, "nccl_port": null, "enable_nccl_nvls": false, "trust_remote_code": false, "revision": null, "num_gpus": 1, "performance_mode": "manual", "base_gpu_id": 0, "gpu_ids": null, "nnodes": 1, "node_rank": 0, "dist_init_addr": null, "tp_size": 1, "sp_degree": 1, "ulysses_degree": 1, "ring_degree": 1, "kv_gather_degree": 1, "sp_split_auto": false, "dp_size": 1, "enable_cfg_parallel": false, "cfg_parallel_degree": 1, "encoder_parallel": "auto", "hsdp_replicate_dim": 1, "hsdp_shard_dim": 1, "dist_timeout": 3600, "scheduler_rpc_timeout": null, "pipeline_class_name": null, "lora_path": null, "lora_nickname": "default", "lora_scale": 1.0, "lora_alpha": null, "lora_merge_mode": "auto", "lora_weight_name": null, "component_paths": {}, "component_weights_paths": {}, "component_direct_gpu_weight_loading": {}, "component_quantizations": {}, "component_precisions": {}, "component_quantization_ignored_layers": {}, "load_diffusion_decoder": false, "transformer_weights_path": null, "minimax_h3_adaln_cache_path": null, "minimax_h3_adaln_online": false, "minimax_h3_adaln_plan_width": 4, "minimax_h3_adaln_host_cache_gb": 8.0, "quantization": null, "quantization_ignored_layers": null, "lora_target_modules": null, "component_residency": null, "cpu_offload_components": null, "dit_cpu_offload": false, "direct_gpu_weight_loading": false, "dit_layerwise_offload": false, "layerwise_offload_components": null, "dit_offload_prefetch_size": 0.0, "dit_layerwise_resident_layers": 0.0, "dit_layerwise_residency_policy": "leading", "layerwise_prefetch_size": {}, "layerwise_resident_layers": {}, "layerwise_residency_policy": {}, "offload_during_compile": true, "text_encoder_cpu_offload": false, "image_encoder_cpu_offload": null, "vae_cpu_offload": false, "use_fsdp_inference": null, "pin_cpu_memory": true, "ltx2_two_stage_device_mode": null, "comfyui_mode": false, "enable_torch_compile": false, "regional_compile": false, "enable_breakable_cuda_graph": false, "bcg_text_buckets": null, "enable_layerwise_nvtx_marker": false, "warmup_mode": "request", "warmup_resolutions": ["1024x1024"], "warmup_num_frames": 1, "warmup_steps": 1, "warmup_sampling_params": null, "disable_autocast": true, "master_port": 30005, "host": "127.0.0.1", "port": 30000, "enable_metrics": false, "webui": false, "webui_port": 12312, "scheduler_port": 5597, "scheduler_ports": [5597], "batching_mode": "dynamic", "batching_max_size": 1, "batching_delay_ms": 0.0, "batching_config": null, "enable_batching_metrics": false, "strict_ports": false, "output_path": "/campaign/artifacts/flux2-klein-base-4b/baseline-profile", "input_save_path": "inputs/uploads", "prompt_file_path": null, "model_paths": {}, "model_loaded": {"transformer": true, "vae": true, "video_vae": true, "audio_vae": true, "video_dit": true, "audio_dit": true, "dual_tower_bridge": true}, "boundary_ratio": null, "disagg_role": "monolithic", "disagg_timeout": 3600, "disagg_downstream_wait_timeout": 1800, "disagg_dispatch_policy": "round_robin", "disagg_mode": false, "disagg_instance_id": 0, "disagg_max_slots_per_instance": 8, "disagg_transfer_redundancy": 1.25, "disagg_role_device": "auto", "disagg_transfer_backend": "auto", "disagg_transfer_pool_size": 268435456, "disagg_transfer_pin_memory": "auto", "disagg_p2p_hostname": "127.0.0.1", "disagg_ib_device": null, "disagg_server_addr": null, "encoder_urls": null, "denoiser_urls": null, "decoder_urls": null, "encoder_tp": null, "denoiser_tp": null, "denoiser_sp": null, "denoiser_ulysses": null, "denoiser_ring": null, "decoder_sp": null, "pool_work_endpoint": null, "pool_result_endpoint": null, "pool_control_endpoint": null, "pool_control_advertised_endpoint": null, "log_level": "info", "log_requests": false, "log_requests_level": 2, "log_requests_format": "text", "log_requests_target": null, "uvicorn_access_log_exclude_prefixes": [], "enable_cache_report": false, "enable_trace": false, "otlp_traces_endpoint": "localhost:4317", "otlp_service_name": null, "srt_encoder_url": null, "srt_encoder_connect_timeout": 3.05, "srt_encoder_timeout": 100, "pe_server_url": null}
[09-20 18:38:55] Local mode: True
[09-20 18:38:55] Starting server...
Flax classes are deprecated and will be removed in Diffusers v1.0.0. We recommend migrating to PyTorch classes or pinning your version of Diffusers.
Flax classes are deprecated and will be removed in Diffusers v1.0.0. We recommend migrating to PyTorch classes or pinning your version of Diffusers.
[09-20 18:39:11] Scheduler (dp replica 0) bind at endpoint: tcp://127.0.0.1:5597
[09-20 18:39:11] torch.compile cache: TORCHINDUCTOR_CACHE_DIR=/campaign/model-caches/flux2-klein-base-4b-cycle/sglang/torch_compile_cache/inductor TRITON_CACHE_DIR=/campaign/model-caches/flux2-klein-base-4b-cycle/sglang/torch_compile_cache/triton
[09-20 18:39:11] Initializing distributed environment with world_size=1, device=cuda:0, timeout=3600
[09-20 18:39:11] Setting distributed timeout to 3600 seconds
[09-20 18:39:12] No pipeline_class_name specified, using model_index.json
[09-20 18:39:14] Using pipeline from model_index.json: Flux2KleinPipeline
[09-20 18:39:14] Loading pipeline modules...
[09-20 18:39:14] Checking for cached model in Hugging Face Hub cache for black-forest-labs/FLUX.2-klein-base-4B...
[09-20 18:39:14] Found complete model in cache at /campaign/model-caches/flux2-klein-base-4b-cycle/huggingface/hub/models--black-forest-labs--FLUX.2-klein-base-4B/snapshots/a3b4f4849157f664bdbc776fd7453c2783562f4d
[09-20 18:39:14] Model path: /campaign/model-caches/flux2-klein-base-4b-cycle/huggingface/hub/models--black-forest-labs--FLUX.2-klein-base-4B/snapshots/a3b4f4849157f664bdbc776fd7453c2783562f4d
[09-20 18:39:14] Diffusers version: 0.37.0.dev0
[09-20 18:39:14] Loading pipeline modules from config: {'_class_name': 'Flux2KleinPipeline', '_diffusers_version': '0.37.0.dev0', 'scheduler': ['diffusers', 'FlowMatchEulerDiscreteScheduler'], 'text_encoder': ['transformers', 'Qwen3ForCausalLM'], 'tokenizer': ['transformers', 'Qwen2TokenizerFast'], 'transformer': ['diffusers', 'Flux2Transformer2DModel'], 'vae': ['diffusers', 'AutoencoderKLFlux2']}
[09-20 18:39:14] Loading required components: ['text_encoder', 'tokenizer', 'vae', 'transformer', 'scheduler']
[09-20 18:39:14] Memory-aware component load order: ['text_encoder', 'transformer', 'vae', 'tokenizer', 'scheduler']

Loading required modules:   0%|          | 0/5 [00:00<?, ?it/s][09-20 18:39:14] Loading text_encoder from /campaign/model-caches/flux2-klein-base-4b-cycle/huggingface/hub/models--black-forest-labs--FLUX.2-klein-base-4B/snapshots/a3b4f4849157f664bdbc776fd7453c2783562f4d/text_encoder. avail mem: 138.65 GB


Loading safetensors checkpoint shards: 0%|          | 0/2[A

Loading safetensors checkpoint shards: 50%|█████     | 1/2[A

Loading safetensors checkpoint shards: 100%|██████████| 2/2[A
Loading safetensors checkpoint shards: 100%|██████████| 2/2
[09-20 18:39:17] Attention backends for text_encoder: fa
[09-20 18:39:17] Loaded text_encoder: Qwen3ForCausalLM (sgl-diffusion version). model size: 7.5 GB, vram: 7.50 GB. avail GPU mem: 131.09 GB

Loading required modules:  20%|██        | 1/5 [00:02<00:11,  2.89s/it][09-20 18:39:17] Loading transformer from /campaign/model-caches/flux2-klein-base-4b-cycle/huggingface/hub/models--black-forest-labs--FLUX.2-klein-base-4B/snapshots/a3b4f4849157f664bdbc776fd7453c2783562f4d/transformer. avail mem: 131.09 GB
[09-20 18:39:17] Loading Flux2Transformer2DModel from 1 safetensors file(s) , param_dtype: torch.bfloat16


Loading safetensors checkpoint shards: 0%|          | 0/1[A
Loading safetensors checkpoint shards: 100%|██████████| 1/1
[09-20 18:39:18] Attention backends for transformer: fa
[09-20 18:39:18] Loaded transformer: Flux2Transformer2DModel (sgl-diffusion version). model size: 7.22 GB, vram: 7.22 GB. avail GPU mem: 123.74 GB

Loading required modules:  40%|████      | 2/5 [00:04<00:06,  2.26s/it][09-20 18:39:18] Loading vae from /campaign/model-caches/flux2-klein-base-4b-cycle/huggingface/hub/models--black-forest-labs--FLUX.2-klein-base-4B/snapshots/a3b4f4849157f664bdbc776fd7453c2783562f4d/vae. avail mem: 123.74 GB
[09-20 18:39:18] FLUX.2 VAE: installed quality-gated decoder fast paths (channels_last dispatch, 3 fused upsamplers, 1 fast attention blocks, 29 GroupNorm+SiLU fusions).
[09-20 18:39:19] Loaded vae: AutoencoderKLFlux2 (sgl-diffusion version). model size: 0.16 GB, vram: 0.16 GB. avail GPU mem: 123.72 GB

Loading required modules:  60%|██████    | 3/5 [00:04<00:02,  1.29s/it][09-20 18:39:19] Loading tokenizer from /campaign/model-caches/flux2-klein-base-4b-cycle/huggingface/hub/models--black-forest-labs--FLUX.2-klein-base-4B/snapshots/a3b4f4849157f664bdbc776fd7453c2783562f4d/tokenizer. avail mem: 123.72 GB
[09-20 18:39:19] Loaded tokenizer: Qwen2Tokenizer (sgl-diffusion version). model size: NA GB, weights: none. avail GPU mem: 123.72 GB

Loading required modules:  80%|████████  | 4/5 [00:05<00:01,  1.11s/it][09-20 18:39:19] Loading scheduler from /campaign/model-caches/flux2-klein-base-4b-cycle/huggingface/hub/models--black-forest-labs--FLUX.2-klein-base-4B/snapshots/a3b4f4849157f664bdbc776fd7453c2783562f4d/scheduler. avail mem: 123.72 GB
[09-20 18:39:19] Loaded scheduler: FlowMatchEulerDiscreteScheduler (sgl-diffusion version). model size: NA GB, weights: none. avail GPU mem: 123.72 GB

Loading required modules: 100%|██████████| 5/5 [00:05<00:00,  1.14s/it]
[09-20 18:39:19] Creating pipeline stages...
[09-20 18:39:19] Using fa attention backend
[09-20 18:39:19] Pipeline instantiated
[09-20 18:39:19] Worker 0: Initialized device, model, and distributed environment.
[09-20 18:39:19] Worker 0: Scheduler loop started.

Warmup requests:   0%|          | 0/1 [00:00<?, ?req/s]
Warmup requests: 100%|██████████| 1/1 [00:01<00:00,  1.94s/req, server warmup req (1024x1024, 2/50 steps), last=1.94s]
Warmup requests: 100%|██████████| 1/1 [00:01<00:00,  1.94s/req, server warmup req (1024x1024, 2/50 steps), last=1.94s]
[09-20 18:39:21] Processing 1 grouped request(s)
[09-20 18:39:21] Sampling params:
                       width: 1024
                      height: 1024
                  num_frames: 1
                         fps: 24
                      prompt: <redacted, len=75>
                  neg_prompt: <redacted, len=0>
                        seed: 42
                 infer_steps: 50
      num_outputs_per_prompt: 1
              guidance_scale: 4.0
     embedded_guidance_scale: 4.0
                    n_tokens: None
                  flow_shift: None
                  image_path: None
                 save_output: True
            output_file_path: /campaign/artifacts/flux2-klein-base-4b/baseline-profile/flux2-klein-base-4b-baseline-profile.png
        
[09-20 18:39:21] Running pipeline stages: ['InputValidationStage', 'TextEncodingStage', 'ImageVAEEncodingStage', 'LatentPreparationStage', 'TimestepPreparationStage', 'denoising_stage', 'decoding_stage']
[09-20 18:39:21] Profiling request: e7d2e82a-8448-42d2-821b-f57b7e3c3268 for 3 steps...
[09-20 18:39:21] Starting Profiler...
[09-20 18:39:21] [InputValidationStage] started...
[09-20 18:39:21] [InputValidationStage] finished in 0.0001 seconds
[09-20 18:39:21] [TextEncodingStage] started...
[09-20 18:39:21] [TextEncodingStage] finished in 0.0466 seconds
[09-20 18:39:21] [ImageVAEEncodingStage] started...
[09-20 18:39:21] [ImageVAEEncodingStage] finished in 0.0000 seconds
[09-20 18:39:21] [LatentPreparationStage] started...
[09-20 18:39:21] [LatentPreparationStage] finished in 0.0004 seconds
[09-20 18:39:21] [TimestepPreparationStage] started...
[09-20 18:39:21] [TimestepPreparationStage] finished in 0.0004 seconds
[09-20 18:39:21] [DenoisingStage] started...

  0%|          | 0/50 [00:00<?, ?it/s]USDT:2026-09-20 18:39:21 150620:150620 SyncActivityProfilerHandler.cpp:52] profiler_start

  4%|▍         | 2/50 [00:00<00:05,  9.33it/s]
  6%|▌         | 3/50 [00:00<00:05,  8.98it/s]
  8%|▊         | 4/50 [00:00<00:05,  8.77it/s]
 10%|█         | 5/50 [00:00<00:05,  8.65it/s]USDT:2026-09-20 18:39:22 150620:150620 SyncActivityProfilerHandler.cpp:59] profiler_stop

 12%|█▏        | 6/50 [00:01<00:16,  2.72it/s][09-20 18:39:23] Stopping Profiler...
[09-20 18:39:27] Saved profiler traces to: [1;36m/campaign/artifacts/flux2-klein-base-4b/baseline-profile/traces/e7d2e82a-8448-42d2-821b-f57b7e3c3268-3_steps-global-rank0.trace.json.gz[0;0m

 14%|█▍        | 7/50 [00:06<01:14,  1.72s/it]
 16%|█▌        | 8/50 [00:06<00:51,  1.22s/it]
 18%|█▊        | 9/50 [00:06<00:35,  1.14it/s]
 20%|██        | 10/50 [00:06<00:25,  1.56it/s]
 22%|██▏       | 11/50 [00:06<00:18,  2.08it/s]
 24%|██▍       | 12/50 [00:06<00:14,  2.70it/s]
 26%|██▌       | 13/50 [00:06<00:10,  3.41it/s]
 28%|██▊       | 14/50 [00:06<00:08,  4.16it/s]
 30%|███       | 15/50 [00:06<00:07,  4.79it/s]
 32%|███▏      | 16/50 [00:07<00:06,  5.44it/s]
 34%|███▍      | 17/50 [00:07<00:05,  6.11it/s]
 36%|███▌      | 18/50 [00:07<00:04,  6.68it/s]
 38%|███▊      | 19/50 [00:07<00:04,  7.15it/s]
 40%|████      | 20/50 [00:07<00:03,  7.51it/s]
 42%|████▏     | 21/50 [00:07<00:03,  7.82it/s]
 44%|████▍     | 22/50 [00:07<00:03,  8.00it/s]
 46%|████▌     | 23/50 [00:07<00:03,  7.95it/s]
 48%|████▊     | 24/50 [00:08<00:03,  7.95it/s]
 50%|█████     | 25/50 [00:08<00:03,  8.04it/s]
 52%|█████▏    | 26/50 [00:08<00:02,  8.13it/s]
 54%|█████▍    | 27/50 [00:08<00:02,  8.23it/s]
 56%|█████▌    | 28/50 [00:08<00:02,  8.31it/s]
 58%|█████▊    | 29/50 [00:08<00:02,  8.39it/s]
 60%|██████    | 30/50 [00:08<00:02,  8.34it/s]
 62%|██████▏   | 31/50 [00:08<00:02,  8.22it/s]
 64%|██████▍   | 32/50 [00:09<00:02,  8.14it/s]
 66%|██████▌   | 33/50 [00:09<00:02,  8.18it/s]
 68%|██████▊   | 34/50 [00:09<00:01,  8.23it/s]
 70%|███████   | 35/50 [00:09<00:01,  8.29it/s]
 72%|███████▏  | 36/50 [00:09<00:01,  8.34it/s]
 74%|███████▍  | 37/50 [00:09<00:01,  8.39it/s]
 76%|███████▌  | 38/50 [00:09<00:01,  8.35it/s]
 78%|███████▊  | 39/50 [00:09<00:01,  8.16it/s]
 80%|████████  | 40/50 [00:09<00:01,  8.19it/s]
 82%|████████▏ | 41/50 [00:10<00:01,  8.21it/s]
 84%|████████▍ | 42/50 [00:10<00:00,  8.23it/s]
 86%|████████▌ | 43/50 [00:10<00:00,  8.28it/s]
 88%|████████▊ | 44/50 [00:10<00:00,  8.32it/s]
 90%|█████████ | 45/50 [00:10<00:00,  8.39it/s]
 92%|█████████▏| 46/50 [00:10<00:00,  8.37it/s]
 94%|█████████▍| 47/50 [00:10<00:00,  8.27it/s]
 96%|█████████▌| 48/50 [00:10<00:00,  8.18it/s]
 98%|█████████▊| 49/50 [00:11<00:00,  8.16it/s]
100%|██████████| 50/50 [00:11<00:00,  8.20it/s]
100%|██████████| 50/50 [00:11<00:00,  4.44it/s]
[09-20 18:39:33] [DenoisingStage] average time per step: 0.2254 seconds
[09-20 18:39:33] [DenoisingStage] finished in 11.2757 seconds
[09-20 18:39:33] [DecodingStage] started...
[09-20 18:39:33] [DecodingStage] finished in 0.0909 seconds
[09-20 18:39:33] Output saved to [1;36m/campaign/artifacts/flux2-klein-base-4b/baseline-profile/flux2-klein-base-4b-baseline-profile.png[0;0m
[09-20 18:39:33] Metrics dumped to: [1;36m/campaign/artifacts/flux2-klein-base-4b/baseline-profile/flux2-klein-base-4b_baseline-profile.json[0;0m
[09-20 18:39:33] Pixel data generated successfully in [92m11.67[0;0m seconds
[09-20 18:39:33] Warmed-up request processed in [92m11.47[0;0m seconds (with warmup excluded)
[09-20 18:39:33] Memory usage - Max peak: 20350.00 MB, Avg peak: 20350.00 MB
[09-20 18:39:33] Metrics dumped to: [1;36m/campaign/artifacts/flux2-klein-base-4b/baseline-profile/flux2-klein-base-4b_baseline-profile.json[0;0m
[93m[09-20 18:39:33] Generator was garbage collected without being shut down. Forcing local server and client cleanup.[0;0m
[93m[09-20 18:39:33] Local worker sglang-diffusionWorker-0 did not terminate gracefully, forcing.[0;0m
/usr/lib/python3.12/multiprocessing/resource_tracker.py:254: UserWarning: resource_tracker: There appear to be 1 leaked semaphore objects to clean up at shutdown
  warnings.warn('resource_tracker: There appear to be %d '
