
================================================================
[QKV-FULLWARM-R1-BASELINE-A2] joy-image-edit
  CUDA_VISIBLE_DEVICES=0,1
  sglang \
  generate \
  --backend=sglang \
  --model-path=jdopensource/JoyAI-Image-Edit-Diffusers \
  --prompt=Make the cat wear a red hat \
  --seed=42 \
  --image-path=/campaign/artifacts/input-media/longlive2-cat.png \
  --width=1024 \
  --height=1024 \
  --num-frames=1 \
  --num-inference-steps=40 \
  --guidance-scale=4 \
  --num-gpus=2 \
  --enable-cfg-parallel \
  --cfg-parallel-size=2 \
  --tp-size=1 \
  --ulysses-degree=1 \
  --enable-torch-compile=false \
  --performance-mode=manual \
  --dit-cpu-offload=false \
  --dit-layerwise-offload=false \
  --vae-cpu-offload=false \
  --text-encoder-cpu-offload=false \
  --warmup-resolutions=1024x1024 \
  --warmup-num-frames=1 \
  --warmup-steps=40 \
  --quality=lossless \
  --save-output \
  --warmup-mode \
  request \
  --perf-dump-path \
  /campaign/artifacts/joy-image-edit/qkv-fullwarm-r1-baseline-a2/joy-image-edit_qkv-fullwarm-r1-baseline-a2.json \
  --output-path \
  /campaign/artifacts/joy-image-edit/qkv-fullwarm-r1-baseline-a2 \
  --output-file-name \
  joy-image-edit-qkv-fullwarm-r1-baseline-a2

Flax classes are deprecated and will be removed in Diffusers v1.0.0. We recommend migrating to PyTorch classes or pinning your version of Diffusers.
Flax classes are deprecated and will be removed in Diffusers v1.0.0. We recommend migrating to PyTorch classes or pinning your version of Diffusers.
[09-20 20:07:15] Proposed encoder parallel folding (mode=world) for ServerArgs (tp=1 sp=1 cfg=2 replica=2); the loader keeps it for encoders wide enough to benefit.
[09-20 20:07:15] server_args: {"model_path": "jdopensource/JoyAI-Image-Edit-Diffusers", "model_subfolder": null, "model_variant": null, "model_id": null, "served_model_name": "jdopensource/JoyAI-Image-Edit-Diffusers", "backend": "sglang", "attention_backend": null, "enable_attention_backend_autotune": false, "attention_backend_config": {}, "component_attention_backends": {}, "cache_dit_config": null, "nccl_port": null, "enable_nccl_nvls": false, "trust_remote_code": false, "revision": null, "num_gpus": 2, "performance_mode": "manual", "base_gpu_id": 0, "gpu_ids": null, "nnodes": 1, "node_rank": 0, "dist_init_addr": null, "tp_size": 1, "sp_degree": 1, "ulysses_degree": 1, "ring_degree": 1, "kv_gather_degree": 1, "sp_split_auto": false, "dp_size": 1, "enable_cfg_parallel": true, "cfg_parallel_degree": 2, "encoder_parallel": "auto", "hsdp_replicate_dim": 1, "hsdp_shard_dim": 2, "dist_timeout": 3600, "scheduler_rpc_timeout": null, "pipeline_class_name": null, "lora_path": null, "lora_nickname": "default", "lora_scale": 1.0, "lora_alpha": null, "lora_merge_mode": "auto", "lora_weight_name": null, "component_paths": {}, "component_weights_paths": {}, "component_direct_gpu_weight_loading": {}, "component_quantizations": {}, "component_precisions": {}, "component_quantization_ignored_layers": {}, "load_diffusion_decoder": false, "transformer_weights_path": null, "minimax_h3_adaln_cache_path": null, "minimax_h3_adaln_online": false, "minimax_h3_adaln_plan_width": 4, "minimax_h3_adaln_host_cache_gb": 8.0, "quantization": null, "quantization_ignored_layers": null, "lora_target_modules": null, "component_residency": null, "cpu_offload_components": null, "dit_cpu_offload": false, "direct_gpu_weight_loading": false, "dit_layerwise_offload": false, "layerwise_offload_components": null, "dit_offload_prefetch_size": 0.0, "dit_layerwise_resident_layers": 0.0, "dit_layerwise_residency_policy": "leading", "layerwise_prefetch_size": {}, "layerwise_resident_layers": {}, "layerwise_residency_policy": {}, "offload_during_compile": true, "text_encoder_cpu_offload": false, "image_encoder_cpu_offload": null, "vae_cpu_offload": false, "use_fsdp_inference": null, "pin_cpu_memory": true, "ltx2_two_stage_device_mode": null, "comfyui_mode": false, "enable_torch_compile": false, "regional_compile": false, "enable_breakable_cuda_graph": false, "bcg_text_buckets": null, "enable_layerwise_nvtx_marker": false, "warmup_mode": "request", "warmup_resolutions": ["1024x1024"], "warmup_num_frames": 1, "warmup_steps": 40, "warmup_sampling_params": null, "disable_autocast": false, "master_port": 30005, "host": "127.0.0.1", "port": 30000, "enable_metrics": false, "webui": false, "webui_port": 12312, "scheduler_port": 5555, "scheduler_ports": [5555], "batching_mode": "dynamic", "batching_max_size": 1, "batching_delay_ms": 0.0, "batching_config": null, "enable_batching_metrics": false, "strict_ports": false, "output_path": "/campaign/artifacts/joy-image-edit/qkv-fullwarm-r1-baseline-a2", "input_save_path": "inputs/uploads", "prompt_file_path": null, "model_paths": {}, "model_loaded": {"transformer": true, "vae": true, "video_vae": true, "audio_vae": true, "video_dit": true, "audio_dit": true, "dual_tower_bridge": true}, "boundary_ratio": null, "disagg_role": "monolithic", "disagg_timeout": 3600, "disagg_downstream_wait_timeout": 1800, "disagg_dispatch_policy": "round_robin", "disagg_mode": false, "disagg_instance_id": 0, "disagg_max_slots_per_instance": 8, "disagg_transfer_redundancy": 1.25, "disagg_role_device": "auto", "disagg_transfer_backend": "auto", "disagg_transfer_pool_size": 268435456, "disagg_transfer_pin_memory": "auto", "disagg_p2p_hostname": "127.0.0.1", "disagg_ib_device": null, "disagg_server_addr": null, "encoder_urls": null, "denoiser_urls": null, "decoder_urls": null, "encoder_tp": null, "denoiser_tp": null, "denoiser_sp": null, "denoiser_ulysses": null, "denoiser_ring": null, "decoder_sp": null, "pool_work_endpoint": null, "pool_result_endpoint": null, "pool_control_endpoint": null, "pool_control_advertised_endpoint": null, "log_level": "info", "log_requests": false, "log_requests_level": 2, "log_requests_format": "text", "log_requests_target": null, "uvicorn_access_log_exclude_prefixes": [], "enable_cache_report": false, "enable_trace": false, "otlp_traces_endpoint": "localhost:4317", "otlp_service_name": null, "srt_encoder_url": null, "srt_encoder_connect_timeout": 3.05, "srt_encoder_timeout": 100, "pe_server_url": null}
[09-20 20:07:15] Local mode: True
[09-20 20:07:15] Starting server...
Flax classes are deprecated and will be removed in Diffusers v1.0.0. We recommend migrating to PyTorch classes or pinning your version of Diffusers.
Flax classes are deprecated and will be removed in Diffusers v1.0.0. We recommend migrating to PyTorch classes or pinning your version of Diffusers.
Flax classes are deprecated and will be removed in Diffusers v1.0.0. We recommend migrating to PyTorch classes or pinning your version of Diffusers.
Flax classes are deprecated and will be removed in Diffusers v1.0.0. We recommend migrating to PyTorch classes or pinning your version of Diffusers.
[09-20 20:07:28] Scheduler (dp replica 0) bind at endpoint: tcp://127.0.0.1:5555
[09-20 20:07:28] torch.compile cache: TORCHINDUCTOR_CACHE_DIR=/campaign/model-caches/joy-image-edit-cycle/sglang/torch_compile_cache/inductor TRITON_CACHE_DIR=/campaign/model-caches/joy-image-edit-cycle/sglang/torch_compile_cache/triton
[09-20 20:07:28] Initializing distributed environment with world_size=2, device=cuda:0, timeout=3600
[09-20 20:07:28] Setting distributed timeout to 3600 seconds
[09-20 20:07:30] Found nccl from library libnccl.so.2
[09-20 20:07:30] sglang-diffusion is using nccl==2.30.7
[09-20 20:07:31] Found nccl from library libnccl.so.2
[09-20 20:07:31] sglang-diffusion is using nccl==2.30.7
[09-20 20:07:31] Found nccl from library libnccl.so.2
[09-20 20:07:31] sglang-diffusion is using nccl==2.30.7
[09-20 20:07:32] No pipeline_class_name specified, using model_index.json
[09-20 20:07:33] Using pipeline from model_index.json: JoyImageEditPipeline
[09-20 20:07:33] Loading pipeline modules...
[09-20 20:07:33] Checking for cached model in Hugging Face Hub cache for jdopensource/JoyAI-Image-Edit-Diffusers...
[09-20 20:07:33] Found complete model in cache at /campaign/model-caches/joy-image-edit-cycle/huggingface/hub/models--jdopensource--JoyAI-Image-Edit-Diffusers/snapshots/4b41fb25d961f37668750178ccbb380da326201c
[09-20 20:07:33] Model path: /campaign/model-caches/joy-image-edit-cycle/huggingface/hub/models--jdopensource--JoyAI-Image-Edit-Diffusers/snapshots/4b41fb25d961f37668750178ccbb380da326201c
[09-20 20:07:33] Diffusers version: 0.38.0.dev0
[09-20 20:07:33] Loading pipeline modules from config: {'_class_name': 'JoyImageEditPipeline', '_diffusers_version': '0.38.0.dev0', 'processor': ['transformers', 'Qwen3VLProcessor'], 'scheduler': ['diffusers', 'FlowMatchEulerDiscreteScheduler'], 'text_encoder': ['transformers', 'Qwen3VLForConditionalGeneration'], 'tokenizer': ['transformers', 'Qwen2TokenizerFast'], 'transformer': ['diffusers', 'JoyImageEditTransformer3DModel'], 'vae': ['diffusers', 'AutoencoderKLWan']}
[09-20 20:07:33] Loading required components: ['processor', 'scheduler', 'text_encoder', 'tokenizer', 'transformer', 'vae']
[09-20 20:07:33] Memory-aware component load order: ['transformer', 'text_encoder', 'vae', 'processor', 'scheduler', 'tokenizer']

Loading required modules:   0%|          | 0/6 [00:00<?, ?it/s]
Loading required modules:   0%|          | 0/6 [00:00<?, ?it/s][09-20 20:07:33] Loading transformer from /campaign/model-caches/joy-image-edit-cycle/huggingface/hub/models--jdopensource--JoyAI-Image-Edit-Diffusers/snapshots/4b41fb25d961f37668750178ccbb380da326201c/transformer. avail mem: 136.21 GB
[09-20 20:07:33] Loading JoyImageEditTransformer3DModel from 7 safetensors file(s) , param_dtype: torch.bfloat16


Loading safetensors checkpoint shards: 0%|          | 0/7[A
Loading safetensors checkpoint shards: 100%|██████████| 7/7

Loading required modules:  17%|█▋        | 1/6 [00:08<00:43,  8.63s/it][09-20 20:07:42] Attention backends for transformer: fa
[09-20 20:07:42] Loaded transformer: JoyImageEditTransformer3DModel (sgl-diffusion version). model size: 30.29 GB, vram: 30.29 GB. avail GPU mem: 105.82 GB

Loading required modules:  17%|█▋        | 1/6 [00:08<00:44,  8.91s/it][09-20 20:07:42] Loading text_encoder from /campaign/model-caches/joy-image-edit-cycle/huggingface/hub/models--jdopensource--JoyAI-Image-Edit-Diffusers/snapshots/4b41fb25d961f37668750178ccbb380da326201c/text_encoder. avail mem: 105.82 GB
[09-20 20:07:42] Cannot use FlashAttention backend for head size 72.


Loading safetensors checkpoint shards: 0%|          | 0/4[A

Loading safetensors checkpoint shards: 25%|██▌       | 1/4[A

Loading safetensors checkpoint shards: 50%|█████     | 2/4[A

Loading safetensors checkpoint shards: 75%|███████▌  | 3/4[A
Loading required modules:  33%|███▎      | 2/6 [00:14<00:27,  6.97s/it]
Loading required modules:  50%|█████     | 3/6 [00:14<00:11,  3.85s/it]

Loading safetensors checkpoint shards: 100%|██████████| 4/4[A
Loading safetensors checkpoint shards: 100%|██████████| 4/4
[09-20 20:07:48] Attention backends for text_encoder: torch_sdpa, fa
[09-20 20:07:48] Loaded text_encoder: Qwen3VLForConditionalGeneration (sgl-diffusion version). model size: 9.45 GB, vram: 9.45 GB. avail GPU mem: 96.43 GB

Loading required modules:  33%|███▎      | 2/6 [00:14<00:28,  7.16s/it][09-20 20:07:48] Loading vae from /campaign/model-caches/joy-image-edit-cycle/huggingface/hub/models--jdopensource--JoyAI-Image-Edit-Diffusers/snapshots/4b41fb25d961f37668750178ccbb380da326201c/vae. avail mem: 96.43 GB
[09-20 20:07:48] Wan VAE: spatial-parallel decode; skipping fast path.
[09-20 20:07:48] Loaded vae: AutoencoderKLWan (sgl-diffusion version). model size: 0.24 GB, vram: 0.24 GB. avail GPU mem: 96.15 GB

Loading required modules:  50%|█████     | 3/6 [00:14<00:11,  3.96s/it][09-20 20:07:48] Loading processor from /campaign/model-caches/joy-image-edit-cycle/huggingface/hub/models--jdopensource--JoyAI-Image-Edit-Diffusers/snapshots/4b41fb25d961f37668750178ccbb380da326201c/processor. avail mem: 96.15 GB

Loading required modules:  67%|██████▋   | 4/6 [00:15<00:05,  2.68s/it]
Loading required modules: 100%|██████████| 6/6 [00:15<00:00,  1.34s/it]
Loading required modules: 100%|██████████| 6/6 [00:15<00:00,  2.63s/it]
[09-20 20:07:49] Loaded processor: Qwen3VLProcessor (sgl-diffusion version). model size: NA GB, weights: none. avail GPU mem: 96.15 GB

Loading required modules:  67%|██████▋   | 4/6 [00:15<00:05,  2.75s/it][09-20 20:07:49] Loading scheduler from /campaign/model-caches/joy-image-edit-cycle/huggingface/hub/models--jdopensource--JoyAI-Image-Edit-Diffusers/snapshots/4b41fb25d961f37668750178ccbb380da326201c/scheduler. avail mem: 96.15 GB
[09-20 20:07:49] Loaded scheduler: FlowMatchEulerDiscreteScheduler (sgl-diffusion version). model size: NA GB, weights: none. avail GPU mem: 96.15 GB
[09-20 20:07:49] Loading tokenizer from /campaign/model-caches/joy-image-edit-cycle/huggingface/hub/models--jdopensource--JoyAI-Image-Edit-Diffusers/snapshots/4b41fb25d961f37668750178ccbb380da326201c/tokenizer. avail mem: 96.15 GB
[09-20 20:07:50] Loaded tokenizer: Qwen2Tokenizer (sgl-diffusion version). model size: NA GB, weights: none. avail GPU mem: 96.15 GB

Loading required modules: 100%|██████████| 6/6 [00:16<00:00,  1.37s/it]
Loading required modules: 100%|██████████| 6/6 [00:16<00:00,  2.70s/it]
[09-20 20:07:50] Creating pipeline stages...
[09-20 20:07:50] Using fa attention backend
[09-20 20:07:50] Pipeline instantiated
[09-20 20:07:50] Worker 0: Initialized device, model, and distributed environment.
[09-20 20:07:50] Worker 0: Scheduler loop started.

Warmup requests:   0%|          | 0/1 [00:00<?, ?req/s]
Warmup requests: 100%|██████████| 1/1 [00:18<00:00, 18.12s/req, server warmup req (1024x1024, 40 steps), last=18.12s]
Warmup requests: 100%|██████████| 1/1 [00:18<00:00, 18.12s/req, server warmup req (1024x1024, 40 steps), last=18.12s]
[09-20 20:08:08] Sequence dimension shard is enabled, disabling frame adjustment for better performance
[09-20 20:08:08] Processing 1 grouped request(s)
[09-20 20:08:08] Sampling params:
                       width: 1024
                      height: 1024
                  num_frames: 1
                         fps: 24
                      prompt: <redacted, len=27>
                  neg_prompt: <redacted, len=0>
                        seed: 42
                 infer_steps: 40
      num_outputs_per_prompt: 1
              guidance_scale: 4.0
     embedded_guidance_scale: 6.0
                    n_tokens: None
                  flow_shift: 1.5
                  image_path: ['/campaign/artifacts/input-media/longlive2-cat.png']
                 save_output: True
            output_file_path: /campaign/artifacts/joy-image-edit/qkv-fullwarm-r1-baseline-a2/joy-image-edit-qkv-fullwarm-r1-baseline-a2.png
        
[09-20 20:08:08] Running pipeline stages: ['InputValidationStage', 'ImageEncodingStage', 'ImageVAEEncodingStage', 'LatentPreparationStage', 'TimestepPreparationStage', 'denoising_stage', 'decoding_stage']
[09-20 20:08:08] [InputValidationStage] started...
[09-20 20:08:08] [InputValidationStage] finished in 0.0457 seconds
[09-20 20:08:08] [ImageEncodingStage] started...
[09-20 20:08:08] [ImageEncodingStage] finished in 0.1958 seconds
[09-20 20:08:08] [ImageVAEEncodingStage] started...
[09-20 20:08:08] [ImageVAEEncodingStage] finished in 0.0748 seconds
[09-20 20:08:08] [LatentPreparationStage] started...
[09-20 20:08:08] [LatentPreparationStage] finished in 0.0002 seconds
[09-20 20:08:08] [TimestepPreparationStage] started...
[09-20 20:08:08] [TimestepPreparationStage] finished in 0.0003 seconds
[09-20 20:08:08] [DenoisingStage] started...

  0%|          | 0/40 [00:00<?, ?it/s]
  2%|▎         | 1/40 [00:00<00:05,  6.77it/s]
  5%|▌         | 2/40 [00:00<00:09,  4.18it/s]
  8%|▊         | 3/40 [00:00<00:10,  3.50it/s]
 10%|█         | 4/40 [00:01<00:11,  3.18it/s]
 12%|█▎        | 5/40 [00:01<00:11,  3.09it/s]
 15%|█▌        | 6/40 [00:01<00:11,  3.01it/s]
 18%|█▊        | 7/40 [00:02<00:11,  2.96it/s]
 20%|██        | 8/40 [00:02<00:10,  2.95it/s]
 22%|██▎       | 9/40 [00:02<00:10,  2.92it/s]
 25%|██▌       | 10/40 [00:03<00:10,  2.90it/s]
 28%|██▊       | 11/40 [00:03<00:09,  2.91it/s]
 30%|███       | 12/40 [00:03<00:09,  2.89it/s]
 32%|███▎      | 13/40 [00:04<00:09,  2.88it/s]
 35%|███▌      | 14/40 [00:04<00:09,  2.89it/s]
 38%|███▊      | 15/40 [00:04<00:08,  2.88it/s]
 40%|████      | 16/40 [00:05<00:08,  2.87it/s]
 42%|████▎     | 17/40 [00:05<00:07,  2.88it/s]
 45%|████▌     | 18/40 [00:06<00:07,  2.87it/s]
 48%|████▊     | 19/40 [00:06<00:07,  2.87it/s]
 50%|█████     | 20/40 [00:06<00:06,  2.87it/s]
 52%|█████▎    | 21/40 [00:07<00:06,  2.87it/s]
 55%|█████▌    | 22/40 [00:07<00:06,  2.87it/s]
 57%|█████▊    | 23/40 [00:07<00:05,  2.88it/s]
 60%|██████    | 24/40 [00:08<00:05,  2.87it/s]
 62%|██████▎   | 25/40 [00:08<00:05,  2.88it/s]
 65%|██████▌   | 26/40 [00:08<00:04,  2.88it/s]
 68%|██████▊   | 27/40 [00:09<00:04,  2.87it/s]
 70%|███████   | 28/40 [00:09<00:04,  2.87it/s]
 72%|███████▎  | 29/40 [00:09<00:03,  2.87it/s]
 75%|███████▌  | 30/40 [00:10<00:03,  2.87it/s]
 78%|███████▊  | 31/40 [00:10<00:03,  2.87it/s]
 80%|████████  | 32/40 [00:10<00:02,  2.87it/s]
 82%|████████▎ | 33/40 [00:11<00:02,  2.88it/s]
 85%|████████▌ | 34/40 [00:11<00:02,  2.87it/s]
 88%|████████▊ | 35/40 [00:11<00:01,  2.87it/s]
 90%|█████████ | 36/40 [00:12<00:01,  2.87it/s]
 92%|█████████▎| 37/40 [00:12<00:01,  2.87it/s]
 95%|█████████▌| 38/40 [00:12<00:00,  2.87it/s]
 98%|█████████▊| 39/40 [00:13<00:00,  2.87it/s]
100%|██████████| 40/40 [00:13<00:00,  2.87it/s]
100%|██████████| 40/40 [00:13<00:00,  2.88it/s]
[09-20 20:08:22] [DenoisingStage] average time per step: 0.3477 seconds
[09-20 20:08:22] [DenoisingStage] finished in 13.9115 seconds
[09-20 20:08:22] [DecodingStage] started...
[09-20 20:08:22] [DecodingStage] finished in 0.0589 seconds
[09-20 20:08:22] Output saved to [1;36m/campaign/artifacts/joy-image-edit/qkv-fullwarm-r1-baseline-a2/joy-image-edit-qkv-fullwarm-r1-baseline-a2.png[0;0m
[09-20 20:08:23] Metrics dumped to: [1;36m/campaign/artifacts/joy-image-edit/qkv-fullwarm-r1-baseline-a2/joy-image-edit_qkv-fullwarm-r1-baseline-a2.json[0;0m
[09-20 20:08:23] Pixel data generated successfully in [92m15.36[0;0m seconds
[09-20 20:08:23] Warmed-up request processed in [92m14.29[0;0m seconds (with warmup excluded)
[09-20 20:08:23] Memory usage - Max peak: 46936.00 MB, Avg peak: 46936.00 MB
[09-20 20:08:23] Metrics dumped to: [1;36m/campaign/artifacts/joy-image-edit/qkv-fullwarm-r1-baseline-a2/joy-image-edit_qkv-fullwarm-r1-baseline-a2.json[0;0m
[93m[09-20 20:08:23] Generator was garbage collected without being shut down. Forcing local server and client cleanup.[0;0m
[93m[09-20 20:08:23] Local worker sglang-diffusionWorker-0 did not terminate gracefully, forcing.[0;0m
[93m[09-20 20:08:23] Local worker sglang-diffusionWorker-1 did not terminate gracefully, forcing.[0;0m
/usr/lib/python3.12/multiprocessing/resource_tracker.py:254: UserWarning: resource_tracker: There appear to be 2 leaked semaphore objects to clean up at shutdown
  warnings.warn('resource_tracker: There appear to be %d '
